******************************************************************************
            TI ARM Clang Linker PC v4.0.3                      
******************************************************************************
>> Linked Sat Jan 24 14:28:38 2026

OUTPUT FILE NAME:   <axon_board.out>
ENTRY POINT SYMBOL: "_c_int00_noargs"  address: 00006f95


MEMORY CONFIGURATION

         name            origin    length      used     unused   attr    fill
----------------------  --------  ---------  --------  --------  ----  --------
  FLASH                 00000000   00020000  00008b80  00017480  R  X
  SRAM                  20200000   00008000  00001849  000067b7  RW X
  BCR_CONFIG            41c00000   000000ff  00000000  000000ff  R   
  BSL_CONFIG            41c00100   00000080  00000000  00000080  R   


SEGMENT ALLOCATION MAP

run origin  load origin   length   init length attrs members
----------  ----------- ---------- ----------- ----- -------
00000000    00000000    00008b80   00008b80    r-x
  00000000    00000000    000000c0   000000c0    r-- .intvecs
  000000c0    000000c0    00007750   00007750    r-x .text
  00007810    00007810    000012e0   000012e0    r-- .rodata
  00008af0    00008af0    00000090   00000090    r-- .cinit
20200000    20200000    0000164c   00000000    rw-
  20200000    20200000    00000b6d   00000000    rw- .data
  20200b70    20200b70    00000800   00000000    rw- .sysmem
  20201370    20201370    000002dc   00000000    rw- .bss
20207e00    20207e00    00000200   00000000    rw-
  20207e00    20207e00    00000200   00000000    rw- .stack


SECTION ALLOCATION MAP

 output                                  attributes/
section   page    origin      length       input sections
--------  ----  ----------  ----------   ----------------
.intvecs   0    00000000    000000c0     
                  00000000    000000c0     startup_mspm0g350x_ticlang.o (.intvecs)

.text      0    000000c0    00007750     
                  000000c0    00000d4c     axon_routine.o (.text.axon_routine_main)
                  00000e0c    000009d0     libc.a : _printfi.c.obj (.text:__TI_printfi)
                  000017dc    0000072c     s2a_packet.o (.text.axon_handle_chkirq)
                  00001f08    00000454     s2a_packet.o (.text.axon_handle_setaxon)
                  0000235c    000002e4     msp_peripheral_config.o (.text.SYSCFG_DL_GPIO_init)
                  00002640    00000258     isr.o (.text.UART0_IRQHandler)
                  00002898    00000220     libc.a : _printfi.c.obj (.text._pconv_a)
                  00002ab8    000001e8     isr.o (.text.GROUP1_IRQHandler)
                  00002ca0    000001e6     aes256.o (.text.mix_columns)
                  00002e86    00000002     isr.o (.text.GROUP0_IRQHandler)
                  00002e88    000001e4     s2a_packet.o (.text.axon_handle_codepkt)
                  0000306c    000001dc     libc.a : _printfi.c.obj (.text._pconv_g)
                  00003248    000001c8     s2a_packet.o (.text.axon_handle_setokey)
                  00003410    000001bc     axon_routine.o (.text.handle_button_release)
                  000035cc    00000192     libclang_rt.builtins.a : adddf3.S.obj (.text.adddf3_subdf3)
                  0000375e    00000002     isr.o (.text.UART2_IRQHandler)
                  00003760    00000188     s2a_packet.o (.text.axon_handle_response)
                  000038e8    00000184     aes256.o (.text.inv_mix_columns)
                  00003a6c    00000148     aes256.o (.text.key_expansion)
                  00003bb4    0000013c     libc.a : _printfi.c.obj (.text.fcvt)
                  00003cf0    00000132     aes256.o (.text.aes256_decrypt_ecb)
                  00003e22    00000132     aes256.o (.text.aes256_encrypt_ecb)
                  00003f54    00000120     libc.a : _printfi.c.obj (.text._pconv_e)
                  00004074    00000114            : memory.c.obj (.text.aligned_alloc)
                  00004188    0000010c     libclang_rt.builtins.a : divdf3.S.obj (.text.__divdf3)
                  00004294    0000010c     s2a_packet.o (.text.axon_handle_errchk)
                  000043a0    00000108     s2a_packet.o (.text.axon_handle_axonrbt)
                  000044a8    00000104     driverlib.a : dl_timer.o (.text.DL_Timer_initFourCCPWMMode)
                  000045ac    00000104     soma_axon_comm_test.o (.text.get_command_name)
                  000046b0    000000f8     libc.a : fputs.c.obj (.text.fputs)
                  000047a8    000000f4     axon_routine.o (.text.handle_button_press)
                  0000489c    000000f0     s2a_packet.o (.text.axon_handle_afwup)
                  0000498c    000000f0     soma_axon_comm_test.o (.text.axon_test_record_command)
                  00004a7c    000000ee     s2a_packet.o (.text.axon_handle_nop)
                  00004b6a    00000002     libclang_rt.builtins.a : aeabi_div0.c.obj (.text.__aeabi_idiv0)
                  00004b6c    000000e8     msp_peripheral_config.o (.text._msp_peripheral_pwm_init)
                  00004c54    000000e8     libc.a : memory.c.obj (.text.free)
                  00004d3c    000000e4     libclang_rt.builtins.a : muldf3.S.obj (.text.__muldf3)
                  00004e20    000000e0     libc.a : setvbuf.c.obj (.text.setvbuf)
                  00004f00    000000d8            : s_scalbn.c.obj (.text.scalbn)
                  00004fd8    000000d4     s2a_packet.o (.text.axon_status_compose_bits)
                  000050ac    000000b4     axon_routine.o (.text._set_segment_led)
                  00005160    000000a2     axon_routine.o (.text._check_debounce_complete)
                  00005202    00000002     libclang_rt.builtins.a : aeabi_div0.c.obj (.text.__aeabi_ldiv0)
                  00005204    000000a2                            : udivmoddi4.S.obj (.text)
                  000052a6    00000002     msp_peripheral_config.o (.text._msp_peripheral_spi_init)
                  000052a8    000000a0     msp_peripheral_config.o (.text.SYSCFG_DL_initPower)
                  00005348    0000009c     msp_peripheral_config.o (.text._msp_peripheral_uart_init)
                  000053e4    0000009c     libc.a : fputc.c.obj (.text.fputc)
                  00005480    00000088     soma_axon_comm_test.o (.text.axon_test_record_response)
                  00005508    00000088     s2a_packet.o (.text.crc16_tep)
                  00005590    00000088     libc.a : strcmp-armv6m.S.obj (.text:strcmp)
                  00005618    00000084     s2a_packet.o (.text.crc16_calculate)
                  0000569c    00000084     s2a_packet.o (.text.generate_random32)
                  00005720    00000080     driverlib.a : dl_uart.o (.text.DL_UART_configBaudRate)
                  000057a0    00000080     s2a_packet.o (.text.clear_irq_signal)
                  00005820    00000080     soma_uart_test.o (.text.uart_send_packet_fast)
                  000058a0    0000007c     libc.a : fclose.c.obj (.text.__TI_closefile)
                  0000591c    0000007c            : copy_decompress_lzss.c.obj (.text:decompress:lzss)
                  00005998    00000074     libclang_rt.builtins.a : comparedf2.c.obj (.text.__gedf2)
                  00005a0c    0000006c     libsysbm.a : hostlseek.c.obj (.text.HOSTlseek)
                  00005a78    0000006c                : hostrename.c.obj (.text.HOSTrename)
                  00005ae4    0000006c     axon_routine.o (.text._change_status)
                  00005b50    0000006c     libc.a : fseek.c.obj (.text.fseeko)
                  00005bbc    0000006c            : getdevice.c.obj (.text.getdevice)
                  00005c28    0000006a     aes256.o (.text.inv_shift_rows)
                  00005c92    0000006a     aes256.o (.text.shift_rows)
                  00005cfc    00000068     libclang_rt.builtins.a : comparedf2.c.obj (.text.__ledf2)
                  00005d64    00000068     s2a_packet.o (.text.send_ack_frame)
                  00005dcc    00000066     libc.a : _printfi.c.obj (.text._mcpy)
                  00005e32    00000064            : _io_perm.c.obj (.text.__TI_wrt_ok)
                  00005e96    00000002            : _lock.c.obj (.text._nop)
                  00005e98    00000064            : memory.c.obj (.text.split)
                  00005efc    00000062     libclang_rt.builtins.a : aeabi_dcmp.S.obj (.text.__aeabi_dcmp)
                  00005f5e    00000002     --HOLE-- [fill = 0]
                  00005f60    00000060     libsysbm.a : hostopen.c.obj (.text.HOSTopen)
                  00005fc0    0000005c     libc.a : s_frexp.c.obj (.text.frexp)
                  0000601c    0000005c            : printf.c.obj (.text.printf)
                  00006078    00000058     libsysbm.a : hostread.c.obj (.text.HOSTread)
                  000060d0    00000058                : hostwrite.c.obj (.text.HOSTwrite)
                  00006128    00000058     libc.a : _ltoa.c.obj (.text.__TI_ltoa)
                  00006180    00000058            : _printfi.c.obj (.text._pconv_f)
                  000061d8    00000056     libclang_rt.builtins.a : aeabi_idivmod.S.obj (.text.__aeabi_idivmod)
                  0000622e    00000002     --HOLE-- [fill = 0]
                  00006230    00000054     msp_peripheral_config.o (.text._msp_peripheral_gpio_init_for_dipsw)
                  00006284    00000052     libc.a : fflush.c.obj (.text.__TI_doflush)
                  000062d6    00000052            : _printfi.c.obj (.text._ecpy)
                  00006328    00000050     libsysbm.a : close.c.obj (.text.close)
                  00006378    0000004a     libclang_rt.builtins.a : fixdfsi.S.obj (.text.__fixdfsi)
                  000063c2    0000004a     main.o (.text.main)
                  0000640c    00000048     driverlib.a : dl_uart.o (.text.DL_UART_init)
                  00006454    00000048     libsysbm.a : hostclose.c.obj (.text.HOSTclose)
                  0000649c    00000048                : hostunlink.c.obj (.text.HOSTunlink)
                  000064e4    00000048     msp_peripheral_config.o (.text._msp_peripheral_gpio_init_for_hw_ver)
                  0000652c    00000048     axon_routine.o (.text.update_segment_leds)
                  00006574    00000046     aes256.o (.text.mul)
                  000065ba    00000044     s2a_packet.o (.text.send_nack_frame)
                  000065fe    00000002     --HOLE-- [fill = 0]
                  00006600    00000040     ti_msp_dl_config.o (.text.SYSCFG_DL_TRNG_init)
                  00006640    00000040     libclang_rt.builtins.a : aeabi_uidivmod.S.obj (.text.__aeabi_uidivmod)
                  00006680    00000040     aes256.o (.text.aes256_init)
                  000066c0    00000040     libc.a : atoi.c.obj (.text.atoi)
                  00006700    00000040     soma_axon_comm_test.o (.text.axon_test_record_crc_error)
                  00006740    00000040     soma_uart_test.o (.text.uart_send_packet)
                  00006780    0000003c     msp_peripheral_config.o (.text.DL_Timer_setCounterControl)
                  000067bc    0000003c     axon_routine.o (.text._set_segment_leds)
                  000067f8    0000003c     s2a_packet.o (.text.log_event)
                  00006834    0000003c     libc.a : autoinit.c.obj (.text:__TI_auto_init_nobinit_nopinit)
                  00006870    0000003a     libclang_rt.builtins.a : muldsi3.S.obj (.text.__muldsi3)
                  000068aa    00000038     ti_msp_dl_config.o (.text.DL_CRC_init)
                  000068e2    00000002     --HOLE-- [fill = 0]
                  000068e4    00000038     msp_peripheral_config.o (.text.DL_GPIO_initPeripheralOutputFunctionFeatures)
                  0000691c    00000034     main.o (.text.DL_FlashCTL_executeClearStatus)
                  00006950    00000034     msp_peripheral_config.o (.text.DL_GPIO_initDigitalInputFeatures)
                  00006984    00000034     axon_routine.o (.text.__NVIC_DisableIRQ)
                  000069b8    00000034     s2a_packet.o (.text.__NVIC_DisableIRQ)
                  000069ec    00000034     libc.a : fopen.c.obj (.text.__TI_cleanup)
                  00006a20    00000034     libsysbm.a : trgmsg.c.obj (.text.__TI_readmsg)
                  00006a54    00000034                : trgmsg.c.obj (.text.__TI_writemsg)
                  00006a88    00000034     libc.a : exit.c.obj (.text.exit)
                  00006abc    00000034            : getdevice.c.obj (.text.finddevice)
                  00006af0    00000032     aes256.o (.text.add_round_key)
                  00006b22    00000002     --HOLE-- [fill = 0]
                  00006b24    00000030     msp_peripheral_config.o (.text.DL_GPIO_initDigitalOutputFeatures)
                  00006b54    00000030     axon_routine.o (.text.DL_GPIO_writePinsVal)
                  00006b84    00000030     msp_peripheral_config.o (.text.DL_GPIO_writePinsVal)
                  00006bb4    00000030     s2a_packet.o (.text.DL_GPIO_writePinsVal)
                  00006be4    00000030     libc.a : _printfi.c.obj (.text._fcpy)
                  00006c14    00000030     aes256.o (.text.inv_sub_bytes)
                  00006c44    00000030     aes256.o (.text.sub_bytes)
                  00006c74    0000002e     ti_msp_dl_config.o (.text.DL_AES_init)
                  00006ca2    0000002c     msp_peripheral_config.o (.text.SYSCFG_DL_init)
                  00006cce    00000002     --HOLE-- [fill = 0]
                  00006cd0    0000002c     main.o (.text.__NVIC_ClearPendingIRQ)
                  00006cfc    0000002c     axon_routine.o (.text.__NVIC_EnableIRQ)
                  00006d28    0000002c     main.o (.text.__NVIC_EnableIRQ)
                  00006d54    0000002c     msp_peripheral_config.o (.text.__NVIC_EnableIRQ)
                  00006d80    0000002c     s2a_packet.o (.text.__NVIC_EnableIRQ)
                  00006dac    0000002c     libclang_rt.builtins.a : floatsidf.S.obj (.text.__floatsidf)
                  00006dd8    0000002c     libsysbm.a : unlink.c.obj (.text.unlink)
                  00006e04    00000028     msp_peripheral_config.o (.text.DL_Common_updateReg)
                  00006e2c    00000028     ti_msp_dl_config.o (.text.DL_Common_updateReg)
                  00006e54    00000028     msp_peripheral_config.o (.text.DL_SYSTICK_init)
                  00006e7c    00000028     ti_msp_dl_config.o (.text.DL_TRNG_setDecimationRate)
                  00006ea4    00000028     msp_peripheral_config.o (.text.DL_UART_setRXFIFOThreshold)
                  00006ecc    00000028     msp_peripheral_config.o (.text.DL_UART_setTXFIFOThreshold)
                  00006ef4    00000028     ti_msp_dl_config.o (.text.SYSCFG_DL_CRC_init)
                  00006f1c    00000028     libc.a : memory.c.obj (.text.free_list_insert)
                  00006f44    00000028     libsysbm.a : lseek.c.obj (.text.lseek)
                  00006f6c    00000028                : write.c.obj (.text.write)
                  00006f94    00000028     libc.a : boot_cortex_m.c.obj (.text:_c_int00_noargs)
                  00006fbc    00000024     ti_msp_dl_config.o (.text.DL_CRC_setSeed16)
                  00006fe0    00000024     ti_msp_dl_config.o (.text.DL_TRNG_sendCommand)
                  00007004    00000024     libclang_rt.builtins.a : muldi3.S.obj (.text.__muldi3)
                  00007028    00000024     axon_routine.o (.text._set_solenoid_pins)
                  0000704c    00000022     libc.a : memccpy.c.obj (.text.memccpy)
                  0000706e    00000002     --HOLE-- [fill = 0]
                  00007070    00000020     msp_peripheral_config.o (.text.DL_GPIO_initPeripheralInputFunction)
                  00007090    00000020     libc.a : memcmp.c.obj (.text.memcmp)
                  000070b0    0000001e     libclang_rt.builtins.a : ashldi3.S.obj (.text.__ashldi3)
                  000070ce    00000002     --HOLE-- [fill = 0]
                  000070d0    0000001c     msp_peripheral_config.o (.text.DL_GPIO_clearInterruptStatus)
                  000070ec    0000001c     msp_peripheral_config.o (.text.DL_GPIO_enableInterrupt)
                  00007108    0000001c     msp_peripheral_config.o (.text.DL_GPIO_initDigitalInput)
                  00007124    0000001c     msp_peripheral_config.o (.text.DL_GPIO_initPeripheralOutputFunction)
                  00007140    0000001c     msp_peripheral_config.o (.text.DL_GPIO_setLowerPinsPolarity)
                  0000715c    0000001c     isr.o (.text.DL_Interrupt_getPendingGroup)
                  00007178    0000001c     ti_msp_dl_config.o (.text.DL_SYSCTL_setSYSOSCFreq)
                  00007194    0000001c     driverlib.a : dl_timer.o (.text.DL_Timer_setCaptCompUpdateMethod)
                  000071b0    0000001c                 : dl_timer.o (.text.DL_Timer_setClockConfig)
                  000071cc    0000001c     msp_peripheral_config.o (.text.DL_UART_enableInterrupt)
                  000071e8    0000001c     axon_routine.o (.text.axon_status_latch_coin)
                  00007204    0000001c     axon_routine.o (.text.axon_status_latch_dial)
                  00007220    0000001c     axon_routine.o (.text.axon_status_latch_escrow)
                  0000723c    0000001c     libc.a : memory.c.obj (.text.free_list_remove)
                  00007258    00000018     msp_peripheral_config.o (.text.DL_AES_enablePower)
                  00007270    00000018     msp_peripheral_config.o (.text.DL_AES_reset)
                  00007288    00000018     msp_peripheral_config.o (.text.DL_CRC_enablePower)
                  000072a0    00000018     msp_peripheral_config.o (.text.DL_CRC_reset)
                  000072b8    00000018     msp_peripheral_config.o (.text.DL_GPIO_enableOutput)
                  000072d0    00000018     msp_peripheral_config.o (.text.DL_GPIO_enablePower)
                  000072e8    00000018     msp_peripheral_config.o (.text.DL_GPIO_reset)
                  00007300    00000018     axon_routine.o (.text.DL_GPIO_setPins)
                  00007318    00000018     msp_peripheral_config.o (.text.DL_GPIO_setPins)
                  00007330    00000018     s2a_packet.o (.text.DL_GPIO_setPins)
                  00007348    00000018     msp_peripheral_config.o (.text.DL_GPIO_setUpperPinsPolarity)
                  00007360    00000018     ti_msp_dl_config.o (.text.DL_SYSCTL_setBORThreshold)
                  00007378    00000018     ti_msp_dl_config.o (.text.DL_TRNG_clearInterruptStatus)
                  00007390    00000018     msp_peripheral_config.o (.text.DL_TRNG_enablePower)
                  000073a8    00000018     ti_msp_dl_config.o (.text.DL_TRNG_isCommandDone)
                  000073c0    00000018     msp_peripheral_config.o (.text.DL_TRNG_reset)
                  000073d8    00000018     ti_msp_dl_config.o (.text.DL_TRNG_setClockDivider)
                  000073f0    00000018     msp_peripheral_config.o (.text.DL_Timer_enablePower)
                  00007408    00000018     msp_peripheral_config.o (.text.DL_Timer_reset)
                  00007420    00000018     driverlib.a : dl_timer.o (.text.DL_Timer_setCaptureCompareOutCtl)
                  00007438    00000018     msp_peripheral_config.o (.text.DL_UART_enableFIFOs)
                  00007450    00000018     msp_peripheral_config.o (.text.DL_UART_enablePower)
                  00007468    00000018     soma_uart_test.o (.text.DL_UART_isBusy)
                  00007480    00000018     axon_routine.o (.text.DL_UART_isRXFIFOEmpty)
                  00007498    00000018     isr.o (.text.DL_UART_isRXFIFOEmpty)
                  000074b0    00000018     soma_uart_test.o (.text.DL_UART_isTXFIFOEmpty)
                  000074c8    00000018     msp_peripheral_config.o (.text.DL_UART_reset)
                  000074e0    00000016     axon_routine.o (.text.DL_GPIO_readPins)
                  000074f6    00000016     isr.o (.text.DL_GPIO_readPins)
                  0000750c    00000016     msp_peripheral_config.o (.text.DL_UART_enable)
                  00007522    00000016     soma_uart_test.o (.text.DL_UART_transmitData)
                  00007538    00000016     ti_msp_dl_config.o (.text.SYSCFG_DL_SYSCTL_init)
                  0000754e    00000016     libc.a : copy_zero_init.c.obj (.text:decompress:ZI:__TI_zero_init_nomemset)
                  00007564    00000014     msp_peripheral_config.o (.text.DL_GPIO_clearPins)
                  00007578    00000014     s2a_packet.o (.text.DL_GPIO_clearPins)
                  0000758c    00000014     msp_peripheral_config.o (.text.DL_Timer_enableClock)
                  000075a0    00000014     msp_peripheral_config.o (.text.DL_Timer_setCCPDirection)
                  000075b4    00000014     axon_routine.o (.text.DL_UART_receiveData)
                  000075c8    00000014     isr.o (.text.DL_UART_receiveData)
                  000075dc    00000014     ti_msp_dl_config.o (.text.SYSCFG_DL_AES_init)
                  000075f0    00000014     msp_peripheral_config.o (.text.SYSCFG_DL_SYSTICK_init)
                  00007604    00000014     libclang_rt.builtins.a : aeabi_uldivmod.S.obj (.text.__aeabi_uldivmod)
                  00007618    00000014     s2a_packet.o (.text.axon_status_clear_event_latches)
                  0000762c    00000014     libc.a : _printfi.c.obj (.text.strchr)
                  00007640    00000012     isr.o (.text.DL_GPIO_getPendingInterrupt)
                  00007652    00000012     isr.o (.text.DL_UART_getPendingInterrupt)
                  00007664    00000012     driverlib.a : dl_uart.o (.text.DL_UART_setClockConfig)
                  00007676    00000012     libc.a : memcpy16.S.obj (.text:TI_memcpy_small)
                  00007688    00000012            : copy_decompress_none.c.obj (.text:decompress:none)
                  0000769a    00000002     --HOLE-- [fill = 0]
                  0000769c    00000010     main.o (.text.DL_SYSCTL_disableSleepOnExit)
                  000076ac    00000010     msp_peripheral_config.o (.text.DL_SYSTICK_enable)
                  000076bc    00000010     msp_peripheral_config.o (.text.DL_SYSTICK_enableInterrupt)
                  000076cc    00000010     driverlib.a : dl_timer.o (.text.DL_Timer_setCaptureCompareValue)
                  000076dc    00000010     isr.o (.text.SysTick_Handler)
                  000076ec    00000010     libc.a : wcslen.c.obj (.text.wcslen)
                  000076fc    0000000e            : memory.c.obj (.text.OUTLINED_FUNCTION_0)
                  0000770a    00000002     --HOLE-- [fill = 0]
                  0000770c    0000000e     libclang_rt.builtins.a : aeabi_memset.S.obj (.text.__aeabi_memset)
                  0000771a    0000000e     libsysbm.a : hostrename.c.obj (.text.strcpy)
                  00007728    0000000e     libc.a : _printfi.c.obj (.text.strlen)
                  00007736    0000000e     libsysbm.a : hostrename.c.obj (.text.strlen)
                  00007744    0000000e     libc.a : memset16.S.obj (.text:TI_memset_small)
                  00007752    00000002     --HOLE-- [fill = 0]
                  00007754    0000000c     libclang_rt.builtins.a : aeabi_memset.S.obj (.text.__aeabi_memclr)
                  00007760    0000000c     isr.o (.text.get_systick_count_ms)
                  0000776c    0000000c     libc.a : memory.c.obj (.text.malloc)
                  00007778    0000000a     driverlib.a : dl_common.o (.text.DL_Common_delayCycles)
                  00007782    0000000a     libc.a : _printfi.c.obj (.text.OUTLINED_FUNCTION_0)
                  0000778c    00000010     libclang_rt.builtins.a : adddf3.S.obj (.tramp.__aeabi_dsub.1)
                  0000779c    0000000a     libc.a : _printfi.c.obj (.text.OUTLINED_FUNCTION_1)
                  000077a6    00000002     --HOLE-- [fill = 0]
                  000077a8    00000008            : aeabi_portable.c.obj (.text.__aeabi_errno_addr)
                  000077b0    00000008     libclang_rt.builtins.a : aeabi_memcpy.S.obj (.text.__aeabi_memcpy)
                  000077b8    00000008     libc.a : printf.c.obj (.text._outc)
                  000077c0    00000008            : printf.c.obj (.text._outs)
                  000077c8    00000008            : fseek.c.obj (.text.fseek)
                  000077d0    00000008     s2a_packet.o (.text.generate_dic_from_serial)
                  000077d8    00000008     libsysbm.a : remove.c.obj (.text.remove)
                  000077e0    00000006     libc.a : exit.c.obj (.text:abort)
                  000077e6    00000004     startup_mspm0g350x_ticlang.o (.text.Default_Handler)
                  000077ea    00000004     libsysbm.a : hostexit.c.obj (.text.HOSTexit)
                  000077ee    00000004     startup_mspm0g350x_ticlang.o (.text.Reset_Handler)
                  000077f2    00000002     --HOLE-- [fill = 0]
                  000077f4    00000010     libc.a : boot_cortex_m.c.obj (.tramp._c_int00_noargs.1)
                  00007804    00000004            : pre_init.c.obj (.text._system_pre_init)
                  00007808    00000008     --HOLE-- [fill = 0]

.cinit     0    00008af0    00000090     
                  00008af0    00000067     (.cinit..data.load) [load image, compression = lzss]
                  00008b57    00000001     --HOLE-- [fill = 0]
                  00008b58    0000000c     (__TI_handler_table)
                  00008b64    00000008     (.cinit..bss.load) [load image, compression = zero_init]
                  00008b6c    00000010     (__TI_cinit_table)
                  00008b7c    00000004     --HOLE-- [fill = 0]

.rodata    0    00007810    000012e0     
                  00007810    00000101     libc.a : aeabi_ctype.S.obj (.rodata:__aeabi_ctype_table_)
                  00007911    00000100     aes256.o (.rodata.rsbox)
                  00007a11    00000100     aes256.o (.rodata.sbox)
                  00007b11    00000061     axon_routine.o (.rodata.str1.15036354999781039871.1)
                  00007b72    0000005d     axon_routine.o (.rodata.str1.15390643519349431490.1)
                  00007bcf    00000057     s2a_packet.o (.rodata.str1.11651614510642161048.1)
                  00007c26    00000057     s2a_packet.o (.rodata.str1.15197212992152432442.1)
                  00007c7d    00000056     axon_routine.o (.rodata.str1.9929005210817920738.1)
                  00007cd3    00000054     s2a_packet.o (.rodata.str1.13222256078045286393.1)
                  00007d27    00000054     s2a_packet.o (.rodata.str1.5067886651696817237.1)
                  00007d7b    00000054     s2a_packet.o (.rodata.str1.9534252372474839467.1)
                  00007dcf    0000004f     s2a_packet.o (.rodata.str1.18356157544651353640.1)
                  00007e1e    0000004c     s2a_packet.o (.rodata.str1.14054255457577735801.1)
                  00007e6a    0000004b     s2a_packet.o (.rodata.str1.1054621812687617865.1)
                  00007eb5    00000048     s2a_packet.o (.rodata.str1.10890815327036374194.1)
                  00007efd    00000048     axon_routine.o (.rodata.str1.11188097358656046052.1)
                  00007f45    00000048     axon_routine.o (.rodata.str1.1535501348467637105.1)
                  00007f8d    00000048     s2a_packet.o (.rodata.str1.16030559404050719370.1)
                  00007fd5    00000046     axon_routine.o (.rodata.str1.16593486521574237178.1)
                  0000801b    00000045     axon_routine.o (.rodata.str1.2074935598029988253.1)
                  00008060    00000043     axon_routine.o (.rodata.str1.1234886190650109128.1)
                  000080a3    00000043     axon_routine.o (.rodata.str1.2270063357212707462.1)
                  000080e6    00000043     axon_routine.o (.rodata.str1.5217963321059601915.1)
                  00008129    00000043     axon_routine.o (.rodata.str1.8015938219588661503.1)
                  0000816c    00000042     axon_routine.o (.rodata.str1.14095380171064204237.1)
                  000081ae    00000042     s2a_packet.o (.rodata.str1.7794559651614773169.1)
                  000081f0    0000003f     isr.o (.rodata.str1.13602985083408752662.1)
                  0000822f    0000003f     isr.o (.rodata.str1.14035627306564887214.1)
                  0000826e    0000003f     isr.o (.rodata.str1.8155634291211262487.1)
                  000082ad    0000003f     s2a_packet.o (.rodata.str1.9447922374234183969.1)
                  000082ec    0000003e     s2a_packet.o (.rodata.str1.5329389233474239785.1)
                  0000832a    0000003e     axon_routine.o (.rodata.str1.5669974612357686332.1)
                  00008368    0000003d     s2a_packet.o (.rodata.str1.10713700975586195752.1)
                  000083a5    0000003d     axon_routine.o (.rodata.str1.11153631872926489556.1)
                  000083e2    0000003d     s2a_packet.o (.rodata.str1.16803544732971382213.1)
                  0000841f    0000003c     axon_routine.o (.rodata.str1.14779823965403136456.1)
                  0000845b    0000003b     s2a_packet.o (.rodata.str1.15919774603732049422.1)
                  00008496    0000003a     axon_routine.o (.rodata.str1.3718212389963908161.1)
                  000084d0    00000038     soma_axon_comm_test.o (.rodata.str1.16888641032759933111.1)
                  00008508    00000038     s2a_packet.o (.rodata.str1.5512102687271007183.1)
                  00008540    00000036     axon_routine.o (.rodata.str1.110982908963535873.1)
                  00008576    00000036     axon_routine.o (.rodata.str1.5476353031723877597.1)
                  000085ac    00000035     axon_routine.o (.rodata.str1.7302185608925382041.1)
                  000085e1    00000033     axon_routine.o (.rodata.str1.16053131213386362138.1)
                  00008614    00000032     axon_routine.o (.rodata.str1.10493685005624297193.1)
                  00008646    00000032     axon_routine.o (.rodata.str1.1129973263054448079.1)
                  00008678    00000032     axon_routine.o (.rodata.str1.13649928279134707410.1)
                  000086aa    0000002e     axon_routine.o (.rodata.str1.3546071986206203703.1)
                  000086d8    0000002d     axon_routine.o (.rodata.str1.16275428374102274200.1)
                  00008705    0000002d     axon_routine.o (.rodata.str1.6715681399153775578.1)
                  00008732    0000002c     axon_routine.o (.rodata.str1.13014566616985041789.1)
                  0000875e    0000002c     s2a_packet.o (.rodata.str1.1987064775379975437.1)
                  0000878a    0000002b     axon_routine.o (.rodata.str1.14927414391946160470.1)
                  000087b5    0000002b     axon_routine.o (.rodata.str1.5730828695261872317.1)
                  000087e0    0000002b     soma_axon_comm_test.o (.rodata.str1.9961456443828157440.1)
                  0000880b    00000029     axon_routine.o (.rodata.str1.11944515220965031412.1)
                  00008834    00000027     axon_routine.o (.rodata.str1.3638916923994497832.1)
                  0000885b    00000025     s2a_packet.o (.rodata.str1.4159314087998852219.1)
                  00008880    00000024     s2a_packet.o (.rodata.str1.12313492030069750346.1)
                  000088a4    00000021     axon_routine.o (.rodata.str1.5985991894795415129.1)
                  000088c5    00000003     msp_peripheral_config.o (.rodata.g_TIMA_LED_CLOCK_CONFIG)
                  000088c8    00000020     axon_routine.o (.rodata..L__const.axon_routine_main.btn1_ctx)
                  000088e8    00000020     axon_routine.o (.rodata..L__const.axon_routine_main.btn2_ctx)
                  00008908    00000020     s2a_packet.o (.rodata.SETTING_AES_KEY)
                  00008928    0000001f     axon_routine.o (.rodata.str1.10607366127034335297.1)
                  00008947    00000001     --HOLE-- [fill = 0]
                  00008948    0000001e     s2a_packet.o (.rodata..L__const.axon_handle_setaxon.timeout_table)
                  00008966    0000001e     soma_axon_comm_test.o (.rodata.str1.17163733150804281806.1)
                  00008984    0000001b     axon_routine.o (.rodata.str1.17620752597607741984.1)
                  0000899f    0000001a     axon_routine.o (.rodata.str1.11544620067038151125.1)
                  000089b9    00000018     axon_routine.o (.rodata.str1.5315017142325176683.1)
                  000089d1    00000017     axon_routine.o (.rodata.str1.16547747785913852269.1)
                  000089e8    00000016     axon_routine.o (.rodata.str1.13170470843846142408.1)
                  000089fe    00000011     libc.a : _printfi.c.obj (.rodata.str1.10348868589481759720.1)
                  00008a0f    00000011            : _printfi.c.obj (.rodata.str1.15363888844622738466.1)
                  00008a20    00000010     s2a_packet.o (.rodata.axon_handle_setaxon.timeout_map)
                  00008a30    0000000d     axon_routine.o (.rodata.str1.8258637299588388763.1)
                  00008a3d    0000000a     axon_routine.o (.rodata.str1.2599456037057767628.1)
                  00008a47    00000001     --HOLE-- [fill = 0]
                  00008a48    00000008     msp_peripheral_config.o (.rodata.g_TIMA_LED_PWM_CONFIG)
                  00008a50    00000008     msp_peripheral_config.o (.rodata.g_TIMG_LED_PWM_CONFIG)
                  00008a58    00000008     axon_routine.o (.rodata.str1.12177618139265334924.1)
                  00008a60    00000008     axon_routine.o (.rodata.str1.15236533513612612620.1)
                  00008a68    00000008     soma_axon_comm_test.o (.rodata.str1.16019993927173311506.1)
                  00008a70    00000008     soma_axon_comm_test.o (.rodata.str1.4563888346566811793.1)
                  00008a78    00000008     soma_axon_comm_test.o (.rodata.str1.6155995108037416659.1)
                  00008a80    00000008     soma_axon_comm_test.o (.rodata.str1.736556590954446019.1)
                  00008a88    00000008     soma_axon_comm_test.o (.rodata.str1.8298861297467414673.1)
                  00008a90    00000007     soma_axon_comm_test.o (.rodata.str1.15543427717675474179.1)
                  00008a97    00000007     axon_routine.o (.rodata.str1.15874351959947230243.1)
                  00008a9e    00000007     soma_axon_comm_test.o (.rodata.str1.16196245222610423718.1)
                  00008aa5    00000007     axon_routine.o (.rodata.str1.18265383181475724439.1)
                  00008aac    00000007     soma_axon_comm_test.o (.rodata.str1.4979646705443735783.1)
                  00008ab3    00000007     soma_axon_comm_test.o (.rodata.str1.7589549447101528093.1)
                  00008aba    00000006     s2a_packet.o (.rodata.axon_serial_number)
                  00008ac0    00000006     soma_axon_comm_test.o (.rodata.str1.14803114291648115125.1)
                  00008ac6    00000006     soma_axon_comm_test.o (.rodata.str1.7247368328196744947.1)
                  00008acc    00000005     soma_axon_comm_test.o (.rodata.str1.1937060561350349321.1)
                  00008ad1    00000004     axon_routine.o (.rodata.str1.10537736000623303156.1)
                  00008ad5    00000004     soma_axon_comm_test.o (.rodata.str1.14413332638274022860.1)
                  00008ad9    00000004     soma_axon_comm_test.o (.rodata.str1.14700453761544015464.1)
                  00008add    00000003     msp_peripheral_config.o (.rodata.g_TIMG_LED_CLOCK_CONFIG)
                  00008ae0    00000003     axon_routine.o (.rodata.str1.15118044987308954884.1)
                  00008ae3    00000003     axon_routine.o (.rodata.str1.18362543123880482347.1)
                  00008ae6    0000000a     --HOLE-- [fill = 0]

.init_array 
*          0    00000000    00000000     UNINITIALIZED

.binit     0    00000000    00000000     

.data      0    20200000    00000b6d     UNINITIALIZED
                  20200000    00000800     s2a_packet.o (.data.axon_handle_codepkt.g_fw_buffer)
                  20200800    000000f0     libc.a : defs.c.obj (.data._ftable)
                  202008f0    00000078     libsysbm.a : host_device.c.obj (.data._device)
                  20200968    00000050                : host_device.c.obj (.data._stream)
                  202009b8    0000003c     soma_axon_comm_test.o (.data.g_test_stats)
                  202009f4    00000022     axon_routine.o (.data.g_debug_log)
                  20200a16    00000020     s2a_packet.o (.data.debug_atirq_encrypted)
                  20200a36    00000020     s2a_packet.o (.data.debug_atirq_plain)
                  20200a56    00000020     s2a_packet.o (.data.g_challenge_random)
                  20200a76    00000020     s2a_packet.o (.data.g_operation_key)
                  20200a96    00000014     axon_routine.o (.data.g_axon_status_shared)
                  20200aaa    00000002     s2a_packet.o (.data.debug_crc_calc)
                  20200aac    00000010     axon_routine.o (.data.g_axon_state)
                  20200abc    00000008     libc.a : exit.c.obj (.data..L_MergedGlobals)
                  20200ac4    00000005     soma_axon_comm_test.o (.data.g_test_config)
                  20200ac9    00000001     s2a_packet.o (.data.axon_handle_afwup.g_fw_update_mode)
                  20200aca    00000002     s2a_packet.o (.data.debug_crc_recv)
                  20200acc    00000004     libc.a : defs.c.obj (.data.__TI_ft_end)
                  20200ad0    00000004            : aeabi_portable.c.obj (.data.__aeabi_errno)
                  20200ad4    00000004            : _lock.c.obj (.data._lock)
                  20200ad8    00000004            : _lock.c.obj (.data._unlock)
                  20200adc    00000004     axon_routine.o (.data.axon_routine_main.both_press_start)
                  20200ae0    00000004     axon_routine.o (.data.axon_routine_main.last_blink_toggle)
                  20200ae4    00000004     axon_routine.o (.data.axon_routine_main.release_candidate_time1)
                  20200ae8    00000004     axon_routine.o (.data.axon_routine_main.release_candidate_time2)
                  20200aec    00000004     axon_routine.o (.data.axon_routine_main.retry_last_send_time)
                  20200af0    00000004     soma_uart_test.o (.data.debug_byte1_ng_count)
                  20200af4    00000004     s2a_packet.o (.data.debug_chkirq_call_count)
                  20200af8    00000004     s2a_packet.o (.data.debug_cmd_ng_count)
                  20200afc    00000004     soma_uart_test.o (.data.debug_complete_count)
                  20200b00    00000004     s2a_packet.o (.data.debug_crc_ng_count)
                  20200b04    00000004     soma_uart_test.o (.data.debug_fifo_empty_count)
                  20200b08    00000004     soma_uart_test.o (.data.debug_framing_error_count)
                  20200b0c    00000004     s2a_packet.o (.data.debug_header_ng_count)
                  20200b10    00000004     soma_uart_test.o (.data.debug_iidx_value)
                  20200b14    00000004     soma_uart_test.o (.data.debug_isr_call_count)
                  20200b18    00000004     s2a_packet.o (.data.debug_led_event_count)
                  20200b1c    00000004     s2a_packet.o (.data.debug_len_ng_count)
                  20200b20    00000004     soma_uart_test.o (.data.debug_overrun_count)
                  20200b24    00000004     soma_uart_test.o (.data.debug_rx_count)
                  20200b28    00000004     soma_uart_test.o (.data.debug_rxdata_raw_value)
                  20200b2c    00000004     s2a_packet.o (.data.debug_send_ok_count)
                  20200b30    00000004     soma_uart_test.o (.data.debug_sync_reset_count)
                  20200b34    00000004     soma_uart_test.o (.data.debug_uart_stat_value)
                  20200b38    00000004     s2a_packet.o (.data.g_fw_last_address)
                  20200b3c    00000004     s2a_packet.o (.data.g_fw_total_crc)
                  20200b40    00000004     axon_routine.o (.data.g_irq_pulse_start_time)
                  20200b44    00000004     s2a_packet.o (.data.g_response_timeout_ms)
                  20200b48    00000004     isr.o (.data.g_systick_count)
                  20200b4c    00000001     s2a_packet.o (.data.axon_handle_errchk.g_fw_update_complete)
                  20200b4d    00000001     axon_routine.o (.data.axon_routine_main.both_buttons_pressed)
                  20200b4e    00000001     axon_routine.o (.data.axon_routine_main.both_release_lockout)
                  20200b4f    00000001     axon_routine.o (.data.axon_routine_main.connector_initialized)
                  20200b50    00000001     axon_routine.o (.data.axon_routine_main.door_initialized)
                  20200b51    00000001     axon_routine.o (.data.axon_routine_main.prev_blink_mode)
                  20200b52    00000001     axon_routine.o (.data.axon_routine_main.prev_connector_state)
                  20200b53    00000001     axon_routine.o (.data.axon_routine_main.prev_door_state)
                  20200b54    00000001     axon_routine.o (.data.axon_routine_main.prev_soldout_state)
                  20200b55    00000001     axon_routine.o (.data.axon_routine_main.release_candidate1)
                  20200b56    00000001     axon_routine.o (.data.axon_routine_main.release_candidate2)
                  20200b57    00000001     axon_routine.o (.data.axon_routine_main.soldout_initialized)
                  20200b58    00000001     soma_uart_test.o (.data.debug_byte1)
                  20200b59    00000001     s2a_packet.o (.data.debug_decrypted_id)
                  20200b5a    00000001     soma_uart_test.o (.data.debug_last_byte)
                  20200b5b    00000001     soma_uart_test.o (.data.debug_rx_index)
                  20200b5c    00000001     soma_uart_test.o (.data.frame_received)
                  20200b5d    00000001     s2a_packet.o (.data.g_cmd_recv_toggle)
                  20200b5e    00000001     axon_routine.o (.data.g_dial_rotation_count)
                  20200b5f    00000001     axon_routine.o (.data.g_irq_pulse_pending)
                  20200b60    00000001     axon_routine.o (.data.g_left_amount)
                  20200b61    00000001     axon_routine.o (.data.g_pending_left_amount)
                  20200b62    00000001     axon_routine.o (.data.g_pending_left_updated)
                  20200b63    00000001     axon_routine.o (.data.g_pending_right_amount)
                  20200b64    00000001     axon_routine.o (.data.g_pending_right_updated)
                  20200b65    00000001     axon_routine.o (.data.g_retry_pending)
                  20200b66    00000001     axon_routine.o (.data.g_right_amount)
                  20200b67    00000001     s2a_packet.o (.data.g_waiting_for_response)
                  20200b68    00000001     libc.a : memory.c.obj (.data.memory_is_initialized)
                  20200b69    00000001     isr.o (.data.rx_complete_ready)
                  20200b6a    00000001     soma_uart_test.o (.data.rx_index)
                  20200b6b    00000001     soma_uart_test.o (.data.rx_variable_length)
                  20200b6c    00000001     soma_uart_test.o (.data.rx_variable_ready)

.sysmem    0    20200b70    00000800     UNINITIALIZED
                  20200b70    00000010     libc.a : memory.c.obj (.sysmem)
                  20200b80    000007f0     --HOLE--

.bss       0    20201370    000002dc     UNINITIALIZED
                  20201370    00000120     libsysbm.a : trgmsg.c.obj (.bss:_CIOBUF_)
                  20201490    000000a0     libc.a : defs.c.obj (.bss.__TI_tmpnams)
                  20201530    00000028     (.common:rx_variable_frame)
                  20201558    00000024     (.common:rx_complete_frame)
                  2020157c    00000024     (.common:rx_frame)
                  202015a0    00000014     (.common:g_button_1_event)
                  202015b4    00000014     (.common:g_button_2_event)
                  202015c8    00000014     (.common:g_coindet_event)
                  202015dc    00000014     (.common:g_connector_event)
                  202015f0    00000014     (.common:g_door_event)
                  20201604    00000014     (.common:g_escrow_event)
                  20201618    00000014     (.common:g_rotary_event)
                  2020162c    00000014     (.common:g_soldout_event)
                  20201640    00000008     libsysbm.a : hostopen.c.obj (.bss.parmbuf)
                  20201648    00000004     libc.a : memory.c.obj (.bss.sys_free)

.stack     0    20207e00    00000200     UNINITIALIZED
                  20207e00    00000004     libc.a : boot_cortex_m.c.obj (.stack)
                  20207e04    000001fc     --HOLE--

__llvm_prf_cnts 
*          0    20200000    00000000     UNINITIALIZED

__llvm_prf_bits 
*          0    20200000    00000000     UNINITIALIZED

MODULE SUMMARY

       Module                         code    ro data   rw data
       ------                         ----    -------   -------
    .\
       axon_routine.o                 5028    2155      274    
       isr.o                          1250    189       41     
       soma_axon_comm_test.o          700     222       65     
       ti_msp_dl_config.o             524     0         0      
       soma_uart_test.o               262     0         127    
       main.o                         230     0         0      
       startup_mspm0g350x_ticlang.o   8       192       0      
    +--+------------------------------+-------+---------+---------+
       Total:                         8002    2758      507    
                                                               
    .\driver\utils\
       aes256.o                       2306    512       0      
    +--+------------------------------+-------+---------+---------+
       Total:                         2306    512       0      
                                                               
    .\peripheral\
       msp_peripheral_config.o        2676    22        0      
    +--+------------------------------+-------+---------+---------+
       Total:                         2676    22        0      
                                                               
    .\protocol\src\
       s2a_packet.o                   6474    1429      2225   
    +--+------------------------------+-------+---------+---------+
       Total:                         6474    1429      2225   
                                                               
    C:/ti/mspm0_sdk_2_06_00_05/source/ti/driverlib/lib/ticlang/m0p/mspm0g1x0x_g3x0x/driverlib.a
       dl_timer.o                     356     0         0      
       dl_uart.o                      218     0         0      
       dl_common.o                    10      0         0      
    +--+------------------------------+-------+---------+---------+
       Total:                         584     0         0      
                                                               
    C:\ti\ccs2030\ccs\tools\compiler\ti-cgt-armllvm_4.0.3.LTS\lib\armv6m-ti-none-eabi/c/libc.a
       _printfi.c.obj                 4510    34        0      
       memory.c.obj                   702     0         5      
       defs.c.obj                     0       0         404    
       aeabi_ctype.S.obj              0       257       0      
       fputs.c.obj                    248     0         0      
       setvbuf.c.obj                  224     0         0      
       s_scalbn.c.obj                 216     0         0      
       getdevice.c.obj                160     0         0      
       fputc.c.obj                    156     0         0      
       strcmp-armv6m.S.obj            136     0         0      
       copy_decompress_lzss.c.obj     124     0         0      
       fclose.c.obj                   124     0         0      
       fseek.c.obj                    116     0         0      
       printf.c.obj                   108     0         0      
       _io_perm.c.obj                 100     0         0      
       s_frexp.c.obj                  92      0         0      
       _ltoa.c.obj                    88      0         0      
       fflush.c.obj                   82      0         0      
       exit.c.obj                     58      0         8      
       atoi.c.obj                     64      0         0      
       autoinit.c.obj                 60      0         0      
       boot_cortex_m.c.obj            56      0         0      
       fopen.c.obj                    52      0         0      
       memccpy.c.obj                  34      0         0      
       memcmp.c.obj                   32      0         0      
       copy_zero_init.c.obj           22      0         0      
       copy_decompress_none.c.obj     18      0         0      
       memcpy16.S.obj                 18      0         0      
       wcslen.c.obj                   16      0         0      
       memset16.S.obj                 14      0         0      
       aeabi_portable.c.obj           8       0         4      
       _lock.c.obj                    2       0         8      
       pre_init.c.obj                 4       0         0      
    +--+------------------------------+-------+---------+---------+
       Total:                         7644    291       429    
                                                               
    C:\ti\ccs2030\ccs\tools\compiler\ti-cgt-armllvm_4.0.3.LTS\lib\armv6m-ti-none-eabi/c/libsysbm.a
       trgmsg.c.obj                   104     0         288    
       host_device.c.obj              0       0         200    
       hostrename.c.obj               136     0         0      
       hostlseek.c.obj                108     0         0      
       hostopen.c.obj                 96      0         8      
       hostread.c.obj                 88      0         0      
       hostwrite.c.obj                88      0         0      
       close.c.obj                    80      0         0      
       hostclose.c.obj                72      0         0      
       hostunlink.c.obj               72      0         0      
       unlink.c.obj                   44      0         0      
       lseek.c.obj                    40      0         0      
       write.c.obj                    40      0         0      
       remove.c.obj                   8       0         0      
       hostexit.c.obj                 4       0         0      
    +--+------------------------------+-------+---------+---------+
       Total:                         980     0         496    
                                                               
    C:\ti\ccs2030\ccs\tools\compiler\ti-cgt-armllvm_4.0.3.LTS\lib\armv6m-ti-none-eabi/libclang_rt.builtins.a
       adddf3.S.obj                   418     0         0      
       divdf3.S.obj                   268     0         0      
       muldf3.S.obj                   228     0         0      
       comparedf2.c.obj               220     0         0      
       udivmoddi4.S.obj               162     0         0      
       aeabi_dcmp.S.obj               98      0         0      
       aeabi_idivmod.S.obj            86      0         0      
       fixdfsi.S.obj                  74      0         0      
       aeabi_uidivmod.S.obj           64      0         0      
       muldsi3.S.obj                  58      0         0      
       floatsidf.S.obj                44      0         0      
       muldi3.S.obj                   36      0         0      
       ashldi3.S.obj                  30      0         0      
       aeabi_memset.S.obj             26      0         0      
       aeabi_uldivmod.S.obj           20      0         0      
       aeabi_memcpy.S.obj             8       0         0      
       aeabi_div0.c.obj               4       0         0      
    +--+------------------------------+-------+---------+---------+
       Total:                         1844    0         0      
                                                               
       Heap:                          0       0         2048   
       Stack:                         0       0         512    
       Linker Generated:              0       139       0      
    +--+------------------------------+-------+---------+---------+
       Grand Total:                   30510   5151      6217   


LINKER GENERATED COPY TABLES

__TI_cinit_table @ 00008b6c records: 2, size/record: 8, table size: 16
	.data: load addr=00008af0, load size=00000067 bytes, run addr=20200000, run size=00000b6d bytes, compression=lzss
	.bss: load addr=00008b64, load size=00000008 bytes, run addr=20201370, run size=000002dc bytes, compression=zero_init


LINKER GENERATED HANDLER TABLE

__TI_handler_table @ 00008b58 records: 3, size/record: 4, table size: 12
	index: 0, handler: __TI_decompress_lzss
	index: 1, handler: __TI_decompress_none
	index: 2, handler: __TI_zero_init


FAR CALL TRAMPOLINES

callee name               trampoline name
   callee addr  tramp addr   call addr  call info
--------------  -----------  ---------  ----------------
__aeabi_dsub              $Tramp$TT$L$PI$$__aeabi_dsub
   000035cd     0000778c     0000778a   libc.a : _printfi.c.obj (.text.OUTLINED_FUNCTION_0)
_c_int00_noargs           $Tramp$TT$L$PI$$_c_int00_noargs
   00006f95     000077f4     000077ee   startup_mspm0g350x_ticlang.o (.text.Reset_Handler)

[2 trampolines]
[2 trampoline calls]


GLOBAL SYMBOLS: SORTED ALPHABETICALLY BY Name 

address   name                            
-------   ----                            
000077e7  ADC0_IRQHandler                 
000077e7  ADC1_IRQHandler                 
000077e7  AES_IRQHandler                  
000077ea  C$$EXIT                         
00006a81  C$$IO$$                         
000077e7  CANFD0_IRQHandler               
000077e7  DAC0_IRQHandler                 
00007779  DL_Common_delayCycles           
000044a9  DL_Timer_initFourCCPWMMode      
00007195  DL_Timer_setCaptCompUpdateMethod
00007421  DL_Timer_setCaptureCompareOutCtl
000076cd  DL_Timer_setCaptureCompareValue 
000071b1  DL_Timer_setClockConfig         
00005721  DL_UART_configBaudRate          
0000640d  DL_UART_init                    
00007665  DL_UART_setClockConfig          
000077e7  DMA_IRQHandler                  
000077e7  Default_Handler                 
00002e87  GROUP0_IRQHandler               
00002ab9  GROUP1_IRQHandler               
00006455  HOSTclose                       
000077eb  HOSTexit                        
00005a0d  HOSTlseek                       
00005f61  HOSTopen                        
00006079  HOSTread                        
00005a79  HOSTrename                      
0000649d  HOSTunlink                      
000060d1  HOSTwrite                       
000077e7  HardFault_Handler               
000077e7  I2C0_IRQHandler                 
000077e7  I2C1_IRQHandler                 
000077e7  NMI_Handler                     
000077e7  PendSV_Handler                  
000077e7  RTC_IRQHandler                  
000077ef  Reset_Handler                   
000077e7  SPI0_IRQHandler                 
000077e7  SPI1_IRQHandler                 
000077e7  SVC_Handler                     
000075dd  SYSCFG_DL_AES_init              
00006ef5  SYSCFG_DL_CRC_init              
0000235d  SYSCFG_DL_GPIO_init             
00007539  SYSCFG_DL_SYSCTL_init           
000075f1  SYSCFG_DL_SYSTICK_init          
00006601  SYSCFG_DL_TRNG_init             
00006ca3  SYSCFG_DL_init                  
000052a9  SYSCFG_DL_initPower             
000076dd  SysTick_Handler                 
000077e7  TIMA0_IRQHandler                
000077e7  TIMA1_IRQHandler                
000077e7  TIMG0_IRQHandler                
000077e7  TIMG12_IRQHandler               
000077e7  TIMG6_IRQHandler                
000077e7  TIMG7_IRQHandler                
000077e7  TIMG8_IRQHandler                
00007677  TI_memcpy_small                 
00007745  TI_memset_small                 
00002641  UART0_IRQHandler                
000077e7  UART1_IRQHandler                
0000375f  UART2_IRQHandler                
000077e7  UART3_IRQHandler                
20201370  _CIOBUF_                        
20201370  __CIOBUF_                       
20208000  __STACK_END                     
00000200  __STACK_SIZE                    
00000800  __SYSMEM_SIZE                   
00000000  __TI_ATRegion0_region_sz        
00000000  __TI_ATRegion0_src_addr         
00000000  __TI_ATRegion0_trg_addr         
00000000  __TI_ATRegion1_region_sz        
00000000  __TI_ATRegion1_src_addr         
00000000  __TI_ATRegion1_trg_addr         
00000000  __TI_ATRegion2_region_sz        
00000000  __TI_ATRegion2_src_addr         
00000000  __TI_ATRegion2_trg_addr         
00008b6c  __TI_CINIT_Base                 
00008b7c  __TI_CINIT_Limit                
00008b7c  __TI_CINIT_Warm                 
00008b58  __TI_Handler_Table_Base         
00008b64  __TI_Handler_Table_Limit        
00006835  __TI_auto_init_nobinit_nopinit  
000069ed  __TI_cleanup                    
20200abc  __TI_cleanup_ptr                
000058a1  __TI_closefile                  
0000591d  __TI_decompress_lzss            
00007689  __TI_decompress_none            
00006285  __TI_doflush                    
20200ac0  __TI_dtors_ptr                  
20200acc  __TI_ft_end                     
00006129  __TI_ltoa                       
ffffffff  __TI_pprof_out_hndl             
00000e0d  __TI_printfi                    
ffffffff  __TI_prof_data_size             
ffffffff  __TI_prof_data_start            
00006a21  __TI_readmsg                    
00000000  __TI_static_base__              
20201490  __TI_tmpnams                    
00006a55  __TI_writemsg                   
00005e33  __TI_wrt_ok                     
0000754f  __TI_zero_init_nomemset         
000035d7  __adddf3                        
00007810  __aeabi_ctype_table_            
00007810  __aeabi_ctype_table_C           
00006379  __aeabi_d2iz                    
000035d7  __aeabi_dadd                    
00005efd  __aeabi_dcmpeq                  
00005f39  __aeabi_dcmpge                  
00005f4d  __aeabi_dcmpgt                  
00005f25  __aeabi_dcmple                  
00005f11  __aeabi_dcmplt                  
00004189  __aeabi_ddiv                    
00004d3d  __aeabi_dmul                    
000035cd  __aeabi_dsub                    
20200ad0  __aeabi_errno                   
000077a9  __aeabi_errno_addr              
00006dad  __aeabi_i2d                     
000061d9  __aeabi_idiv                    
00004b6b  __aeabi_idiv0                   
000061d9  __aeabi_idivmod                 
00005203  __aeabi_ldiv0                   
000070b1  __aeabi_llsl                    
00007005  __aeabi_lmul                    
00007755  __aeabi_memclr                  
00007755  __aeabi_memclr4                 
00007755  __aeabi_memclr8                 
000077b1  __aeabi_memcpy                  
000077b1  __aeabi_memcpy4                 
000077b1  __aeabi_memcpy8                 
0000770d  __aeabi_memset                  
0000770d  __aeabi_memset4                 
0000770d  __aeabi_memset8                 
00006641  __aeabi_uidiv                   
00006641  __aeabi_uidivmod                
00007605  __aeabi_uldivmod                
000070b1  __ashldi3                       
ffffffff  __binit__                       
00005cfd  __cmpdf2                        
00004189  __divdf3                        
00005cfd  __eqdf2                         
00006379  __fixdfsi                       
00006dad  __floatsidf                     
00005999  __gedf2                         
00005999  __gtdf2                         
00005cfd  __ledf2                         
00005cfd  __ltdf2                         
UNDEFED   __mpu_init                      
00004d3d  __muldf3                        
00007005  __muldi3                        
00006871  __muldsi3                       
00005cfd  __nedf2                         
20207e00  __stack                         
20200000  __start___llvm_prf_bits         
20200000  __start___llvm_prf_cnts         
20200000  __stop___llvm_prf_bits          
20200000  __stop___llvm_prf_cnts          
000035cd  __subdf3                        
00005205  __udivmoddi4                    
00006f95  _c_int00_noargs                 
202008f0  _device                         
20200800  _ftable                         
20200ad4  _lock                           
00005e97  _nop                            
20200968  _stream                         
20200b70  _sys_memory                     
UNDEFED   _system_post_cinit              
00007805  _system_pre_init                
20200ad8  _unlock                         
000077e1  abort                           
00003cf1  aes256_decrypt_ecb              
00003e23  aes256_encrypt_ecb              
00006681  aes256_init                     
00004075  aligned_alloc                   
000066c1  atoi                            
0000489d  axon_handle_afwup               
000043a1  axon_handle_axonrbt             
000017dd  axon_handle_chkirq              
00002e89  axon_handle_codepkt             
00004295  axon_handle_errchk              
00004a7d  axon_handle_nop                 
00003761  axon_handle_response            
00001f09  axon_handle_setaxon             
00003249  axon_handle_setokey             
000000c1  axon_routine_main               
0000498d  axon_test_record_command        
00006701  axon_test_record_crc_error      
00005481  axon_test_record_response       
ffffffff  binit                           
00006329  close                           
20200a16  debug_atirq_encrypted           
20200a36  debug_atirq_plain               
20200b58  debug_byte1                     
20200af0  debug_byte1_ng_count            
20200af4  debug_chkirq_call_count         
20200af8  debug_cmd_ng_count              
20200afc  debug_complete_count            
20200aaa  debug_crc_calc                  
20200b00  debug_crc_ng_count              
20200aca  debug_crc_recv                  
20200b59  debug_decrypted_id              
20200b04  debug_fifo_empty_count          
20200b08  debug_framing_error_count       
20200b0c  debug_header_ng_count           
20200b10  debug_iidx_value                
20200b14  debug_isr_call_count            
20200b5a  debug_last_byte                 
20200b18  debug_led_event_count           
20200b1c  debug_len_ng_count              
20200b20  debug_overrun_count             
20200b24  debug_rx_count                  
20200b5b  debug_rx_index                  
20200b28  debug_rxdata_raw_value          
20200b2c  debug_send_ok_count             
20200b30  debug_sync_reset_count          
20200b34  debug_uart_stat_value           
00006a89  exit                            
00006abd  finddevice                      
000053e5  fputc                           
000046b1  fputs                           
20200b5c  frame_received                  
00004c55  free                            
00005fc1  frexp                           
00005fc1  frexpl                          
000077c9  fseek                           
00005b51  fseeko                          
20200aac  g_axon_state                    
20200a96  g_axon_status_shared            
202015a0  g_button_1_event                
202015b4  g_button_2_event                
202015c8  g_coindet_event                 
202015dc  g_connector_event               
202009f4  g_debug_log                     
20200b5e  g_dial_rotation_count           
202015f0  g_door_event                    
20201604  g_escrow_event                  
20200b5f  g_irq_pulse_pending             
20200b40  g_irq_pulse_start_time          
20200b60  g_left_amount                   
20200b61  g_pending_left_amount           
20200b62  g_pending_left_updated          
20200b63  g_pending_right_amount          
20200b64  g_pending_right_updated         
20200b65  g_retry_pending                 
20200b66  g_right_amount                  
20201618  g_rotary_event                  
2020162c  g_soldout_event                 
20200b48  g_systick_count                 
00007761  get_systick_count_ms            
00005bbd  getdevice                       
00000000  interruptVectors                
00004f01  ldexp                           
00004f01  ldexpl                          
00006f45  lseek                           
000063c3  main                            
0000776d  malloc                          
00004075  memalign                        
0000704d  memccpy                         
00007091  memcmp                          
20201640  parmbuf                         
0000601d  printf                          
000077d9  remove                          
20201558  rx_complete_frame               
20200b69  rx_complete_ready               
2020157c  rx_frame                        
20200b6a  rx_index                        
20201530  rx_variable_frame               
20200b6b  rx_variable_length              
20200b6c  rx_variable_ready               
00004f01  scalbn                          
00004f01  scalbnl                         
00004e21  setvbuf                         
00005591  strcmp                          
00006741  uart_send_packet                
00005821  uart_send_packet_fast           
00006dd9  unlink                          
0000652d  update_segment_leds             
000076ed  wcslen                          
00006f6d  write                           


GLOBAL SYMBOLS: SORTED BY Symbol Address 

address   name                            
-------   ----                            
00000000  __TI_ATRegion0_region_sz        
00000000  __TI_ATRegion0_src_addr         
00000000  __TI_ATRegion0_trg_addr         
00000000  __TI_ATRegion1_region_sz        
00000000  __TI_ATRegion1_src_addr         
00000000  __TI_ATRegion1_trg_addr         
00000000  __TI_ATRegion2_region_sz        
00000000  __TI_ATRegion2_src_addr         
00000000  __TI_ATRegion2_trg_addr         
00000000  __TI_static_base__              
00000000  interruptVectors                
000000c1  axon_routine_main               
00000200  __STACK_SIZE                    
00000800  __SYSMEM_SIZE                   
00000e0d  __TI_printfi                    
000017dd  axon_handle_chkirq              
00001f09  axon_handle_setaxon             
0000235d  SYSCFG_DL_GPIO_init             
00002641  UART0_IRQHandler                
00002ab9  GROUP1_IRQHandler               
00002e87  GROUP0_IRQHandler               
00002e89  axon_handle_codepkt             
00003249  axon_handle_setokey             
000035cd  __aeabi_dsub                    
000035cd  __subdf3                        
000035d7  __adddf3                        
000035d7  __aeabi_dadd                    
0000375f  UART2_IRQHandler                
00003761  axon_handle_response            
00003cf1  aes256_decrypt_ecb              
00003e23  aes256_encrypt_ecb              
00004075  aligned_alloc                   
00004075  memalign                        
00004189  __aeabi_ddiv                    
00004189  __divdf3                        
00004295  axon_handle_errchk              
000043a1  axon_handle_axonrbt             
000044a9  DL_Timer_initFourCCPWMMode      
000046b1  fputs                           
0000489d  axon_handle_afwup               
0000498d  axon_test_record_command        
00004a7d  axon_handle_nop                 
00004b6b  __aeabi_idiv0                   
00004c55  free                            
00004d3d  __aeabi_dmul                    
00004d3d  __muldf3                        
00004e21  setvbuf                         
00004f01  ldexp                           
00004f01  ldexpl                          
00004f01  scalbn                          
00004f01  scalbnl                         
00005203  __aeabi_ldiv0                   
00005205  __udivmoddi4                    
000052a9  SYSCFG_DL_initPower             
000053e5  fputc                           
00005481  axon_test_record_response       
00005591  strcmp                          
00005721  DL_UART_configBaudRate          
00005821  uart_send_packet_fast           
000058a1  __TI_closefile                  
0000591d  __TI_decompress_lzss            
00005999  __gedf2                         
00005999  __gtdf2                         
00005a0d  HOSTlseek                       
00005a79  HOSTrename                      
00005b51  fseeko                          
00005bbd  getdevice                       
00005cfd  __cmpdf2                        
00005cfd  __eqdf2                         
00005cfd  __ledf2                         
00005cfd  __ltdf2                         
00005cfd  __nedf2                         
00005e33  __TI_wrt_ok                     
00005e97  _nop                            
00005efd  __aeabi_dcmpeq                  
00005f11  __aeabi_dcmplt                  
00005f25  __aeabi_dcmple                  
00005f39  __aeabi_dcmpge                  
00005f4d  __aeabi_dcmpgt                  
00005f61  HOSTopen                        
00005fc1  frexp                           
00005fc1  frexpl                          
0000601d  printf                          
00006079  HOSTread                        
000060d1  HOSTwrite                       
00006129  __TI_ltoa                       
000061d9  __aeabi_idiv                    
000061d9  __aeabi_idivmod                 
00006285  __TI_doflush                    
00006329  close                           
00006379  __aeabi_d2iz                    
00006379  __fixdfsi                       
000063c3  main                            
0000640d  DL_UART_init                    
00006455  HOSTclose                       
0000649d  HOSTunlink                      
0000652d  update_segment_leds             
00006601  SYSCFG_DL_TRNG_init             
00006641  __aeabi_uidiv                   
00006641  __aeabi_uidivmod                
00006681  aes256_init                     
000066c1  atoi                            
00006701  axon_test_record_crc_error      
00006741  uart_send_packet                
00006835  __TI_auto_init_nobinit_nopinit  
00006871  __muldsi3                       
000069ed  __TI_cleanup                    
00006a21  __TI_readmsg                    
00006a55  __TI_writemsg                   
00006a81  C$$IO$$                         
00006a89  exit                            
00006abd  finddevice                      
00006ca3  SYSCFG_DL_init                  
00006dad  __aeabi_i2d                     
00006dad  __floatsidf                     
00006dd9  unlink                          
00006ef5  SYSCFG_DL_CRC_init              
00006f45  lseek                           
00006f6d  write                           
00006f95  _c_int00_noargs                 
00007005  __aeabi_lmul                    
00007005  __muldi3                        
0000704d  memccpy                         
00007091  memcmp                          
000070b1  __aeabi_llsl                    
000070b1  __ashldi3                       
00007195  DL_Timer_setCaptCompUpdateMethod
000071b1  DL_Timer_setClockConfig         
00007421  DL_Timer_setCaptureCompareOutCtl
00007539  SYSCFG_DL_SYSCTL_init           
0000754f  __TI_zero_init_nomemset         
000075dd  SYSCFG_DL_AES_init              
000075f1  SYSCFG_DL_SYSTICK_init          
00007605  __aeabi_uldivmod                
00007665  DL_UART_setClockConfig          
00007677  TI_memcpy_small                 
00007689  __TI_decompress_none            
000076cd  DL_Timer_setCaptureCompareValue 
000076dd  SysTick_Handler                 
000076ed  wcslen                          
0000770d  __aeabi_memset                  
0000770d  __aeabi_memset4                 
0000770d  __aeabi_memset8                 
00007745  TI_memset_small                 
00007755  __aeabi_memclr                  
00007755  __aeabi_memclr4                 
00007755  __aeabi_memclr8                 
00007761  get_systick_count_ms            
0000776d  malloc                          
00007779  DL_Common_delayCycles           
000077a9  __aeabi_errno_addr              
000077b1  __aeabi_memcpy                  
000077b1  __aeabi_memcpy4                 
000077b1  __aeabi_memcpy8                 
000077c9  fseek                           
000077d9  remove                          
000077e1  abort                           
000077e7  ADC0_IRQHandler                 
000077e7  ADC1_IRQHandler                 
000077e7  AES_IRQHandler                  
000077e7  CANFD0_IRQHandler               
000077e7  DAC0_IRQHandler                 
000077e7  DMA_IRQHandler                  
000077e7  Default_Handler                 
000077e7  HardFault_Handler               
000077e7  I2C0_IRQHandler                 
000077e7  I2C1_IRQHandler                 
000077e7  NMI_Handler                     
000077e7  PendSV_Handler                  
000077e7  RTC_IRQHandler                  
000077e7  SPI0_IRQHandler                 
000077e7  SPI1_IRQHandler                 
000077e7  SVC_Handler                     
000077e7  TIMA0_IRQHandler                
000077e7  TIMA1_IRQHandler                
000077e7  TIMG0_IRQHandler                
000077e7  TIMG12_IRQHandler               
000077e7  TIMG6_IRQHandler                
000077e7  TIMG7_IRQHandler                
000077e7  TIMG8_IRQHandler                
000077e7  UART1_IRQHandler                
000077e7  UART3_IRQHandler                
000077ea  C$$EXIT                         
000077eb  HOSTexit                        
000077ef  Reset_Handler                   
00007805  _system_pre_init                
00007810  __aeabi_ctype_table_            
00007810  __aeabi_ctype_table_C           
00008b58  __TI_Handler_Table_Base         
00008b64  __TI_Handler_Table_Limit        
00008b6c  __TI_CINIT_Base                 
00008b7c  __TI_CINIT_Limit                
00008b7c  __TI_CINIT_Warm                 
20200000  __start___llvm_prf_bits         
20200000  __start___llvm_prf_cnts         
20200000  __stop___llvm_prf_bits          
20200000  __stop___llvm_prf_cnts          
20200800  _ftable                         
202008f0  _device                         
20200968  _stream                         
202009f4  g_debug_log                     
20200a16  debug_atirq_encrypted           
20200a36  debug_atirq_plain               
20200a96  g_axon_status_shared            
20200aaa  debug_crc_calc                  
20200aac  g_axon_state                    
20200abc  __TI_cleanup_ptr                
20200ac0  __TI_dtors_ptr                  
20200aca  debug_crc_recv                  
20200acc  __TI_ft_end                     
20200ad0  __aeabi_errno                   
20200ad4  _lock                           
20200ad8  _unlock                         
20200af0  debug_byte1_ng_count            
20200af4  debug_chkirq_call_count         
20200af8  debug_cmd_ng_count              
20200afc  debug_complete_count            
20200b00  debug_crc_ng_count              
20200b04  debug_fifo_empty_count          
20200b08  debug_framing_error_count       
20200b0c  debug_header_ng_count           
20200b10  debug_iidx_value                
20200b14  debug_isr_call_count            
20200b18  debug_led_event_count           
20200b1c  debug_len_ng_count              
20200b20  debug_overrun_count             
20200b24  debug_rx_count                  
20200b28  debug_rxdata_raw_value          
20200b2c  debug_send_ok_count             
20200b30  debug_sync_reset_count          
20200b34  debug_uart_stat_value           
20200b40  g_irq_pulse_start_time          
20200b48  g_systick_count                 
20200b58  debug_byte1                     
20200b59  debug_decrypted_id              
20200b5a  debug_last_byte                 
20200b5b  debug_rx_index                  
20200b5c  frame_received                  
20200b5e  g_dial_rotation_count           
20200b5f  g_irq_pulse_pending             
20200b60  g_left_amount                   
20200b61  g_pending_left_amount           
20200b62  g_pending_left_updated          
20200b63  g_pending_right_amount          
20200b64  g_pending_right_updated         
20200b65  g_retry_pending                 
20200b66  g_right_amount                  
20200b69  rx_complete_ready               
20200b6a  rx_index                        
20200b6b  rx_variable_length              
20200b6c  rx_variable_ready               
20200b70  _sys_memory                     
20201370  _CIOBUF_                        
20201370  __CIOBUF_                       
20201490  __TI_tmpnams                    
20201530  rx_variable_frame               
20201558  rx_complete_frame               
2020157c  rx_frame                        
202015a0  g_button_1_event                
202015b4  g_button_2_event                
202015c8  g_coindet_event                 
202015dc  g_connector_event               
202015f0  g_door_event                    
20201604  g_escrow_event                  
20201618  g_rotary_event                  
2020162c  g_soldout_event                 
20201640  parmbuf                         
20207e00  __stack                         
20208000  __STACK_END                     
ffffffff  __TI_pprof_out_hndl             
ffffffff  __TI_prof_data_size             
ffffffff  __TI_prof_data_start            
ffffffff  __binit__                       
ffffffff  binit                           
UNDEFED   __mpu_init                      
UNDEFED   _system_post_cinit              

[276 symbols]
