******************************************************************************
            TI ARM Clang Linker PC v4.0.3                      
******************************************************************************
>> Linked Wed Jan 21 20:11:40 2026

OUTPUT FILE NAME:   <axon_board.out>
ENTRY POINT SYMBOL: "_c_int00_noargs"  address: 0000627d


MEMORY CONFIGURATION

         name            origin    length      used     unused   attr    fill
----------------------  --------  ---------  --------  --------  ----  --------
  FLASH                 00000000   00020000  00007c50  000183b0  R  X
  SRAM                  20200000   00008000  00001814  000067ec  RW X
  BCR_CONFIG            41c00000   000000ff  00000000  000000ff  R   
  BSL_CONFIG            41c00100   00000080  00000000  00000080  R   


SEGMENT ALLOCATION MAP

run origin  load origin   length   init length attrs members
----------  ----------- ---------- ----------- ----- -------
00000000    00000000    00007c50   00007c50    r-x
  00000000    00000000    000000c0   000000c0    r-- .intvecs
  000000c0    000000c0    00006a10   00006a10    r-x .text
  00006ad0    00006ad0    000010f0   000010f0    r-- .rodata
  00007bc0    00007bc0    00000090   00000090    r-- .cinit
20200000    20200000    00001614   00000000    rw-
  20200000    20200000    00000b38   00000000    rw- .data
  20200b38    20200b38    00000800   00000000    rw- .sysmem
  20201338    20201338    000002dc   00000000    rw- .bss
20207e00    20207e00    00000200   00000000    rw-
  20207e00    20207e00    00000200   00000000    rw- .stack


SECTION ALLOCATION MAP

 output                                  attributes/
section   page    origin      length       input sections
--------  ----  ----------  ----------   ----------------
.intvecs   0    00000000    000000c0     
                  00000000    000000c0     startup_mspm0g350x_ticlang.o (.intvecs)

.text      0    000000c0    00006a10     
                  000000c0    00000d10     axon_routine.o (.text.axon_routine_main)
                  00000dd0    000009d0     libc.a : _printfi.c.obj (.text:__TI_printfi)
                  000017a0    0000072c     s2a_packet.o (.text.axon_handle_chkirq)
                  00001ecc    00000454     s2a_packet.o (.text.axon_handle_setaxon)
                  00002320    000002e4     msp_peripheral_config.o (.text.SYSCFG_DL_GPIO_init)
                  00002604    00000258     isr.o (.text.UART0_IRQHandler)
                  0000285c    00000220     libc.a : _printfi.c.obj (.text._pconv_a)
                  00002a7c    000001e8     isr.o (.text.GROUP1_IRQHandler)
                  00002c64    000001e4     s2a_packet.o (.text.axon_handle_codepkt)
                  00002e48    000001dc     libc.a : _printfi.c.obj (.text._pconv_g)
                  00003024    000001bc     axon_routine.o (.text.handle_button_release)
                  000031e0    00000192     libclang_rt.builtins.a : adddf3.S.obj (.text.adddf3_subdf3)
                  00003372    00000002     isr.o (.text.GROUP0_IRQHandler)
                  00003374    0000013c     libc.a : _printfi.c.obj (.text.fcvt)
                  000034b0    00000120            : _printfi.c.obj (.text._pconv_e)
                  000035d0    00000114            : memory.c.obj (.text.aligned_alloc)
                  000036e4    0000010c     libclang_rt.builtins.a : divdf3.S.obj (.text.__divdf3)
                  000037f0    0000010c     s2a_packet.o (.text.axon_handle_errchk)
                  000038fc    00000108     s2a_packet.o (.text.axon_handle_axonrbt)
                  00003a04    00000104     driverlib.a : dl_timer.o (.text.DL_Timer_initFourCCPWMMode)
                  00003b08    00000104     soma_axon_comm_test.o (.text.get_command_name)
                  00003c0c    000000f8     libc.a : fputs.c.obj (.text.fputs)
                  00003d04    000000f4     axon_routine.o (.text.handle_button_press)
                  00003df8    000000f0     s2a_packet.o (.text.axon_handle_afwup)
                  00003ee8    000000f0     soma_axon_comm_test.o (.text.axon_test_record_command)
                  00003fd8    000000ee     s2a_packet.o (.text.axon_handle_nop)
                  000040c6    00000002     isr.o (.text.UART2_IRQHandler)
                  000040c8    000000e8     msp_peripheral_config.o (.text._msp_peripheral_pwm_init)
                  000041b0    000000e8     libc.a : memory.c.obj (.text.free)
                  00004298    000000e4     libclang_rt.builtins.a : muldf3.S.obj (.text.__muldf3)
                  0000437c    000000e0     libc.a : setvbuf.c.obj (.text.setvbuf)
                  0000445c    000000d8            : s_scalbn.c.obj (.text.scalbn)
                  00004534    000000d4     s2a_packet.o (.text.axon_status_compose_bits)
                  00004608    000000b4     axon_routine.o (.text._set_segment_led)
                  000046bc    000000a2     axon_routine.o (.text._check_debounce_complete)
                  0000475e    00000002     libclang_rt.builtins.a : aeabi_div0.c.obj (.text.__aeabi_idiv0)
                  00004760    000000a2                            : udivmoddi4.S.obj (.text)
                  00004802    00000002                            : aeabi_div0.c.obj (.text.__aeabi_ldiv0)
                  00004804    000000a0     msp_peripheral_config.o (.text.SYSCFG_DL_initPower)
                  000048a4    0000009c     msp_peripheral_config.o (.text._msp_peripheral_uart_init)
                  00004940    0000009c     libc.a : fputc.c.obj (.text.fputc)
                  000049dc    00000088     soma_axon_comm_test.o (.text.axon_test_record_response)
                  00004a64    00000088     s2a_packet.o (.text.crc16_tep)
                  00004aec    00000004     startup_mspm0g350x_ticlang.o (.text.Default_Handler)
                  00004af0    00000088     libc.a : strcmp-armv6m.S.obj (.text:strcmp)
                  00004b78    00000080     driverlib.a : dl_uart.o (.text.DL_UART_configBaudRate)
                  00004bf8    00000080     s2a_packet.o (.text.axon_handle_setokey)
                  00004c78    00000080     s2a_packet.o (.text.clear_irq_signal)
                  00004cf8    00000080     soma_uart_test.o (.text.uart_send_packet_fast)
                  00004d78    0000007c     libc.a : fclose.c.obj (.text.__TI_closefile)
                  00004df4    0000007c            : copy_decompress_lzss.c.obj (.text:decompress:lzss)
                  00004e70    00000074     libclang_rt.builtins.a : comparedf2.c.obj (.text.__gedf2)
                  00004ee4    0000006c     libsysbm.a : hostlseek.c.obj (.text.HOSTlseek)
                  00004f50    0000006c                : hostrename.c.obj (.text.HOSTrename)
                  00004fbc    0000006c     axon_routine.o (.text._change_status)
                  00005028    0000006c     libc.a : fseek.c.obj (.text.fseeko)
                  00005094    0000006c            : getdevice.c.obj (.text.getdevice)
                  00005100    00000068     libclang_rt.builtins.a : comparedf2.c.obj (.text.__ledf2)
                  00005168    00000068     s2a_packet.o (.text.send_ack_frame)
                  000051d0    00000066     libc.a : _printfi.c.obj (.text._mcpy)
                  00005236    00000064            : _io_perm.c.obj (.text.__TI_wrt_ok)
                  0000529a    00000002     msp_peripheral_config.o (.text._msp_peripheral_spi_init)
                  0000529c    00000064     libc.a : memory.c.obj (.text.split)
                  00005300    00000062     libclang_rt.builtins.a : aeabi_dcmp.S.obj (.text.__aeabi_dcmp)
                  00005362    00000002     libc.a : _lock.c.obj (.text._nop)
                  00005364    00000060     libsysbm.a : hostopen.c.obj (.text.HOSTopen)
                  000053c4    0000005c     libc.a : s_frexp.c.obj (.text.frexp)
                  00005420    0000005c            : printf.c.obj (.text.printf)
                  0000547c    00000058     libsysbm.a : hostread.c.obj (.text.HOSTread)
                  000054d4    00000058                : hostwrite.c.obj (.text.HOSTwrite)
                  0000552c    00000058     libc.a : _ltoa.c.obj (.text.__TI_ltoa)
                  00005584    00000058            : _printfi.c.obj (.text._pconv_f)
                  000055dc    00000056     libclang_rt.builtins.a : aeabi_idivmod.S.obj (.text.__aeabi_idivmod)
                  00005632    00000002     --HOLE-- [fill = 0]
                  00005634    00000054     msp_peripheral_config.o (.text._msp_peripheral_gpio_init_for_dipsw)
                  00005688    00000052     libc.a : fflush.c.obj (.text.__TI_doflush)
                  000056da    00000052            : _printfi.c.obj (.text._ecpy)
                  0000572c    00000050     libsysbm.a : close.c.obj (.text.close)
                  0000577c    0000004a     libclang_rt.builtins.a : fixdfsi.S.obj (.text.__fixdfsi)
                  000057c6    0000004a     main.o (.text.main)
                  00005810    00000048     driverlib.a : dl_uart.o (.text.DL_UART_init)
                  00005858    00000048     libsysbm.a : hostclose.c.obj (.text.HOSTclose)
                  000058a0    00000048                : hostunlink.c.obj (.text.HOSTunlink)
                  000058e8    00000048     msp_peripheral_config.o (.text._msp_peripheral_gpio_init_for_hw_ver)
                  00005930    00000048     axon_routine.o (.text.update_segment_leds)
                  00005978    00000044     s2a_packet.o (.text.send_nack_frame)
                  000059bc    00000040     ti_msp_dl_config.o (.text.SYSCFG_DL_TRNG_init)
                  000059fc    00000040     libclang_rt.builtins.a : aeabi_uidivmod.S.obj (.text.__aeabi_uidivmod)
                  00005a3c    00000040     libc.a : atoi.c.obj (.text.atoi)
                  00005a7c    00000040     soma_axon_comm_test.o (.text.axon_test_record_crc_error)
                  00005abc    00000040     soma_uart_test.o (.text.uart_send_packet)
                  00005afc    0000003c     msp_peripheral_config.o (.text.DL_Timer_setCounterControl)
                  00005b38    0000003c     axon_routine.o (.text._set_segment_leds)
                  00005b74    0000003c     s2a_packet.o (.text.log_event)
                  00005bb0    0000003c     libc.a : autoinit.c.obj (.text:__TI_auto_init_nobinit_nopinit)
                  00005bec    0000003a     libclang_rt.builtins.a : muldsi3.S.obj (.text.__muldsi3)
                  00005c26    00000038     ti_msp_dl_config.o (.text.DL_CRC_init)
                  00005c5e    00000002     --HOLE-- [fill = 0]
                  00005c60    00000038     msp_peripheral_config.o (.text.DL_GPIO_initPeripheralOutputFunctionFeatures)
                  00005c98    00000034     main.o (.text.DL_FlashCTL_executeClearStatus)
                  00005ccc    00000034     msp_peripheral_config.o (.text.DL_GPIO_initDigitalInputFeatures)
                  00005d00    00000034     axon_routine.o (.text.__NVIC_DisableIRQ)
                  00005d34    00000034     s2a_packet.o (.text.__NVIC_DisableIRQ)
                  00005d68    00000034     libc.a : fopen.c.obj (.text.__TI_cleanup)
                  00005d9c    00000034     libsysbm.a : trgmsg.c.obj (.text.__TI_readmsg)
                  00005dd0    00000034                : trgmsg.c.obj (.text.__TI_writemsg)
                  00005e04    00000034     libc.a : exit.c.obj (.text.exit)
                  00005e38    00000034            : getdevice.c.obj (.text.finddevice)
                  00005e6c    00000030     msp_peripheral_config.o (.text.DL_GPIO_initDigitalOutputFeatures)
                  00005e9c    00000030     axon_routine.o (.text.DL_GPIO_writePinsVal)
                  00005ecc    00000030     msp_peripheral_config.o (.text.DL_GPIO_writePinsVal)
                  00005efc    00000030     s2a_packet.o (.text.DL_GPIO_writePinsVal)
                  00005f2c    00000030     libc.a : _printfi.c.obj (.text._fcpy)
                  00005f5c    0000002e     ti_msp_dl_config.o (.text.DL_AES_init)
                  00005f8a    0000002c     msp_peripheral_config.o (.text.SYSCFG_DL_init)
                  00005fb6    00000002     --HOLE-- [fill = 0]
                  00005fb8    0000002c     main.o (.text.__NVIC_ClearPendingIRQ)
                  00005fe4    0000002c     axon_routine.o (.text.__NVIC_EnableIRQ)
                  00006010    0000002c     main.o (.text.__NVIC_EnableIRQ)
                  0000603c    0000002c     msp_peripheral_config.o (.text.__NVIC_EnableIRQ)
                  00006068    0000002c     s2a_packet.o (.text.__NVIC_EnableIRQ)
                  00006094    0000002c     libclang_rt.builtins.a : floatsidf.S.obj (.text.__floatsidf)
                  000060c0    0000002c     libsysbm.a : unlink.c.obj (.text.unlink)
                  000060ec    00000028     msp_peripheral_config.o (.text.DL_Common_updateReg)
                  00006114    00000028     ti_msp_dl_config.o (.text.DL_Common_updateReg)
                  0000613c    00000028     msp_peripheral_config.o (.text.DL_SYSTICK_init)
                  00006164    00000028     ti_msp_dl_config.o (.text.DL_TRNG_setDecimationRate)
                  0000618c    00000028     msp_peripheral_config.o (.text.DL_UART_setRXFIFOThreshold)
                  000061b4    00000028     msp_peripheral_config.o (.text.DL_UART_setTXFIFOThreshold)
                  000061dc    00000028     ti_msp_dl_config.o (.text.SYSCFG_DL_CRC_init)
                  00006204    00000028     libc.a : memory.c.obj (.text.free_list_insert)
                  0000622c    00000028     libsysbm.a : lseek.c.obj (.text.lseek)
                  00006254    00000028                : write.c.obj (.text.write)
                  0000627c    00000028     libc.a : boot_cortex_m.c.obj (.text:_c_int00_noargs)
                  000062a4    00000024     ti_msp_dl_config.o (.text.DL_CRC_setSeed16)
                  000062c8    00000024     ti_msp_dl_config.o (.text.DL_TRNG_sendCommand)
                  000062ec    00000024     libclang_rt.builtins.a : muldi3.S.obj (.text.__muldi3)
                  00006310    00000024     axon_routine.o (.text._set_solenoid_pins)
                  00006334    00000022     libc.a : memccpy.c.obj (.text.memccpy)
                  00006356    00000002     --HOLE-- [fill = 0]
                  00006358    00000020     msp_peripheral_config.o (.text.DL_GPIO_initPeripheralInputFunction)
                  00006378    0000001e     libclang_rt.builtins.a : ashldi3.S.obj (.text.__ashldi3)
                  00006396    00000002     --HOLE-- [fill = 0]
                  00006398    0000001c     msp_peripheral_config.o (.text.DL_GPIO_clearInterruptStatus)
                  000063b4    0000001c     msp_peripheral_config.o (.text.DL_GPIO_enableInterrupt)
                  000063d0    0000001c     msp_peripheral_config.o (.text.DL_GPIO_initDigitalInput)
                  000063ec    0000001c     msp_peripheral_config.o (.text.DL_GPIO_initPeripheralOutputFunction)
                  00006408    0000001c     msp_peripheral_config.o (.text.DL_GPIO_setLowerPinsPolarity)
                  00006424    0000001c     isr.o (.text.DL_Interrupt_getPendingGroup)
                  00006440    0000001c     ti_msp_dl_config.o (.text.DL_SYSCTL_setSYSOSCFreq)
                  0000645c    0000001c     driverlib.a : dl_timer.o (.text.DL_Timer_setCaptCompUpdateMethod)
                  00006478    0000001c                 : dl_timer.o (.text.DL_Timer_setClockConfig)
                  00006494    0000001c     msp_peripheral_config.o (.text.DL_UART_enableInterrupt)
                  000064b0    0000001c     axon_routine.o (.text.axon_status_latch_coin)
                  000064cc    0000001c     axon_routine.o (.text.axon_status_latch_dial)
                  000064e8    0000001c     axon_routine.o (.text.axon_status_latch_escrow)
                  00006504    0000001c     libc.a : memory.c.obj (.text.free_list_remove)
                  00006520    00000018     msp_peripheral_config.o (.text.DL_AES_enablePower)
                  00006538    00000018     msp_peripheral_config.o (.text.DL_AES_reset)
                  00006550    00000018     msp_peripheral_config.o (.text.DL_CRC_enablePower)
                  00006568    00000018     msp_peripheral_config.o (.text.DL_CRC_reset)
                  00006580    00000018     msp_peripheral_config.o (.text.DL_GPIO_enableOutput)
                  00006598    00000018     msp_peripheral_config.o (.text.DL_GPIO_enablePower)
                  000065b0    00000018     msp_peripheral_config.o (.text.DL_GPIO_reset)
                  000065c8    00000018     axon_routine.o (.text.DL_GPIO_setPins)
                  000065e0    00000018     msp_peripheral_config.o (.text.DL_GPIO_setPins)
                  000065f8    00000018     s2a_packet.o (.text.DL_GPIO_setPins)
                  00006610    00000018     msp_peripheral_config.o (.text.DL_GPIO_setUpperPinsPolarity)
                  00006628    00000018     ti_msp_dl_config.o (.text.DL_SYSCTL_setBORThreshold)
                  00006640    00000018     ti_msp_dl_config.o (.text.DL_TRNG_clearInterruptStatus)
                  00006658    00000018     msp_peripheral_config.o (.text.DL_TRNG_enablePower)
                  00006670    00000018     ti_msp_dl_config.o (.text.DL_TRNG_isCommandDone)
                  00006688    00000018     msp_peripheral_config.o (.text.DL_TRNG_reset)
                  000066a0    00000018     ti_msp_dl_config.o (.text.DL_TRNG_setClockDivider)
                  000066b8    00000018     msp_peripheral_config.o (.text.DL_Timer_enablePower)
                  000066d0    00000018     msp_peripheral_config.o (.text.DL_Timer_reset)
                  000066e8    00000018     driverlib.a : dl_timer.o (.text.DL_Timer_setCaptureCompareOutCtl)
                  00006700    00000018     msp_peripheral_config.o (.text.DL_UART_enableFIFOs)
                  00006718    00000018     msp_peripheral_config.o (.text.DL_UART_enablePower)
                  00006730    00000018     soma_uart_test.o (.text.DL_UART_isBusy)
                  00006748    00000018     axon_routine.o (.text.DL_UART_isRXFIFOEmpty)
                  00006760    00000018     isr.o (.text.DL_UART_isRXFIFOEmpty)
                  00006778    00000018     soma_uart_test.o (.text.DL_UART_isTXFIFOEmpty)
                  00006790    00000018     msp_peripheral_config.o (.text.DL_UART_reset)
                  000067a8    00000016     axon_routine.o (.text.DL_GPIO_readPins)
                  000067be    00000016     isr.o (.text.DL_GPIO_readPins)
                  000067d4    00000016     msp_peripheral_config.o (.text.DL_UART_enable)
                  000067ea    00000016     soma_uart_test.o (.text.DL_UART_transmitData)
                  00006800    00000016     ti_msp_dl_config.o (.text.SYSCFG_DL_SYSCTL_init)
                  00006816    00000016     libc.a : copy_zero_init.c.obj (.text:decompress:ZI:__TI_zero_init_nomemset)
                  0000682c    00000014     msp_peripheral_config.o (.text.DL_GPIO_clearPins)
                  00006840    00000014     s2a_packet.o (.text.DL_GPIO_clearPins)
                  00006854    00000014     msp_peripheral_config.o (.text.DL_Timer_enableClock)
                  00006868    00000014     msp_peripheral_config.o (.text.DL_Timer_setCCPDirection)
                  0000687c    00000014     axon_routine.o (.text.DL_UART_receiveData)
                  00006890    00000014     isr.o (.text.DL_UART_receiveData)
                  000068a4    00000014     ti_msp_dl_config.o (.text.SYSCFG_DL_AES_init)
                  000068b8    00000014     msp_peripheral_config.o (.text.SYSCFG_DL_SYSTICK_init)
                  000068cc    00000014     libclang_rt.builtins.a : aeabi_uldivmod.S.obj (.text.__aeabi_uldivmod)
                  000068e0    00000014     s2a_packet.o (.text.axon_status_clear_event_latches)
                  000068f4    00000014     libc.a : _printfi.c.obj (.text.strchr)
                  00006908    00000012     isr.o (.text.DL_GPIO_getPendingInterrupt)
                  0000691a    00000012     isr.o (.text.DL_UART_getPendingInterrupt)
                  0000692c    00000012     driverlib.a : dl_uart.o (.text.DL_UART_setClockConfig)
                  0000693e    00000012     libc.a : memcpy16.S.obj (.text:TI_memcpy_small)
                  00006950    00000012            : copy_decompress_none.c.obj (.text:decompress:none)
                  00006962    00000002     --HOLE-- [fill = 0]
                  00006964    00000010     main.o (.text.DL_SYSCTL_disableSleepOnExit)
                  00006974    00000010     msp_peripheral_config.o (.text.DL_SYSTICK_enable)
                  00006984    00000010     msp_peripheral_config.o (.text.DL_SYSTICK_enableInterrupt)
                  00006994    00000010     driverlib.a : dl_timer.o (.text.DL_Timer_setCaptureCompareValue)
                  000069a4    00000010     isr.o (.text.SysTick_Handler)
                  000069b4    00000010     libc.a : wcslen.c.obj (.text.wcslen)
                  000069c4    0000000e            : memory.c.obj (.text.OUTLINED_FUNCTION_0)
                  000069d2    00000002     --HOLE-- [fill = 0]
                  000069d4    0000000e     libclang_rt.builtins.a : aeabi_memset.S.obj (.text.__aeabi_memset)
                  000069e2    0000000e     libsysbm.a : hostrename.c.obj (.text.strcpy)
                  000069f0    0000000e     libc.a : _printfi.c.obj (.text.strlen)
                  000069fe    0000000e     libsysbm.a : hostrename.c.obj (.text.strlen)
                  00006a0c    0000000e     libc.a : memset16.S.obj (.text:TI_memset_small)
                  00006a1a    00000002     --HOLE-- [fill = 0]
                  00006a1c    0000000c     libclang_rt.builtins.a : aeabi_memset.S.obj (.text.__aeabi_memclr)
                  00006a28    0000000c     isr.o (.text.get_systick_count_ms)
                  00006a34    0000000c     libc.a : memory.c.obj (.text.malloc)
                  00006a40    0000000a     driverlib.a : dl_common.o (.text.DL_Common_delayCycles)
                  00006a4a    0000000a     libc.a : _printfi.c.obj (.text.OUTLINED_FUNCTION_0)
                  00006a54    00000010     libclang_rt.builtins.a : adddf3.S.obj (.tramp.__aeabi_dsub.1)
                  00006a64    0000000a     libc.a : _printfi.c.obj (.text.OUTLINED_FUNCTION_1)
                  00006a6e    00000002     --HOLE-- [fill = 0]
                  00006a70    00000008            : aeabi_portable.c.obj (.text.__aeabi_errno_addr)
                  00006a78    00000008     libclang_rt.builtins.a : aeabi_memcpy.S.obj (.text.__aeabi_memcpy)
                  00006a80    00000008     libc.a : printf.c.obj (.text._outc)
                  00006a88    00000008            : printf.c.obj (.text._outs)
                  00006a90    00000008            : fseek.c.obj (.text.fseek)
                  00006a98    00000008     s2a_packet.o (.text.generate_dic_from_serial)
                  00006aa0    00000008     libsysbm.a : remove.c.obj (.text.remove)
                  00006aa8    00000006     libc.a : exit.c.obj (.text:abort)
                  00006aae    00000004     libsysbm.a : hostexit.c.obj (.text.HOSTexit)
                  00006ab2    00000004     startup_mspm0g350x_ticlang.o (.text.Reset_Handler)
                  00006ab6    00000002     --HOLE-- [fill = 0]
                  00006ab8    00000010     libc.a : boot_cortex_m.c.obj (.tramp._c_int00_noargs.1)
                  00006ac8    00000004            : pre_init.c.obj (.text._system_pre_init)
                  00006acc    00000004     --HOLE-- [fill = 0]

.cinit     0    00007bc0    00000090     
                  00007bc0    00000068     (.cinit..data.load) [load image, compression = lzss]
                  00007c28    0000000c     (__TI_handler_table)
                  00007c34    00000008     (.cinit..bss.load) [load image, compression = zero_init]
                  00007c3c    00000010     (__TI_cinit_table)
                  00007c4c    00000004     --HOLE-- [fill = 0]

.rodata    0    00006ad0    000010f0     
                  00006ad0    00000101     libc.a : aeabi_ctype.S.obj (.rodata:__aeabi_ctype_table_)
                  00006bd1    00000061     axon_routine.o (.rodata.str1.15036354999781039871.1)
                  00006c32    0000005d     axon_routine.o (.rodata.str1.15390643519349431490.1)
                  00006c8f    00000057     s2a_packet.o (.rodata.str1.11651614510642161048.1)
                  00006ce6    00000057     s2a_packet.o (.rodata.str1.15197212992152432442.1)
                  00006d3d    00000056     axon_routine.o (.rodata.str1.9929005210817920738.1)
                  00006d93    00000054     s2a_packet.o (.rodata.str1.1987064775379975437.1)
                  00006de7    00000054     s2a_packet.o (.rodata.str1.5067886651696817237.1)
                  00006e3b    00000054     s2a_packet.o (.rodata.str1.9534252372474839467.1)
                  00006e8f    0000004f     s2a_packet.o (.rodata.str1.5512102687271007183.1)
                  00006ede    0000004c     s2a_packet.o (.rodata.str1.14054255457577735801.1)
                  00006f2a    0000004b     s2a_packet.o (.rodata.str1.1054621812687617865.1)
                  00006f75    00000048     s2a_packet.o (.rodata.str1.10890815327036374194.1)
                  00006fbd    00000048     axon_routine.o (.rodata.str1.11188097358656046052.1)
                  00007005    00000048     axon_routine.o (.rodata.str1.1535501348467637105.1)
                  0000704d    00000048     s2a_packet.o (.rodata.str1.16030559404050719370.1)
                  00007095    00000046     axon_routine.o (.rodata.str1.16593486521574237178.1)
                  000070db    00000045     axon_routine.o (.rodata.str1.2074935598029988253.1)
                  00007120    00000043     axon_routine.o (.rodata.str1.1234886190650109128.1)
                  00007163    00000043     axon_routine.o (.rodata.str1.2270063357212707462.1)
                  000071a6    00000043     axon_routine.o (.rodata.str1.5217963321059601915.1)
                  000071e9    00000043     axon_routine.o (.rodata.str1.8015938219588661503.1)
                  0000722c    00000042     axon_routine.o (.rodata.str1.14095380171064204237.1)
                  0000726e    00000042     s2a_packet.o (.rodata.str1.7794559651614773169.1)
                  000072b0    0000003f     s2a_packet.o (.rodata.str1.13222256078045286393.1)
                  000072ef    0000003f     isr.o (.rodata.str1.13602985083408752662.1)
                  0000732e    0000003f     isr.o (.rodata.str1.14035627306564887214.1)
                  0000736d    0000003f     isr.o (.rodata.str1.8155634291211262487.1)
                  000073ac    0000003e     s2a_packet.o (.rodata.str1.5329389233474239785.1)
                  000073ea    0000003e     axon_routine.o (.rodata.str1.5669974612357686332.1)
                  00007428    0000003d     axon_routine.o (.rodata.str1.11153631872926489556.1)
                  00007465    0000003d     s2a_packet.o (.rodata.str1.1577803996232203841.1)
                  000074a2    0000003d     s2a_packet.o (.rodata.str1.16803544732971382213.1)
                  000074df    0000003c     axon_routine.o (.rodata.str1.14779823965403136456.1)
                  0000751b    0000003b     s2a_packet.o (.rodata.str1.9447922374234183969.1)
                  00007556    0000003a     axon_routine.o (.rodata.str1.3718212389963908161.1)
                  00007590    00000038     s2a_packet.o (.rodata.str1.10713700975586195752.1)
                  000075c8    00000038     soma_axon_comm_test.o (.rodata.str1.16888641032759933111.1)
                  00007600    00000036     axon_routine.o (.rodata.str1.110982908963535873.1)
                  00007636    00000036     axon_routine.o (.rodata.str1.5476353031723877597.1)
                  0000766c    00000035     axon_routine.o (.rodata.str1.7302185608925382041.1)
                  000076a1    00000033     axon_routine.o (.rodata.str1.16053131213386362138.1)
                  000076d4    00000032     axon_routine.o (.rodata.str1.10493685005624297193.1)
                  00007706    00000032     axon_routine.o (.rodata.str1.1129973263054448079.1)
                  00007738    00000032     axon_routine.o (.rodata.str1.13649928279134707410.1)
                  0000776a    00000031     s2a_packet.o (.rodata.str1.15919774603732049422.1)
                  0000779b    0000002e     axon_routine.o (.rodata.str1.3546071986206203703.1)
                  000077c9    0000002d     axon_routine.o (.rodata.str1.16275428374102274200.1)
                  000077f6    0000002d     axon_routine.o (.rodata.str1.6715681399153775578.1)
                  00007823    0000002c     axon_routine.o (.rodata.str1.13014566616985041789.1)
                  0000784f    0000002c     s2a_packet.o (.rodata.str1.18356157544651353640.1)
                  0000787b    0000002b     axon_routine.o (.rodata.str1.14927414391946160470.1)
                  000078a6    0000002b     axon_routine.o (.rodata.str1.5730828695261872317.1)
                  000078d1    0000002b     soma_axon_comm_test.o (.rodata.str1.9961456443828157440.1)
                  000078fc    00000029     axon_routine.o (.rodata.str1.11944515220965031412.1)
                  00007925    00000027     axon_routine.o (.rodata.str1.3638916923994497832.1)
                  0000794c    00000025     s2a_packet.o (.rodata.str1.4159314087998852219.1)
                  00007971    00000024     s2a_packet.o (.rodata.str1.12313492030069750346.1)
                  00007995    00000021     axon_routine.o (.rodata.str1.5985991894795415129.1)
                  000079b6    00000002     --HOLE-- [fill = 0]
                  000079b8    00000020     axon_routine.o (.rodata..L__const.axon_routine_main.btn1_ctx)
                  000079d8    00000020     axon_routine.o (.rodata..L__const.axon_routine_main.btn2_ctx)
                  000079f8    0000001f     axon_routine.o (.rodata.str1.10607366127034335297.1)
                  00007a17    00000001     --HOLE-- [fill = 0]
                  00007a18    0000001e     s2a_packet.o (.rodata..L__const.axon_handle_setaxon.timeout_table)
                  00007a36    0000001e     soma_axon_comm_test.o (.rodata.str1.17163733150804281806.1)
                  00007a54    0000001b     axon_routine.o (.rodata.str1.17620752597607741984.1)
                  00007a6f    0000001a     axon_routine.o (.rodata.str1.11544620067038151125.1)
                  00007a89    00000018     axon_routine.o (.rodata.str1.5315017142325176683.1)
                  00007aa1    00000017     axon_routine.o (.rodata.str1.16547747785913852269.1)
                  00007ab8    00000016     axon_routine.o (.rodata.str1.13170470843846142408.1)
                  00007ace    00000011     libc.a : _printfi.c.obj (.rodata.str1.10348868589481759720.1)
                  00007adf    00000011            : _printfi.c.obj (.rodata.str1.15363888844622738466.1)
                  00007af0    00000010     s2a_packet.o (.rodata.axon_handle_setaxon.timeout_map)
                  00007b00    0000000d     axon_routine.o (.rodata.str1.8258637299588388763.1)
                  00007b0d    0000000a     axon_routine.o (.rodata.str1.2599456037057767628.1)
                  00007b17    00000001     --HOLE-- [fill = 0]
                  00007b18    00000008     msp_peripheral_config.o (.rodata.g_TIMA_LED_PWM_CONFIG)
                  00007b20    00000008     msp_peripheral_config.o (.rodata.g_TIMG_LED_PWM_CONFIG)
                  00007b28    00000008     axon_routine.o (.rodata.str1.12177618139265334924.1)
                  00007b30    00000008     axon_routine.o (.rodata.str1.15236533513612612620.1)
                  00007b38    00000008     soma_axon_comm_test.o (.rodata.str1.16019993927173311506.1)
                  00007b40    00000008     soma_axon_comm_test.o (.rodata.str1.4563888346566811793.1)
                  00007b48    00000008     soma_axon_comm_test.o (.rodata.str1.6155995108037416659.1)
                  00007b50    00000008     soma_axon_comm_test.o (.rodata.str1.736556590954446019.1)
                  00007b58    00000008     soma_axon_comm_test.o (.rodata.str1.8298861297467414673.1)
                  00007b60    00000007     soma_axon_comm_test.o (.rodata.str1.15543427717675474179.1)
                  00007b67    00000007     axon_routine.o (.rodata.str1.15874351959947230243.1)
                  00007b6e    00000007     soma_axon_comm_test.o (.rodata.str1.16196245222610423718.1)
                  00007b75    00000007     axon_routine.o (.rodata.str1.18265383181475724439.1)
                  00007b7c    00000007     soma_axon_comm_test.o (.rodata.str1.4979646705443735783.1)
                  00007b83    00000007     soma_axon_comm_test.o (.rodata.str1.7589549447101528093.1)
                  00007b8a    00000006     s2a_packet.o (.rodata.axon_serial_number)
                  00007b90    00000006     soma_axon_comm_test.o (.rodata.str1.14803114291648115125.1)
                  00007b96    00000006     soma_axon_comm_test.o (.rodata.str1.7247368328196744947.1)
                  00007b9c    00000005     soma_axon_comm_test.o (.rodata.str1.1937060561350349321.1)
                  00007ba1    00000004     axon_routine.o (.rodata.str1.10537736000623303156.1)
                  00007ba5    00000004     soma_axon_comm_test.o (.rodata.str1.14413332638274022860.1)
                  00007ba9    00000004     soma_axon_comm_test.o (.rodata.str1.14700453761544015464.1)
                  00007bad    00000003     msp_peripheral_config.o (.rodata.g_TIMA_LED_CLOCK_CONFIG)
                  00007bb0    00000003     msp_peripheral_config.o (.rodata.g_TIMG_LED_CLOCK_CONFIG)
                  00007bb3    00000003     axon_routine.o (.rodata.str1.15118044987308954884.1)
                  00007bb6    00000003     axon_routine.o (.rodata.str1.18362543123880482347.1)
                  00007bb9    00000007     --HOLE-- [fill = 0]

.init_array 
*          0    00000000    00000000     UNINITIALIZED

.binit     0    00000000    00000000     

.data      0    20200000    00000b38     UNINITIALIZED
                  20200000    00000800     s2a_packet.o (.data.axon_handle_codepkt.g_fw_buffer)
                  20200800    000000f0     libc.a : defs.c.obj (.data._ftable)
                  202008f0    00000078     libsysbm.a : host_device.c.obj (.data._device)
                  20200968    00000050                : host_device.c.obj (.data._stream)
                  202009b8    0000003c     soma_axon_comm_test.o (.data.g_test_stats)
                  202009f4    00000022     axon_routine.o (.data.g_debug_log)
                  20200a16    00000020     s2a_packet.o (.data.debug_atirq_encrypted)
                  20200a36    00000020     s2a_packet.o (.data.debug_atirq_plain)
                  20200a56    00000014     axon_routine.o (.data.g_axon_status_shared)
                  20200a6a    00000010     s2a_packet.o (.data.axon_handle_setokey.g_operation_key)
                  20200a7a    00000002     s2a_packet.o (.data.debug_crc_calc)
                  20200a7c    00000010     axon_routine.o (.data.g_axon_state)
                  20200a8c    00000008     libc.a : exit.c.obj (.data..L_MergedGlobals)
                  20200a94    00000005     soma_axon_comm_test.o (.data.g_test_config)
                  20200a99    00000001     s2a_packet.o (.data.axon_handle_afwup.g_fw_update_mode)
                  20200a9a    00000002     s2a_packet.o (.data.debug_crc_recv)
                  20200a9c    00000004     libc.a : defs.c.obj (.data.__TI_ft_end)
                  20200aa0    00000004            : aeabi_portable.c.obj (.data.__aeabi_errno)
                  20200aa4    00000004            : _lock.c.obj (.data._lock)
                  20200aa8    00000004            : _lock.c.obj (.data._unlock)
                  20200aac    00000004     axon_routine.o (.data.axon_routine_main.both_press_start)
                  20200ab0    00000004     axon_routine.o (.data.axon_routine_main.last_blink_toggle)
                  20200ab4    00000004     axon_routine.o (.data.axon_routine_main.release_candidate_time1)
                  20200ab8    00000004     axon_routine.o (.data.axon_routine_main.release_candidate_time2)
                  20200abc    00000004     axon_routine.o (.data.axon_routine_main.retry_last_send_time)
                  20200ac0    00000004     soma_uart_test.o (.data.debug_byte1_ng_count)
                  20200ac4    00000004     s2a_packet.o (.data.debug_chkirq_call_count)
                  20200ac8    00000004     s2a_packet.o (.data.debug_cmd_ng_count)
                  20200acc    00000004     soma_uart_test.o (.data.debug_complete_count)
                  20200ad0    00000004     s2a_packet.o (.data.debug_crc_ng_count)
                  20200ad4    00000004     soma_uart_test.o (.data.debug_fifo_empty_count)
                  20200ad8    00000004     soma_uart_test.o (.data.debug_framing_error_count)
                  20200adc    00000004     s2a_packet.o (.data.debug_header_ng_count)
                  20200ae0    00000004     soma_uart_test.o (.data.debug_iidx_value)
                  20200ae4    00000004     soma_uart_test.o (.data.debug_isr_call_count)
                  20200ae8    00000004     s2a_packet.o (.data.debug_led_event_count)
                  20200aec    00000004     s2a_packet.o (.data.debug_len_ng_count)
                  20200af0    00000004     soma_uart_test.o (.data.debug_overrun_count)
                  20200af4    00000004     soma_uart_test.o (.data.debug_rx_count)
                  20200af8    00000004     soma_uart_test.o (.data.debug_rxdata_raw_value)
                  20200afc    00000004     s2a_packet.o (.data.debug_send_ok_count)
                  20200b00    00000004     soma_uart_test.o (.data.debug_sync_reset_count)
                  20200b04    00000004     soma_uart_test.o (.data.debug_uart_stat_value)
                  20200b08    00000004     s2a_packet.o (.data.g_fw_last_address)
                  20200b0c    00000004     s2a_packet.o (.data.g_fw_total_crc)
                  20200b10    00000004     axon_routine.o (.data.g_irq_pulse_start_time)
                  20200b14    00000004     isr.o (.data.g_systick_count)
                  20200b18    00000001     s2a_packet.o (.data.axon_handle_errchk.g_fw_update_complete)
                  20200b19    00000001     axon_routine.o (.data.axon_routine_main.both_buttons_pressed)
                  20200b1a    00000001     axon_routine.o (.data.axon_routine_main.both_release_lockout)
                  20200b1b    00000001     axon_routine.o (.data.axon_routine_main.connector_initialized)
                  20200b1c    00000001     axon_routine.o (.data.axon_routine_main.door_initialized)
                  20200b1d    00000001     axon_routine.o (.data.axon_routine_main.prev_blink_mode)
                  20200b1e    00000001     axon_routine.o (.data.axon_routine_main.prev_connector_state)
                  20200b1f    00000001     axon_routine.o (.data.axon_routine_main.prev_door_state)
                  20200b20    00000001     axon_routine.o (.data.axon_routine_main.prev_soldout_state)
                  20200b21    00000001     axon_routine.o (.data.axon_routine_main.release_candidate1)
                  20200b22    00000001     axon_routine.o (.data.axon_routine_main.release_candidate2)
                  20200b23    00000001     axon_routine.o (.data.axon_routine_main.soldout_initialized)
                  20200b24    00000001     soma_uart_test.o (.data.debug_byte1)
                  20200b25    00000001     s2a_packet.o (.data.debug_decrypted_id)
                  20200b26    00000001     soma_uart_test.o (.data.debug_last_byte)
                  20200b27    00000001     soma_uart_test.o (.data.debug_rx_index)
                  20200b28    00000001     soma_uart_test.o (.data.frame_received)
                  20200b29    00000001     s2a_packet.o (.data.g_cmd_recv_toggle)
                  20200b2a    00000001     axon_routine.o (.data.g_dial_rotation_count)
                  20200b2b    00000001     axon_routine.o (.data.g_irq_pulse_pending)
                  20200b2c    00000001     axon_routine.o (.data.g_left_amount)
                  20200b2d    00000001     axon_routine.o (.data.g_pending_left_amount)
                  20200b2e    00000001     axon_routine.o (.data.g_pending_left_updated)
                  20200b2f    00000001     axon_routine.o (.data.g_pending_right_amount)
                  20200b30    00000001     axon_routine.o (.data.g_pending_right_updated)
                  20200b31    00000001     axon_routine.o (.data.g_retry_pending)
                  20200b32    00000001     axon_routine.o (.data.g_right_amount)
                  20200b33    00000001     isr.o (.data.rx_complete_ready)
                  20200b34    00000001     libc.a : memory.c.obj (.data.memory_is_initialized)
                  20200b35    00000001     soma_uart_test.o (.data.rx_index)
                  20200b36    00000001     soma_uart_test.o (.data.rx_variable_length)
                  20200b37    00000001     soma_uart_test.o (.data.rx_variable_ready)

.sysmem    0    20200b38    00000800     UNINITIALIZED
                  20200b38    00000010     libc.a : memory.c.obj (.sysmem)
                  20200b48    000007f0     --HOLE--

.bss       0    20201338    000002dc     UNINITIALIZED
                  20201338    00000120     libsysbm.a : trgmsg.c.obj (.bss:_CIOBUF_)
                  20201458    000000a0     libc.a : defs.c.obj (.bss.__TI_tmpnams)
                  202014f8    00000028     (.common:rx_variable_frame)
                  20201520    00000024     (.common:rx_complete_frame)
                  20201544    00000024     (.common:rx_frame)
                  20201568    00000014     (.common:g_button_1_event)
                  2020157c    00000014     (.common:g_button_2_event)
                  20201590    00000014     (.common:g_coindet_event)
                  202015a4    00000014     (.common:g_connector_event)
                  202015b8    00000014     (.common:g_door_event)
                  202015cc    00000014     (.common:g_escrow_event)
                  202015e0    00000014     (.common:g_rotary_event)
                  202015f4    00000014     (.common:g_soldout_event)
                  20201608    00000008     libsysbm.a : hostopen.c.obj (.bss.parmbuf)
                  20201610    00000004     libc.a : memory.c.obj (.bss.sys_free)

.stack     0    20207e00    00000200     UNINITIALIZED
                  20207e00    00000004     libc.a : boot_cortex_m.c.obj (.stack)
                  20207e04    000001fc     --HOLE--

__llvm_prf_cnts 
*          0    20200000    00000000     UNINITIALIZED

__llvm_prf_bits 
*          0    20200000    00000000     UNINITIALIZED

MODULE SUMMARY

       Module                         code    ro data   rw data
       ------                         ----    -------   -------
    .\
       axon_routine.o                 4968    2155      274    
       isr.o                          1250    189       41     
       soma_axon_comm_test.o          700     222       65     
       ti_msp_dl_config.o             524     0         0      
       soma_uart_test.o               262     0         127    
       main.o                         230     0         0      
       startup_mspm0g350x_ticlang.o   8       192       0      
    +--+------------------------------+-------+---------+---------+
       Total:                         7942    2758      507    
                                                               
    .\peripheral\
       msp_peripheral_config.o        2676    22        0      
    +--+------------------------------+-------+---------+---------+
       Total:                         2676    22        0      
                                                               
    .\protocol\src\
       s2a_packet.o                   5490    1446      2172   
    +--+------------------------------+-------+---------+---------+
       Total:                         5490    1446      2172   
                                                               
    C:/ti/mspm0_sdk_2_06_00_05/source/ti/driverlib/lib/ticlang/m0p/mspm0g1x0x_g3x0x/driverlib.a
       dl_timer.o                     356     0         0      
       dl_uart.o                      218     0         0      
       dl_common.o                    10      0         0      
    +--+------------------------------+-------+---------+---------+
       Total:                         584     0         0      
                                                               
    C:\ti\ccs2030\ccs\tools\compiler\ti-cgt-armllvm_4.0.3.LTS\lib\armv6m-ti-none-eabi/c/libc.a
       _printfi.c.obj                 4510    34        0      
       memory.c.obj                   702     0         5      
       defs.c.obj                     0       0         404    
       aeabi_ctype.S.obj              0       257       0      
       fputs.c.obj                    248     0         0      
       setvbuf.c.obj                  224     0         0      
       s_scalbn.c.obj                 216     0         0      
       getdevice.c.obj                160     0         0      
       fputc.c.obj                    156     0         0      
       strcmp-armv6m.S.obj            136     0         0      
       copy_decompress_lzss.c.obj     124     0         0      
       fclose.c.obj                   124     0         0      
       fseek.c.obj                    116     0         0      
       printf.c.obj                   108     0         0      
       _io_perm.c.obj                 100     0         0      
       s_frexp.c.obj                  92      0         0      
       _ltoa.c.obj                    88      0         0      
       fflush.c.obj                   82      0         0      
       exit.c.obj                     58      0         8      
       atoi.c.obj                     64      0         0      
       autoinit.c.obj                 60      0         0      
       boot_cortex_m.c.obj            56      0         0      
       fopen.c.obj                    52      0         0      
       memccpy.c.obj                  34      0         0      
       copy_zero_init.c.obj           22      0         0      
       copy_decompress_none.c.obj     18      0         0      
       memcpy16.S.obj                 18      0         0      
       wcslen.c.obj                   16      0         0      
       memset16.S.obj                 14      0         0      
       aeabi_portable.c.obj           8       0         4      
       _lock.c.obj                    2       0         8      
       pre_init.c.obj                 4       0         0      
    +--+------------------------------+-------+---------+---------+
       Total:                         7612    291       429    
                                                               
    C:\ti\ccs2030\ccs\tools\compiler\ti-cgt-armllvm_4.0.3.LTS\lib\armv6m-ti-none-eabi/c/libsysbm.a
       trgmsg.c.obj                   104     0         288    
       host_device.c.obj              0       0         200    
       hostrename.c.obj               136     0         0      
       hostlseek.c.obj                108     0         0      
       hostopen.c.obj                 96      0         8      
       hostread.c.obj                 88      0         0      
       hostwrite.c.obj                88      0         0      
       close.c.obj                    80      0         0      
       hostclose.c.obj                72      0         0      
       hostunlink.c.obj               72      0         0      
       unlink.c.obj                   44      0         0      
       lseek.c.obj                    40      0         0      
       write.c.obj                    40      0         0      
       remove.c.obj                   8       0         0      
       hostexit.c.obj                 4       0         0      
    +--+------------------------------+-------+---------+---------+
       Total:                         980     0         496    
                                                               
    C:\ti\ccs2030\ccs\tools\compiler\ti-cgt-armllvm_4.0.3.LTS\lib\armv6m-ti-none-eabi/libclang_rt.builtins.a
       adddf3.S.obj                   418     0         0      
       divdf3.S.obj                   268     0         0      
       muldf3.S.obj                   228     0         0      
       comparedf2.c.obj               220     0         0      
       udivmoddi4.S.obj               162     0         0      
       aeabi_dcmp.S.obj               98      0         0      
       aeabi_idivmod.S.obj            86      0         0      
       fixdfsi.S.obj                  74      0         0      
       aeabi_uidivmod.S.obj           64      0         0      
       muldsi3.S.obj                  58      0         0      
       floatsidf.S.obj                44      0         0      
       muldi3.S.obj                   36      0         0      
       ashldi3.S.obj                  30      0         0      
       aeabi_memset.S.obj             26      0         0      
       aeabi_uldivmod.S.obj           20      0         0      
       aeabi_memcpy.S.obj             8       0         0      
       aeabi_div0.c.obj               4       0         0      
    +--+------------------------------+-------+---------+---------+
       Total:                         1844    0         0      
                                                               
       Heap:                          0       0         2048   
       Stack:                         0       0         512    
       Linker Generated:              0       140       0      
    +--+------------------------------+-------+---------+---------+
       Grand Total:                   27128   4657      6164   


LINKER GENERATED COPY TABLES

__TI_cinit_table @ 00007c3c records: 2, size/record: 8, table size: 16
	.data: load addr=00007bc0, load size=00000068 bytes, run addr=20200000, run size=00000b38 bytes, compression=lzss
	.bss: load addr=00007c34, load size=00000008 bytes, run addr=20201338, run size=000002dc bytes, compression=zero_init


LINKER GENERATED HANDLER TABLE

__TI_handler_table @ 00007c28 records: 3, size/record: 4, table size: 12
	index: 0, handler: __TI_decompress_lzss
	index: 1, handler: __TI_decompress_none
	index: 2, handler: __TI_zero_init


FAR CALL TRAMPOLINES

callee name               trampoline name
   callee addr  tramp addr   call addr  call info
--------------  -----------  ---------  ----------------
__aeabi_dsub              $Tramp$TT$L$PI$$__aeabi_dsub
   000031e1     00006a54     00006a52   libc.a : _printfi.c.obj (.text.OUTLINED_FUNCTION_0)
_c_int00_noargs           $Tramp$TT$L$PI$$_c_int00_noargs
   0000627d     00006ab8     00006ab2   startup_mspm0g350x_ticlang.o (.text.Reset_Handler)

[2 trampolines]
[2 trampoline calls]


GLOBAL SYMBOLS: SORTED ALPHABETICALLY BY Name 

address   name                            
-------   ----                            
00004aed  ADC0_IRQHandler                 
00004aed  ADC1_IRQHandler                 
00004aed  AES_IRQHandler                  
00006aae  C$$EXIT                         
00005dfd  C$$IO$$                         
00004aed  CANFD0_IRQHandler               
00004aed  DAC0_IRQHandler                 
00006a41  DL_Common_delayCycles           
00003a05  DL_Timer_initFourCCPWMMode      
0000645d  DL_Timer_setCaptCompUpdateMethod
000066e9  DL_Timer_setCaptureCompareOutCtl
00006995  DL_Timer_setCaptureCompareValue 
00006479  DL_Timer_setClockConfig         
00004b79  DL_UART_configBaudRate          
00005811  DL_UART_init                    
0000692d  DL_UART_setClockConfig          
00004aed  DMA_IRQHandler                  
00004aed  Default_Handler                 
00003373  GROUP0_IRQHandler               
00002a7d  GROUP1_IRQHandler               
00005859  HOSTclose                       
00006aaf  HOSTexit                        
00004ee5  HOSTlseek                       
00005365  HOSTopen                        
0000547d  HOSTread                        
00004f51  HOSTrename                      
000058a1  HOSTunlink                      
000054d5  HOSTwrite                       
00004aed  HardFault_Handler               
00004aed  I2C0_IRQHandler                 
00004aed  I2C1_IRQHandler                 
00004aed  NMI_Handler                     
00004aed  PendSV_Handler                  
00004aed  RTC_IRQHandler                  
00006ab3  Reset_Handler                   
00004aed  SPI0_IRQHandler                 
00004aed  SPI1_IRQHandler                 
00004aed  SVC_Handler                     
000068a5  SYSCFG_DL_AES_init              
000061dd  SYSCFG_DL_CRC_init              
00002321  SYSCFG_DL_GPIO_init             
00006801  SYSCFG_DL_SYSCTL_init           
000068b9  SYSCFG_DL_SYSTICK_init          
000059bd  SYSCFG_DL_TRNG_init             
00005f8b  SYSCFG_DL_init                  
00004805  SYSCFG_DL_initPower             
000069a5  SysTick_Handler                 
00004aed  TIMA0_IRQHandler                
00004aed  TIMA1_IRQHandler                
00004aed  TIMG0_IRQHandler                
00004aed  TIMG12_IRQHandler               
00004aed  TIMG6_IRQHandler                
00004aed  TIMG7_IRQHandler                
00004aed  TIMG8_IRQHandler                
0000693f  TI_memcpy_small                 
00006a0d  TI_memset_small                 
00002605  UART0_IRQHandler                
00004aed  UART1_IRQHandler                
000040c7  UART2_IRQHandler                
00004aed  UART3_IRQHandler                
20201338  _CIOBUF_                        
20201338  __CIOBUF_                       
20208000  __STACK_END                     
00000200  __STACK_SIZE                    
00000800  __SYSMEM_SIZE                   
00000000  __TI_ATRegion0_region_sz        
00000000  __TI_ATRegion0_src_addr         
00000000  __TI_ATRegion0_trg_addr         
00000000  __TI_ATRegion1_region_sz        
00000000  __TI_ATRegion1_src_addr         
00000000  __TI_ATRegion1_trg_addr         
00000000  __TI_ATRegion2_region_sz        
00000000  __TI_ATRegion2_src_addr         
00000000  __TI_ATRegion2_trg_addr         
00007c3c  __TI_CINIT_Base                 
00007c4c  __TI_CINIT_Limit                
00007c4c  __TI_CINIT_Warm                 
00007c28  __TI_Handler_Table_Base         
00007c34  __TI_Handler_Table_Limit        
00005bb1  __TI_auto_init_nobinit_nopinit  
00005d69  __TI_cleanup                    
20200a8c  __TI_cleanup_ptr                
00004d79  __TI_closefile                  
00004df5  __TI_decompress_lzss            
00006951  __TI_decompress_none            
00005689  __TI_doflush                    
20200a90  __TI_dtors_ptr                  
20200a9c  __TI_ft_end                     
0000552d  __TI_ltoa                       
ffffffff  __TI_pprof_out_hndl             
00000dd1  __TI_printfi                    
ffffffff  __TI_prof_data_size             
ffffffff  __TI_prof_data_start            
00005d9d  __TI_readmsg                    
00000000  __TI_static_base__              
20201458  __TI_tmpnams                    
00005dd1  __TI_writemsg                   
00005237  __TI_wrt_ok                     
00006817  __TI_zero_init_nomemset         
000031eb  __adddf3                        
00006ad0  __aeabi_ctype_table_            
00006ad0  __aeabi_ctype_table_C           
0000577d  __aeabi_d2iz                    
000031eb  __aeabi_dadd                    
00005301  __aeabi_dcmpeq                  
0000533d  __aeabi_dcmpge                  
00005351  __aeabi_dcmpgt                  
00005329  __aeabi_dcmple                  
00005315  __aeabi_dcmplt                  
000036e5  __aeabi_ddiv                    
00004299  __aeabi_dmul                    
000031e1  __aeabi_dsub                    
20200aa0  __aeabi_errno                   
00006a71  __aeabi_errno_addr              
00006095  __aeabi_i2d                     
000055dd  __aeabi_idiv                    
0000475f  __aeabi_idiv0                   
000055dd  __aeabi_idivmod                 
00004803  __aeabi_ldiv0                   
00006379  __aeabi_llsl                    
000062ed  __aeabi_lmul                    
00006a1d  __aeabi_memclr                  
00006a1d  __aeabi_memclr4                 
00006a1d  __aeabi_memclr8                 
00006a79  __aeabi_memcpy                  
00006a79  __aeabi_memcpy4                 
00006a79  __aeabi_memcpy8                 
000069d5  __aeabi_memset                  
000069d5  __aeabi_memset4                 
000069d5  __aeabi_memset8                 
000059fd  __aeabi_uidiv                   
000059fd  __aeabi_uidivmod                
000068cd  __aeabi_uldivmod                
00006379  __ashldi3                       
ffffffff  __binit__                       
00005101  __cmpdf2                        
000036e5  __divdf3                        
00005101  __eqdf2                         
0000577d  __fixdfsi                       
00006095  __floatsidf                     
00004e71  __gedf2                         
00004e71  __gtdf2                         
00005101  __ledf2                         
00005101  __ltdf2                         
UNDEFED   __mpu_init                      
00004299  __muldf3                        
000062ed  __muldi3                        
00005bed  __muldsi3                       
00005101  __nedf2                         
20207e00  __stack                         
20200000  __start___llvm_prf_bits         
20200000  __start___llvm_prf_cnts         
20200000  __stop___llvm_prf_bits          
20200000  __stop___llvm_prf_cnts          
000031e1  __subdf3                        
00004761  __udivmoddi4                    
0000627d  _c_int00_noargs                 
202008f0  _device                         
20200800  _ftable                         
20200aa4  _lock                           
00005363  _nop                            
20200968  _stream                         
20200b38  _sys_memory                     
UNDEFED   _system_post_cinit              
00006ac9  _system_pre_init                
20200aa8  _unlock                         
00006aa9  abort                           
000035d1  aligned_alloc                   
00005a3d  atoi                            
00003df9  axon_handle_afwup               
000038fd  axon_handle_axonrbt             
000017a1  axon_handle_chkirq              
00002c65  axon_handle_codepkt             
000037f1  axon_handle_errchk              
00003fd9  axon_handle_nop                 
00001ecd  axon_handle_setaxon             
00004bf9  axon_handle_setokey             
000000c1  axon_routine_main               
00003ee9  axon_test_record_command        
00005a7d  axon_test_record_crc_error      
000049dd  axon_test_record_response       
ffffffff  binit                           
0000572d  close                           
20200a16  debug_atirq_encrypted           
20200a36  debug_atirq_plain               
20200b24  debug_byte1                     
20200ac0  debug_byte1_ng_count            
20200ac4  debug_chkirq_call_count         
20200ac8  debug_cmd_ng_count              
20200acc  debug_complete_count            
20200a7a  debug_crc_calc                  
20200ad0  debug_crc_ng_count              
20200a9a  debug_crc_recv                  
20200b25  debug_decrypted_id              
20200ad4  debug_fifo_empty_count          
20200ad8  debug_framing_error_count       
20200adc  debug_header_ng_count           
20200ae0  debug_iidx_value                
20200ae4  debug_isr_call_count            
20200b26  debug_last_byte                 
20200ae8  debug_led_event_count           
20200aec  debug_len_ng_count              
20200af0  debug_overrun_count             
20200af4  debug_rx_count                  
20200b27  debug_rx_index                  
20200af8  debug_rxdata_raw_value          
20200afc  debug_send_ok_count             
20200b00  debug_sync_reset_count          
20200b04  debug_uart_stat_value           
00005e05  exit                            
00005e39  finddevice                      
00004941  fputc                           
00003c0d  fputs                           
20200b28  frame_received                  
000041b1  free                            
000053c5  frexp                           
000053c5  frexpl                          
00006a91  fseek                           
00005029  fseeko                          
20200a7c  g_axon_state                    
20200a56  g_axon_status_shared            
20201568  g_button_1_event                
2020157c  g_button_2_event                
20201590  g_coindet_event                 
202015a4  g_connector_event               
202009f4  g_debug_log                     
20200b2a  g_dial_rotation_count           
202015b8  g_door_event                    
202015cc  g_escrow_event                  
20200b2b  g_irq_pulse_pending             
20200b10  g_irq_pulse_start_time          
20200b2c  g_left_amount                   
20200b2d  g_pending_left_amount           
20200b2e  g_pending_left_updated          
20200b2f  g_pending_right_amount          
20200b30  g_pending_right_updated         
20200b31  g_retry_pending                 
20200b32  g_right_amount                  
202015e0  g_rotary_event                  
202015f4  g_soldout_event                 
20200b14  g_systick_count                 
00006a29  get_systick_count_ms            
00005095  getdevice                       
00000000  interruptVectors                
0000445d  ldexp                           
0000445d  ldexpl                          
0000622d  lseek                           
000057c7  main                            
00006a35  malloc                          
000035d1  memalign                        
00006335  memccpy                         
20201608  parmbuf                         
00005421  printf                          
00006aa1  remove                          
20201520  rx_complete_frame               
20200b33  rx_complete_ready               
20201544  rx_frame                        
20200b35  rx_index                        
202014f8  rx_variable_frame               
20200b36  rx_variable_length              
20200b37  rx_variable_ready               
0000445d  scalbn                          
0000445d  scalbnl                         
0000437d  setvbuf                         
00004af1  strcmp                          
00005abd  uart_send_packet                
00004cf9  uart_send_packet_fast           
000060c1  unlink                          
00005931  update_segment_leds             
000069b5  wcslen                          
00006255  write                           


GLOBAL SYMBOLS: SORTED BY Symbol Address 

address   name                            
-------   ----                            
00000000  __TI_ATRegion0_region_sz        
00000000  __TI_ATRegion0_src_addr         
00000000  __TI_ATRegion0_trg_addr         
00000000  __TI_ATRegion1_region_sz        
00000000  __TI_ATRegion1_src_addr         
00000000  __TI_ATRegion1_trg_addr         
00000000  __TI_ATRegion2_region_sz        
00000000  __TI_ATRegion2_src_addr         
00000000  __TI_ATRegion2_trg_addr         
00000000  __TI_static_base__              
00000000  interruptVectors                
000000c1  axon_routine_main               
00000200  __STACK_SIZE                    
00000800  __SYSMEM_SIZE                   
00000dd1  __TI_printfi                    
000017a1  axon_handle_chkirq              
00001ecd  axon_handle_setaxon             
00002321  SYSCFG_DL_GPIO_init             
00002605  UART0_IRQHandler                
00002a7d  GROUP1_IRQHandler               
00002c65  axon_handle_codepkt             
000031e1  __aeabi_dsub                    
000031e1  __subdf3                        
000031eb  __adddf3                        
000031eb  __aeabi_dadd                    
00003373  GROUP0_IRQHandler               
000035d1  aligned_alloc                   
000035d1  memalign                        
000036e5  __aeabi_ddiv                    
000036e5  __divdf3                        
000037f1  axon_handle_errchk              
000038fd  axon_handle_axonrbt             
00003a05  DL_Timer_initFourCCPWMMode      
00003c0d  fputs                           
00003df9  axon_handle_afwup               
00003ee9  axon_test_record_command        
00003fd9  axon_handle_nop                 
000040c7  UART2_IRQHandler                
000041b1  free                            
00004299  __aeabi_dmul                    
00004299  __muldf3                        
0000437d  setvbuf                         
0000445d  ldexp                           
0000445d  ldexpl                          
0000445d  scalbn                          
0000445d  scalbnl                         
0000475f  __aeabi_idiv0                   
00004761  __udivmoddi4                    
00004803  __aeabi_ldiv0                   
00004805  SYSCFG_DL_initPower             
00004941  fputc                           
000049dd  axon_test_record_response       
00004aed  ADC0_IRQHandler                 
00004aed  ADC1_IRQHandler                 
00004aed  AES_IRQHandler                  
00004aed  CANFD0_IRQHandler               
00004aed  DAC0_IRQHandler                 
00004aed  DMA_IRQHandler                  
00004aed  Default_Handler                 
00004aed  HardFault_Handler               
00004aed  I2C0_IRQHandler                 
00004aed  I2C1_IRQHandler                 
00004aed  NMI_Handler                     
00004aed  PendSV_Handler                  
00004aed  RTC_IRQHandler                  
00004aed  SPI0_IRQHandler                 
00004aed  SPI1_IRQHandler                 
00004aed  SVC_Handler                     
00004aed  TIMA0_IRQHandler                
00004aed  TIMA1_IRQHandler                
00004aed  TIMG0_IRQHandler                
00004aed  TIMG12_IRQHandler               
00004aed  TIMG6_IRQHandler                
00004aed  TIMG7_IRQHandler                
00004aed  TIMG8_IRQHandler                
00004aed  UART1_IRQHandler                
00004aed  UART3_IRQHandler                
00004af1  strcmp                          
00004b79  DL_UART_configBaudRate          
00004bf9  axon_handle_setokey             
00004cf9  uart_send_packet_fast           
00004d79  __TI_closefile                  
00004df5  __TI_decompress_lzss            
00004e71  __gedf2                         
00004e71  __gtdf2                         
00004ee5  HOSTlseek                       
00004f51  HOSTrename                      
00005029  fseeko                          
00005095  getdevice                       
00005101  __cmpdf2                        
00005101  __eqdf2                         
00005101  __ledf2                         
00005101  __ltdf2                         
00005101  __nedf2                         
00005237  __TI_wrt_ok                     
00005301  __aeabi_dcmpeq                  
00005315  __aeabi_dcmplt                  
00005329  __aeabi_dcmple                  
0000533d  __aeabi_dcmpge                  
00005351  __aeabi_dcmpgt                  
00005363  _nop                            
00005365  HOSTopen                        
000053c5  frexp                           
000053c5  frexpl                          
00005421  printf                          
0000547d  HOSTread                        
000054d5  HOSTwrite                       
0000552d  __TI_ltoa                       
000055dd  __aeabi_idiv                    
000055dd  __aeabi_idivmod                 
00005689  __TI_doflush                    
0000572d  close                           
0000577d  __aeabi_d2iz                    
0000577d  __fixdfsi                       
000057c7  main                            
00005811  DL_UART_init                    
00005859  HOSTclose                       
000058a1  HOSTunlink                      
00005931  update_segment_leds             
000059bd  SYSCFG_DL_TRNG_init             
000059fd  __aeabi_uidiv                   
000059fd  __aeabi_uidivmod                
00005a3d  atoi                            
00005a7d  axon_test_record_crc_error      
00005abd  uart_send_packet                
00005bb1  __TI_auto_init_nobinit_nopinit  
00005bed  __muldsi3                       
00005d69  __TI_cleanup                    
00005d9d  __TI_readmsg                    
00005dd1  __TI_writemsg                   
00005dfd  C$$IO$$                         
00005e05  exit                            
00005e39  finddevice                      
00005f8b  SYSCFG_DL_init                  
00006095  __aeabi_i2d                     
00006095  __floatsidf                     
000060c1  unlink                          
000061dd  SYSCFG_DL_CRC_init              
0000622d  lseek                           
00006255  write                           
0000627d  _c_int00_noargs                 
000062ed  __aeabi_lmul                    
000062ed  __muldi3                        
00006335  memccpy                         
00006379  __aeabi_llsl                    
00006379  __ashldi3                       
0000645d  DL_Timer_setCaptCompUpdateMethod
00006479  DL_Timer_setClockConfig         
000066e9  DL_Timer_setCaptureCompareOutCtl
00006801  SYSCFG_DL_SYSCTL_init           
00006817  __TI_zero_init_nomemset         
000068a5  SYSCFG_DL_AES_init              
000068b9  SYSCFG_DL_SYSTICK_init          
000068cd  __aeabi_uldivmod                
0000692d  DL_UART_setClockConfig          
0000693f  TI_memcpy_small                 
00006951  __TI_decompress_none            
00006995  DL_Timer_setCaptureCompareValue 
000069a5  SysTick_Handler                 
000069b5  wcslen                          
000069d5  __aeabi_memset                  
000069d5  __aeabi_memset4                 
000069d5  __aeabi_memset8                 
00006a0d  TI_memset_small                 
00006a1d  __aeabi_memclr                  
00006a1d  __aeabi_memclr4                 
00006a1d  __aeabi_memclr8                 
00006a29  get_systick_count_ms            
00006a35  malloc                          
00006a41  DL_Common_delayCycles           
00006a71  __aeabi_errno_addr              
00006a79  __aeabi_memcpy                  
00006a79  __aeabi_memcpy4                 
00006a79  __aeabi_memcpy8                 
00006a91  fseek                           
00006aa1  remove                          
00006aa9  abort                           
00006aae  C$$EXIT                         
00006aaf  HOSTexit                        
00006ab3  Reset_Handler                   
00006ac9  _system_pre_init                
00006ad0  __aeabi_ctype_table_            
00006ad0  __aeabi_ctype_table_C           
00007c28  __TI_Handler_Table_Base         
00007c34  __TI_Handler_Table_Limit        
00007c3c  __TI_CINIT_Base                 
00007c4c  __TI_CINIT_Limit                
00007c4c  __TI_CINIT_Warm                 
20200000  __start___llvm_prf_bits         
20200000  __start___llvm_prf_cnts         
20200000  __stop___llvm_prf_bits          
20200000  __stop___llvm_prf_cnts          
20200800  _ftable                         
202008f0  _device                         
20200968  _stream                         
202009f4  g_debug_log                     
20200a16  debug_atirq_encrypted           
20200a36  debug_atirq_plain               
20200a56  g_axon_status_shared            
20200a7a  debug_crc_calc                  
20200a7c  g_axon_state                    
20200a8c  __TI_cleanup_ptr                
20200a90  __TI_dtors_ptr                  
20200a9a  debug_crc_recv                  
20200a9c  __TI_ft_end                     
20200aa0  __aeabi_errno                   
20200aa4  _lock                           
20200aa8  _unlock                         
20200ac0  debug_byte1_ng_count            
20200ac4  debug_chkirq_call_count         
20200ac8  debug_cmd_ng_count              
20200acc  debug_complete_count            
20200ad0  debug_crc_ng_count              
20200ad4  debug_fifo_empty_count          
20200ad8  debug_framing_error_count       
20200adc  debug_header_ng_count           
20200ae0  debug_iidx_value                
20200ae4  debug_isr_call_count            
20200ae8  debug_led_event_count           
20200aec  debug_len_ng_count              
20200af0  debug_overrun_count             
20200af4  debug_rx_count                  
20200af8  debug_rxdata_raw_value          
20200afc  debug_send_ok_count             
20200b00  debug_sync_reset_count          
20200b04  debug_uart_stat_value           
20200b10  g_irq_pulse_start_time          
20200b14  g_systick_count                 
20200b24  debug_byte1                     
20200b25  debug_decrypted_id              
20200b26  debug_last_byte                 
20200b27  debug_rx_index                  
20200b28  frame_received                  
20200b2a  g_dial_rotation_count           
20200b2b  g_irq_pulse_pending             
20200b2c  g_left_amount                   
20200b2d  g_pending_left_amount           
20200b2e  g_pending_left_updated          
20200b2f  g_pending_right_amount          
20200b30  g_pending_right_updated         
20200b31  g_retry_pending                 
20200b32  g_right_amount                  
20200b33  rx_complete_ready               
20200b35  rx_index                        
20200b36  rx_variable_length              
20200b37  rx_variable_ready               
20200b38  _sys_memory                     
20201338  _CIOBUF_                        
20201338  __CIOBUF_                       
20201458  __TI_tmpnams                    
202014f8  rx_variable_frame               
20201520  rx_complete_frame               
20201544  rx_frame                        
20201568  g_button_1_event                
2020157c  g_button_2_event                
20201590  g_coindet_event                 
202015a4  g_connector_event               
202015b8  g_door_event                    
202015cc  g_escrow_event                  
202015e0  g_rotary_event                  
202015f4  g_soldout_event                 
20201608  parmbuf                         
20207e00  __stack                         
20208000  __STACK_END                     
ffffffff  __TI_pprof_out_hndl             
ffffffff  __TI_prof_data_size             
ffffffff  __TI_prof_data_start            
ffffffff  __binit__                       
ffffffff  binit                           
UNDEFED   __mpu_init                      
UNDEFED   _system_post_cinit              

[271 symbols]
