******************************************************************************
            TI ARM Clang Linker PC v4.0.3                      
******************************************************************************
>> Linked Mon Nov 17 22:38:56 2025

OUTPUT FILE NAME:   <axon_board.out>
ENTRY POINT SYMBOL: "_c_int00_noargs"  address: 0000317d


MEMORY CONFIGURATION

         name            origin    length      used     unused   attr    fill
----------------------  --------  ---------  --------  --------  ----  --------
  FLASH                 00000000   00020000  00003d70  0001c290  R  X
  SRAM                  20200000   00008000  000005c7  00007a39  RW X
  BCR_CONFIG            41c00000   000000ff  00000000  000000ff  R   
  BSL_CONFIG            41c00100   00000080  00000000  00000080  R   


SEGMENT ALLOCATION MAP

run origin  load origin   length   init length attrs members
----------  ----------- ---------- ----------- ----- -------
00000000    00000000    00003d70   00003d70    r-x
  00000000    00000000    000000c0   000000c0    r-- .intvecs
  000000c0    000000c0    00003b88   00003b88    r-x .text
  00003c48    00003c48    000000d0   000000d0    r-- .rodata
  00003d18    00003d18    00000058   00000058    r-- .cinit
20200000    20200000    000003c8   00000000    rw-
  20200000    20200000    00000277   00000000    rw- .data
  20200278    20200278    00000150   00000000    rw- .bss
20207e00    20207e00    00000200   00000000    rw-
  20207e00    20207e00    00000200   00000000    rw- .stack


SECTION ALLOCATION MAP

 output                                  attributes/
section   page    origin      length       input sections
--------  ----  ----------  ----------   ----------------
.intvecs   0    00000000    000000c0     
                  00000000    000000c0     startup_mspm0g350x_ticlang.o (.intvecs)

.text      0    000000c0    00003b88     
                  000000c0    000002d4     msp_peripheral_config.o (.text.SYSCFG_DL_GPIO_init)
                  00000394    000001dc     UARTMSPM0.o (.text.UARTMSP_enable)
                  00000570    000001b4     axon_routine.o (.text.rgb_fade_step)
                  00000724    000001b0     isr.o (.text.GROUP1_IRQHandler)
                  000008d4    000001a8     axon_routine.o (.text.axon_routine_main)
                  00000a7c    00000190     UARTMSPM0.o (.text.UARTMSP_dmaRx)
                  00000c0c    0000015c     soma_uart_test.o (.text.aes_decrypt_cbc)
                  00000d68    00000144     isr.o (.text.UART0_IRQHandler)
                  00000eac    00000144     UART.o (.text.UART_open)
                  00000ff0    0000013c     soma_uart_test.o (.text.soma_uart_init)
                  0000112c    0000011c     soma_uart_test.o (.text.soma_check_frame)
                  00001248    00000104     driverlib.a : dl_timer.o (.text.DL_Timer_initFourCCPWMMode)
                  0000134c    00000100     UART.o (.text.UART_writeCallback)
                  0000144c    000000e8     msp_peripheral_config.o (.text._msp_peripheral_pwm_init)
                  00001534    000000d8     soma_uart_test.o (.text.send_ack_frame)
                  0000160c    000000cc     DMAMSPM0.o (.text.DMAMSPM0_setupTransfer)
                  000016d8    000000b8     soma_uart_test.o (.text.send_nack_frame)
                  00001790    000000b2     UART.o (.text.UART_writeBufferedMode)
                  00001842    000000aa     UART.o (.text.UART_readBufferedMode)
                  000018ec    000000a8     DMAMSPM0.o (.text.DMAMSPM0_hwiFxn)
                  00001994    000000a8     UARTMSPM0.o (.text.UARTMSP_disable)
                  00001a3c    000000a8     UART.o (.text.UART_readCancel)
                  00001ae4    000000a6     UARTMSPM0.o (.text.UARTMSP_enableInts)
                  00001b8a    000000a2     axon_routine.o (.text._check_debounce_complete)
                  00001c2c    000000a0     msp_peripheral_config.o (.text.SYSCFG_DL_initPower)
                  00001ccc    0000009e     axon_routine.o (.text._set_segment_led)
                  00001d6a    00000002     isr.o (.text.GROUP0_IRQHandler)
                  00001d6c    0000009c     uart_packet.o (.text._init_uart_s2a)
                  00001e08    00000098     driverlib.a : dl_aes.o (.text.DL_AES_setKey)
                  00001ea0    00000098     DMAMSPM0.o (.text.DMAMSPM0_close)
                  00001f38    00000098     axon_routine.o (.text.rgb_fade_init)
                  00001fd0    0000008a     RingBuf.o (.text.RingBuf_putn)
                  0000205a    00000002     isr.o (.text.UART2_IRQHandler)
                  0000205c    00000084     soma_uart_test.o (.text.__NVIC_SetPriority)
                  000020e0    00000080     driverlib.a : dl_uart.o (.text.DL_UART_configBaudRate)
                  00002160    00000080     DMAMSPM0.o (.text.DMAMSPM0_init)
                  000021e0    00000080     soma_uart_test.o (.text.crc16_tep)
                  00002260    0000007e     UART.o (.text.UART_readCallback)
                  000022de    00000002     libclang_rt.builtins.a : aeabi_div0.c.obj (.text.__aeabi_idiv0)
                  000022e0    0000007c     libc.a : copy_decompress_lzss.c.obj (.text:decompress:lzss)
                  0000235c    00000078     UARTMSPM0.o (.text.UARTMSP_getRxData)
                  000023d4    00000078     UART.o (.text.UART_readFullFeatured)
                  0000244c    00000078     UART.o (.text.UART_writeFullFeatured)
                  000024c4    00000076     RingBuf.o (.text.RingBuf_put)
                  0000253a    0000006c     RingBuf.o (.text.RingBuf_getn)
                  000025a6    0000006c     RingBuf.o (.text.RingBuf_putAdvance)
                  00002612    0000006c     axon_routine.o (.text._change_status)
                  0000267e    00000002     msp_peripheral_config.o (.text._msp_peripheral_spi_init)
                  00002680    00000068     axon_routine.o (.text.rgb_led_fade_update)
                  000026e8    00000064     uart_packet.o (.text.init_uart_ports)
                  0000274c    00000062     uart_packet.o (.text.read_callback_fxn)
                  000027ae    00000002     --HOLE-- [fill = 0]
                  000027b0    00000054     msp_peripheral_config.o (.text._msp_peripheral_gpio_init_for_dipsw)
                  00002804    00000052     uart_packet.o (.text.write_callback_fxn)
                  00002856    00000002     --HOLE-- [fill = 0]
                  00002858    0000004c     driverlib.a : dl_dma.o (.text.DL_DMA_initChannel)
                  000028a4    0000004a     RingBuf.o (.text.RingBuf_putPointer)
                  000028ee    0000004a     main.o (.text.main)
                  00002938    00000048     driverlib.a : dl_uart.o (.text.DL_UART_init)
                  00002980    00000048     msp_peripheral_config.o (.text._msp_peripheral_gpio_init_for_hw_ver)
                  000029c8    00000040     ti_msp_dl_config.o (.text.SYSCFG_DL_TRNG_init)
                  00002a08    00000040     libclang_rt.builtins.a : aeabi_uidivmod.S.obj (.text.__aeabi_uidivmod)
                  00002a48    0000003c     msp_peripheral_config.o (.text.DL_Timer_setCounterControl)
                  00002a84    0000003c     axon_routine.o (.text._set_segment_leds)
                  00002ac0    0000003c     libc.a : autoinit.c.obj (.text:__TI_auto_init_nobinit_nopinit)
                  00002afc    00000038     ti_msp_dl_config.o (.text.DL_CRC_init)
                  00002b34    00000038     msp_peripheral_config.o (.text.DL_GPIO_initPeripheralOutputFunctionFeatures)
                  00002b6c    00000034     main.o (.text.DL_FlashCTL_executeClearStatus)
                  00002ba0    00000034     msp_peripheral_config.o (.text.DL_GPIO_initDigitalInputFeatures)
                  00002bd4    00000034     UARTMSPM0.o (.text.__NVIC_DisableIRQ)
                  00002c08    00000034     soma_uart_test.o (.text.__NVIC_DisableIRQ)
                  00002c3c    00000030     DMAMSPM0.o (.text.DL_DMA_setTransferSize)
                  00002c6c    00000030     msp_peripheral_config.o (.text.DL_GPIO_initDigitalOutputFeatures)
                  00002c9c    00000030     axon_routine.o (.text.DL_GPIO_writePinsVal)
                  00002ccc    00000030     axon_routine.o (.text.set_led_b_pwm)
                  00002cfc    00000030     axon_routine.o (.text.set_led_g_pwm)
                  00002d2c    00000030     axon_routine.o (.text.set_led_r_pwm)
                  00002d5c    00000030     axon_routine.o (.text.set_led_rgb_pwm)
                  00002d8c    0000002e     ti_msp_dl_config.o (.text.DL_AES_init)
                  00002dba    0000002e     RingBuf.o (.text.RingBuf_construct)
                  00002de8    0000002e     UART.o (.text.UART_readBuffered)
                  00002e16    0000002e     UART.o (.text.UART_writeBuffered)
                  00002e44    0000002c     UART.o (.text.UART_close)
                  00002e70    0000002c     main.o (.text.__NVIC_ClearPendingIRQ)
                  00002e9c    0000002c     soma_uart_test.o (.text.__NVIC_ClearPendingIRQ)
                  00002ec8    0000002c     UARTMSPM0.o (.text.__NVIC_EnableIRQ)
                  00002ef4    0000002c     main.o (.text.__NVIC_EnableIRQ)
                  00002f20    0000002c     soma_uart_test.o (.text.__NVIC_EnableIRQ)
                  00002f4c    00000028     driverlib.a : dl_aes.o (.text.DL_AES_loadDataIn)
                  00002f74    00000028     UARTMSPM0.o (.text.DL_Common_updateReg)
                  00002f9c    00000028     msp_peripheral_config.o (.text.DL_Common_updateReg)
                  00002fc4    00000028     soma_uart_test.o (.text.DL_Common_updateReg)
                  00002fec    00000028     ti_msp_dl_config.o (.text.DL_Common_updateReg)
                  00003014    00000028     DMAMSPM0.o (.text.DL_DMA_setDestAddr)
                  0000303c    00000028     DMAMSPM0.o (.text.DL_DMA_setSrcAddr)
                  00003064    00000028     msp_peripheral_config.o (.text.DL_SYSTICK_init)
                  0000308c    00000028     ti_msp_dl_config.o (.text.DL_TRNG_setDecimationRate)
                  000030b4    00000028     UARTMSPM0.o (.text.DL_UART_setRXFIFOThreshold)
                  000030dc    00000028     soma_uart_test.o (.text.DL_UART_setRXFIFOThreshold)
                  00003104    00000028     UARTMSPM0.o (.text.DL_UART_setTXFIFOThreshold)
                  0000312c    00000028     ti_msp_dl_config.o (.text.SYSCFG_DL_CRC_init)
                  00003154    00000028     msp_peripheral_config.o (.text.SYSCFG_DL_init)
                  0000317c    00000028     libc.a : boot_cortex_m.c.obj (.text:_c_int00_noargs)
                  000031a4    00000026     DMAMSPM0.o (.text.DL_DMA_enableChannel)
                  000031ca    00000026     DMAMSPM0.o (.text.DL_DMA_startTransfer)
                  000031f0    00000026     UARTMSPM0.o (.text.UARTMSP_initBuffers)
                  00003216    00000002     --HOLE-- [fill = 0]
                  00003218    00000024     driverlib.a : dl_aes.o (.text.DL_AES_getDataOut)
                  0000323c    00000024     ti_msp_dl_config.o (.text.DL_CRC_setSeed16)
                  00003260    00000024     ti_msp_dl_config.o (.text.DL_TRNG_sendCommand)
                  00003284    00000024     axon_routine.o (.text._set_solenoid_pins)
                  000032a8    00000020     UARTMSPM0.o (.text.DL_GPIO_initPeripheralInputFunction)
                  000032c8    00000020     msp_peripheral_config.o (.text.DL_GPIO_initPeripheralInputFunction)
                  000032e8    00000020     UART.o (.text.UART_Params_init)
                  00003308    0000001e     UARTMSPM0.o (.text.UARTMSP_txChar)
                  00003326    00000002     --HOLE-- [fill = 0]
                  00003328    0000001c     msp_peripheral_config.o (.text.DL_GPIO_clearInterruptStatus)
                  00003344    0000001c     msp_peripheral_config.o (.text.DL_GPIO_enableInterrupt)
                  00003360    0000001c     msp_peripheral_config.o (.text.DL_GPIO_initDigitalInput)
                  0000337c    0000001c     UARTMSPM0.o (.text.DL_GPIO_initPeripheralOutputFunction)
                  00003398    0000001c     axon_routine.o (.text.DL_GPIO_initPeripheralOutputFunction)
                  000033b4    0000001c     msp_peripheral_config.o (.text.DL_GPIO_initPeripheralOutputFunction)
                  000033d0    0000001c     msp_peripheral_config.o (.text.DL_GPIO_setLowerPinsPolarity)
                  000033ec    0000001c     isr.o (.text.DL_Interrupt_getPendingGroup)
                  00003408    0000001c     ti_msp_dl_config.o (.text.DL_SYSCTL_setSYSOSCFreq)
                  00003424    0000001c     driverlib.a : dl_timer.o (.text.DL_Timer_setCaptCompUpdateMethod)
                  00003440    0000001c                 : dl_timer.o (.text.DL_Timer_setClockConfig)
                  0000345c    0000001c     UARTMSPM0.o (.text.DL_UART_disableInterrupt)
                  00003478    0000001c     UARTMSPM0.o (.text.DL_UART_enableInterrupt)
                  00003494    0000001c     soma_uart_test.o (.text.DL_UART_enableInterrupt)
                  000034b0    00000018     msp_peripheral_config.o (.text.DL_AES_enablePower)
                  000034c8    00000018     soma_uart_test.o (.text.DL_AES_isBusy)
                  000034e0    00000018     msp_peripheral_config.o (.text.DL_AES_reset)
                  000034f8    00000018     soma_uart_test.o (.text.DL_AES_reset)
                  00003510    00000018     msp_peripheral_config.o (.text.DL_CRC_enablePower)
                  00003528    00000018     msp_peripheral_config.o (.text.DL_CRC_reset)
                  00003540    00000018     DMAMSPM0.o (.text.DL_DMA_clearInterruptStatus)
                  00003558    00000018     msp_peripheral_config.o (.text.DL_GPIO_enableOutput)
                  00003570    00000018     soma_uart_test.o (.text.DL_GPIO_enableOutput)
                  00003588    00000018     msp_peripheral_config.o (.text.DL_GPIO_enablePower)
                  000035a0    00000018     axon_routine.o (.text.DL_GPIO_initDigitalOutput)
                  000035b8    00000018     soma_uart_test.o (.text.DL_GPIO_initDigitalOutput)
                  000035d0    00000018     msp_peripheral_config.o (.text.DL_GPIO_reset)
                  000035e8    00000018     axon_routine.o (.text.DL_GPIO_setPins)
                  00003600    00000018     soma_uart_test.o (.text.DL_GPIO_setPins)
                  00003618    00000018     msp_peripheral_config.o (.text.DL_GPIO_setUpperPinsPolarity)
                  00003630    00000018     soma_uart_test.o (.text.DL_GPIO_togglePins)
                  00003648    00000018     ti_msp_dl_config.o (.text.DL_SYSCTL_setBORThreshold)
                  00003660    00000018     ti_msp_dl_config.o (.text.DL_TRNG_clearInterruptStatus)
                  00003678    00000018     msp_peripheral_config.o (.text.DL_TRNG_enablePower)
                  00003690    00000018     ti_msp_dl_config.o (.text.DL_TRNG_isCommandDone)
                  000036a8    00000018     msp_peripheral_config.o (.text.DL_TRNG_reset)
                  000036c0    00000018     ti_msp_dl_config.o (.text.DL_TRNG_setClockDivider)
                  000036d8    00000018     msp_peripheral_config.o (.text.DL_Timer_enablePower)
                  000036f0    00000018     msp_peripheral_config.o (.text.DL_Timer_reset)
                  00003708    00000018     driverlib.a : dl_timer.o (.text.DL_Timer_setCaptureCompareOutCtl)
                  00003720    00000018     UARTMSPM0.o (.text.DL_UART_clearInterruptStatus)
                  00003738    00000018     soma_uart_test.o (.text.DL_UART_clearInterruptStatus)
                  00003750    00000018     UARTMSPM0.o (.text.DL_UART_enableDMAReceiveEvent)
                  00003768    00000018     UARTMSPM0.o (.text.DL_UART_enableFIFOs)
                  00003780    00000018     UARTMSPM0.o (.text.DL_UART_enablePower)
                  00003798    00000018     msp_peripheral_config.o (.text.DL_UART_enablePower)
                  000037b0    00000018     soma_uart_test.o (.text.DL_UART_isBusy)
                  000037c8    00000018     UARTMSPM0.o (.text.DL_UART_isRXFIFOEmpty)
                  000037e0    00000018     isr.o (.text.DL_UART_isRXFIFOEmpty)
                  000037f8    00000018     soma_uart_test.o (.text.DL_UART_isRXFIFOEmpty)
                  00003810    00000018     soma_uart_test.o (.text.DL_UART_isTXFIFOEmpty)
                  00003828    00000018     UARTMSPM0.o (.text.DL_UART_reset)
                  00003840    00000018     msp_peripheral_config.o (.text.DL_UART_reset)
                  00003858    00000018     axon_routine.o (.text.turn_off_led_b_gpio)
                  00003870    00000018     axon_routine.o (.text.turn_off_led_g_gpio)
                  00003888    00000018     axon_routine.o (.text.turn_off_led_r_gpio)
                  000038a0    00000016     DMAMSPM0.o (.text.DL_DMA_disableRoundRobinPriority)
                  000038b6    00000016     DMAMSPM0.o (.text.DL_DMA_enableRoundRobinPriority)
                  000038cc    00000016     isr.o (.text.DL_GPIO_readPins)
                  000038e2    00000016     UARTMSPM0.o (.text.DL_UART_disable)
                  000038f8    00000016     UARTMSPM0.o (.text.DL_UART_enable)
                  0000390e    00000016     soma_uart_test.o (.text.DL_UART_transmitData)
                  00003924    00000016     ti_msp_dl_config.o (.text.SYSCFG_DL_SYSCTL_init)
                  0000393a    00000016     libc.a : copy_zero_init.c.obj (.text:decompress:ZI:__TI_zero_init_nomemset)
                  00003950    00000014     DMAMSPM0.o (.text.DL_DMA_isRoundRobinPriorityEnabled)
                  00003964    00000014     msp_peripheral_config.o (.text.DL_GPIO_clearPins)
                  00003978    00000014     soma_uart_test.o (.text.DL_GPIO_clearPins)
                  0000398c    00000014     soma_uart_test.o (.text.DL_Timer_disableClock)
                  000039a0    00000014     msp_peripheral_config.o (.text.DL_Timer_enableClock)
                  000039b4    00000014     msp_peripheral_config.o (.text.DL_Timer_setCCPDirection)
                  000039c8    00000014     UARTMSPM0.o (.text.DL_UART_receiveData)
                  000039dc    00000014     isr.o (.text.DL_UART_receiveData)
                  000039f0    00000014     soma_uart_test.o (.text.DL_UART_receiveData)
                  00003a04    00000014     ti_msp_dl_config.o (.text.SYSCFG_DL_AES_init)
                  00003a18    00000014     msp_peripheral_config.o (.text.SYSCFG_DL_SYSTICK_init)
                  00003a2c    00000012     DMAMSPM0.o (.text.DL_DMA_getPendingInterrupt)
                  00003a3e    00000012     isr.o (.text.DL_GPIO_getPendingInterrupt)
                  00003a50    00000012     isr.o (.text.DL_UART_getPendingInterrupt)
                  00003a62    00000012     driverlib.a : dl_uart.o (.text.DL_UART_setClockConfig)
                  00003a74    00000012     UART.o (.text.UART_callbackObject)
                  00003a86    00000012     UARTMSPM0.o (.text.UART_callbackObject)
                  00003a98    00000012     UART.o (.text.UART_eventCallbackObject)
                  00003aaa    00000012     UARTMSPM0.o (.text.UART_eventCallbackObject)
                  00003abc    00000012     libc.a : memcpy16.S.obj (.text:TI_memcpy_small)
                  00003ace    00000012            : copy_decompress_none.c.obj (.text:decompress:none)
                  00003ae0    00000010     main.o (.text.DL_SYSCTL_disableSleepOnExit)
                  00003af0    00000010     msp_peripheral_config.o (.text.DL_SYSTICK_enable)
                  00003b00    00000010     msp_peripheral_config.o (.text.DL_SYSTICK_enableInterrupt)
                  00003b10    00000010     driverlib.a : dl_timer.o (.text.DL_Timer_setCaptureCompareValue)
                  00003b20    00000010     RingBuf.o (.text.RingBuf_space)
                  00003b30    00000010     UARTMSPM0.o (.text.RingBuf_space)
                  00003b40    00000010     isr.o (.text.SysTick_Handler)
                  00003b50    00000010     axon_routine.o (.text.restore_led_rgb_pwm)
                  00003b60    00000010     axon_routine.o (.text.turn_off_led_rgb_gpio)
                  00003b70    0000000e     driver_config.o (.text.UARTMSP_eventCallback)
                  00003b7e    0000000e     libc.a : memset16.S.obj (.text:TI_memset_small)
                  00003b8c    0000000c     UARTMSPM0.o (.text.UART_HWAttrs_Ptr)
                  00003b98    0000000c     UART.o (.text.UART_Obj_Ptr)
                  00003ba4    0000000c     UARTMSPM0.o (.text.UART_Obj_Ptr)
                  00003bb0    0000000c     UART.o (.text.UART_buffersObject)
                  00003bbc    0000000c     UARTMSPM0.o (.text.UART_buffersObject)
                  00003bc8    0000000c     libclang_rt.builtins.a : aeabi_memset.S.obj (.text.__aeabi_memclr)
                  00003bd4    0000000c     isr.o (.text.get_systick_count_ms)
                  00003be0    0000000c     axon_routine.o (.text.restore_led_b_pwm)
                  00003bec    0000000c     axon_routine.o (.text.restore_led_g_pwm)
                  00003bf8    0000000c     axon_routine.o (.text.restore_led_r_pwm)
                  00003c04    0000000a     driverlib.a : dl_common.o (.text.DL_Common_delayCycles)
                  00003c0e    00000002     --HOLE-- [fill = 0]
                  00003c10    00000008     libclang_rt.builtins.a : aeabi_memcpy.S.obj (.text.__aeabi_memcpy)
                  00003c18    00000006     libc.a : exit.c.obj (.text:abort)
                  00003c1e    00000004     startup_mspm0g350x_ticlang.o (.text.Default_Handler)
                  00003c22    00000004     libsysbm.a : hostexit.c.obj (.text.HOSTexit)
                  00003c26    00000004     startup_mspm0g350x_ticlang.o (.text.Reset_Handler)
                  00003c2a    00000002     --HOLE-- [fill = 0]
                  00003c2c    00000010     libc.a : boot_cortex_m.c.obj (.tramp._c_int00_noargs.1)
                  00003c3c    00000004     uart_packet.o (.text._init_uart_t2s)
                  00003c40    00000004     libc.a : pre_init.c.obj (.text._system_pre_init)
                  00003c44    00000004     --HOLE-- [fill = 0]

.cinit     0    00003d18    00000058     
                  00003d18    00000033     (.cinit..data.load) [load image, compression = lzss]
                  00003d4b    00000001     --HOLE-- [fill = 0]
                  00003d4c    0000000c     (__TI_handler_table)
                  00003d58    00000008     (.cinit..bss.load) [load image, compression = zero_init]
                  00003d60    00000010     (__TI_cinit_table)

.rodata    0    00003c48    000000d0     
                  00003c48    00000030     axon_routine.o (.rodata.RGB_COLOR)
                  00003c78    00000024     driver_config.o (.rodata.UARTMSPHWAttrs)
                  00003c9c    00000024     UARTMSPM0.o (.rodata.UART_defaultParams)
                  00003cc0    00000014     UARTMSPM0.o (.rodata.UARTMSPSupportFxns)
                  00003cd4    00000010     soma_uart_test.o (.rodata.aes_key)
                  00003ce4    00000008     driver_config.o (.rodata.DMAMSP0HWAttrs)
                  00003cec    00000008     driver_config.o (.rodata.DMAMSPM0_Config)
                  00003cf4    00000008     driver_config.o (.rodata.UART_config)
                  00003cfc    00000008     msp_peripheral_config.o (.rodata.g_TIMA_LED_PWM_CONFIG)
                  00003d04    00000008     msp_peripheral_config.o (.rodata.g_TIMG_LED_PWM_CONFIG)
                  00003d0c    00000003     msp_peripheral_config.o (.rodata.g_TIMA_LED_CLOCK_CONFIG)
                  00003d0f    00000003     msp_peripheral_config.o (.rodata.g_TIMG_LED_CLOCK_CONFIG)
                  00003d12    00000001     driver_config.o (.rodata.CONFIG_UART_0)
                  00003d13    00000001     driver_config.o (.rodata.UART_count)
                  00003d14    00000004     --HOLE-- [fill = 0]

.init_array 
*          0    00000000    00000000     UNINITIALIZED

.binit     0    00000000    00000000     

.data      0    20200000    00000277     UNINITIALIZED
                  20200000    000000dc     soma_uart_test.o (.data.debug_frames)
                  202000dc    00000090     driver_config.o (.data.UARTObject)
                  2020016c    00000060     driver_config.o (.data.g_uart_buffers)
                  202001cc    00000048     uart_packet.o (.data._s2a_uart_context)
                  20200214    00000030     driver_config.o (.data.DMAObject)
                  20200244    00000004     uart_packet.o (.data._uart_s2a_handle)
                  20200248    00000004     uart_packet.o (.data._uart_t2s_handle)
                  2020024c    00000004     DMAMSPM0.o (.data.chTransferSet)
                  20200250    00000004     DMAMSPM0.o (.data.channelsInUse)
                  20200254    00000004     soma_uart_test.o (.data.debug_byte1_ng_count)
                  20200258    00000004     soma_uart_test.o (.data.debug_complete_count)
                  2020025c    00000004     soma_uart_test.o (.data.debug_frame_count)
                  20200260    00000004     soma_uart_test.o (.data.debug_rx_count)
                  20200264    00000004     soma_uart_test.o (.data.debug_sync_reset_count)
                  20200268    00000004     DMAMSPM0.o (.data.dmaIntRefCount)
                  2020026c    00000004     isr.o (.data.g_systick_count)
                  20200270    00000001     soma_uart_test.o (.data.debug_byte1)
                  20200271    00000001     soma_uart_test.o (.data.debug_frame_index)
                  20200272    00000001     soma_uart_test.o (.data.debug_last_byte)
                  20200273    00000001     soma_uart_test.o (.data.debug_rx_index)
                  20200274    00000001     DMAMSPM0.o (.data.dmaInitialized)
                  20200275    00000001     soma_uart_test.o (.data.frame_received)
                  20200276    00000001     soma_uart_test.o (.data.rx_index)

.bss       0    20200278    00000150     UNINITIALIZED
                  20200278    00000024     (.common:rx_frame)
                  2020029c    00000020     (.common:decrypted_data)
                  202002bc    0000001c     DMAMSPM0.o (.bss.hwiFxnArgs)
                  202002d8    0000001c     DMAMSPM0.o (.bss.hwiFxnHandlers)
                  202002f4    00000018     UARTMSPM0.o (.bss.dlDMACfg)
                  2020030c    00000018     axon_routine.o (.bss.g_rgb_fade_state)
                  20200324    00000014     (.common:g_button_1_event)
                  20200338    00000014     (.common:g_button_2_event)
                  2020034c    00000014     (.common:g_coindet_event)
                  20200360    00000014     (.common:g_connector_event)
                  20200374    00000014     (.common:g_door_event)
                  20200388    00000014     (.common:g_escrow_event)
                  2020039c    00000014     (.common:g_rotary_event)
                  202003b0    00000014     (.common:g_soldout_event)
                  202003c4    00000004     UART.o (.bss.UART_writeCallback.dstAddr)

.stack     0    20207e00    00000200     UNINITIALIZED
                  20207e00    00000004     libc.a : boot_cortex_m.c.obj (.stack)
                  20207e04    000001fc     --HOLE--

__llvm_prf_cnts 
*          0    20200000    00000000     UNINITIALIZED

__llvm_prf_bits 
*          0    20200000    00000000     UNINITIALIZED

MODULE SUMMARY

       Module                         code    ro data   rw data
       ------                         ----    -------   -------
    .\
       soma_uart_test.o               2178    16        314    
       axon_routine.o                 2096    48        184    
       isr.o                          918     0         4      
       ti_msp_dl_config.o             524     0         0      
       uart_packet.o                  440     0         80     
       driver_config.o                14      62        288    
       main.o                         230     0         0      
       startup_mspm0g350x_ticlang.o   8       192       0      
    +--+------------------------------+-------+---------+---------+
       Total:                         6408    318       870    
                                                               
    .\driver\
       UART.o                         1690    0         4      
    +--+------------------------------+-------+---------+---------+
       Total:                         1690    0         4      
                                                               
    .\driver\dma\
       DMAMSPM0.o                     962     0         69     
    +--+------------------------------+-------+---------+---------+
       Total:                         962     0         69     
                                                               
    .\driver\uart\
       UARTMSPM0.o                    2026    56        24     
    +--+------------------------------+-------+---------+---------+
       Total:                         2026    56        24     
                                                               
    .\driver\utils\
       RingBuf.o                      608     0         0      
    +--+------------------------------+-------+---------+---------+
       Total:                         608     0         0      
                                                               
    .\peripheral\
       msp_peripheral_config.o        2230    22        0      
    +--+------------------------------+-------+---------+---------+
       Total:                         2230    22        0      
                                                               
    C:/ti/mspm0_sdk_2_06_00_05/source/ti/driverlib/lib/ticlang/m0p/mspm0g1x0x_g3x0x/driverlib.a
       dl_timer.o                     356     0         0      
       dl_aes.o                       228     0         0      
       dl_uart.o                      218     0         0      
       dl_dma.o                       76      0         0      
       dl_common.o                    10      0         0      
    +--+------------------------------+-------+---------+---------+
       Total:                         888     0         0      
                                                               
    C:\ti\ccs2030\ccs\tools\compiler\ti-cgt-armllvm_4.0.3.LTS\lib\armv6m-ti-none-eabi/c/libc.a
       copy_decompress_lzss.c.obj     124     0         0      
       autoinit.c.obj                 60      0         0      
       boot_cortex_m.c.obj            56      0         0      
       copy_zero_init.c.obj           22      0         0      
       copy_decompress_none.c.obj     18      0         0      
       memcpy16.S.obj                 18      0         0      
       memset16.S.obj                 14      0         0      
       exit.c.obj                     6       0         0      
       pre_init.c.obj                 4       0         0      
    +--+------------------------------+-------+---------+---------+
       Total:                         322     0         0      
                                                               
    C:\ti\ccs2030\ccs\tools\compiler\ti-cgt-armllvm_4.0.3.LTS\lib\armv6m-ti-none-eabi/c/libsysbm.a
       hostexit.c.obj                 4       0         0      
    +--+------------------------------+-------+---------+---------+
       Total:                         4       0         0      
                                                               
    C:\ti\ccs2030\ccs\tools\compiler\ti-cgt-armllvm_4.0.3.LTS\lib\armv6m-ti-none-eabi/libclang_rt.builtins.a
       aeabi_uidivmod.S.obj           64      0         0      
       aeabi_memset.S.obj             12      0         0      
       aeabi_memcpy.S.obj             8       0         0      
       aeabi_div0.c.obj               2       0         0      
    +--+------------------------------+-------+---------+---------+
       Total:                         86      0         0      
                                                               
       Stack:                         0       0         512    
       Linker Generated:              0       87        0      
    +--+------------------------------+-------+---------+---------+
       Grand Total:                   15224   483       1479   


LINKER GENERATED COPY TABLES

__TI_cinit_table @ 00003d60 records: 2, size/record: 8, table size: 16
	.data: load addr=00003d18, load size=00000033 bytes, run addr=20200000, run size=00000277 bytes, compression=lzss
	.bss: load addr=00003d58, load size=00000008 bytes, run addr=20200278, run size=00000150 bytes, compression=zero_init


LINKER GENERATED HANDLER TABLE

__TI_handler_table @ 00003d4c records: 3, size/record: 4, table size: 12
	index: 0, handler: __TI_decompress_lzss
	index: 1, handler: __TI_decompress_none
	index: 2, handler: __TI_zero_init


FAR CALL TRAMPOLINES

callee name               trampoline name
   callee addr  tramp addr   call addr  call info
--------------  -----------  ---------  ----------------
_c_int00_noargs           $Tramp$TT$L$PI$$_c_int00_noargs
   0000317d     00003c2c     00003c26   startup_mspm0g350x_ticlang.o (.text.Reset_Handler)

[1 trampolines]
[1 trampoline calls]


GLOBAL SYMBOLS: SORTED ALPHABETICALLY BY Name 

address   name                            
-------   ----                            
00003c1f  ADC0_IRQHandler                 
00003c1f  ADC1_IRQHandler                 
00003c1f  AES_IRQHandler                  
00003c22  C$$EXIT                         
00003c1f  CANFD0_IRQHandler               
00003d12  CONFIG_UART_0                   
00003c1f  DAC0_IRQHandler                 
00003219  DL_AES_getDataOut               
00002f4d  DL_AES_loadDataIn               
00001e09  DL_AES_setKey                   
00003c05  DL_Common_delayCycles           
00002859  DL_DMA_initChannel              
00001249  DL_Timer_initFourCCPWMMode      
00003425  DL_Timer_setCaptCompUpdateMethod
00003709  DL_Timer_setCaptureCompareOutCtl
00003b11  DL_Timer_setCaptureCompareValue 
00003441  DL_Timer_setClockConfig         
000020e1  DL_UART_configBaudRate          
00002939  DL_UART_init                    
00003a63  DL_UART_setClockConfig          
00003cec  DMAMSPM0_Config                 
00001ea1  DMAMSPM0_close                  
00002161  DMAMSPM0_init                   
0000160d  DMAMSPM0_setupTransfer          
20200214  DMAObject                       
00003c1f  DMA_IRQHandler                  
00003c1f  Default_Handler                 
00001d6b  GROUP0_IRQHandler               
00000725  GROUP1_IRQHandler               
00003c23  HOSTexit                        
00003c1f  HardFault_Handler               
00003c1f  I2C0_IRQHandler                 
00003c1f  I2C1_IRQHandler                 
00003c1f  NMI_Handler                     
00003c1f  PendSV_Handler                  
00003c1f  RTC_IRQHandler                  
00003c27  Reset_Handler                   
00002dbb  RingBuf_construct               
0000253b  RingBuf_getn                    
000024c5  RingBuf_put                     
000025a7  RingBuf_putAdvance              
000028a5  RingBuf_putPointer              
00001fd1  RingBuf_putn                    
00003c1f  SPI0_IRQHandler                 
00003c1f  SPI1_IRQHandler                 
00003c1f  SVC_Handler                     
00003a05  SYSCFG_DL_AES_init              
0000312d  SYSCFG_DL_CRC_init              
000000c1  SYSCFG_DL_GPIO_init             
00003925  SYSCFG_DL_SYSCTL_init           
00003a19  SYSCFG_DL_SYSTICK_init          
000029c9  SYSCFG_DL_TRNG_init             
00003155  SYSCFG_DL_init                  
00001c2d  SYSCFG_DL_initPower             
00003b41  SysTick_Handler                 
00003c1f  TIMA0_IRQHandler                
00003c1f  TIMA1_IRQHandler                
00003c1f  TIMG0_IRQHandler                
00003c1f  TIMG12_IRQHandler               
00003c1f  TIMG6_IRQHandler                
00003c1f  TIMG7_IRQHandler                
00003c1f  TIMG8_IRQHandler                
00003abd  TI_memcpy_small                 
00003b7f  TI_memset_small                 
00000d69  UART0_IRQHandler                
00003c1f  UART1_IRQHandler                
0000205b  UART2_IRQHandler                
00003c1f  UART3_IRQHandler                
00003cc0  UARTMSPSupportFxns              
00000a7d  UARTMSP_dmaRx                   
00001ae5  UARTMSP_enableInts              
00003b71  UARTMSP_eventCallback           
202000dc  UARTObject                      
000032e9  UART_Params_init                
00002e45  UART_close                      
00003cf4  UART_config                     
00003d13  UART_count                      
00003c9c  UART_defaultParams              
00000ead  UART_open                       
00002de9  UART_readBuffered               
00002261  UART_readCallback               
00001a3d  UART_readCancel                 
000023d5  UART_readFullFeatured           
00002e17  UART_writeBuffered              
0000134d  UART_writeCallback              
0000244d  UART_writeFullFeatured          
20208000  __STACK_END                     
00000200  __STACK_SIZE                    
00000000  __TI_ATRegion0_region_sz        
00000000  __TI_ATRegion0_src_addr         
00000000  __TI_ATRegion0_trg_addr         
00000000  __TI_ATRegion1_region_sz        
00000000  __TI_ATRegion1_src_addr         
00000000  __TI_ATRegion1_trg_addr         
00000000  __TI_ATRegion2_region_sz        
00000000  __TI_ATRegion2_src_addr         
00000000  __TI_ATRegion2_trg_addr         
00003d60  __TI_CINIT_Base                 
00003d70  __TI_CINIT_Limit                
00003d70  __TI_CINIT_Warm                 
00003d4c  __TI_Handler_Table_Base         
00003d58  __TI_Handler_Table_Limit        
00002ac1  __TI_auto_init_nobinit_nopinit  
000022e1  __TI_decompress_lzss            
00003acf  __TI_decompress_none            
ffffffff  __TI_pprof_out_hndl             
ffffffff  __TI_prof_data_size             
ffffffff  __TI_prof_data_start            
00000000  __TI_static_base__              
0000393b  __TI_zero_init_nomemset         
000022df  __aeabi_idiv0                   
00003bc9  __aeabi_memclr                  
00003bc9  __aeabi_memclr4                 
00003bc9  __aeabi_memclr8                 
00003c11  __aeabi_memcpy                  
00003c11  __aeabi_memcpy4                 
00003c11  __aeabi_memcpy8                 
00002a09  __aeabi_uidiv                   
00002a09  __aeabi_uidivmod                
ffffffff  __binit__                       
UNDEFED   __mpu_init                      
20207e00  __stack                         
20200000  __start___llvm_prf_bits         
20200000  __start___llvm_prf_cnts         
20200000  __stop___llvm_prf_bits          
20200000  __stop___llvm_prf_cnts          
0000317d  _c_int00_noargs                 
UNDEFED   _system_post_cinit              
00003c41  _system_pre_init                
00003c19  abort                           
00000c0d  aes_decrypt_cbc                 
000008d5  axon_routine_main               
ffffffff  binit                           
000021e1  crc16_tep                       
20200270  debug_byte1                     
20200254  debug_byte1_ng_count            
20200258  debug_complete_count            
2020025c  debug_frame_count               
20200271  debug_frame_index               
20200000  debug_frames                    
20200272  debug_last_byte                 
20200260  debug_rx_count                  
20200273  debug_rx_index                  
20200264  debug_sync_reset_count          
2020029c  decrypted_data                  
20200275  frame_received                  
20200324  g_button_1_event                
20200338  g_button_2_event                
2020034c  g_coindet_event                 
20200360  g_connector_event               
20200374  g_door_event                    
20200388  g_escrow_event                  
2020039c  g_rotary_event                  
202003b0  g_soldout_event                 
2020026c  g_systick_count                 
2020016c  g_uart_buffers                  
00003bd5  get_systick_count_ms            
000026e9  init_uart_ports                 
00000000  interruptVectors                
000028ef  main                            
20200278  rx_frame                        
20200276  rx_index                        
00001535  send_ack_frame                  
000016d9  send_nack_frame                 
0000112d  soma_check_frame                
00000ff1  soma_uart_init                  


GLOBAL SYMBOLS: SORTED BY Symbol Address 

address   name                            
-------   ----                            
00000000  __TI_ATRegion0_region_sz        
00000000  __TI_ATRegion0_src_addr         
00000000  __TI_ATRegion0_trg_addr         
00000000  __TI_ATRegion1_region_sz        
00000000  __TI_ATRegion1_src_addr         
00000000  __TI_ATRegion1_trg_addr         
00000000  __TI_ATRegion2_region_sz        
00000000  __TI_ATRegion2_src_addr         
00000000  __TI_ATRegion2_trg_addr         
00000000  __TI_static_base__              
00000000  interruptVectors                
000000c1  SYSCFG_DL_GPIO_init             
00000200  __STACK_SIZE                    
00000725  GROUP1_IRQHandler               
000008d5  axon_routine_main               
00000a7d  UARTMSP_dmaRx                   
00000c0d  aes_decrypt_cbc                 
00000d69  UART0_IRQHandler                
00000ead  UART_open                       
00000ff1  soma_uart_init                  
0000112d  soma_check_frame                
00001249  DL_Timer_initFourCCPWMMode      
0000134d  UART_writeCallback              
00001535  send_ack_frame                  
0000160d  DMAMSPM0_setupTransfer          
000016d9  send_nack_frame                 
00001a3d  UART_readCancel                 
00001ae5  UARTMSP_enableInts              
00001c2d  SYSCFG_DL_initPower             
00001d6b  GROUP0_IRQHandler               
00001e09  DL_AES_setKey                   
00001ea1  DMAMSPM0_close                  
00001fd1  RingBuf_putn                    
0000205b  UART2_IRQHandler                
000020e1  DL_UART_configBaudRate          
00002161  DMAMSPM0_init                   
000021e1  crc16_tep                       
00002261  UART_readCallback               
000022df  __aeabi_idiv0                   
000022e1  __TI_decompress_lzss            
000023d5  UART_readFullFeatured           
0000244d  UART_writeFullFeatured          
000024c5  RingBuf_put                     
0000253b  RingBuf_getn                    
000025a7  RingBuf_putAdvance              
000026e9  init_uart_ports                 
00002859  DL_DMA_initChannel              
000028a5  RingBuf_putPointer              
000028ef  main                            
00002939  DL_UART_init                    
000029c9  SYSCFG_DL_TRNG_init             
00002a09  __aeabi_uidiv                   
00002a09  __aeabi_uidivmod                
00002ac1  __TI_auto_init_nobinit_nopinit  
00002dbb  RingBuf_construct               
00002de9  UART_readBuffered               
00002e17  UART_writeBuffered              
00002e45  UART_close                      
00002f4d  DL_AES_loadDataIn               
0000312d  SYSCFG_DL_CRC_init              
00003155  SYSCFG_DL_init                  
0000317d  _c_int00_noargs                 
00003219  DL_AES_getDataOut               
000032e9  UART_Params_init                
00003425  DL_Timer_setCaptCompUpdateMethod
00003441  DL_Timer_setClockConfig         
00003709  DL_Timer_setCaptureCompareOutCtl
00003925  SYSCFG_DL_SYSCTL_init           
0000393b  __TI_zero_init_nomemset         
00003a05  SYSCFG_DL_AES_init              
00003a19  SYSCFG_DL_SYSTICK_init          
00003a63  DL_UART_setClockConfig          
00003abd  TI_memcpy_small                 
00003acf  __TI_decompress_none            
00003b11  DL_Timer_setCaptureCompareValue 
00003b41  SysTick_Handler                 
00003b71  UARTMSP_eventCallback           
00003b7f  TI_memset_small                 
00003bc9  __aeabi_memclr                  
00003bc9  __aeabi_memclr4                 
00003bc9  __aeabi_memclr8                 
00003bd5  get_systick_count_ms            
00003c05  DL_Common_delayCycles           
00003c11  __aeabi_memcpy                  
00003c11  __aeabi_memcpy4                 
00003c11  __aeabi_memcpy8                 
00003c19  abort                           
00003c1f  ADC0_IRQHandler                 
00003c1f  ADC1_IRQHandler                 
00003c1f  AES_IRQHandler                  
00003c1f  CANFD0_IRQHandler               
00003c1f  DAC0_IRQHandler                 
00003c1f  DMA_IRQHandler                  
00003c1f  Default_Handler                 
00003c1f  HardFault_Handler               
00003c1f  I2C0_IRQHandler                 
00003c1f  I2C1_IRQHandler                 
00003c1f  NMI_Handler                     
00003c1f  PendSV_Handler                  
00003c1f  RTC_IRQHandler                  
00003c1f  SPI0_IRQHandler                 
00003c1f  SPI1_IRQHandler                 
00003c1f  SVC_Handler                     
00003c1f  TIMA0_IRQHandler                
00003c1f  TIMA1_IRQHandler                
00003c1f  TIMG0_IRQHandler                
00003c1f  TIMG12_IRQHandler               
00003c1f  TIMG6_IRQHandler                
00003c1f  TIMG7_IRQHandler                
00003c1f  TIMG8_IRQHandler                
00003c1f  UART1_IRQHandler                
00003c1f  UART3_IRQHandler                
00003c22  C$$EXIT                         
00003c23  HOSTexit                        
00003c27  Reset_Handler                   
00003c41  _system_pre_init                
00003c9c  UART_defaultParams              
00003cc0  UARTMSPSupportFxns              
00003cec  DMAMSPM0_Config                 
00003cf4  UART_config                     
00003d12  CONFIG_UART_0                   
00003d13  UART_count                      
00003d4c  __TI_Handler_Table_Base         
00003d58  __TI_Handler_Table_Limit        
00003d60  __TI_CINIT_Base                 
00003d70  __TI_CINIT_Limit                
00003d70  __TI_CINIT_Warm                 
20200000  __start___llvm_prf_bits         
20200000  __start___llvm_prf_cnts         
20200000  __stop___llvm_prf_bits          
20200000  __stop___llvm_prf_cnts          
20200000  debug_frames                    
202000dc  UARTObject                      
2020016c  g_uart_buffers                  
20200214  DMAObject                       
20200254  debug_byte1_ng_count            
20200258  debug_complete_count            
2020025c  debug_frame_count               
20200260  debug_rx_count                  
20200264  debug_sync_reset_count          
2020026c  g_systick_count                 
20200270  debug_byte1                     
20200271  debug_frame_index               
20200272  debug_last_byte                 
20200273  debug_rx_index                  
20200275  frame_received                  
20200276  rx_index                        
20200278  rx_frame                        
2020029c  decrypted_data                  
20200324  g_button_1_event                
20200338  g_button_2_event                
2020034c  g_coindet_event                 
20200360  g_connector_event               
20200374  g_door_event                    
20200388  g_escrow_event                  
2020039c  g_rotary_event                  
202003b0  g_soldout_event                 
20207e00  __stack                         
20208000  __STACK_END                     
ffffffff  __TI_pprof_out_hndl             
ffffffff  __TI_prof_data_size             
ffffffff  __TI_prof_data_start            
ffffffff  __binit__                       
ffffffff  binit                           
UNDEFED   __mpu_init                      
UNDEFED   _system_post_cinit              

[166 symbols]
