******************************************************************************
            TI ARM Clang Linker PC v4.0.3                      
******************************************************************************
>> Linked Wed Dec 17 10:55:41 2025

OUTPUT FILE NAME:   <axon_board.out>
ENTRY POINT SYMBOL: "_c_int00_noargs"  address: 00005ec9


MEMORY CONFIGURATION

         name            origin    length      used     unused   attr    fill
----------------------  --------  ---------  --------  --------  ----  --------
  FLASH                 00000000   00020000  00007500  00018b00  R  X
  SRAM                  20200000   00008000  0000180b  000067f5  RW X
  BCR_CONFIG            41c00000   000000ff  00000000  000000ff  R   
  BSL_CONFIG            41c00100   00000080  00000000  00000080  R   


SEGMENT ALLOCATION MAP

run origin  load origin   length   init length attrs members
----------  ----------- ---------- ----------- ----- -------
00000000    00000000    00007500   00007500    r-x
  00000000    00000000    000000c0   000000c0    r-- .intvecs
  000000c0    000000c0    00006620   00006620    r-x .text
  000066e0    000066e0    00000d90   00000d90    r-- .rodata
  00007470    00007470    00000090   00000090    r-- .cinit
20200000    20200000    0000160c   00000000    rw-
  20200000    20200000    00000b2f   00000000    rw- .data
  20200b30    20200b30    00000800   00000000    rw- .sysmem
  20201330    20201330    000002dc   00000000    rw- .bss
20207e00    20207e00    00000200   00000000    rw-
  20207e00    20207e00    00000200   00000000    rw- .stack


SECTION ALLOCATION MAP

 output                                  attributes/
section   page    origin      length       input sections
--------  ----  ----------  ----------   ----------------
.intvecs   0    00000000    000000c0     
                  00000000    000000c0     startup_mspm0g350x_ticlang.o (.intvecs)

.text      0    000000c0    00006620     
                  000000c0    00000aec     axon_routine.o (.text.axon_routine_main)
                  00000bac    000009d0     libc.a : _printfi.c.obj (.text:__TI_printfi)
                  0000157c    0000068c     s2a_packet.o (.text.axon_handle_chkirq)
                  00001c08    000003f4     s2a_packet.o (.text.axon_handle_setaxon)
                  00001ffc    000002d4     msp_peripheral_config.o (.text.SYSCFG_DL_GPIO_init)
                  000022d0    00000258     isr.o (.text.UART0_IRQHandler)
                  00002528    00000220     libc.a : _printfi.c.obj (.text._pconv_a)
                  00002748    000001e0     s2a_packet.o (.text.axon_handle_codepkt)
                  00002928    000001dc     libc.a : _printfi.c.obj (.text._pconv_g)
                  00002b04    000001d0     isr.o (.text.GROUP1_IRQHandler)
                  00002cd4    000001c0     axon_routine.o (.text.handle_button_release)
                  00002e94    00000192     libclang_rt.builtins.a : adddf3.S.obj (.text.adddf3_subdf3)
                  00003026    00000002     isr.o (.text.GROUP0_IRQHandler)
                  00003028    0000013c     libc.a : _printfi.c.obj (.text.fcvt)
                  00003164    00000120            : _printfi.c.obj (.text._pconv_e)
                  00003284    00000114            : memory.c.obj (.text.aligned_alloc)
                  00003398    0000010c     libclang_rt.builtins.a : divdf3.S.obj (.text.__divdf3)
                  000034a4    00000108     s2a_packet.o (.text.axon_handle_errchk)
                  000035ac    00000104     driverlib.a : dl_timer.o (.text.DL_Timer_initFourCCPWMMode)
                  000036b0    00000104     s2a_packet.o (.text.axon_handle_axonrbt)
                  000037b4    00000104     soma_axon_comm_test.o (.text.get_command_name)
                  000038b8    000000f8     libc.a : fputs.c.obj (.text.fputs)
                  000039b0    000000f4     axon_routine.o (.text.handle_button_press)
                  00003aa4    000000f0     soma_axon_comm_test.o (.text.axon_test_record_command)
                  00003b94    000000ec     s2a_packet.o (.text.axon_handle_afwup)
                  00003c80    000000ea     s2a_packet.o (.text.axon_handle_nop)
                  00003d6a    00000002     isr.o (.text.UART2_IRQHandler)
                  00003d6c    000000e8     msp_peripheral_config.o (.text._msp_peripheral_pwm_init)
                  00003e54    000000e8     libc.a : memory.c.obj (.text.free)
                  00003f3c    000000e4     libclang_rt.builtins.a : muldf3.S.obj (.text.__muldf3)
                  00004020    000000e0     libc.a : setvbuf.c.obj (.text.setvbuf)
                  00004100    000000d8            : s_scalbn.c.obj (.text.scalbn)
                  000041d8    000000b4     axon_routine.o (.text._set_segment_led)
                  0000428c    000000b4     s2a_packet.o (.text.axon_status_compose_bits)
                  00004340    000000a2     axon_routine.o (.text._check_debounce_complete)
                  000043e2    00000002     libclang_rt.builtins.a : aeabi_div0.c.obj (.text.__aeabi_idiv0)
                  000043e4    000000a2                            : udivmoddi4.S.obj (.text)
                  00004486    00000002                            : aeabi_div0.c.obj (.text.__aeabi_ldiv0)
                  00004488    000000a0     msp_peripheral_config.o (.text.SYSCFG_DL_initPower)
                  00004528    0000009c     msp_peripheral_config.o (.text._msp_peripheral_uart_init)
                  000045c4    0000009c     libc.a : fputc.c.obj (.text.fputc)
                  00004660    00000088     soma_axon_comm_test.o (.text.axon_test_record_response)
                  000046e8    00000088     s2a_packet.o (.text.crc16_tep)
                  00004770    00000088     libc.a : strcmp-armv6m.S.obj (.text:strcmp)
                  000047f8    00000080     driverlib.a : dl_uart.o (.text.DL_UART_configBaudRate)
                  00004878    00000080     s2a_packet.o (.text.axon_handle_setokey)
                  000048f8    00000080     s2a_packet.o (.text.clear_irq_signal)
                  00004978    00000080     soma_uart_test.o (.text.uart_send_packet_fast)
                  000049f8    0000007c     libc.a : fclose.c.obj (.text.__TI_closefile)
                  00004a74    0000007c            : copy_decompress_lzss.c.obj (.text:decompress:lzss)
                  00004af0    00000074     libclang_rt.builtins.a : comparedf2.c.obj (.text.__gedf2)
                  00004b64    0000006c     libsysbm.a : hostlseek.c.obj (.text.HOSTlseek)
                  00004bd0    0000006c                : hostrename.c.obj (.text.HOSTrename)
                  00004c3c    0000006c     axon_routine.o (.text._change_status)
                  00004ca8    0000006c     libc.a : fseek.c.obj (.text.fseeko)
                  00004d14    0000006c            : getdevice.c.obj (.text.getdevice)
                  00004d80    00000068     libclang_rt.builtins.a : comparedf2.c.obj (.text.__ledf2)
                  00004de8    00000066     libc.a : _printfi.c.obj (.text._mcpy)
                  00004e4e    00000066     s2a_packet.o (.text.send_ack_frame)
                  00004eb4    00000064     libc.a : _io_perm.c.obj (.text.__TI_wrt_ok)
                  00004f18    00000064            : memory.c.obj (.text.split)
                  00004f7c    00000062     libclang_rt.builtins.a : aeabi_dcmp.S.obj (.text.__aeabi_dcmp)
                  00004fde    00000002     msp_peripheral_config.o (.text._msp_peripheral_spi_init)
                  00004fe0    00000060     libsysbm.a : hostopen.c.obj (.text.HOSTopen)
                  00005040    0000005c     libc.a : s_frexp.c.obj (.text.frexp)
                  0000509c    0000005c            : printf.c.obj (.text.printf)
                  000050f8    00000058     libsysbm.a : hostread.c.obj (.text.HOSTread)
                  00005150    00000058                : hostwrite.c.obj (.text.HOSTwrite)
                  000051a8    00000058     libc.a : _ltoa.c.obj (.text.__TI_ltoa)
                  00005200    00000058            : _printfi.c.obj (.text._pconv_f)
                  00005258    00000056     libclang_rt.builtins.a : aeabi_idivmod.S.obj (.text.__aeabi_idivmod)
                  000052ae    00000002     libc.a : _lock.c.obj (.text._nop)
                  000052b0    00000054     msp_peripheral_config.o (.text._msp_peripheral_gpio_init_for_dipsw)
                  00005304    00000052     libc.a : fflush.c.obj (.text.__TI_doflush)
                  00005356    00000052            : _printfi.c.obj (.text._ecpy)
                  000053a8    00000050     libsysbm.a : close.c.obj (.text.close)
                  000053f8    0000004a     libclang_rt.builtins.a : fixdfsi.S.obj (.text.__fixdfsi)
                  00005442    0000004a     main.o (.text.main)
                  0000548c    00000048     driverlib.a : dl_uart.o (.text.DL_UART_init)
                  000054d4    00000048     libsysbm.a : hostclose.c.obj (.text.HOSTclose)
                  0000551c    00000048                : hostunlink.c.obj (.text.HOSTunlink)
                  00005564    00000048     msp_peripheral_config.o (.text._msp_peripheral_gpio_init_for_hw_ver)
                  000055ac    00000048     axon_routine.o (.text.update_segment_leds)
                  000055f4    00000044     s2a_packet.o (.text.send_nack_frame)
                  00005638    00000040     ti_msp_dl_config.o (.text.SYSCFG_DL_TRNG_init)
                  00005678    00000040     libclang_rt.builtins.a : aeabi_uidivmod.S.obj (.text.__aeabi_uidivmod)
                  000056b8    00000040     libc.a : atoi.c.obj (.text.atoi)
                  000056f8    00000040     soma_axon_comm_test.o (.text.axon_test_record_crc_error)
                  00005738    00000040     soma_uart_test.o (.text.uart_send_packet)
                  00005778    0000003c     msp_peripheral_config.o (.text.DL_Timer_setCounterControl)
                  000057b4    0000003c     axon_routine.o (.text._set_segment_leds)
                  000057f0    0000003c     s2a_packet.o (.text.log_event)
                  0000582c    0000003c     libc.a : autoinit.c.obj (.text:__TI_auto_init_nobinit_nopinit)
                  00005868    0000003a     libclang_rt.builtins.a : muldsi3.S.obj (.text.__muldsi3)
                  000058a2    00000038     ti_msp_dl_config.o (.text.DL_CRC_init)
                  000058da    00000002     --HOLE-- [fill = 0]
                  000058dc    00000038     msp_peripheral_config.o (.text.DL_GPIO_initPeripheralOutputFunctionFeatures)
                  00005914    00000034     main.o (.text.DL_FlashCTL_executeClearStatus)
                  00005948    00000034     msp_peripheral_config.o (.text.DL_GPIO_initDigitalInputFeatures)
                  0000597c    00000034     axon_routine.o (.text.__NVIC_DisableIRQ)
                  000059b0    00000034     s2a_packet.o (.text.__NVIC_DisableIRQ)
                  000059e4    00000034     libc.a : fopen.c.obj (.text.__TI_cleanup)
                  00005a18    00000034     libsysbm.a : trgmsg.c.obj (.text.__TI_readmsg)
                  00005a4c    00000034                : trgmsg.c.obj (.text.__TI_writemsg)
                  00005a80    00000034     libc.a : exit.c.obj (.text.exit)
                  00005ab4    00000034            : getdevice.c.obj (.text.finddevice)
                  00005ae8    00000030     msp_peripheral_config.o (.text.DL_GPIO_initDigitalOutputFeatures)
                  00005b18    00000030     axon_routine.o (.text.DL_GPIO_writePinsVal)
                  00005b48    00000030     s2a_packet.o (.text.DL_GPIO_writePinsVal)
                  00005b78    00000030     libc.a : _printfi.c.obj (.text._fcpy)
                  00005ba8    0000002e     ti_msp_dl_config.o (.text.DL_AES_init)
                  00005bd6    0000002c     msp_peripheral_config.o (.text.SYSCFG_DL_init)
                  00005c02    00000002     --HOLE-- [fill = 0]
                  00005c04    0000002c     main.o (.text.__NVIC_ClearPendingIRQ)
                  00005c30    0000002c     axon_routine.o (.text.__NVIC_EnableIRQ)
                  00005c5c    0000002c     main.o (.text.__NVIC_EnableIRQ)
                  00005c88    0000002c     msp_peripheral_config.o (.text.__NVIC_EnableIRQ)
                  00005cb4    0000002c     s2a_packet.o (.text.__NVIC_EnableIRQ)
                  00005ce0    0000002c     libclang_rt.builtins.a : floatsidf.S.obj (.text.__floatsidf)
                  00005d0c    0000002c     libsysbm.a : unlink.c.obj (.text.unlink)
                  00005d38    00000028     msp_peripheral_config.o (.text.DL_Common_updateReg)
                  00005d60    00000028     ti_msp_dl_config.o (.text.DL_Common_updateReg)
                  00005d88    00000028     msp_peripheral_config.o (.text.DL_SYSTICK_init)
                  00005db0    00000028     ti_msp_dl_config.o (.text.DL_TRNG_setDecimationRate)
                  00005dd8    00000028     msp_peripheral_config.o (.text.DL_UART_setRXFIFOThreshold)
                  00005e00    00000028     msp_peripheral_config.o (.text.DL_UART_setTXFIFOThreshold)
                  00005e28    00000028     ti_msp_dl_config.o (.text.SYSCFG_DL_CRC_init)
                  00005e50    00000028     libc.a : memory.c.obj (.text.free_list_insert)
                  00005e78    00000028     libsysbm.a : lseek.c.obj (.text.lseek)
                  00005ea0    00000028                : write.c.obj (.text.write)
                  00005ec8    00000028     libc.a : boot_cortex_m.c.obj (.text:_c_int00_noargs)
                  00005ef0    00000024     ti_msp_dl_config.o (.text.DL_CRC_setSeed16)
                  00005f14    00000024     ti_msp_dl_config.o (.text.DL_TRNG_sendCommand)
                  00005f38    00000024     libclang_rt.builtins.a : muldi3.S.obj (.text.__muldi3)
                  00005f5c    00000024     axon_routine.o (.text._set_solenoid_pins)
                  00005f80    00000022     libc.a : memccpy.c.obj (.text.memccpy)
                  00005fa2    00000002     --HOLE-- [fill = 0]
                  00005fa4    00000020     msp_peripheral_config.o (.text.DL_GPIO_initPeripheralInputFunction)
                  00005fc4    0000001e     libclang_rt.builtins.a : ashldi3.S.obj (.text.__ashldi3)
                  00005fe2    00000002     --HOLE-- [fill = 0]
                  00005fe4    0000001c     msp_peripheral_config.o (.text.DL_GPIO_clearInterruptStatus)
                  00006000    0000001c     msp_peripheral_config.o (.text.DL_GPIO_enableInterrupt)
                  0000601c    0000001c     msp_peripheral_config.o (.text.DL_GPIO_initDigitalInput)
                  00006038    0000001c     msp_peripheral_config.o (.text.DL_GPIO_initPeripheralOutputFunction)
                  00006054    0000001c     msp_peripheral_config.o (.text.DL_GPIO_setLowerPinsPolarity)
                  00006070    0000001c     isr.o (.text.DL_Interrupt_getPendingGroup)
                  0000608c    0000001c     ti_msp_dl_config.o (.text.DL_SYSCTL_setSYSOSCFreq)
                  000060a8    0000001c     driverlib.a : dl_timer.o (.text.DL_Timer_setCaptCompUpdateMethod)
                  000060c4    0000001c                 : dl_timer.o (.text.DL_Timer_setClockConfig)
                  000060e0    0000001c     msp_peripheral_config.o (.text.DL_UART_enableInterrupt)
                  000060fc    0000001c     axon_routine.o (.text.axon_status_latch_coin)
                  00006118    0000001c     axon_routine.o (.text.axon_status_latch_dial)
                  00006134    0000001c     axon_routine.o (.text.axon_status_latch_escrow)
                  00006150    0000001c     libc.a : memory.c.obj (.text.free_list_remove)
                  0000616c    00000018     msp_peripheral_config.o (.text.DL_AES_enablePower)
                  00006184    00000018     msp_peripheral_config.o (.text.DL_AES_reset)
                  0000619c    00000018     msp_peripheral_config.o (.text.DL_CRC_enablePower)
                  000061b4    00000018     msp_peripheral_config.o (.text.DL_CRC_reset)
                  000061cc    00000018     msp_peripheral_config.o (.text.DL_GPIO_enableOutput)
                  000061e4    00000018     msp_peripheral_config.o (.text.DL_GPIO_enablePower)
                  000061fc    00000018     msp_peripheral_config.o (.text.DL_GPIO_reset)
                  00006214    00000018     s2a_packet.o (.text.DL_GPIO_setPins)
                  0000622c    00000018     msp_peripheral_config.o (.text.DL_GPIO_setUpperPinsPolarity)
                  00006244    00000018     ti_msp_dl_config.o (.text.DL_SYSCTL_setBORThreshold)
                  0000625c    00000018     ti_msp_dl_config.o (.text.DL_TRNG_clearInterruptStatus)
                  00006274    00000018     msp_peripheral_config.o (.text.DL_TRNG_enablePower)
                  0000628c    00000018     ti_msp_dl_config.o (.text.DL_TRNG_isCommandDone)
                  000062a4    00000018     msp_peripheral_config.o (.text.DL_TRNG_reset)
                  000062bc    00000018     ti_msp_dl_config.o (.text.DL_TRNG_setClockDivider)
                  000062d4    00000018     msp_peripheral_config.o (.text.DL_Timer_enablePower)
                  000062ec    00000018     msp_peripheral_config.o (.text.DL_Timer_reset)
                  00006304    00000018     driverlib.a : dl_timer.o (.text.DL_Timer_setCaptureCompareOutCtl)
                  0000631c    00000018     msp_peripheral_config.o (.text.DL_UART_enableFIFOs)
                  00006334    00000018     msp_peripheral_config.o (.text.DL_UART_enablePower)
                  0000634c    00000018     soma_uart_test.o (.text.DL_UART_isBusy)
                  00006364    00000018     axon_routine.o (.text.DL_UART_isRXFIFOEmpty)
                  0000637c    00000018     isr.o (.text.DL_UART_isRXFIFOEmpty)
                  00006394    00000018     soma_uart_test.o (.text.DL_UART_isTXFIFOEmpty)
                  000063ac    00000018     msp_peripheral_config.o (.text.DL_UART_reset)
                  000063c4    00000016     isr.o (.text.DL_GPIO_readPins)
                  000063da    00000016     msp_peripheral_config.o (.text.DL_UART_enable)
                  000063f0    00000016     soma_uart_test.o (.text.DL_UART_transmitData)
                  00006406    00000016     ti_msp_dl_config.o (.text.SYSCFG_DL_SYSCTL_init)
                  0000641c    00000016     libc.a : copy_zero_init.c.obj (.text:decompress:ZI:__TI_zero_init_nomemset)
                  00006432    00000014     msp_peripheral_config.o (.text.DL_GPIO_clearPins)
                  00006446    00000014     s2a_packet.o (.text.DL_GPIO_clearPins)
                  0000645a    00000002     --HOLE-- [fill = 0]
                  0000645c    00000014     msp_peripheral_config.o (.text.DL_Timer_enableClock)
                  00006470    00000014     msp_peripheral_config.o (.text.DL_Timer_setCCPDirection)
                  00006484    00000014     axon_routine.o (.text.DL_UART_receiveData)
                  00006498    00000014     isr.o (.text.DL_UART_receiveData)
                  000064ac    00000014     ti_msp_dl_config.o (.text.SYSCFG_DL_AES_init)
                  000064c0    00000014     msp_peripheral_config.o (.text.SYSCFG_DL_SYSTICK_init)
                  000064d4    00000014     libclang_rt.builtins.a : aeabi_uldivmod.S.obj (.text.__aeabi_uldivmod)
                  000064e8    00000014     s2a_packet.o (.text.axon_status_clear_event_latches)
                  000064fc    00000014     libc.a : _printfi.c.obj (.text.strchr)
                  00006510    00000012     isr.o (.text.DL_GPIO_getPendingInterrupt)
                  00006522    00000012     isr.o (.text.DL_UART_getPendingInterrupt)
                  00006534    00000012     driverlib.a : dl_uart.o (.text.DL_UART_setClockConfig)
                  00006546    00000012     libc.a : memcpy16.S.obj (.text:TI_memcpy_small)
                  00006558    00000012            : copy_decompress_none.c.obj (.text:decompress:none)
                  0000656a    00000002     --HOLE-- [fill = 0]
                  0000656c    00000010     main.o (.text.DL_SYSCTL_disableSleepOnExit)
                  0000657c    00000010     msp_peripheral_config.o (.text.DL_SYSTICK_enable)
                  0000658c    00000010     msp_peripheral_config.o (.text.DL_SYSTICK_enableInterrupt)
                  0000659c    00000010     driverlib.a : dl_timer.o (.text.DL_Timer_setCaptureCompareValue)
                  000065ac    00000010     isr.o (.text.SysTick_Handler)
                  000065bc    00000010     s2a_packet.o (.text.generate_dic_from_serial)
                  000065cc    00000010     libc.a : wcslen.c.obj (.text.wcslen)
                  000065dc    0000000e            : memory.c.obj (.text.OUTLINED_FUNCTION_0)
                  000065ea    00000002     --HOLE-- [fill = 0]
                  000065ec    0000000e     libclang_rt.builtins.a : aeabi_memset.S.obj (.text.__aeabi_memset)
                  000065fa    0000000e     libsysbm.a : hostrename.c.obj (.text.strcpy)
                  00006608    0000000e     libc.a : _printfi.c.obj (.text.strlen)
                  00006616    0000000e     libsysbm.a : hostrename.c.obj (.text.strlen)
                  00006624    0000000e     libc.a : memset16.S.obj (.text:TI_memset_small)
                  00006632    00000002     --HOLE-- [fill = 0]
                  00006634    0000000c     libclang_rt.builtins.a : aeabi_memset.S.obj (.text.__aeabi_memclr)
                  00006640    0000000c     isr.o (.text.get_systick_count_ms)
                  0000664c    0000000c     libc.a : memory.c.obj (.text.malloc)
                  00006658    0000000a     driverlib.a : dl_common.o (.text.DL_Common_delayCycles)
                  00006662    0000000a     libc.a : _printfi.c.obj (.text.OUTLINED_FUNCTION_0)
                  0000666c    00000010     libclang_rt.builtins.a : adddf3.S.obj (.tramp.__aeabi_dsub.1)
                  0000667c    0000000a     libc.a : _printfi.c.obj (.text.OUTLINED_FUNCTION_1)
                  00006686    00000002     --HOLE-- [fill = 0]
                  00006688    00000008            : aeabi_portable.c.obj (.text.__aeabi_errno_addr)
                  00006690    00000008     libclang_rt.builtins.a : aeabi_memcpy.S.obj (.text.__aeabi_memcpy)
                  00006698    00000008     libc.a : printf.c.obj (.text._outc)
                  000066a0    00000008            : printf.c.obj (.text._outs)
                  000066a8    00000008            : fseek.c.obj (.text.fseek)
                  000066b0    00000008     libsysbm.a : remove.c.obj (.text.remove)
                  000066b8    00000006     libc.a : exit.c.obj (.text:abort)
                  000066be    00000004     startup_mspm0g350x_ticlang.o (.text.Default_Handler)
                  000066c2    00000004     libsysbm.a : hostexit.c.obj (.text.HOSTexit)
                  000066c6    00000004     startup_mspm0g350x_ticlang.o (.text.Reset_Handler)
                  000066ca    00000002     --HOLE-- [fill = 0]
                  000066cc    00000010     libc.a : boot_cortex_m.c.obj (.tramp._c_int00_noargs.1)
                  000066dc    00000004            : pre_init.c.obj (.text._system_pre_init)

.cinit     0    00007470    00000090     
                  00007470    00000067     (.cinit..data.load) [load image, compression = lzss]
                  000074d7    00000001     --HOLE-- [fill = 0]
                  000074d8    0000000c     (__TI_handler_table)
                  000074e4    00000008     (.cinit..bss.load) [load image, compression = zero_init]
                  000074ec    00000010     (__TI_cinit_table)
                  000074fc    00000004     --HOLE-- [fill = 0]

.rodata    0    000066e0    00000d90     
                  000066e0    00000101     libc.a : aeabi_ctype.S.obj (.rodata:__aeabi_ctype_table_)
                  000067e1    00000057     s2a_packet.o (.rodata.str1.11651614510642161048.1)
                  00006838    00000057     s2a_packet.o (.rodata.str1.15197212992152432442.1)
                  0000688f    00000056     axon_routine.o (.rodata.str1.8258637299588388763.1)
                  000068e5    00000054     s2a_packet.o (.rodata.str1.16803544732971382213.1)
                  00006939    0000004f     s2a_packet.o (.rodata.str1.4159314087998852219.1)
                  00006988    0000004c     s2a_packet.o (.rodata.str1.14054255457577735801.1)
                  000069d4    00000048     s2a_packet.o (.rodata.str1.10890815327036374194.1)
                  00006a1c    00000048     axon_routine.o (.rodata.str1.15118044987308954884.1)
                  00006a64    00000048     s2a_packet.o (.rodata.str1.16030559404050719370.1)
                  00006aac    00000048     axon_routine.o (.rodata.str1.2270063357212707462.1)
                  00006af4    00000047     axon_routine.o (.rodata.str1.1535501348467637105.1)
                  00006b3b    00000046     axon_routine.o (.rodata.str1.15236533513612612620.1)
                  00006b81    00000046     axon_routine.o (.rodata.str1.2599456037057767628.1)
                  00006bc7    00000045     axon_routine.o (.rodata.str1.5217963321059601915.1)
                  00006c0c    00000043     axon_routine.o (.rodata.str1.1129973263054448079.1)
                  00006c4f    00000043     axon_routine.o (.rodata.str1.12177618139265334924.1)
                  00006c92    00000043     axon_routine.o (.rodata.str1.16593486521574237178.1)
                  00006cd5    00000042     axon_routine.o (.rodata.str1.8015938219588661503.1)
                  00006d17    00000041     axon_routine.o (.rodata.str1.2074935598029988253.1)
                  00006d58    0000003f     s2a_packet.o (.rodata.str1.1054621812687617865.1)
                  00006d97    0000003f     isr.o (.rodata.str1.13602985083408752662.1)
                  00006dd6    0000003f     isr.o (.rodata.str1.14035627306564887214.1)
                  00006e15    0000003e     axon_routine.o (.rodata.str1.15036354999781039871.1)
                  00006e53    0000003d     s2a_packet.o (.rodata.str1.5329389233474239785.1)
                  00006e90    0000003c     axon_routine.o (.rodata.str1.3638916923994497832.1)
                  00006ecc    0000003b     s2a_packet.o (.rodata.str1.5067886651696817237.1)
                  00006f07    0000003a     axon_routine.o (.rodata.str1.15874351959947230243.1)
                  00006f41    00000038     soma_axon_comm_test.o (.rodata.str1.16888641032759933111.1)
                  00006f79    00000038     s2a_packet.o (.rodata.str1.7794559651614773169.1)
                  00006fb1    00000036     axon_routine.o (.rodata.str1.5476353031723877597.1)
                  00006fe7    00000035     axon_routine.o (.rodata.str1.7302185608925382041.1)
                  0000701c    00000033     axon_routine.o (.rodata.str1.16053131213386362138.1)
                  0000704f    00000032     axon_routine.o (.rodata.str1.10493685005624297193.1)
                  00007081    00000032     axon_routine.o (.rodata.str1.13649928279134707410.1)
                  000070b3    00000031     s2a_packet.o (.rodata.str1.9534252372474839467.1)
                  000070e4    0000002e     axon_routine.o (.rodata.str1.3546071986206203703.1)
                  00007112    0000002d     axon_routine.o (.rodata.str1.16275428374102274200.1)
                  0000713f    0000002d     axon_routine.o (.rodata.str1.18265383181475724439.1)
                  0000716c    0000002c     s2a_packet.o (.rodata.str1.12313492030069750346.1)
                  00007198    0000002c     axon_routine.o (.rodata.str1.13014566616985041789.1)
                  000071c4    0000002b     axon_routine.o (.rodata.str1.11153631872926489556.1)
                  000071ef    0000002b     axon_routine.o (.rodata.str1.5730828695261872317.1)
                  0000721a    0000002b     soma_axon_comm_test.o (.rodata.str1.9961456443828157440.1)
                  00007245    00000029     axon_routine.o (.rodata.str1.11944515220965031412.1)
                  0000726e    00000021     axon_routine.o (.rodata.str1.10537736000623303156.1)
                  0000728f    00000001     --HOLE-- [fill = 0]
                  00007290    00000020     axon_routine.o (.rodata..L__const.axon_routine_main.btn1_ctx)
                  000072b0    00000020     axon_routine.o (.rodata..L__const.axon_routine_main.btn2_ctx)
                  000072d0    0000001f     axon_routine.o (.rodata.str1.10607366127034335297.1)
                  000072ef    00000001     --HOLE-- [fill = 0]
                  000072f0    0000001e     s2a_packet.o (.rodata..L__const.axon_handle_setaxon.timeout_table)
                  0000730e    0000001e     soma_axon_comm_test.o (.rodata.str1.17163733150804281806.1)
                  0000732c    0000001b     axon_routine.o (.rodata.str1.17620752597607741984.1)
                  00007347    0000001a     axon_routine.o (.rodata.str1.1234886190650109128.1)
                  00007361    00000018     axon_routine.o (.rodata.str1.5315017142325176683.1)
                  00007379    00000017     axon_routine.o (.rodata.str1.16547747785913852269.1)
                  00007390    00000016     axon_routine.o (.rodata.str1.13170470843846142408.1)
                  000073a6    00000011     libc.a : _printfi.c.obj (.rodata.str1.10348868589481759720.1)
                  000073b7    00000011            : _printfi.c.obj (.rodata.str1.15363888844622738466.1)
                  000073c8    00000010     s2a_packet.o (.rodata.axon_handle_setaxon.timeout_map)
                  000073d8    00000008     msp_peripheral_config.o (.rodata.g_TIMA_LED_PWM_CONFIG)
                  000073e0    00000008     msp_peripheral_config.o (.rodata.g_TIMG_LED_PWM_CONFIG)
                  000073e8    00000008     axon_routine.o (.rodata.str1.110982908963535873.1)
                  000073f0    00000008     axon_routine.o (.rodata.str1.15390643519349431490.1)
                  000073f8    00000008     soma_axon_comm_test.o (.rodata.str1.16019993927173311506.1)
                  00007400    00000008     soma_axon_comm_test.o (.rodata.str1.4563888346566811793.1)
                  00007408    00000008     soma_axon_comm_test.o (.rodata.str1.6155995108037416659.1)
                  00007410    00000008     soma_axon_comm_test.o (.rodata.str1.736556590954446019.1)
                  00007418    00000008     soma_axon_comm_test.o (.rodata.str1.8298861297467414673.1)
                  00007420    00000007     soma_axon_comm_test.o (.rodata.str1.15543427717675474179.1)
                  00007427    00000007     soma_axon_comm_test.o (.rodata.str1.16196245222610423718.1)
                  0000742e    00000007     soma_axon_comm_test.o (.rodata.str1.4979646705443735783.1)
                  00007435    00000007     soma_axon_comm_test.o (.rodata.str1.7589549447101528093.1)
                  0000743c    00000006     s2a_packet.o (.rodata.axon_serial_number)
                  00007442    00000006     soma_axon_comm_test.o (.rodata.str1.14803114291648115125.1)
                  00007448    00000006     soma_axon_comm_test.o (.rodata.str1.7247368328196744947.1)
                  0000744e    00000005     soma_axon_comm_test.o (.rodata.str1.1937060561350349321.1)
                  00007453    00000004     soma_axon_comm_test.o (.rodata.str1.14413332638274022860.1)
                  00007457    00000004     soma_axon_comm_test.o (.rodata.str1.14700453761544015464.1)
                  0000745b    00000003     msp_peripheral_config.o (.rodata.g_TIMA_LED_CLOCK_CONFIG)
                  0000745e    00000003     msp_peripheral_config.o (.rodata.g_TIMG_LED_CLOCK_CONFIG)
                  00007461    00000003     axon_routine.o (.rodata.str1.18362543123880482347.1)
                  00007464    0000000c     --HOLE-- [fill = 0]

.init_array 
*          0    00000000    00000000     UNINITIALIZED

.binit     0    00000000    00000000     

.data      0    20200000    00000b2f     UNINITIALIZED
                  20200000    00000800     s2a_packet.o (.data.axon_handle_codepkt.g_fw_buffer)
                  20200800    000000f0     libc.a : defs.c.obj (.data._ftable)
                  202008f0    00000078     libsysbm.a : host_device.c.obj (.data._device)
                  20200968    00000050                : host_device.c.obj (.data._stream)
                  202009b8    0000003c     soma_axon_comm_test.o (.data.g_test_stats)
                  202009f4    00000022     axon_routine.o (.data.g_debug_log)
                  20200a16    00000020     s2a_packet.o (.data.debug_atirq_encrypted)
                  20200a36    00000020     s2a_packet.o (.data.debug_atirq_plain)
                  20200a56    00000012     axon_routine.o (.data.g_axon_status_shared)
                  20200a68    00000010     s2a_packet.o (.data.axon_handle_setokey.g_operation_key)
                  20200a78    00000010     axon_routine.o (.data.g_axon_state)
                  20200a88    00000008     libc.a : exit.c.obj (.data..L_MergedGlobals)
                  20200a90    00000005     soma_axon_comm_test.o (.data.g_test_config)
                  20200a95    00000001     s2a_packet.o (.data.axon_handle_afwup.g_fw_update_mode)
                  20200a96    00000002     s2a_packet.o (.data.debug_crc_calc)
                  20200a98    00000004     libc.a : defs.c.obj (.data.__TI_ft_end)
                  20200a9c    00000004            : aeabi_portable.c.obj (.data.__aeabi_errno)
                  20200aa0    00000004            : _lock.c.obj (.data._lock)
                  20200aa4    00000004            : _lock.c.obj (.data._unlock)
                  20200aa8    00000004     axon_routine.o (.data.axon_routine_main.both_press_start)
                  20200aac    00000004     axon_routine.o (.data.axon_routine_main.last_blink_toggle)
                  20200ab0    00000004     axon_routine.o (.data.axon_routine_main.release_candidate_time1)
                  20200ab4    00000004     axon_routine.o (.data.axon_routine_main.release_candidate_time2)
                  20200ab8    00000004     axon_routine.o (.data.axon_routine_main.retry_last_send_time)
                  20200abc    00000004     soma_uart_test.o (.data.debug_byte1_ng_count)
                  20200ac0    00000004     s2a_packet.o (.data.debug_chkirq_call_count)
                  20200ac4    00000004     s2a_packet.o (.data.debug_cmd_ng_count)
                  20200ac8    00000004     soma_uart_test.o (.data.debug_complete_count)
                  20200acc    00000004     s2a_packet.o (.data.debug_crc_ng_count)
                  20200ad0    00000004     soma_uart_test.o (.data.debug_fifo_empty_count)
                  20200ad4    00000004     soma_uart_test.o (.data.debug_framing_error_count)
                  20200ad8    00000004     s2a_packet.o (.data.debug_header_ng_count)
                  20200adc    00000004     soma_uart_test.o (.data.debug_iidx_value)
                  20200ae0    00000004     soma_uart_test.o (.data.debug_isr_call_count)
                  20200ae4    00000004     s2a_packet.o (.data.debug_led_event_count)
                  20200ae8    00000004     s2a_packet.o (.data.debug_len_ng_count)
                  20200aec    00000004     soma_uart_test.o (.data.debug_overrun_count)
                  20200af0    00000004     soma_uart_test.o (.data.debug_rx_count)
                  20200af4    00000004     soma_uart_test.o (.data.debug_rxdata_raw_value)
                  20200af8    00000004     s2a_packet.o (.data.debug_send_ok_count)
                  20200afc    00000004     soma_uart_test.o (.data.debug_sync_reset_count)
                  20200b00    00000004     soma_uart_test.o (.data.debug_uart_stat_value)
                  20200b04    00000004     s2a_packet.o (.data.g_fw_last_address)
                  20200b08    00000004     s2a_packet.o (.data.g_fw_total_crc)
                  20200b0c    00000004     axon_routine.o (.data.g_irq_pulse_start_time)
                  20200b10    00000004     isr.o (.data.g_systick_count)
                  20200b14    00000002     s2a_packet.o (.data.debug_crc_recv)
                  20200b16    00000001     s2a_packet.o (.data.axon_handle_errchk.g_fw_update_complete)
                  20200b17    00000001     axon_routine.o (.data.axon_routine_main.both_buttons_pressed)
                  20200b18    00000001     axon_routine.o (.data.axon_routine_main.both_release_lockout)
                  20200b19    00000001     axon_routine.o (.data.axon_routine_main.prev_blink_mode)
                  20200b1a    00000001     axon_routine.o (.data.axon_routine_main.release_candidate1)
                  20200b1b    00000001     axon_routine.o (.data.axon_routine_main.release_candidate2)
                  20200b1c    00000001     soma_uart_test.o (.data.debug_byte1)
                  20200b1d    00000001     s2a_packet.o (.data.debug_decrypted_id)
                  20200b1e    00000001     soma_uart_test.o (.data.debug_last_byte)
                  20200b1f    00000001     soma_uart_test.o (.data.debug_rx_index)
                  20200b20    00000001     soma_uart_test.o (.data.frame_received)
                  20200b21    00000001     s2a_packet.o (.data.g_cmd_recv_toggle)
                  20200b22    00000001     axon_routine.o (.data.g_irq_pulse_pending)
                  20200b23    00000001     axon_routine.o (.data.g_left_amount)
                  20200b24    00000001     axon_routine.o (.data.g_pending_left_amount)
                  20200b25    00000001     axon_routine.o (.data.g_pending_left_updated)
                  20200b26    00000001     axon_routine.o (.data.g_pending_right_amount)
                  20200b27    00000001     axon_routine.o (.data.g_pending_right_updated)
                  20200b28    00000001     axon_routine.o (.data.g_retry_pending)
                  20200b29    00000001     axon_routine.o (.data.g_right_amount)
                  20200b2a    00000001     isr.o (.data.rx_complete_ready)
                  20200b2b    00000001     soma_uart_test.o (.data.rx_index)
                  20200b2c    00000001     libc.a : memory.c.obj (.data.memory_is_initialized)
                  20200b2d    00000001     soma_uart_test.o (.data.rx_variable_length)
                  20200b2e    00000001     soma_uart_test.o (.data.rx_variable_ready)

.sysmem    0    20200b30    00000800     UNINITIALIZED
                  20200b30    00000010     libc.a : memory.c.obj (.sysmem)
                  20200b40    000007f0     --HOLE--

.bss       0    20201330    000002dc     UNINITIALIZED
                  20201330    00000120     libsysbm.a : trgmsg.c.obj (.bss:_CIOBUF_)
                  20201450    000000a0     libc.a : defs.c.obj (.bss.__TI_tmpnams)
                  202014f0    00000028     (.common:rx_variable_frame)
                  20201518    00000024     (.common:rx_complete_frame)
                  2020153c    00000024     (.common:rx_frame)
                  20201560    00000014     (.common:g_button_1_event)
                  20201574    00000014     (.common:g_button_2_event)
                  20201588    00000014     (.common:g_coindet_event)
                  2020159c    00000014     (.common:g_connector_event)
                  202015b0    00000014     (.common:g_door_event)
                  202015c4    00000014     (.common:g_escrow_event)
                  202015d8    00000014     (.common:g_rotary_event)
                  202015ec    00000014     (.common:g_soldout_event)
                  20201600    00000008     libsysbm.a : hostopen.c.obj (.bss.parmbuf)
                  20201608    00000004     libc.a : memory.c.obj (.bss.sys_free)

.stack     0    20207e00    00000200     UNINITIALIZED
                  20207e00    00000004     libc.a : boot_cortex_m.c.obj (.stack)
                  20207e04    000001fc     --HOLE--

__llvm_prf_cnts 
*          0    20200000    00000000     UNINITIALIZED

__llvm_prf_bits 
*          0    20200000    00000000     UNINITIALIZED

MODULE SUMMARY

       Module                         code    ro data   rw data
       ------                         ----    -------   -------
    .\
       axon_routine.o                 4378    1856      265    
       isr.o                          1226    126       41     
       soma_axon_comm_test.o          700     222       65     
       ti_msp_dl_config.o             524     0         0      
       soma_uart_test.o               262     0         127    
       main.o                         230     0         0      
       startup_mspm0g350x_ticlang.o   8       192       0      
    +--+------------------------------+-------+---------+---------+
       Total:                         7328    2396      498    
                                                               
    .\peripheral\
       msp_peripheral_config.o        2588    22        0      
    +--+------------------------------+-------+---------+---------+
       Total:                         2588    22        0      
                                                               
    .\protocol\src\
       s2a_packet.o                   5188    941       2172   
    +--+------------------------------+-------+---------+---------+
       Total:                         5188    941       2172   
                                                               
    C:/ti/mspm0_sdk_2_06_00_05/source/ti/driverlib/lib/ticlang/m0p/mspm0g1x0x_g3x0x/driverlib.a
       dl_timer.o                     356     0         0      
       dl_uart.o                      218     0         0      
       dl_common.o                    10      0         0      
    +--+------------------------------+-------+---------+---------+
       Total:                         584     0         0      
                                                               
    C:\ti\ccs2030\ccs\tools\compiler\ti-cgt-armllvm_4.0.3.LTS\lib\armv6m-ti-none-eabi/c/libc.a
       _printfi.c.obj                 4510    34        0      
       memory.c.obj                   702     0         5      
       defs.c.obj                     0       0         404    
       aeabi_ctype.S.obj              0       257       0      
       fputs.c.obj                    248     0         0      
       setvbuf.c.obj                  224     0         0      
       s_scalbn.c.obj                 216     0         0      
       getdevice.c.obj                160     0         0      
       fputc.c.obj                    156     0         0      
       strcmp-armv6m.S.obj            136     0         0      
       copy_decompress_lzss.c.obj     124     0         0      
       fclose.c.obj                   124     0         0      
       fseek.c.obj                    116     0         0      
       printf.c.obj                   108     0         0      
       _io_perm.c.obj                 100     0         0      
       s_frexp.c.obj                  92      0         0      
       _ltoa.c.obj                    88      0         0      
       fflush.c.obj                   82      0         0      
       exit.c.obj                     58      0         8      
       atoi.c.obj                     64      0         0      
       autoinit.c.obj                 60      0         0      
       boot_cortex_m.c.obj            56      0         0      
       fopen.c.obj                    52      0         0      
       memccpy.c.obj                  34      0         0      
       copy_zero_init.c.obj           22      0         0      
       copy_decompress_none.c.obj     18      0         0      
       memcpy16.S.obj                 18      0         0      
       wcslen.c.obj                   16      0         0      
       memset16.S.obj                 14      0         0      
       aeabi_portable.c.obj           8       0         4      
       _lock.c.obj                    2       0         8      
       pre_init.c.obj                 4       0         0      
    +--+------------------------------+-------+---------+---------+
       Total:                         7612    291       429    
                                                               
    C:\ti\ccs2030\ccs\tools\compiler\ti-cgt-armllvm_4.0.3.LTS\lib\armv6m-ti-none-eabi/c/libsysbm.a
       trgmsg.c.obj                   104     0         288    
       host_device.c.obj              0       0         200    
       hostrename.c.obj               136     0         0      
       hostlseek.c.obj                108     0         0      
       hostopen.c.obj                 96      0         8      
       hostread.c.obj                 88      0         0      
       hostwrite.c.obj                88      0         0      
       close.c.obj                    80      0         0      
       hostclose.c.obj                72      0         0      
       hostunlink.c.obj               72      0         0      
       unlink.c.obj                   44      0         0      
       lseek.c.obj                    40      0         0      
       write.c.obj                    40      0         0      
       remove.c.obj                   8       0         0      
       hostexit.c.obj                 4       0         0      
    +--+------------------------------+-------+---------+---------+
       Total:                         980     0         496    
                                                               
    C:\ti\ccs2030\ccs\tools\compiler\ti-cgt-armllvm_4.0.3.LTS\lib\armv6m-ti-none-eabi/libclang_rt.builtins.a
       adddf3.S.obj                   418     0         0      
       divdf3.S.obj                   268     0         0      
       muldf3.S.obj                   228     0         0      
       comparedf2.c.obj               220     0         0      
       udivmoddi4.S.obj               162     0         0      
       aeabi_dcmp.S.obj               98      0         0      
       aeabi_idivmod.S.obj            86      0         0      
       fixdfsi.S.obj                  74      0         0      
       aeabi_uidivmod.S.obj           64      0         0      
       muldsi3.S.obj                  58      0         0      
       floatsidf.S.obj                44      0         0      
       muldi3.S.obj                   36      0         0      
       ashldi3.S.obj                  30      0         0      
       aeabi_memset.S.obj             26      0         0      
       aeabi_uldivmod.S.obj           20      0         0      
       aeabi_memcpy.S.obj             8       0         0      
       aeabi_div0.c.obj               4       0         0      
    +--+------------------------------+-------+---------+---------+
       Total:                         1844    0         0      
                                                               
       Heap:                          0       0         2048   
       Stack:                         0       0         512    
       Linker Generated:              0       139       0      
    +--+------------------------------+-------+---------+---------+
       Grand Total:                   26124   3789      6155   


LINKER GENERATED COPY TABLES

__TI_cinit_table @ 000074ec records: 2, size/record: 8, table size: 16
	.data: load addr=00007470, load size=00000067 bytes, run addr=20200000, run size=00000b2f bytes, compression=lzss
	.bss: load addr=000074e4, load size=00000008 bytes, run addr=20201330, run size=000002dc bytes, compression=zero_init


LINKER GENERATED HANDLER TABLE

__TI_handler_table @ 000074d8 records: 3, size/record: 4, table size: 12
	index: 0, handler: __TI_decompress_lzss
	index: 1, handler: __TI_decompress_none
	index: 2, handler: __TI_zero_init


FAR CALL TRAMPOLINES

callee name               trampoline name
   callee addr  tramp addr   call addr  call info
--------------  -----------  ---------  ----------------
__aeabi_dsub              $Tramp$TT$L$PI$$__aeabi_dsub
   00002e95     0000666c     0000666a   libc.a : _printfi.c.obj (.text.OUTLINED_FUNCTION_0)
_c_int00_noargs           $Tramp$TT$L$PI$$_c_int00_noargs
   00005ec9     000066cc     000066c6   startup_mspm0g350x_ticlang.o (.text.Reset_Handler)

[2 trampolines]
[2 trampoline calls]


GLOBAL SYMBOLS: SORTED ALPHABETICALLY BY Name 

address   name                            
-------   ----                            
000066bf  ADC0_IRQHandler                 
000066bf  ADC1_IRQHandler                 
000066bf  AES_IRQHandler                  
000066c2  C$$EXIT                         
00005a79  C$$IO$$                         
000066bf  CANFD0_IRQHandler               
000066bf  DAC0_IRQHandler                 
00006659  DL_Common_delayCycles           
000035ad  DL_Timer_initFourCCPWMMode      
000060a9  DL_Timer_setCaptCompUpdateMethod
00006305  DL_Timer_setCaptureCompareOutCtl
0000659d  DL_Timer_setCaptureCompareValue 
000060c5  DL_Timer_setClockConfig         
000047f9  DL_UART_configBaudRate          
0000548d  DL_UART_init                    
00006535  DL_UART_setClockConfig          
000066bf  DMA_IRQHandler                  
000066bf  Default_Handler                 
00003027  GROUP0_IRQHandler               
00002b05  GROUP1_IRQHandler               
000054d5  HOSTclose                       
000066c3  HOSTexit                        
00004b65  HOSTlseek                       
00004fe1  HOSTopen                        
000050f9  HOSTread                        
00004bd1  HOSTrename                      
0000551d  HOSTunlink                      
00005151  HOSTwrite                       
000066bf  HardFault_Handler               
000066bf  I2C0_IRQHandler                 
000066bf  I2C1_IRQHandler                 
000066bf  NMI_Handler                     
000066bf  PendSV_Handler                  
000066bf  RTC_IRQHandler                  
000066c7  Reset_Handler                   
000066bf  SPI0_IRQHandler                 
000066bf  SPI1_IRQHandler                 
000066bf  SVC_Handler                     
000064ad  SYSCFG_DL_AES_init              
00005e29  SYSCFG_DL_CRC_init              
00001ffd  SYSCFG_DL_GPIO_init             
00006407  SYSCFG_DL_SYSCTL_init           
000064c1  SYSCFG_DL_SYSTICK_init          
00005639  SYSCFG_DL_TRNG_init             
00005bd7  SYSCFG_DL_init                  
00004489  SYSCFG_DL_initPower             
000065ad  SysTick_Handler                 
000066bf  TIMA0_IRQHandler                
000066bf  TIMA1_IRQHandler                
000066bf  TIMG0_IRQHandler                
000066bf  TIMG12_IRQHandler               
000066bf  TIMG6_IRQHandler                
000066bf  TIMG7_IRQHandler                
000066bf  TIMG8_IRQHandler                
00006547  TI_memcpy_small                 
00006625  TI_memset_small                 
000022d1  UART0_IRQHandler                
000066bf  UART1_IRQHandler                
00003d6b  UART2_IRQHandler                
000066bf  UART3_IRQHandler                
20201330  _CIOBUF_                        
20201330  __CIOBUF_                       
20208000  __STACK_END                     
00000200  __STACK_SIZE                    
00000800  __SYSMEM_SIZE                   
00000000  __TI_ATRegion0_region_sz        
00000000  __TI_ATRegion0_src_addr         
00000000  __TI_ATRegion0_trg_addr         
00000000  __TI_ATRegion1_region_sz        
00000000  __TI_ATRegion1_src_addr         
00000000  __TI_ATRegion1_trg_addr         
00000000  __TI_ATRegion2_region_sz        
00000000  __TI_ATRegion2_src_addr         
00000000  __TI_ATRegion2_trg_addr         
000074ec  __TI_CINIT_Base                 
000074fc  __TI_CINIT_Limit                
000074fc  __TI_CINIT_Warm                 
000074d8  __TI_Handler_Table_Base         
000074e4  __TI_Handler_Table_Limit        
0000582d  __TI_auto_init_nobinit_nopinit  
000059e5  __TI_cleanup                    
20200a88  __TI_cleanup_ptr                
000049f9  __TI_closefile                  
00004a75  __TI_decompress_lzss            
00006559  __TI_decompress_none            
00005305  __TI_doflush                    
20200a8c  __TI_dtors_ptr                  
20200a98  __TI_ft_end                     
000051a9  __TI_ltoa                       
ffffffff  __TI_pprof_out_hndl             
00000bad  __TI_printfi                    
ffffffff  __TI_prof_data_size             
ffffffff  __TI_prof_data_start            
00005a19  __TI_readmsg                    
00000000  __TI_static_base__              
20201450  __TI_tmpnams                    
00005a4d  __TI_writemsg                   
00004eb5  __TI_wrt_ok                     
0000641d  __TI_zero_init_nomemset         
00002e9f  __adddf3                        
000066e0  __aeabi_ctype_table_            
000066e0  __aeabi_ctype_table_C           
000053f9  __aeabi_d2iz                    
00002e9f  __aeabi_dadd                    
00004f7d  __aeabi_dcmpeq                  
00004fb9  __aeabi_dcmpge                  
00004fcd  __aeabi_dcmpgt                  
00004fa5  __aeabi_dcmple                  
00004f91  __aeabi_dcmplt                  
00003399  __aeabi_ddiv                    
00003f3d  __aeabi_dmul                    
00002e95  __aeabi_dsub                    
20200a9c  __aeabi_errno                   
00006689  __aeabi_errno_addr              
00005ce1  __aeabi_i2d                     
00005259  __aeabi_idiv                    
000043e3  __aeabi_idiv0                   
00005259  __aeabi_idivmod                 
00004487  __aeabi_ldiv0                   
00005fc5  __aeabi_llsl                    
00005f39  __aeabi_lmul                    
00006635  __aeabi_memclr                  
00006635  __aeabi_memclr4                 
00006635  __aeabi_memclr8                 
00006691  __aeabi_memcpy                  
00006691  __aeabi_memcpy4                 
00006691  __aeabi_memcpy8                 
000065ed  __aeabi_memset                  
000065ed  __aeabi_memset4                 
000065ed  __aeabi_memset8                 
00005679  __aeabi_uidiv                   
00005679  __aeabi_uidivmod                
000064d5  __aeabi_uldivmod                
00005fc5  __ashldi3                       
ffffffff  __binit__                       
00004d81  __cmpdf2                        
00003399  __divdf3                        
00004d81  __eqdf2                         
000053f9  __fixdfsi                       
00005ce1  __floatsidf                     
00004af1  __gedf2                         
00004af1  __gtdf2                         
00004d81  __ledf2                         
00004d81  __ltdf2                         
UNDEFED   __mpu_init                      
00003f3d  __muldf3                        
00005f39  __muldi3                        
00005869  __muldsi3                       
00004d81  __nedf2                         
20207e00  __stack                         
20200000  __start___llvm_prf_bits         
20200000  __start___llvm_prf_cnts         
20200000  __stop___llvm_prf_bits          
20200000  __stop___llvm_prf_cnts          
00002e95  __subdf3                        
000043e5  __udivmoddi4                    
00005ec9  _c_int00_noargs                 
202008f0  _device                         
20200800  _ftable                         
20200aa0  _lock                           
000052af  _nop                            
20200968  _stream                         
20200b30  _sys_memory                     
UNDEFED   _system_post_cinit              
000066dd  _system_pre_init                
20200aa4  _unlock                         
000066b9  abort                           
00003285  aligned_alloc                   
000056b9  atoi                            
00003b95  axon_handle_afwup               
000036b1  axon_handle_axonrbt             
0000157d  axon_handle_chkirq              
00002749  axon_handle_codepkt             
000034a5  axon_handle_errchk              
00003c81  axon_handle_nop                 
00001c09  axon_handle_setaxon             
00004879  axon_handle_setokey             
000000c1  axon_routine_main               
00003aa5  axon_test_record_command        
000056f9  axon_test_record_crc_error      
00004661  axon_test_record_response       
ffffffff  binit                           
000053a9  close                           
20200a16  debug_atirq_encrypted           
20200a36  debug_atirq_plain               
20200b1c  debug_byte1                     
20200abc  debug_byte1_ng_count            
20200ac0  debug_chkirq_call_count         
20200ac4  debug_cmd_ng_count              
20200ac8  debug_complete_count            
20200a96  debug_crc_calc                  
20200acc  debug_crc_ng_count              
20200b14  debug_crc_recv                  
20200b1d  debug_decrypted_id              
20200ad0  debug_fifo_empty_count          
20200ad4  debug_framing_error_count       
20200ad8  debug_header_ng_count           
20200adc  debug_iidx_value                
20200ae0  debug_isr_call_count            
20200b1e  debug_last_byte                 
20200ae4  debug_led_event_count           
20200ae8  debug_len_ng_count              
20200aec  debug_overrun_count             
20200af0  debug_rx_count                  
20200b1f  debug_rx_index                  
20200af4  debug_rxdata_raw_value          
20200af8  debug_send_ok_count             
20200afc  debug_sync_reset_count          
20200b00  debug_uart_stat_value           
00005a81  exit                            
00005ab5  finddevice                      
000045c5  fputc                           
000038b9  fputs                           
20200b20  frame_received                  
00003e55  free                            
00005041  frexp                           
00005041  frexpl                          
000066a9  fseek                           
00004ca9  fseeko                          
20200a78  g_axon_state                    
20200a56  g_axon_status_shared            
20201560  g_button_1_event                
20201574  g_button_2_event                
20201588  g_coindet_event                 
2020159c  g_connector_event               
202009f4  g_debug_log                     
202015b0  g_door_event                    
202015c4  g_escrow_event                  
20200b23  g_left_amount                   
20200b24  g_pending_left_amount           
20200b25  g_pending_left_updated          
20200b26  g_pending_right_amount          
20200b27  g_pending_right_updated         
20200b28  g_retry_pending                 
20200b29  g_right_amount                  
202015d8  g_rotary_event                  
202015ec  g_soldout_event                 
20200b10  g_systick_count                 
00006641  get_systick_count_ms            
00004d15  getdevice                       
00000000  interruptVectors                
00004101  ldexp                           
00004101  ldexpl                          
00005e79  lseek                           
00005443  main                            
0000664d  malloc                          
00003285  memalign                        
00005f81  memccpy                         
20201600  parmbuf                         
0000509d  printf                          
000066b1  remove                          
20201518  rx_complete_frame               
20200b2a  rx_complete_ready               
2020153c  rx_frame                        
20200b2b  rx_index                        
202014f0  rx_variable_frame               
20200b2d  rx_variable_length              
20200b2e  rx_variable_ready               
00004101  scalbn                          
00004101  scalbnl                         
00004021  setvbuf                         
00004771  strcmp                          
00005739  uart_send_packet                
00004979  uart_send_packet_fast           
00005d0d  unlink                          
000055ad  update_segment_leds             
000065cd  wcslen                          
00005ea1  write                           


GLOBAL SYMBOLS: SORTED BY Symbol Address 

address   name                            
-------   ----                            
00000000  __TI_ATRegion0_region_sz        
00000000  __TI_ATRegion0_src_addr         
00000000  __TI_ATRegion0_trg_addr         
00000000  __TI_ATRegion1_region_sz        
00000000  __TI_ATRegion1_src_addr         
00000000  __TI_ATRegion1_trg_addr         
00000000  __TI_ATRegion2_region_sz        
00000000  __TI_ATRegion2_src_addr         
00000000  __TI_ATRegion2_trg_addr         
00000000  __TI_static_base__              
00000000  interruptVectors                
000000c1  axon_routine_main               
00000200  __STACK_SIZE                    
00000800  __SYSMEM_SIZE                   
00000bad  __TI_printfi                    
0000157d  axon_handle_chkirq              
00001c09  axon_handle_setaxon             
00001ffd  SYSCFG_DL_GPIO_init             
000022d1  UART0_IRQHandler                
00002749  axon_handle_codepkt             
00002b05  GROUP1_IRQHandler               
00002e95  __aeabi_dsub                    
00002e95  __subdf3                        
00002e9f  __adddf3                        
00002e9f  __aeabi_dadd                    
00003027  GROUP0_IRQHandler               
00003285  aligned_alloc                   
00003285  memalign                        
00003399  __aeabi_ddiv                    
00003399  __divdf3                        
000034a5  axon_handle_errchk              
000035ad  DL_Timer_initFourCCPWMMode      
000036b1  axon_handle_axonrbt             
000038b9  fputs                           
00003aa5  axon_test_record_command        
00003b95  axon_handle_afwup               
00003c81  axon_handle_nop                 
00003d6b  UART2_IRQHandler                
00003e55  free                            
00003f3d  __aeabi_dmul                    
00003f3d  __muldf3                        
00004021  setvbuf                         
00004101  ldexp                           
00004101  ldexpl                          
00004101  scalbn                          
00004101  scalbnl                         
000043e3  __aeabi_idiv0                   
000043e5  __udivmoddi4                    
00004487  __aeabi_ldiv0                   
00004489  SYSCFG_DL_initPower             
000045c5  fputc                           
00004661  axon_test_record_response       
00004771  strcmp                          
000047f9  DL_UART_configBaudRate          
00004879  axon_handle_setokey             
00004979  uart_send_packet_fast           
000049f9  __TI_closefile                  
00004a75  __TI_decompress_lzss            
00004af1  __gedf2                         
00004af1  __gtdf2                         
00004b65  HOSTlseek                       
00004bd1  HOSTrename                      
00004ca9  fseeko                          
00004d15  getdevice                       
00004d81  __cmpdf2                        
00004d81  __eqdf2                         
00004d81  __ledf2                         
00004d81  __ltdf2                         
00004d81  __nedf2                         
00004eb5  __TI_wrt_ok                     
00004f7d  __aeabi_dcmpeq                  
00004f91  __aeabi_dcmplt                  
00004fa5  __aeabi_dcmple                  
00004fb9  __aeabi_dcmpge                  
00004fcd  __aeabi_dcmpgt                  
00004fe1  HOSTopen                        
00005041  frexp                           
00005041  frexpl                          
0000509d  printf                          
000050f9  HOSTread                        
00005151  HOSTwrite                       
000051a9  __TI_ltoa                       
00005259  __aeabi_idiv                    
00005259  __aeabi_idivmod                 
000052af  _nop                            
00005305  __TI_doflush                    
000053a9  close                           
000053f9  __aeabi_d2iz                    
000053f9  __fixdfsi                       
00005443  main                            
0000548d  DL_UART_init                    
000054d5  HOSTclose                       
0000551d  HOSTunlink                      
000055ad  update_segment_leds             
00005639  SYSCFG_DL_TRNG_init             
00005679  __aeabi_uidiv                   
00005679  __aeabi_uidivmod                
000056b9  atoi                            
000056f9  axon_test_record_crc_error      
00005739  uart_send_packet                
0000582d  __TI_auto_init_nobinit_nopinit  
00005869  __muldsi3                       
000059e5  __TI_cleanup                    
00005a19  __TI_readmsg                    
00005a4d  __TI_writemsg                   
00005a79  C$$IO$$                         
00005a81  exit                            
00005ab5  finddevice                      
00005bd7  SYSCFG_DL_init                  
00005ce1  __aeabi_i2d                     
00005ce1  __floatsidf                     
00005d0d  unlink                          
00005e29  SYSCFG_DL_CRC_init              
00005e79  lseek                           
00005ea1  write                           
00005ec9  _c_int00_noargs                 
00005f39  __aeabi_lmul                    
00005f39  __muldi3                        
00005f81  memccpy                         
00005fc5  __aeabi_llsl                    
00005fc5  __ashldi3                       
000060a9  DL_Timer_setCaptCompUpdateMethod
000060c5  DL_Timer_setClockConfig         
00006305  DL_Timer_setCaptureCompareOutCtl
00006407  SYSCFG_DL_SYSCTL_init           
0000641d  __TI_zero_init_nomemset         
000064ad  SYSCFG_DL_AES_init              
000064c1  SYSCFG_DL_SYSTICK_init          
000064d5  __aeabi_uldivmod                
00006535  DL_UART_setClockConfig          
00006547  TI_memcpy_small                 
00006559  __TI_decompress_none            
0000659d  DL_Timer_setCaptureCompareValue 
000065ad  SysTick_Handler                 
000065cd  wcslen                          
000065ed  __aeabi_memset                  
000065ed  __aeabi_memset4                 
000065ed  __aeabi_memset8                 
00006625  TI_memset_small                 
00006635  __aeabi_memclr                  
00006635  __aeabi_memclr4                 
00006635  __aeabi_memclr8                 
00006641  get_systick_count_ms            
0000664d  malloc                          
00006659  DL_Common_delayCycles           
00006689  __aeabi_errno_addr              
00006691  __aeabi_memcpy                  
00006691  __aeabi_memcpy4                 
00006691  __aeabi_memcpy8                 
000066a9  fseek                           
000066b1  remove                          
000066b9  abort                           
000066bf  ADC0_IRQHandler                 
000066bf  ADC1_IRQHandler                 
000066bf  AES_IRQHandler                  
000066bf  CANFD0_IRQHandler               
000066bf  DAC0_IRQHandler                 
000066bf  DMA_IRQHandler                  
000066bf  Default_Handler                 
000066bf  HardFault_Handler               
000066bf  I2C0_IRQHandler                 
000066bf  I2C1_IRQHandler                 
000066bf  NMI_Handler                     
000066bf  PendSV_Handler                  
000066bf  RTC_IRQHandler                  
000066bf  SPI0_IRQHandler                 
000066bf  SPI1_IRQHandler                 
000066bf  SVC_Handler                     
000066bf  TIMA0_IRQHandler                
000066bf  TIMA1_IRQHandler                
000066bf  TIMG0_IRQHandler                
000066bf  TIMG12_IRQHandler               
000066bf  TIMG6_IRQHandler                
000066bf  TIMG7_IRQHandler                
000066bf  TIMG8_IRQHandler                
000066bf  UART1_IRQHandler                
000066bf  UART3_IRQHandler                
000066c2  C$$EXIT                         
000066c3  HOSTexit                        
000066c7  Reset_Handler                   
000066dd  _system_pre_init                
000066e0  __aeabi_ctype_table_            
000066e0  __aeabi_ctype_table_C           
000074d8  __TI_Handler_Table_Base         
000074e4  __TI_Handler_Table_Limit        
000074ec  __TI_CINIT_Base                 
000074fc  __TI_CINIT_Limit                
000074fc  __TI_CINIT_Warm                 
20200000  __start___llvm_prf_bits         
20200000  __start___llvm_prf_cnts         
20200000  __stop___llvm_prf_bits          
20200000  __stop___llvm_prf_cnts          
20200800  _ftable                         
202008f0  _device                         
20200968  _stream                         
202009f4  g_debug_log                     
20200a16  debug_atirq_encrypted           
20200a36  debug_atirq_plain               
20200a56  g_axon_status_shared            
20200a78  g_axon_state                    
20200a88  __TI_cleanup_ptr                
20200a8c  __TI_dtors_ptr                  
20200a96  debug_crc_calc                  
20200a98  __TI_ft_end                     
20200a9c  __aeabi_errno                   
20200aa0  _lock                           
20200aa4  _unlock                         
20200abc  debug_byte1_ng_count            
20200ac0  debug_chkirq_call_count         
20200ac4  debug_cmd_ng_count              
20200ac8  debug_complete_count            
20200acc  debug_crc_ng_count              
20200ad0  debug_fifo_empty_count          
20200ad4  debug_framing_error_count       
20200ad8  debug_header_ng_count           
20200adc  debug_iidx_value                
20200ae0  debug_isr_call_count            
20200ae4  debug_led_event_count           
20200ae8  debug_len_ng_count              
20200aec  debug_overrun_count             
20200af0  debug_rx_count                  
20200af4  debug_rxdata_raw_value          
20200af8  debug_send_ok_count             
20200afc  debug_sync_reset_count          
20200b00  debug_uart_stat_value           
20200b10  g_systick_count                 
20200b14  debug_crc_recv                  
20200b1c  debug_byte1                     
20200b1d  debug_decrypted_id              
20200b1e  debug_last_byte                 
20200b1f  debug_rx_index                  
20200b20  frame_received                  
20200b23  g_left_amount                   
20200b24  g_pending_left_amount           
20200b25  g_pending_left_updated          
20200b26  g_pending_right_amount          
20200b27  g_pending_right_updated         
20200b28  g_retry_pending                 
20200b29  g_right_amount                  
20200b2a  rx_complete_ready               
20200b2b  rx_index                        
20200b2d  rx_variable_length              
20200b2e  rx_variable_ready               
20200b30  _sys_memory                     
20201330  _CIOBUF_                        
20201330  __CIOBUF_                       
20201450  __TI_tmpnams                    
202014f0  rx_variable_frame               
20201518  rx_complete_frame               
2020153c  rx_frame                        
20201560  g_button_1_event                
20201574  g_button_2_event                
20201588  g_coindet_event                 
2020159c  g_connector_event               
202015b0  g_door_event                    
202015c4  g_escrow_event                  
202015d8  g_rotary_event                  
202015ec  g_soldout_event                 
20201600  parmbuf                         
20207e00  __stack                         
20208000  __STACK_END                     
ffffffff  __TI_pprof_out_hndl             
ffffffff  __TI_prof_data_size             
ffffffff  __TI_prof_data_start            
ffffffff  __binit__                       
ffffffff  binit                           
UNDEFED   __mpu_init                      
UNDEFED   _system_post_cinit              

[268 symbols]
