<?xml version="1.0" encoding="ISO-8859-1" ?>
<link_info>
   <banner>TI ARM Clang Linker PC v4.0.3.LTS</banner>
   <copyright>Copyright (c) 1996-2018 Texas Instruments Incorporated</copyright>
   <command_line>C:\ti\ccs2030\ccs\tools\compiler\ti-cgt-armllvm_4.0.3.LTS\bin\tiarmlnk -IC:\ti\ccs2030\ccs\tools\compiler\ti-cgt-armllvm_4.0.3.LTS\lib -o axon_board.out -maxon_board.map -iC:/ti/mspm0_sdk_2_06_00_05/source -iC:/DATA/DEVELOP/Git/capsule_toy_control_board_CCS/axon_board -iC:/DATA/DEVELOP/Git/capsule_toy_control_board_CCS/axon_board/Debug/syscfg -iC:/ti/ccs2030/ccs/tools/compiler/ti-cgt-armllvm_4.0.3.LTS/lib --diag_wrap=off --display_error_number --warn_sections --xml_link_info=axon_board_linkInfo.xml --rom_model ./axon_phase2_autotest.o ./axon_phase2_verification.o ./axon_routine.o ./driver_config.o ./ti_msp_dl_config.o ./startup_mspm0g350x_ticlang.o ./isr.o ./main.o ./soma_axon_comm_test.o ./soma_uart_test.o ./test_commands.o ./uart_packet.o ./driver/UART.o ./driver/dma/DMAMSPM0.o ./driver/uart/UARTMSPM0.o ./driver/utils/List.o ./driver/utils/RingBuf.o ./driver/utils/StructRingBuf.o ./peripheral/msp_peripheral_config.o ./protocol/src/s2a_client.o ./protocol/src/s2a_packet.o ./protocol/src/target.o -l./device_linker.cmd -ldevice.cmd.genlibs -llibc.a --start-group -llibc++.a -llibc++abi.a -llibc.a -llibsys.a -llibsysbm.a -llibclang_rt.builtins.a -llibclang_rt.profile.a --end-group --cg_opt_level=0</command_line>
   <link_time>0x69669729</link_time>
   <link_errors>0x0</link_errors>
   <output_file>C:\DATA\DEVELOP\Git\capsule_toy_control_board_CCS\axon_board\Debug\axon_board.out</output_file>
   <entry_point>
      <name>_c_int00_noargs</name>
      <address>0x611d</address>
   </entry_point>
   <input_file_list>
      <input_file id="fl-1">
         <path>C:\DATA\DEVELOP\Git\capsule_toy_control_board_CCS\axon_board\Debug\.\</path>
         <kind>object</kind>
         <file>axon_phase2_autotest.o</file>
         <name>axon_phase2_autotest.o</name>
      </input_file>
      <input_file id="fl-2">
         <path>C:\DATA\DEVELOP\Git\capsule_toy_control_board_CCS\axon_board\Debug\.\</path>
         <kind>object</kind>
         <file>axon_phase2_verification.o</file>
         <name>axon_phase2_verification.o</name>
      </input_file>
      <input_file id="fl-3">
         <path>C:\DATA\DEVELOP\Git\capsule_toy_control_board_CCS\axon_board\Debug\.\</path>
         <kind>object</kind>
         <file>axon_routine.o</file>
         <name>axon_routine.o</name>
      </input_file>
      <input_file id="fl-4">
         <path>C:\DATA\DEVELOP\Git\capsule_toy_control_board_CCS\axon_board\Debug\.\</path>
         <kind>object</kind>
         <file>driver_config.o</file>
         <name>driver_config.o</name>
      </input_file>
      <input_file id="fl-5">
         <path>C:\DATA\DEVELOP\Git\capsule_toy_control_board_CCS\axon_board\Debug\.\</path>
         <kind>object</kind>
         <file>ti_msp_dl_config.o</file>
         <name>ti_msp_dl_config.o</name>
      </input_file>
      <input_file id="fl-6">
         <path>C:\DATA\DEVELOP\Git\capsule_toy_control_board_CCS\axon_board\Debug\.\</path>
         <kind>object</kind>
         <file>startup_mspm0g350x_ticlang.o</file>
         <name>startup_mspm0g350x_ticlang.o</name>
      </input_file>
      <input_file id="fl-7">
         <path>C:\DATA\DEVELOP\Git\capsule_toy_control_board_CCS\axon_board\Debug\.\</path>
         <kind>object</kind>
         <file>isr.o</file>
         <name>isr.o</name>
      </input_file>
      <input_file id="fl-8">
         <path>C:\DATA\DEVELOP\Git\capsule_toy_control_board_CCS\axon_board\Debug\.\</path>
         <kind>object</kind>
         <file>main.o</file>
         <name>main.o</name>
      </input_file>
      <input_file id="fl-9">
         <path>C:\DATA\DEVELOP\Git\capsule_toy_control_board_CCS\axon_board\Debug\.\</path>
         <kind>object</kind>
         <file>soma_axon_comm_test.o</file>
         <name>soma_axon_comm_test.o</name>
      </input_file>
      <input_file id="fl-a">
         <path>C:\DATA\DEVELOP\Git\capsule_toy_control_board_CCS\axon_board\Debug\.\</path>
         <kind>object</kind>
         <file>soma_uart_test.o</file>
         <name>soma_uart_test.o</name>
      </input_file>
      <input_file id="fl-b">
         <path>C:\DATA\DEVELOP\Git\capsule_toy_control_board_CCS\axon_board\Debug\.\</path>
         <kind>object</kind>
         <file>test_commands.o</file>
         <name>test_commands.o</name>
      </input_file>
      <input_file id="fl-c">
         <path>C:\DATA\DEVELOP\Git\capsule_toy_control_board_CCS\axon_board\Debug\.\</path>
         <kind>object</kind>
         <file>uart_packet.o</file>
         <name>uart_packet.o</name>
      </input_file>
      <input_file id="fl-d">
         <path>C:\DATA\DEVELOP\Git\capsule_toy_control_board_CCS\axon_board\Debug\.\driver\</path>
         <kind>object</kind>
         <file>UART.o</file>
         <name>UART.o</name>
      </input_file>
      <input_file id="fl-e">
         <path>C:\DATA\DEVELOP\Git\capsule_toy_control_board_CCS\axon_board\Debug\.\driver\dma\</path>
         <kind>object</kind>
         <file>DMAMSPM0.o</file>
         <name>DMAMSPM0.o</name>
      </input_file>
      <input_file id="fl-f">
         <path>C:\DATA\DEVELOP\Git\capsule_toy_control_board_CCS\axon_board\Debug\.\driver\uart\</path>
         <kind>object</kind>
         <file>UARTMSPM0.o</file>
         <name>UARTMSPM0.o</name>
      </input_file>
      <input_file id="fl-10">
         <path>C:\DATA\DEVELOP\Git\capsule_toy_control_board_CCS\axon_board\Debug\.\driver\utils\</path>
         <kind>object</kind>
         <file>List.o</file>
         <name>List.o</name>
      </input_file>
      <input_file id="fl-11">
         <path>C:\DATA\DEVELOP\Git\capsule_toy_control_board_CCS\axon_board\Debug\.\driver\utils\</path>
         <kind>object</kind>
         <file>RingBuf.o</file>
         <name>RingBuf.o</name>
      </input_file>
      <input_file id="fl-12">
         <path>C:\DATA\DEVELOP\Git\capsule_toy_control_board_CCS\axon_board\Debug\.\driver\utils\</path>
         <kind>object</kind>
         <file>StructRingBuf.o</file>
         <name>StructRingBuf.o</name>
      </input_file>
      <input_file id="fl-13">
         <path>C:\DATA\DEVELOP\Git\capsule_toy_control_board_CCS\axon_board\Debug\.\peripheral\</path>
         <kind>object</kind>
         <file>msp_peripheral_config.o</file>
         <name>msp_peripheral_config.o</name>
      </input_file>
      <input_file id="fl-14">
         <path>C:\DATA\DEVELOP\Git\capsule_toy_control_board_CCS\axon_board\Debug\.\protocol\src\</path>
         <kind>object</kind>
         <file>s2a_client.o</file>
         <name>s2a_client.o</name>
      </input_file>
      <input_file id="fl-15">
         <path>C:\DATA\DEVELOP\Git\capsule_toy_control_board_CCS\axon_board\Debug\.\protocol\src\</path>
         <kind>object</kind>
         <file>s2a_packet.o</file>
         <name>s2a_packet.o</name>
      </input_file>
      <input_file id="fl-16">
         <path>C:\DATA\DEVELOP\Git\capsule_toy_control_board_CCS\axon_board\Debug\.\protocol\src\</path>
         <kind>object</kind>
         <file>target.o</file>
         <name>target.o</name>
      </input_file>
      <input_file id="fl-23">
         <path>C:\DATA\DEVELOP\Git\capsule_toy_control_board_CCS\axon_board\Debug\</path>
         <kind>object</kind>
         <file>&lt;internal&gt;</file>
         <name>&lt;internal&gt;</name>
      </input_file>
      <input_file id="fl-24">
         <path>C:\ti\mspm0_sdk_2_06_00_05\source\ti\driverlib\lib\ticlang\m0p\mspm0g1x0x_g3x0x\</path>
         <kind>archive</kind>
         <file>driverlib.a</file>
         <name>dl_aes.o</name>
      </input_file>
      <input_file id="fl-25">
         <path>C:\ti\mspm0_sdk_2_06_00_05\source\ti\driverlib\lib\ticlang\m0p\mspm0g1x0x_g3x0x\</path>
         <kind>archive</kind>
         <file>driverlib.a</file>
         <name>dl_common.o</name>
      </input_file>
      <input_file id="fl-26">
         <path>C:\ti\mspm0_sdk_2_06_00_05\source\ti\driverlib\lib\ticlang\m0p\mspm0g1x0x_g3x0x\</path>
         <kind>archive</kind>
         <file>driverlib.a</file>
         <name>dl_dma.o</name>
      </input_file>
      <input_file id="fl-27">
         <path>C:\ti\mspm0_sdk_2_06_00_05\source\ti\driverlib\lib\ticlang\m0p\mspm0g1x0x_g3x0x\</path>
         <kind>archive</kind>
         <file>driverlib.a</file>
         <name>dl_timer.o</name>
      </input_file>
      <input_file id="fl-28">
         <path>C:\ti\mspm0_sdk_2_06_00_05\source\ti\driverlib\lib\ticlang\m0p\mspm0g1x0x_g3x0x\</path>
         <kind>archive</kind>
         <file>driverlib.a</file>
         <name>dl_trng.o</name>
      </input_file>
      <input_file id="fl-29">
         <path>C:\ti\mspm0_sdk_2_06_00_05\source\ti\driverlib\lib\ticlang\m0p\mspm0g1x0x_g3x0x\</path>
         <kind>archive</kind>
         <file>driverlib.a</file>
         <name>dl_uart.o</name>
      </input_file>
      <input_file id="fl-40">
         <path>C:\ti\ccs2030\ccs\tools\compiler\ti-cgt-armllvm_4.0.3.LTS\lib\armv6m-ti-none-eabi\c\</path>
         <kind>archive</kind>
         <file>libc.a</file>
         <name>printf.c.obj</name>
      </input_file>
      <input_file id="fl-41">
         <path>C:\ti\ccs2030\ccs\tools\compiler\ti-cgt-armllvm_4.0.3.LTS\lib\armv6m-ti-none-eabi\c\</path>
         <kind>archive</kind>
         <file>libc.a</file>
         <name>_printfi.c.obj</name>
      </input_file>
      <input_file id="fl-42">
         <path>C:\ti\ccs2030\ccs\tools\compiler\ti-cgt-armllvm_4.0.3.LTS\lib\armv6m-ti-none-eabi\c\</path>
         <kind>archive</kind>
         <file>libc.a</file>
         <name>fputc.c.obj</name>
      </input_file>
      <input_file id="fl-43">
         <path>C:\ti\ccs2030\ccs\tools\compiler\ti-cgt-armllvm_4.0.3.LTS\lib\armv6m-ti-none-eabi\c\</path>
         <kind>archive</kind>
         <file>libc.a</file>
         <name>fputs.c.obj</name>
      </input_file>
      <input_file id="fl-44">
         <path>C:\ti\ccs2030\ccs\tools\compiler\ti-cgt-armllvm_4.0.3.LTS\lib\armv6m-ti-none-eabi\c\</path>
         <kind>archive</kind>
         <file>libc.a</file>
         <name>_io_perm.c.obj</name>
      </input_file>
      <input_file id="fl-45">
         <path>C:\ti\ccs2030\ccs\tools\compiler\ti-cgt-armllvm_4.0.3.LTS\lib\armv6m-ti-none-eabi\c\</path>
         <kind>archive</kind>
         <file>libc.a</file>
         <name>setvbuf.c.obj</name>
      </input_file>
      <input_file id="fl-46">
         <path>C:\ti\ccs2030\ccs\tools\compiler\ti-cgt-armllvm_4.0.3.LTS\lib\armv6m-ti-none-eabi\c\</path>
         <kind>archive</kind>
         <file>libc.a</file>
         <name>s_frexp.c.obj</name>
      </input_file>
      <input_file id="fl-47">
         <path>C:\ti\ccs2030\ccs\tools\compiler\ti-cgt-armllvm_4.0.3.LTS\lib\armv6m-ti-none-eabi\c\</path>
         <kind>archive</kind>
         <file>libc.a</file>
         <name>s_scalbn.c.obj</name>
      </input_file>
      <input_file id="fl-48">
         <path>C:\ti\ccs2030\ccs\tools\compiler\ti-cgt-armllvm_4.0.3.LTS\lib\armv6m-ti-none-eabi\c\</path>
         <kind>archive</kind>
         <file>libc.a</file>
         <name>wcslen.c.obj</name>
      </input_file>
      <input_file id="fl-49">
         <path>C:\ti\ccs2030\ccs\tools\compiler\ti-cgt-armllvm_4.0.3.LTS\lib\armv6m-ti-none-eabi\c\</path>
         <kind>archive</kind>
         <file>libc.a</file>
         <name>strcmp-armv6m.S.obj</name>
      </input_file>
      <input_file id="fl-4a">
         <path>C:\ti\ccs2030\ccs\tools\compiler\ti-cgt-armllvm_4.0.3.LTS\lib\armv6m-ti-none-eabi\c\</path>
         <kind>archive</kind>
         <file>libc.a</file>
         <name>aeabi_portable.c.obj</name>
      </input_file>
      <input_file id="fl-4b">
         <path>C:\ti\ccs2030\ccs\tools\compiler\ti-cgt-armllvm_4.0.3.LTS\lib\armv6m-ti-none-eabi\c\</path>
         <kind>archive</kind>
         <file>libc.a</file>
         <name>exit.c.obj</name>
      </input_file>
      <input_file id="fl-4c">
         <path>C:\ti\ccs2030\ccs\tools\compiler\ti-cgt-armllvm_4.0.3.LTS\lib\armv6m-ti-none-eabi\c\</path>
         <kind>archive</kind>
         <file>libc.a</file>
         <name>_lock.c.obj</name>
      </input_file>
      <input_file id="fl-4d">
         <path>C:\ti\ccs2030\ccs\tools\compiler\ti-cgt-armllvm_4.0.3.LTS\lib\armv6m-ti-none-eabi\c\</path>
         <kind>archive</kind>
         <file>libc.a</file>
         <name>_ltoa.c.obj</name>
      </input_file>
      <input_file id="fl-4e">
         <path>C:\ti\ccs2030\ccs\tools\compiler\ti-cgt-armllvm_4.0.3.LTS\lib\armv6m-ti-none-eabi\c\</path>
         <kind>archive</kind>
         <file>libc.a</file>
         <name>assert.c.obj</name>
      </input_file>
      <input_file id="fl-4f">
         <path>C:\ti\ccs2030\ccs\tools\compiler\ti-cgt-armllvm_4.0.3.LTS\lib\armv6m-ti-none-eabi\c\</path>
         <kind>archive</kind>
         <file>libc.a</file>
         <name>atoi.c.obj</name>
      </input_file>
      <input_file id="fl-50">
         <path>C:\ti\ccs2030\ccs\tools\compiler\ti-cgt-armllvm_4.0.3.LTS\lib\armv6m-ti-none-eabi\c\</path>
         <kind>archive</kind>
         <file>libc.a</file>
         <name>defs.c.obj</name>
      </input_file>
      <input_file id="fl-51">
         <path>C:\ti\ccs2030\ccs\tools\compiler\ti-cgt-armllvm_4.0.3.LTS\lib\armv6m-ti-none-eabi\c\</path>
         <kind>archive</kind>
         <file>libc.a</file>
         <name>memccpy.c.obj</name>
      </input_file>
      <input_file id="fl-52">
         <path>C:\ti\ccs2030\ccs\tools\compiler\ti-cgt-armllvm_4.0.3.LTS\lib\armv6m-ti-none-eabi\c\</path>
         <kind>archive</kind>
         <file>libc.a</file>
         <name>memory.c.obj</name>
      </input_file>
      <input_file id="fl-53">
         <path>C:\ti\ccs2030\ccs\tools\compiler\ti-cgt-armllvm_4.0.3.LTS\lib\armv6m-ti-none-eabi\c\</path>
         <kind>archive</kind>
         <file>libc.a</file>
         <name>boot_cortex_m.c.obj</name>
      </input_file>
      <input_file id="fl-54">
         <path>C:\ti\ccs2030\ccs\tools\compiler\ti-cgt-armllvm_4.0.3.LTS\lib\armv6m-ti-none-eabi\c\</path>
         <kind>archive</kind>
         <file>libc.a</file>
         <name>mathacl_init.c.obj</name>
      </input_file>
      <input_file id="fl-55">
         <path>C:\ti\ccs2030\ccs\tools\compiler\ti-cgt-armllvm_4.0.3.LTS\lib\armv6m-ti-none-eabi\c\</path>
         <kind>archive</kind>
         <file>libc.a</file>
         <name>autoinit.c.obj</name>
      </input_file>
      <input_file id="fl-56">
         <path>C:\ti\ccs2030\ccs\tools\compiler\ti-cgt-armllvm_4.0.3.LTS\lib\armv6m-ti-none-eabi\c\</path>
         <kind>archive</kind>
         <file>libc.a</file>
         <name>pre_init.c.obj</name>
      </input_file>
      <input_file id="fl-57">
         <path>C:\ti\ccs2030\ccs\tools\compiler\ti-cgt-armllvm_4.0.3.LTS\lib\armv6m-ti-none-eabi\c\</path>
         <kind>archive</kind>
         <file>libc.a</file>
         <name>cpy_tbl.c.obj</name>
      </input_file>
      <input_file id="fl-58">
         <path>C:\ti\ccs2030\ccs\tools\compiler\ti-cgt-armllvm_4.0.3.LTS\lib\armv6m-ti-none-eabi\c\</path>
         <kind>archive</kind>
         <file>libc.a</file>
         <name>copy_zero_init.c.obj</name>
      </input_file>
      <input_file id="fl-59">
         <path>C:\ti\ccs2030\ccs\tools\compiler\ti-cgt-armllvm_4.0.3.LTS\lib\armv6m-ti-none-eabi\c\</path>
         <kind>archive</kind>
         <file>libc.a</file>
         <name>copy_decompress_none.c.obj</name>
      </input_file>
      <input_file id="fl-5a">
         <path>C:\ti\ccs2030\ccs\tools\compiler\ti-cgt-armllvm_4.0.3.LTS\lib\armv6m-ti-none-eabi\c\</path>
         <kind>archive</kind>
         <file>libc.a</file>
         <name>copy_decompress_lzss.c.obj</name>
      </input_file>
      <input_file id="fl-5b">
         <path>C:\ti\ccs2030\ccs\tools\compiler\ti-cgt-armllvm_4.0.3.LTS\lib\armv6m-ti-none-eabi\c\</path>
         <kind>archive</kind>
         <file>libc.a</file>
         <name>sprintf.c.obj</name>
      </input_file>
      <input_file id="fl-5c">
         <path>C:\ti\ccs2030\ccs\tools\compiler\ti-cgt-armllvm_4.0.3.LTS\lib\armv6m-ti-none-eabi\c\</path>
         <kind>archive</kind>
         <file>libc.a</file>
         <name>fflush.c.obj</name>
      </input_file>
      <input_file id="fl-5d">
         <path>C:\ti\ccs2030\ccs\tools\compiler\ti-cgt-armllvm_4.0.3.LTS\lib\armv6m-ti-none-eabi\c\</path>
         <kind>archive</kind>
         <file>libc.a</file>
         <name>fopen.c.obj</name>
      </input_file>
      <input_file id="fl-5e">
         <path>C:\ti\ccs2030\ccs\tools\compiler\ti-cgt-armllvm_4.0.3.LTS\lib\armv6m-ti-none-eabi\c\</path>
         <kind>archive</kind>
         <file>libc.a</file>
         <name>fseek.c.obj</name>
      </input_file>
      <input_file id="fl-5f">
         <path>C:\ti\ccs2030\ccs\tools\compiler\ti-cgt-armllvm_4.0.3.LTS\lib\armv6m-ti-none-eabi\c\</path>
         <kind>archive</kind>
         <file>libc.a</file>
         <name>aeabi_ctype.S.obj</name>
      </input_file>
      <input_file id="fl-60">
         <path>C:\ti\ccs2030\ccs\tools\compiler\ti-cgt-armllvm_4.0.3.LTS\lib\armv6m-ti-none-eabi\c\</path>
         <kind>archive</kind>
         <file>libc.a</file>
         <name>args_main.c.obj</name>
      </input_file>
      <input_file id="fl-61">
         <path>C:\ti\ccs2030\ccs\tools\compiler\ti-cgt-armllvm_4.0.3.LTS\lib\armv6m-ti-none-eabi\c\</path>
         <kind>archive</kind>
         <file>libc.a</file>
         <name>fclose.c.obj</name>
      </input_file>
      <input_file id="fl-101">
         <path>C:\ti\ccs2030\ccs\tools\compiler\ti-cgt-armllvm_4.0.3.LTS\lib\armv6m-ti-none-eabi\c\</path>
         <kind>archive</kind>
         <file>libsysbm.a</file>
         <name>hostexit.c.obj</name>
      </input_file>
      <input_file id="fl-102">
         <path>C:\ti\ccs2030\ccs\tools\compiler\ti-cgt-armllvm_4.0.3.LTS\lib\armv6m-ti-none-eabi\c\</path>
         <kind>archive</kind>
         <file>libsysbm.a</file>
         <name>write.c.obj</name>
      </input_file>
      <input_file id="fl-103">
         <path>C:\ti\ccs2030\ccs\tools\compiler\ti-cgt-armllvm_4.0.3.LTS\lib\armv6m-ti-none-eabi\c\</path>
         <kind>archive</kind>
         <file>libsysbm.a</file>
         <name>host_device.c.obj</name>
      </input_file>
      <input_file id="fl-104">
         <path>C:\ti\ccs2030\ccs\tools\compiler\ti-cgt-armllvm_4.0.3.LTS\lib\armv6m-ti-none-eabi\c\</path>
         <kind>archive</kind>
         <file>libsysbm.a</file>
         <name>remove.c.obj</name>
      </input_file>
      <input_file id="fl-105">
         <path>C:\ti\ccs2030\ccs\tools\compiler\ti-cgt-armllvm_4.0.3.LTS\lib\armv6m-ti-none-eabi\c\</path>
         <kind>archive</kind>
         <file>libsysbm.a</file>
         <name>open.c.obj</name>
      </input_file>
      <input_file id="fl-106">
         <path>C:\ti\ccs2030\ccs\tools\compiler\ti-cgt-armllvm_4.0.3.LTS\lib\armv6m-ti-none-eabi\c\</path>
         <kind>archive</kind>
         <file>libsysbm.a</file>
         <name>lseek.c.obj</name>
      </input_file>
      <input_file id="fl-107">
         <path>C:\ti\ccs2030\ccs\tools\compiler\ti-cgt-armllvm_4.0.3.LTS\lib\armv6m-ti-none-eabi\c\</path>
         <kind>archive</kind>
         <file>libsysbm.a</file>
         <name>close.c.obj</name>
      </input_file>
      <input_file id="fl-108">
         <path>C:\ti\ccs2030\ccs\tools\compiler\ti-cgt-armllvm_4.0.3.LTS\lib\armv6m-ti-none-eabi\c\</path>
         <kind>archive</kind>
         <file>libsysbm.a</file>
         <name>unlink.c.obj</name>
      </input_file>
      <input_file id="fl-109">
         <path>C:\ti\ccs2030\ccs\tools\compiler\ti-cgt-armllvm_4.0.3.LTS\lib\armv6m-ti-none-eabi\c\</path>
         <kind>archive</kind>
         <file>libsysbm.a</file>
         <name>hostclose.c.obj</name>
      </input_file>
      <input_file id="fl-10a">
         <path>C:\ti\ccs2030\ccs\tools\compiler\ti-cgt-armllvm_4.0.3.LTS\lib\armv6m-ti-none-eabi\c\</path>
         <kind>archive</kind>
         <file>libsysbm.a</file>
         <name>hostlseek.c.obj</name>
      </input_file>
      <input_file id="fl-10b">
         <path>C:\ti\ccs2030\ccs\tools\compiler\ti-cgt-armllvm_4.0.3.LTS\lib\armv6m-ti-none-eabi\c\</path>
         <kind>archive</kind>
         <file>libsysbm.a</file>
         <name>hostopen.c.obj</name>
      </input_file>
      <input_file id="fl-10c">
         <path>C:\ti\ccs2030\ccs\tools\compiler\ti-cgt-armllvm_4.0.3.LTS\lib\armv6m-ti-none-eabi\c\</path>
         <kind>archive</kind>
         <file>libsysbm.a</file>
         <name>hostread.c.obj</name>
      </input_file>
      <input_file id="fl-10d">
         <path>C:\ti\ccs2030\ccs\tools\compiler\ti-cgt-armllvm_4.0.3.LTS\lib\armv6m-ti-none-eabi\c\</path>
         <kind>archive</kind>
         <file>libsysbm.a</file>
         <name>hostrename.c.obj</name>
      </input_file>
      <input_file id="fl-10e">
         <path>C:\ti\ccs2030\ccs\tools\compiler\ti-cgt-armllvm_4.0.3.LTS\lib\armv6m-ti-none-eabi\c\</path>
         <kind>archive</kind>
         <file>libsysbm.a</file>
         <name>hostunlink.c.obj</name>
      </input_file>
      <input_file id="fl-10f">
         <path>C:\ti\ccs2030\ccs\tools\compiler\ti-cgt-armllvm_4.0.3.LTS\lib\armv6m-ti-none-eabi\c\</path>
         <kind>archive</kind>
         <file>libsysbm.a</file>
         <name>hostwrite.c.obj</name>
      </input_file>
      <input_file id="fl-110">
         <path>C:\ti\ccs2030\ccs\tools\compiler\ti-cgt-armllvm_4.0.3.LTS\lib\armv6m-ti-none-eabi\c\</path>
         <kind>archive</kind>
         <file>libsysbm.a</file>
         <name>trgmsg.c.obj</name>
      </input_file>
      <input_file id="fl-111">
         <path>C:\ti\ccs2030\ccs\tools\compiler\ti-cgt-armllvm_4.0.3.LTS\lib\armv6m-ti-none-eabi\</path>
         <kind>archive</kind>
         <file>libclang_rt.builtins.a</file>
         <name>adddf3.S.obj</name>
      </input_file>
      <input_file id="fl-112">
         <path>C:\ti\ccs2030\ccs\tools\compiler\ti-cgt-armllvm_4.0.3.LTS\lib\armv6m-ti-none-eabi\</path>
         <kind>archive</kind>
         <file>libclang_rt.builtins.a</file>
         <name>muldf3.S.obj</name>
      </input_file>
      <input_file id="fl-113">
         <path>C:\ti\ccs2030\ccs\tools\compiler\ti-cgt-armllvm_4.0.3.LTS\lib\armv6m-ti-none-eabi\</path>
         <kind>archive</kind>
         <file>libclang_rt.builtins.a</file>
         <name>muldsi3.S.obj</name>
      </input_file>
      <input_file id="fl-114">
         <path>C:\ti\ccs2030\ccs\tools\compiler\ti-cgt-armllvm_4.0.3.LTS\lib\armv6m-ti-none-eabi\</path>
         <kind>archive</kind>
         <file>libclang_rt.builtins.a</file>
         <name>mulsf3.S.obj</name>
      </input_file>
      <input_file id="fl-115">
         <path>C:\ti\ccs2030\ccs\tools\compiler\ti-cgt-armllvm_4.0.3.LTS\lib\armv6m-ti-none-eabi\</path>
         <kind>archive</kind>
         <file>libclang_rt.builtins.a</file>
         <name>divsf3.S.obj</name>
      </input_file>
      <input_file id="fl-116">
         <path>C:\ti\ccs2030\ccs\tools\compiler\ti-cgt-armllvm_4.0.3.LTS\lib\armv6m-ti-none-eabi\</path>
         <kind>archive</kind>
         <file>libclang_rt.builtins.a</file>
         <name>divdf3.S.obj</name>
      </input_file>
      <input_file id="fl-117">
         <path>C:\ti\ccs2030\ccs\tools\compiler\ti-cgt-armllvm_4.0.3.LTS\lib\armv6m-ti-none-eabi\</path>
         <kind>archive</kind>
         <file>libclang_rt.builtins.a</file>
         <name>extendsfdf2.S.obj</name>
      </input_file>
      <input_file id="fl-118">
         <path>C:\ti\ccs2030\ccs\tools\compiler\ti-cgt-armllvm_4.0.3.LTS\lib\armv6m-ti-none-eabi\</path>
         <kind>archive</kind>
         <file>libclang_rt.builtins.a</file>
         <name>fixdfsi.S.obj</name>
      </input_file>
      <input_file id="fl-119">
         <path>C:\ti\ccs2030\ccs\tools\compiler\ti-cgt-armllvm_4.0.3.LTS\lib\armv6m-ti-none-eabi\</path>
         <kind>archive</kind>
         <file>libclang_rt.builtins.a</file>
         <name>floatsidf.S.obj</name>
      </input_file>
      <input_file id="fl-11a">
         <path>C:\ti\ccs2030\ccs\tools\compiler\ti-cgt-armllvm_4.0.3.LTS\lib\armv6m-ti-none-eabi\</path>
         <kind>archive</kind>
         <file>libclang_rt.builtins.a</file>
         <name>floatunsisf.S.obj</name>
      </input_file>
      <input_file id="fl-11b">
         <path>C:\ti\ccs2030\ccs\tools\compiler\ti-cgt-armllvm_4.0.3.LTS\lib\armv6m-ti-none-eabi\</path>
         <kind>archive</kind>
         <file>libclang_rt.builtins.a</file>
         <name>muldi3.S.obj</name>
      </input_file>
      <input_file id="fl-11c">
         <path>C:\ti\ccs2030\ccs\tools\compiler\ti-cgt-armllvm_4.0.3.LTS\lib\armv6m-ti-none-eabi\</path>
         <kind>archive</kind>
         <file>libclang_rt.builtins.a</file>
         <name>aeabi_dcmp.S.obj</name>
      </input_file>
      <input_file id="fl-11d">
         <path>C:\ti\ccs2030\ccs\tools\compiler\ti-cgt-armllvm_4.0.3.LTS\lib\armv6m-ti-none-eabi\</path>
         <kind>archive</kind>
         <file>libclang_rt.builtins.a</file>
         <name>aeabi_idivmod.S.obj</name>
      </input_file>
      <input_file id="fl-11e">
         <path>C:\ti\ccs2030\ccs\tools\compiler\ti-cgt-armllvm_4.0.3.LTS\lib\armv6m-ti-none-eabi\</path>
         <kind>archive</kind>
         <file>libclang_rt.builtins.a</file>
         <name>aeabi_memcpy.S.obj</name>
      </input_file>
      <input_file id="fl-11f">
         <path>C:\ti\ccs2030\ccs\tools\compiler\ti-cgt-armllvm_4.0.3.LTS\lib\armv6m-ti-none-eabi\</path>
         <kind>archive</kind>
         <file>libclang_rt.builtins.a</file>
         <name>aeabi_memset.S.obj</name>
      </input_file>
      <input_file id="fl-120">
         <path>C:\ti\ccs2030\ccs\tools\compiler\ti-cgt-armllvm_4.0.3.LTS\lib\armv6m-ti-none-eabi\</path>
         <kind>archive</kind>
         <file>libclang_rt.builtins.a</file>
         <name>aeabi_uidivmod.S.obj</name>
      </input_file>
      <input_file id="fl-121">
         <path>C:\ti\ccs2030\ccs\tools\compiler\ti-cgt-armllvm_4.0.3.LTS\lib\armv6m-ti-none-eabi\</path>
         <kind>archive</kind>
         <file>libclang_rt.builtins.a</file>
         <name>aeabi_uldivmod.S.obj</name>
      </input_file>
      <input_file id="fl-122">
         <path>C:\ti\ccs2030\ccs\tools\compiler\ti-cgt-armllvm_4.0.3.LTS\lib\armv6m-ti-none-eabi\</path>
         <kind>archive</kind>
         <file>libclang_rt.builtins.a</file>
         <name>udivmoddi4.S.obj</name>
      </input_file>
      <input_file id="fl-123">
         <path>C:\ti\ccs2030\ccs\tools\compiler\ti-cgt-armllvm_4.0.3.LTS\lib\armv6m-ti-none-eabi\</path>
         <kind>archive</kind>
         <file>libclang_rt.builtins.a</file>
         <name>ashldi3.S.obj</name>
      </input_file>
      <input_file id="fl-124">
         <path>C:\ti\ccs2030\ccs\tools\compiler\ti-cgt-armllvm_4.0.3.LTS\lib\armv6m-ti-none-eabi\</path>
         <kind>archive</kind>
         <file>libclang_rt.builtins.a</file>
         <name>comparedf2.c.obj</name>
      </input_file>
      <input_file id="fl-125">
         <path>C:\ti\ccs2030\ccs\tools\compiler\ti-cgt-armllvm_4.0.3.LTS\lib\armv6m-ti-none-eabi\</path>
         <kind>archive</kind>
         <file>libclang_rt.builtins.a</file>
         <name>aeabi_div0.c.obj</name>
      </input_file>
      <input_file id="fl-126">
         <path>C:\ti\ccs2030\ccs\tools\compiler\ti-cgt-armllvm_4.0.3.LTS\lib\armv6m-ti-none-eabi\c\</path>
         <kind>archive</kind>
         <file>libc.a</file>
         <name>getdevice.c.obj</name>
      </input_file>
      <input_file id="fl-127">
         <path>C:\ti\ccs2030\ccs\tools\compiler\ti-cgt-armllvm_4.0.3.LTS\lib\armv6m-ti-none-eabi\c\</path>
         <kind>archive</kind>
         <file>libc.a</file>
         <name>memcpy16.S.obj</name>
      </input_file>
      <input_file id="fl-128">
         <path>C:\ti\ccs2030\ccs\tools\compiler\ti-cgt-armllvm_4.0.3.LTS\lib\armv6m-ti-none-eabi\c\</path>
         <kind>archive</kind>
         <file>libc.a</file>
         <name>memset16.S.obj</name>
      </input_file>
   </input_file_list>
   <object_component_list>
      <object_component id="oc-18">
         <name>.intvecs</name>
         <load_address>0x0</load_address>
         <readonly>true</readonly>
         <run_address>0x0</run_address>
         <size>0xc0</size>
         <alignment>0x4</alignment>
         <input_file_ref idref="fl-6"/>
      </object_component>
      <object_component id="oc-d3">
         <name>.text.axon_routine_main</name>
         <load_address>0xc0</load_address>
         <readonly>true</readonly>
         <executable>true</executable>
         <run_address>0xc0</run_address>
         <size>0xce4</size>
         <alignment>0x4</alignment>
         <input_file_ref idref="fl-3"/>
      </object_component>
      <object_component id="oc-f7">
         <name>.text:__TI_printfi</name>
         <load_address>0xda4</load_address>
         <readonly>true</readonly>
         <executable>true</executable>
         <run_address>0xda4</run_address>
         <size>0x9d0</size>
         <alignment>0x4</alignment>
         <input_file_ref idref="fl-41"/>
      </object_component>
      <object_component id="oc-16f">
         <name>.text.axon_handle_chkirq</name>
         <load_address>0x1774</load_address>
         <readonly>true</readonly>
         <executable>true</executable>
         <run_address>0x1774</run_address>
         <size>0x6a4</size>
         <alignment>0x4</alignment>
         <input_file_ref idref="fl-15"/>
      </object_component>
      <object_component id="oc-174">
         <name>.text.axon_handle_setaxon</name>
         <load_address>0x1e18</load_address>
         <readonly>true</readonly>
         <executable>true</executable>
         <run_address>0x1e18</run_address>
         <size>0x3f8</size>
         <alignment>0x4</alignment>
         <input_file_ref idref="fl-15"/>
      </object_component>
      <object_component id="oc-11a">
         <name>.text.SYSCFG_DL_GPIO_init</name>
         <load_address>0x2210</load_address>
         <readonly>true</readonly>
         <executable>true</executable>
         <run_address>0x2210</run_address>
         <size>0x2d4</size>
         <alignment>0x4</alignment>
         <input_file_ref idref="fl-13"/>
      </object_component>
      <object_component id="oc-3c">
         <name>.text.UART0_IRQHandler</name>
         <load_address>0x24e4</load_address>
         <readonly>true</readonly>
         <executable>true</executable>
         <run_address>0x24e4</run_address>
         <size>0x258</size>
         <alignment>0x4</alignment>
         <input_file_ref idref="fl-7"/>
      </object_component>
      <object_component id="oc-1b0">
         <name>.text._pconv_a</name>
         <load_address>0x273c</load_address>
         <readonly>true</readonly>
         <executable>true</executable>
         <run_address>0x273c</run_address>
         <size>0x220</size>
         <alignment>0x4</alignment>
         <input_file_ref idref="fl-41"/>
      </object_component>
      <object_component id="oc-3a">
         <name>.text.GROUP1_IRQHandler</name>
         <load_address>0x295c</load_address>
         <readonly>true</readonly>
         <executable>true</executable>
         <run_address>0x295c</run_address>
         <size>0x1e8</size>
         <alignment>0x4</alignment>
         <input_file_ref idref="fl-7"/>
      </object_component>
      <object_component id="oc-179">
         <name>.text.axon_handle_codepkt</name>
         <load_address>0x2b44</load_address>
         <readonly>true</readonly>
         <executable>true</executable>
         <run_address>0x2b44</run_address>
         <size>0x1e4</size>
         <alignment>0x4</alignment>
         <input_file_ref idref="fl-15"/>
      </object_component>
      <object_component id="oc-1b5">
         <name>.text._pconv_g</name>
         <load_address>0x2d28</load_address>
         <readonly>true</readonly>
         <executable>true</executable>
         <run_address>0x2d28</run_address>
         <size>0x1dc</size>
         <alignment>0x4</alignment>
         <input_file_ref idref="fl-41"/>
      </object_component>
      <object_component id="oc-137">
         <name>.text.handle_button_release</name>
         <load_address>0x2f04</load_address>
         <readonly>true</readonly>
         <executable>true</executable>
         <run_address>0x2f04</run_address>
         <size>0x1c0</size>
         <alignment>0x4</alignment>
         <input_file_ref idref="fl-3"/>
      </object_component>
      <object_component id="oc-2af">
         <name>.text.adddf3_subdf3</name>
         <load_address>0x30c4</load_address>
         <readonly>true</readonly>
         <executable>true</executable>
         <run_address>0x30c4</run_address>
         <size>0x192</size>
         <alignment>0x4</alignment>
         <input_file_ref idref="fl-111"/>
      </object_component>
      <object_component id="oc-39">
         <name>.text.GROUP0_IRQHandler</name>
         <load_address>0x3256</load_address>
         <readonly>true</readonly>
         <executable>true</executable>
         <run_address>0x3256</run_address>
         <size>0x2</size>
         <alignment>0x2</alignment>
         <input_file_ref idref="fl-7"/>
      </object_component>
      <object_component id="oc-2b3">
         <name>.text.fcvt</name>
         <load_address>0x3258</load_address>
         <readonly>true</readonly>
         <executable>true</executable>
         <run_address>0x3258</run_address>
         <size>0x13c</size>
         <alignment>0x4</alignment>
         <input_file_ref idref="fl-41"/>
      </object_component>
      <object_component id="oc-1b7">
         <name>.text._pconv_e</name>
         <load_address>0x3394</load_address>
         <readonly>true</readonly>
         <executable>true</executable>
         <run_address>0x3394</run_address>
         <size>0x120</size>
         <alignment>0x4</alignment>
         <input_file_ref idref="fl-41"/>
      </object_component>
      <object_component id="oc-32a">
         <name>.text.aligned_alloc</name>
         <load_address>0x34b4</load_address>
         <readonly>true</readonly>
         <executable>true</executable>
         <run_address>0x34b4</run_address>
         <size>0x114</size>
         <alignment>0x4</alignment>
         <input_file_ref idref="fl-52"/>
      </object_component>
      <object_component id="oc-2ab">
         <name>.text.__divdf3</name>
         <load_address>0x35c8</load_address>
         <readonly>true</readonly>
         <executable>true</executable>
         <run_address>0x35c8</run_address>
         <size>0x10c</size>
         <alignment>0x4</alignment>
         <input_file_ref idref="fl-116"/>
      </object_component>
      <object_component id="oc-17a">
         <name>.text.axon_handle_errchk</name>
         <load_address>0x36d4</load_address>
         <readonly>true</readonly>
         <executable>true</executable>
         <run_address>0x36d4</run_address>
         <size>0x10c</size>
         <alignment>0x4</alignment>
         <input_file_ref idref="fl-15"/>
      </object_component>
      <object_component id="oc-177">
         <name>.text.axon_handle_axonrbt</name>
         <load_address>0x37e0</load_address>
         <readonly>true</readonly>
         <executable>true</executable>
         <run_address>0x37e0</run_address>
         <size>0x108</size>
         <alignment>0x4</alignment>
         <input_file_ref idref="fl-15"/>
      </object_component>
      <object_component id="oc-1f1">
         <name>.text.DL_Timer_initFourCCPWMMode</name>
         <load_address>0x38e8</load_address>
         <readonly>true</readonly>
         <executable>true</executable>
         <run_address>0x38e8</run_address>
         <size>0x104</size>
         <alignment>0x4</alignment>
         <input_file_ref idref="fl-27"/>
      </object_component>
      <object_component id="oc-2da">
         <name>.text.get_command_name</name>
         <load_address>0x39ec</load_address>
         <readonly>true</readonly>
         <executable>true</executable>
         <run_address>0x39ec</run_address>
         <size>0x104</size>
         <alignment>0x4</alignment>
         <input_file_ref idref="fl-9"/>
      </object_component>
      <object_component id="oc-101">
         <name>.text.fputs</name>
         <load_address>0x3af0</load_address>
         <readonly>true</readonly>
         <executable>true</executable>
         <run_address>0x3af0</run_address>
         <size>0xf8</size>
         <alignment>0x4</alignment>
         <input_file_ref idref="fl-43"/>
      </object_component>
      <object_component id="oc-136">
         <name>.text.handle_button_press</name>
         <load_address>0x3be8</load_address>
         <readonly>true</readonly>
         <executable>true</executable>
         <run_address>0x3be8</run_address>
         <size>0xf4</size>
         <alignment>0x4</alignment>
         <input_file_ref idref="fl-3"/>
      </object_component>
      <object_component id="oc-176">
         <name>.text.axon_handle_afwup</name>
         <load_address>0x3cdc</load_address>
         <readonly>true</readonly>
         <executable>true</executable>
         <run_address>0x3cdc</run_address>
         <size>0xf0</size>
         <alignment>0x4</alignment>
         <input_file_ref idref="fl-15"/>
      </object_component>
      <object_component id="oc-253">
         <name>.text.axon_test_record_command</name>
         <load_address>0x3dcc</load_address>
         <readonly>true</readonly>
         <executable>true</executable>
         <run_address>0x3dcc</run_address>
         <size>0xf0</size>
         <alignment>0x4</alignment>
         <input_file_ref idref="fl-9"/>
      </object_component>
      <object_component id="oc-175">
         <name>.text.axon_handle_nop</name>
         <load_address>0x3ebc</load_address>
         <readonly>true</readonly>
         <executable>true</executable>
         <run_address>0x3ebc</run_address>
         <size>0xee</size>
         <alignment>0x2</alignment>
         <input_file_ref idref="fl-15"/>
      </object_component>
      <object_component id="oc-3b">
         <name>.text.UART2_IRQHandler</name>
         <load_address>0x3faa</load_address>
         <readonly>true</readonly>
         <executable>true</executable>
         <run_address>0x3faa</run_address>
         <size>0x2</size>
         <alignment>0x2</alignment>
         <input_file_ref idref="fl-7"/>
      </object_component>
      <object_component id="oc-11b">
         <name>.text._msp_peripheral_pwm_init</name>
         <load_address>0x3fac</load_address>
         <readonly>true</readonly>
         <executable>true</executable>
         <run_address>0x3fac</run_address>
         <size>0xe8</size>
         <alignment>0x4</alignment>
         <input_file_ref idref="fl-13"/>
      </object_component>
      <object_component id="oc-2fc">
         <name>.text.free</name>
         <load_address>0x4094</load_address>
         <readonly>true</readonly>
         <executable>true</executable>
         <run_address>0x4094</run_address>
         <size>0xe8</size>
         <alignment>0x4</alignment>
         <input_file_ref idref="fl-52"/>
      </object_component>
      <object_component id="oc-29b">
         <name>.text.__muldf3</name>
         <load_address>0x417c</load_address>
         <readonly>true</readonly>
         <executable>true</executable>
         <run_address>0x417c</run_address>
         <size>0xe4</size>
         <alignment>0x4</alignment>
         <input_file_ref idref="fl-112"/>
      </object_component>
      <object_component id="oc-2bb">
         <name>.text.setvbuf</name>
         <load_address>0x4260</load_address>
         <readonly>true</readonly>
         <executable>true</executable>
         <run_address>0x4260</run_address>
         <size>0xe0</size>
         <alignment>0x4</alignment>
         <input_file_ref idref="fl-45"/>
      </object_component>
      <object_component id="oc-28a">
         <name>.text.scalbn</name>
         <load_address>0x4340</load_address>
         <readonly>true</readonly>
         <executable>true</executable>
         <run_address>0x4340</run_address>
         <size>0xd8</size>
         <alignment>0x4</alignment>
         <input_file_ref idref="fl-47"/>
      </object_component>
      <object_component id="oc-244">
         <name>.text.axon_status_compose_bits</name>
         <load_address>0x4418</load_address>
         <readonly>true</readonly>
         <executable>true</executable>
         <run_address>0x4418</run_address>
         <size>0xc0</size>
         <alignment>0x4</alignment>
         <input_file_ref idref="fl-15"/>
      </object_component>
      <object_component id="oc-21e">
         <name>.text._set_segment_led</name>
         <load_address>0x44d8</load_address>
         <readonly>true</readonly>
         <executable>true</executable>
         <run_address>0x44d8</run_address>
         <size>0xb4</size>
         <alignment>0x4</alignment>
         <input_file_ref idref="fl-3"/>
      </object_component>
      <object_component id="oc-134">
         <name>.text._check_debounce_complete</name>
         <load_address>0x458c</load_address>
         <readonly>true</readonly>
         <executable>true</executable>
         <run_address>0x458c</run_address>
         <size>0xa2</size>
         <alignment>0x2</alignment>
         <input_file_ref idref="fl-3"/>
      </object_component>
      <object_component id="oc-218">
         <name>.text.__aeabi_idiv0</name>
         <load_address>0x462e</load_address>
         <readonly>true</readonly>
         <executable>true</executable>
         <run_address>0x462e</run_address>
         <size>0x2</size>
         <alignment>0x2</alignment>
         <input_file_ref idref="fl-125"/>
      </object_component>
      <object_component id="oc-281">
         <name>.text</name>
         <load_address>0x4630</load_address>
         <readonly>true</readonly>
         <executable>true</executable>
         <run_address>0x4630</run_address>
         <size>0xa2</size>
         <alignment>0x4</alignment>
         <input_file_ref idref="fl-122"/>
      </object_component>
      <object_component id="oc-2df">
         <name>.text.__aeabi_ldiv0</name>
         <load_address>0x46d2</load_address>
         <readonly>true</readonly>
         <executable>true</executable>
         <run_address>0x46d2</run_address>
         <size>0x2</size>
         <alignment>0x2</alignment>
         <input_file_ref idref="fl-125"/>
      </object_component>
      <object_component id="oc-119">
         <name>.text.SYSCFG_DL_initPower</name>
         <load_address>0x46d4</load_address>
         <readonly>true</readonly>
         <executable>true</executable>
         <run_address>0x46d4</run_address>
         <size>0xa0</size>
         <alignment>0x4</alignment>
         <input_file_ref idref="fl-13"/>
      </object_component>
      <object_component id="oc-11d">
         <name>.text._msp_peripheral_uart_init</name>
         <load_address>0x4774</load_address>
         <readonly>true</readonly>
         <executable>true</executable>
         <run_address>0x4774</run_address>
         <size>0x9c</size>
         <alignment>0x4</alignment>
         <input_file_ref idref="fl-13"/>
      </object_component>
      <object_component id="oc-107">
         <name>.text.fputc</name>
         <load_address>0x4810</load_address>
         <readonly>true</readonly>
         <executable>true</executable>
         <run_address>0x4810</run_address>
         <size>0x9c</size>
         <alignment>0x4</alignment>
         <input_file_ref idref="fl-42"/>
      </object_component>
      <object_component id="oc-248">
         <name>.text.axon_test_record_response</name>
         <load_address>0x48ac</load_address>
         <readonly>true</readonly>
         <executable>true</executable>
         <run_address>0x48ac</run_address>
         <size>0x88</size>
         <alignment>0x4</alignment>
         <input_file_ref idref="fl-9"/>
      </object_component>
      <object_component id="oc-231">
         <name>.text.crc16_tep</name>
         <load_address>0x4934</load_address>
         <readonly>true</readonly>
         <executable>true</executable>
         <run_address>0x4934</run_address>
         <size>0x88</size>
         <alignment>0x4</alignment>
         <input_file_ref idref="fl-15"/>
      </object_component>
      <object_component id="oc-33">
         <name>.text.Default_Handler</name>
         <load_address>0x49bc</load_address>
         <readonly>true</readonly>
         <executable>true</executable>
         <run_address>0x49bc</run_address>
         <size>0x4</size>
         <alignment>0x2</alignment>
         <input_file_ref idref="fl-6"/>
      </object_component>
      <object_component id="oc-39a">
         <name>.text:strcmp</name>
         <load_address>0x49c0</load_address>
         <readonly>true</readonly>
         <executable>true</executable>
         <run_address>0x49c0</run_address>
         <size>0x88</size>
         <alignment>0x10</alignment>
         <input_file_ref idref="fl-49"/>
      </object_component>
      <object_component id="oc-203">
         <name>.text.DL_UART_configBaudRate</name>
         <load_address>0x4a48</load_address>
         <readonly>true</readonly>
         <executable>true</executable>
         <run_address>0x4a48</run_address>
         <size>0x80</size>
         <alignment>0x4</alignment>
         <input_file_ref idref="fl-29"/>
      </object_component>
      <object_component id="oc-178">
         <name>.text.axon_handle_setokey</name>
         <load_address>0x4ac8</load_address>
         <readonly>true</readonly>
         <executable>true</executable>
         <run_address>0x4ac8</run_address>
         <size>0x80</size>
         <alignment>0x4</alignment>
         <input_file_ref idref="fl-15"/>
      </object_component>
      <object_component id="oc-237">
         <name>.text.clear_irq_signal</name>
         <load_address>0x4b48</load_address>
         <readonly>true</readonly>
         <executable>true</executable>
         <run_address>0x4b48</run_address>
         <size>0x80</size>
         <alignment>0x4</alignment>
         <input_file_ref idref="fl-15"/>
      </object_component>
      <object_component id="oc-246">
         <name>.text.uart_send_packet_fast</name>
         <load_address>0x4bc8</load_address>
         <readonly>true</readonly>
         <executable>true</executable>
         <run_address>0x4bc8</run_address>
         <size>0x80</size>
         <alignment>0x4</alignment>
         <input_file_ref idref="fl-a"/>
      </object_component>
      <object_component id="oc-32b">
         <name>.text.__TI_closefile</name>
         <load_address>0x4c48</load_address>
         <readonly>true</readonly>
         <executable>true</executable>
         <run_address>0x4c48</run_address>
         <size>0x7c</size>
         <alignment>0x4</alignment>
         <input_file_ref idref="fl-61"/>
      </object_component>
      <object_component id="oc-1c">
         <name>.text:decompress:lzss</name>
         <load_address>0x4cc4</load_address>
         <readonly>true</readonly>
         <executable>true</executable>
         <run_address>0x4cc4</run_address>
         <size>0x7c</size>
         <alignment>0x4</alignment>
         <input_file_ref idref="fl-5a"/>
      </object_component>
      <object_component id="oc-2a9">
         <name>.text.__gedf2</name>
         <load_address>0x4d40</load_address>
         <readonly>true</readonly>
         <executable>true</executable>
         <run_address>0x4d40</run_address>
         <size>0x74</size>
         <alignment>0x4</alignment>
         <input_file_ref idref="fl-124"/>
      </object_component>
      <object_component id="oc-344">
         <name>.text.HOSTlseek</name>
         <load_address>0x4db4</load_address>
         <readonly>true</readonly>
         <executable>true</executable>
         <run_address>0x4db4</run_address>
         <size>0x6c</size>
         <alignment>0x4</alignment>
         <input_file_ref idref="fl-10a"/>
      </object_component>
      <object_component id="oc-34c">
         <name>.text.HOSTrename</name>
         <load_address>0x4e20</load_address>
         <readonly>true</readonly>
         <executable>true</executable>
         <run_address>0x4e20</run_address>
         <size>0x6c</size>
         <alignment>0x4</alignment>
         <input_file_ref idref="fl-10d"/>
      </object_component>
      <object_component id="oc-12c">
         <name>.text._change_status</name>
         <load_address>0x4e8c</load_address>
         <readonly>true</readonly>
         <executable>true</executable>
         <run_address>0x4e8c</run_address>
         <size>0x6c</size>
         <alignment>0x2</alignment>
         <input_file_ref idref="fl-3"/>
      </object_component>
      <object_component id="oc-2f9">
         <name>.text.fseeko</name>
         <load_address>0x4ef8</load_address>
         <readonly>true</readonly>
         <executable>true</executable>
         <run_address>0x4ef8</run_address>
         <size>0x6c</size>
         <alignment>0x4</alignment>
         <input_file_ref idref="fl-5e"/>
      </object_component>
      <object_component id="oc-38e">
         <name>.text.getdevice</name>
         <load_address>0x4f64</load_address>
         <readonly>true</readonly>
         <executable>true</executable>
         <run_address>0x4f64</run_address>
         <size>0x6c</size>
         <alignment>0x4</alignment>
         <input_file_ref idref="fl-126"/>
      </object_component>
      <object_component id="oc-2a3">
         <name>.text.__ledf2</name>
         <load_address>0x4fd0</load_address>
         <readonly>true</readonly>
         <executable>true</executable>
         <run_address>0x4fd0</run_address>
         <size>0x68</size>
         <alignment>0x4</alignment>
         <input_file_ref idref="fl-124"/>
      </object_component>
      <object_component id="oc-258">
         <name>.text.send_ack_frame</name>
         <load_address>0x5038</load_address>
         <readonly>true</readonly>
         <executable>true</executable>
         <run_address>0x5038</run_address>
         <size>0x68</size>
         <alignment>0x2</alignment>
         <input_file_ref idref="fl-15"/>
      </object_component>
      <object_component id="oc-2a2">
         <name>.text._mcpy</name>
         <load_address>0x50a0</load_address>
         <readonly>true</readonly>
         <executable>true</executable>
         <run_address>0x50a0</run_address>
         <size>0x66</size>
         <alignment>0x2</alignment>
         <input_file_ref idref="fl-41"/>
      </object_component>
      <object_component id="oc-1b8">
         <name>.text.__TI_wrt_ok</name>
         <load_address>0x5106</load_address>
         <readonly>true</readonly>
         <executable>true</executable>
         <run_address>0x5106</run_address>
         <size>0x64</size>
         <alignment>0x2</alignment>
         <input_file_ref idref="fl-44"/>
      </object_component>
      <object_component id="oc-11c">
         <name>.text._msp_peripheral_spi_init</name>
         <load_address>0x516a</load_address>
         <readonly>true</readonly>
         <executable>true</executable>
         <run_address>0x516a</run_address>
         <size>0x2</size>
         <alignment>0x2</alignment>
         <input_file_ref idref="fl-13"/>
      </object_component>
      <object_component id="oc-356">
         <name>.text.split</name>
         <load_address>0x516c</load_address>
         <readonly>true</readonly>
         <executable>true</executable>
         <run_address>0x516c</run_address>
         <size>0x64</size>
         <alignment>0x4</alignment>
         <input_file_ref idref="fl-52"/>
      </object_component>
      <object_component id="oc-1b1">
         <name>.text.__aeabi_dcmp</name>
         <load_address>0x51d0</load_address>
         <readonly>true</readonly>
         <executable>true</executable>
         <run_address>0x51d0</run_address>
         <size>0x62</size>
         <alignment>0x4</alignment>
         <input_file_ref idref="fl-11c"/>
      </object_component>
      <object_component id="oc-f8">
         <name>.text._nop</name>
         <load_address>0x5232</load_address>
         <readonly>true</readonly>
         <executable>true</executable>
         <run_address>0x5232</run_address>
         <size>0x2</size>
         <alignment>0x2</alignment>
         <input_file_ref idref="fl-4c"/>
      </object_component>
      <object_component id="oc-334">
         <name>.text.HOSTopen</name>
         <load_address>0x5234</load_address>
         <readonly>true</readonly>
         <executable>true</executable>
         <run_address>0x5234</run_address>
         <size>0x60</size>
         <alignment>0x4</alignment>
         <input_file_ref idref="fl-10b"/>
      </object_component>
      <object_component id="oc-286">
         <name>.text.frexp</name>
         <load_address>0x5294</load_address>
         <readonly>true</readonly>
         <executable>true</executable>
         <run_address>0x5294</run_address>
         <size>0x5c</size>
         <alignment>0x4</alignment>
         <input_file_ref idref="fl-46"/>
      </object_component>
      <object_component id="oc-66">
         <name>.text.printf</name>
         <load_address>0x52f0</load_address>
         <readonly>true</readonly>
         <executable>true</executable>
         <run_address>0x52f0</run_address>
         <size>0x5c</size>
         <alignment>0x4</alignment>
         <input_file_ref idref="fl-40"/>
      </object_component>
      <object_component id="oc-33c">
         <name>.text.HOSTread</name>
         <load_address>0x534c</load_address>
         <readonly>true</readonly>
         <executable>true</executable>
         <run_address>0x534c</run_address>
         <size>0x58</size>
         <alignment>0x4</alignment>
         <input_file_ref idref="fl-10c"/>
      </object_component>
      <object_component id="oc-340">
         <name>.text.HOSTwrite</name>
         <load_address>0x53a4</load_address>
         <readonly>true</readonly>
         <executable>true</executable>
         <run_address>0x53a4</run_address>
         <size>0x58</size>
         <alignment>0x4</alignment>
         <input_file_ref idref="fl-10f"/>
      </object_component>
      <object_component id="oc-292">
         <name>.text.__TI_ltoa</name>
         <load_address>0x53fc</load_address>
         <readonly>true</readonly>
         <executable>true</executable>
         <run_address>0x53fc</run_address>
         <size>0x58</size>
         <alignment>0x2</alignment>
         <input_file_ref idref="fl-4d"/>
      </object_component>
      <object_component id="oc-1b6">
         <name>.text._pconv_f</name>
         <load_address>0x5454</load_address>
         <readonly>true</readonly>
         <executable>true</executable>
         <run_address>0x5454</run_address>
         <size>0x58</size>
         <alignment>0x2</alignment>
         <input_file_ref idref="fl-41"/>
      </object_component>
      <object_component id="oc-2ec">
         <name>.text.__aeabi_idivmod</name>
         <load_address>0x54ac</load_address>
         <readonly>true</readonly>
         <executable>true</executable>
         <run_address>0x54ac</run_address>
         <size>0x56</size>
         <alignment>0x4</alignment>
         <input_file_ref idref="fl-11d"/>
      </object_component>
      <object_component id="oc-1dd">
         <name>.text._msp_peripheral_gpio_init_for_dipsw</name>
         <load_address>0x5504</load_address>
         <readonly>true</readonly>
         <executable>true</executable>
         <run_address>0x5504</run_address>
         <size>0x54</size>
         <alignment>0x4</alignment>
         <input_file_ref idref="fl-13"/>
      </object_component>
      <object_component id="oc-1c2">
         <name>.text.__TI_doflush</name>
         <load_address>0x5558</load_address>
         <readonly>true</readonly>
         <executable>true</executable>
         <run_address>0x5558</run_address>
         <size>0x52</size>
         <alignment>0x2</alignment>
         <input_file_ref idref="fl-5c"/>
      </object_component>
      <object_component id="oc-2a0">
         <name>.text._ecpy</name>
         <load_address>0x55aa</load_address>
         <readonly>true</readonly>
         <executable>true</executable>
         <run_address>0x55aa</run_address>
         <size>0x52</size>
         <alignment>0x2</alignment>
         <input_file_ref idref="fl-41"/>
      </object_component>
      <object_component id="oc-358">
         <name>.text.close</name>
         <load_address>0x55fc</load_address>
         <readonly>true</readonly>
         <executable>true</executable>
         <run_address>0x55fc</run_address>
         <size>0x50</size>
         <alignment>0x4</alignment>
         <input_file_ref idref="fl-107"/>
      </object_component>
      <object_component id="oc-28e">
         <name>.text.__fixdfsi</name>
         <load_address>0x564c</load_address>
         <readonly>true</readonly>
         <executable>true</executable>
         <run_address>0x564c</run_address>
         <size>0x4a</size>
         <alignment>0x4</alignment>
         <input_file_ref idref="fl-118"/>
      </object_component>
      <object_component id="oc-9f">
         <name>.text.main</name>
         <load_address>0x5696</load_address>
         <readonly>true</readonly>
         <executable>true</executable>
         <run_address>0x5696</run_address>
         <size>0x4a</size>
         <alignment>0x2</alignment>
         <input_file_ref idref="fl-8"/>
      </object_component>
      <object_component id="oc-202">
         <name>.text.DL_UART_init</name>
         <load_address>0x56e0</load_address>
         <readonly>true</readonly>
         <executable>true</executable>
         <run_address>0x56e0</run_address>
         <size>0x48</size>
         <alignment>0x4</alignment>
         <input_file_ref idref="fl-29"/>
      </object_component>
      <object_component id="oc-338">
         <name>.text.HOSTclose</name>
         <load_address>0x5728</load_address>
         <readonly>true</readonly>
         <executable>true</executable>
         <run_address>0x5728</run_address>
         <size>0x48</size>
         <alignment>0x4</alignment>
         <input_file_ref idref="fl-109"/>
      </object_component>
      <object_component id="oc-348">
         <name>.text.HOSTunlink</name>
         <load_address>0x5770</load_address>
         <readonly>true</readonly>
         <executable>true</executable>
         <run_address>0x5770</run_address>
         <size>0x48</size>
         <alignment>0x4</alignment>
         <input_file_ref idref="fl-10e"/>
      </object_component>
      <object_component id="oc-1de">
         <name>.text._msp_peripheral_gpio_init_for_hw_ver</name>
         <load_address>0x57b8</load_address>
         <readonly>true</readonly>
         <executable>true</executable>
         <run_address>0x57b8</run_address>
         <size>0x48</size>
         <alignment>0x4</alignment>
         <input_file_ref idref="fl-13"/>
      </object_component>
      <object_component id="oc-257">
         <name>.text.update_segment_leds</name>
         <load_address>0x5800</load_address>
         <readonly>true</readonly>
         <executable>true</executable>
         <run_address>0x5800</run_address>
         <size>0x48</size>
         <alignment>0x4</alignment>
         <input_file_ref idref="fl-3"/>
      </object_component>
      <object_component id="oc-254">
         <name>.text.send_nack_frame</name>
         <load_address>0x5848</load_address>
         <readonly>true</readonly>
         <executable>true</executable>
         <run_address>0x5848</run_address>
         <size>0x44</size>
         <alignment>0x2</alignment>
         <input_file_ref idref="fl-15"/>
      </object_component>
      <object_component id="oc-120">
         <name>.text.SYSCFG_DL_TRNG_init</name>
         <load_address>0x588c</load_address>
         <readonly>true</readonly>
         <executable>true</executable>
         <run_address>0x588c</run_address>
         <size>0x40</size>
         <alignment>0x4</alignment>
         <input_file_ref idref="fl-5"/>
      </object_component>
      <object_component id="oc-12e">
         <name>.text.__aeabi_uidivmod</name>
         <load_address>0x58cc</load_address>
         <readonly>true</readonly>
         <executable>true</executable>
         <run_address>0x58cc</run_address>
         <size>0x40</size>
         <alignment>0x4</alignment>
         <input_file_ref idref="fl-120"/>
      </object_component>
      <object_component id="oc-19a">
         <name>.text.atoi</name>
         <load_address>0x590c</load_address>
         <readonly>true</readonly>
         <executable>true</executable>
         <run_address>0x590c</run_address>
         <size>0x40</size>
         <alignment>0x4</alignment>
         <input_file_ref idref="fl-4f"/>
      </object_component>
      <object_component id="oc-232">
         <name>.text.axon_test_record_crc_error</name>
         <load_address>0x594c</load_address>
         <readonly>true</readonly>
         <executable>true</executable>
         <run_address>0x594c</run_address>
         <size>0x40</size>
         <alignment>0x4</alignment>
         <input_file_ref idref="fl-9"/>
      </object_component>
      <object_component id="oc-262">
         <name>.text.uart_send_packet</name>
         <load_address>0x598c</load_address>
         <readonly>true</readonly>
         <executable>true</executable>
         <run_address>0x598c</run_address>
         <size>0x40</size>
         <alignment>0x4</alignment>
         <input_file_ref idref="fl-a"/>
      </object_component>
      <object_component id="oc-1f2">
         <name>.text.DL_Timer_setCounterControl</name>
         <load_address>0x59cc</load_address>
         <readonly>true</readonly>
         <executable>true</executable>
         <run_address>0x59cc</run_address>
         <size>0x3c</size>
         <alignment>0x4</alignment>
         <input_file_ref idref="fl-13"/>
      </object_component>
      <object_component id="oc-132">
         <name>.text._set_segment_leds</name>
         <load_address>0x5a08</load_address>
         <readonly>true</readonly>
         <executable>true</executable>
         <run_address>0x5a08</run_address>
         <size>0x3c</size>
         <alignment>0x4</alignment>
         <input_file_ref idref="fl-3"/>
      </object_component>
      <object_component id="oc-256">
         <name>.text.log_event</name>
         <load_address>0x5a44</load_address>
         <readonly>true</readonly>
         <executable>true</executable>
         <run_address>0x5a44</run_address>
         <size>0x3c</size>
         <alignment>0x4</alignment>
         <input_file_ref idref="fl-15"/>
      </object_component>
      <object_component id="oc-de">
         <name>.text:__TI_auto_init_nobinit_nopinit</name>
         <load_address>0x5a80</load_address>
         <readonly>true</readonly>
         <executable>true</executable>
         <run_address>0x5a80</run_address>
         <size>0x3c</size>
         <alignment>0x4</alignment>
         <input_file_ref idref="fl-55"/>
      </object_component>
      <object_component id="oc-27c">
         <name>.text.__muldsi3</name>
         <load_address>0x5abc</load_address>
         <readonly>true</readonly>
         <executable>true</executable>
         <run_address>0x5abc</run_address>
         <size>0x3a</size>
         <alignment>0x4</alignment>
         <input_file_ref idref="fl-113"/>
      </object_component>
      <object_component id="oc-20b">
         <name>.text.DL_CRC_init</name>
         <load_address>0x5af6</load_address>
         <readonly>true</readonly>
         <executable>true</executable>
         <run_address>0x5af6</run_address>
         <size>0x38</size>
         <alignment>0x2</alignment>
         <input_file_ref idref="fl-5"/>
      </object_component>
      <object_component id="oc-1df">
         <name>.text.DL_GPIO_initPeripheralOutputFunctionFeatures</name>
         <load_address>0x5b30</load_address>
         <readonly>true</readonly>
         <executable>true</executable>
         <run_address>0x5b30</run_address>
         <size>0x38</size>
         <alignment>0x4</alignment>
         <input_file_ref idref="fl-13"/>
      </object_component>
      <object_component id="oc-d0">
         <name>.text.DL_FlashCTL_executeClearStatus</name>
         <load_address>0x5b68</load_address>
         <readonly>true</readonly>
         <executable>true</executable>
         <run_address>0x5b68</run_address>
         <size>0x34</size>
         <alignment>0x4</alignment>
         <input_file_ref idref="fl-8"/>
      </object_component>
      <object_component id="oc-1e3">
         <name>.text.DL_GPIO_initDigitalInputFeatures</name>
         <load_address>0x5b9c</load_address>
         <readonly>true</readonly>
         <executable>true</executable>
         <run_address>0x5b9c</run_address>
         <size>0x34</size>
         <alignment>0x4</alignment>
         <input_file_ref idref="fl-13"/>
      </object_component>
      <object_component id="oc-124">
         <name>.text.__NVIC_DisableIRQ</name>
         <load_address>0x5bd0</load_address>
         <readonly>true</readonly>
         <executable>true</executable>
         <run_address>0x5bd0</run_address>
         <size>0x34</size>
         <alignment>0x4</alignment>
         <input_file_ref idref="fl-3"/>
      </object_component>
      <object_component id="oc-22f">
         <name>.text.__NVIC_DisableIRQ</name>
         <load_address>0x5c04</load_address>
         <readonly>true</readonly>
         <executable>true</executable>
         <run_address>0x5c04</run_address>
         <size>0x34</size>
         <alignment>0x4</alignment>
         <input_file_ref idref="fl-15"/>
      </object_component>
      <object_component id="oc-303">
         <name>.text.__TI_cleanup</name>
         <load_address>0x5c38</load_address>
         <readonly>true</readonly>
         <executable>true</executable>
         <run_address>0x5c38</run_address>
         <size>0x34</size>
         <alignment>0x4</alignment>
         <input_file_ref idref="fl-5d"/>
      </object_component>
      <object_component id="oc-369">
         <name>.text.__TI_readmsg</name>
         <load_address>0x5c6c</load_address>
         <readonly>true</readonly>
         <executable>true</executable>
         <run_address>0x5c6c</run_address>
         <size>0x34</size>
         <alignment>0x4</alignment>
         <input_file_ref idref="fl-110"/>
      </object_component>
      <object_component id="oc-363">
         <name>.text.__TI_writemsg</name>
         <load_address>0x5ca0</load_address>
         <readonly>true</readonly>
         <executable>true</executable>
         <run_address>0x5ca0</run_address>
         <size>0x34</size>
         <alignment>0x4</alignment>
         <input_file_ref idref="fl-110"/>
      </object_component>
      <object_component id="oc-dc">
         <name>.text.exit</name>
         <load_address>0x5cd4</load_address>
         <readonly>true</readonly>
         <executable>true</executable>
         <run_address>0x5cd4</run_address>
         <size>0x34</size>
         <alignment>0x4</alignment>
         <input_file_ref idref="fl-4b"/>
      </object_component>
      <object_component id="oc-397">
         <name>.text.finddevice</name>
         <load_address>0x5d08</load_address>
         <readonly>true</readonly>
         <executable>true</executable>
         <run_address>0x5d08</run_address>
         <size>0x34</size>
         <alignment>0x4</alignment>
         <input_file_ref idref="fl-126"/>
      </object_component>
      <object_component id="oc-1e2">
         <name>.text.DL_GPIO_initDigitalOutputFeatures</name>
         <load_address>0x5d3c</load_address>
         <readonly>true</readonly>
         <executable>true</executable>
         <run_address>0x5d3c</run_address>
         <size>0x30</size>
         <alignment>0x4</alignment>
         <input_file_ref idref="fl-13"/>
      </object_component>
      <object_component id="oc-12d">
         <name>.text.DL_GPIO_writePinsVal</name>
         <load_address>0x5d6c</load_address>
         <readonly>true</readonly>
         <executable>true</executable>
         <run_address>0x5d6c</run_address>
         <size>0x30</size>
         <alignment>0x2</alignment>
         <input_file_ref idref="fl-3"/>
      </object_component>
      <object_component id="oc-255">
         <name>.text.DL_GPIO_writePinsVal</name>
         <load_address>0x5d9c</load_address>
         <readonly>true</readonly>
         <executable>true</executable>
         <run_address>0x5d9c</run_address>
         <size>0x30</size>
         <alignment>0x2</alignment>
         <input_file_ref idref="fl-15"/>
      </object_component>
      <object_component id="oc-2a1">
         <name>.text._fcpy</name>
         <load_address>0x5dcc</load_address>
         <readonly>true</readonly>
         <executable>true</executable>
         <run_address>0x5dcc</run_address>
         <size>0x30</size>
         <alignment>0x2</alignment>
         <input_file_ref idref="fl-41"/>
      </object_component>
      <object_component id="oc-20a">
         <name>.text.DL_AES_init</name>
         <load_address>0x5dfc</load_address>
         <readonly>true</readonly>
         <executable>true</executable>
         <run_address>0x5dfc</run_address>
         <size>0x2e</size>
         <alignment>0x2</alignment>
         <input_file_ref idref="fl-5"/>
      </object_component>
      <object_component id="oc-ca">
         <name>.text.SYSCFG_DL_init</name>
         <load_address>0x5e2a</load_address>
         <readonly>true</readonly>
         <executable>true</executable>
         <run_address>0x5e2a</run_address>
         <size>0x2c</size>
         <alignment>0x2</alignment>
         <input_file_ref idref="fl-13"/>
      </object_component>
      <object_component id="oc-d1">
         <name>.text.__NVIC_ClearPendingIRQ</name>
         <load_address>0x5e58</load_address>
         <readonly>true</readonly>
         <executable>true</executable>
         <run_address>0x5e58</run_address>
         <size>0x2c</size>
         <alignment>0x4</alignment>
         <input_file_ref idref="fl-8"/>
      </object_component>
      <object_component id="oc-12b">
         <name>.text.__NVIC_EnableIRQ</name>
         <load_address>0x5e84</load_address>
         <readonly>true</readonly>
         <executable>true</executable>
         <run_address>0x5e84</run_address>
         <size>0x2c</size>
         <alignment>0x4</alignment>
         <input_file_ref idref="fl-3"/>
      </object_component>
      <object_component id="oc-d2">
         <name>.text.__NVIC_EnableIRQ</name>
         <load_address>0x5eb0</load_address>
         <readonly>true</readonly>
         <executable>true</executable>
         <run_address>0x5eb0</run_address>
         <size>0x2c</size>
         <alignment>0x4</alignment>
         <input_file_ref idref="fl-8"/>
      </object_component>
      <object_component id="oc-208">
         <name>.text.__NVIC_EnableIRQ</name>
         <load_address>0x5edc</load_address>
         <readonly>true</readonly>
         <executable>true</executable>
         <run_address>0x5edc</run_address>
         <size>0x2c</size>
         <alignment>0x4</alignment>
         <input_file_ref idref="fl-13"/>
      </object_component>
      <object_component id="oc-230">
         <name>.text.__NVIC_EnableIRQ</name>
         <load_address>0x5f08</load_address>
         <readonly>true</readonly>
         <executable>true</executable>
         <run_address>0x5f08</run_address>
         <size>0x2c</size>
         <alignment>0x4</alignment>
         <input_file_ref idref="fl-15"/>
      </object_component>
      <object_component id="oc-296">
         <name>.text.__floatsidf</name>
         <load_address>0x5f34</load_address>
         <readonly>true</readonly>
         <executable>true</executable>
         <run_address>0x5f34</run_address>
         <size>0x2c</size>
         <alignment>0x4</alignment>
         <input_file_ref idref="fl-119"/>
      </object_component>
      <object_component id="oc-384">
         <name>.text.unlink</name>
         <load_address>0x5f60</load_address>
         <readonly>true</readonly>
         <executable>true</executable>
         <run_address>0x5f60</run_address>
         <size>0x2c</size>
         <alignment>0x4</alignment>
         <input_file_ref idref="fl-108"/>
      </object_component>
      <object_component id="oc-2cb">
         <name>.text.DL_Common_updateReg</name>
         <load_address>0x5f8c</load_address>
         <readonly>true</readonly>
         <executable>true</executable>
         <run_address>0x5f8c</run_address>
         <size>0x28</size>
         <alignment>0x2</alignment>
         <input_file_ref idref="fl-13"/>
      </object_component>
      <object_component id="oc-2c8">
         <name>.text.DL_Common_updateReg</name>
         <load_address>0x5fb4</load_address>
         <readonly>true</readonly>
         <executable>true</executable>
         <run_address>0x5fb4</run_address>
         <size>0x28</size>
         <alignment>0x2</alignment>
         <input_file_ref idref="fl-5"/>
      </object_component>
      <object_component id="oc-212">
         <name>.text.DL_SYSTICK_init</name>
         <load_address>0x5fdc</load_address>
         <readonly>true</readonly>
         <executable>true</executable>
         <run_address>0x5fdc</run_address>
         <size>0x28</size>
         <alignment>0x4</alignment>
         <input_file_ref idref="fl-13"/>
      </object_component>
      <object_component id="oc-211">
         <name>.text.DL_TRNG_setDecimationRate</name>
         <load_address>0x6004</load_address>
         <readonly>true</readonly>
         <executable>true</executable>
         <run_address>0x6004</run_address>
         <size>0x28</size>
         <alignment>0x2</alignment>
         <input_file_ref idref="fl-5"/>
      </object_component>
      <object_component id="oc-205">
         <name>.text.DL_UART_setRXFIFOThreshold</name>
         <load_address>0x602c</load_address>
         <readonly>true</readonly>
         <executable>true</executable>
         <run_address>0x602c</run_address>
         <size>0x28</size>
         <alignment>0x4</alignment>
         <input_file_ref idref="fl-13"/>
      </object_component>
      <object_component id="oc-206">
         <name>.text.DL_UART_setTXFIFOThreshold</name>
         <load_address>0x6054</load_address>
         <readonly>true</readonly>
         <executable>true</executable>
         <run_address>0x6054</run_address>
         <size>0x28</size>
         <alignment>0x4</alignment>
         <input_file_ref idref="fl-13"/>
      </object_component>
      <object_component id="oc-11f">
         <name>.text.SYSCFG_DL_CRC_init</name>
         <load_address>0x607c</load_address>
         <readonly>true</readonly>
         <executable>true</executable>
         <run_address>0x607c</run_address>
         <size>0x28</size>
         <alignment>0x4</alignment>
         <input_file_ref idref="fl-5"/>
      </object_component>
      <object_component id="oc-326">
         <name>.text.free_list_insert</name>
         <load_address>0x60a4</load_address>
         <readonly>true</readonly>
         <executable>true</executable>
         <run_address>0x60a4</run_address>
         <size>0x28</size>
         <alignment>0x4</alignment>
         <input_file_ref idref="fl-52"/>
      </object_component>
      <object_component id="oc-320">
         <name>.text.lseek</name>
         <load_address>0x60cc</load_address>
         <readonly>true</readonly>
         <executable>true</executable>
         <run_address>0x60cc</run_address>
         <size>0x28</size>
         <alignment>0x4</alignment>
         <input_file_ref idref="fl-106"/>
      </object_component>
      <object_component id="oc-1be">
         <name>.text.write</name>
         <load_address>0x60f4</load_address>
         <readonly>true</readonly>
         <executable>true</executable>
         <run_address>0x60f4</run_address>
         <size>0x28</size>
         <alignment>0x4</alignment>
         <input_file_ref idref="fl-102"/>
      </object_component>
      <object_component id="oc-58">
         <name>.text:_c_int00_noargs</name>
         <load_address>0x611c</load_address>
         <readonly>true</readonly>
         <executable>true</executable>
         <run_address>0x611c</run_address>
         <size>0x28</size>
         <alignment>0x4</alignment>
         <input_file_ref idref="fl-53"/>
      </object_component>
      <object_component id="oc-20c">
         <name>.text.DL_CRC_setSeed16</name>
         <load_address>0x6144</load_address>
         <readonly>true</readonly>
         <executable>true</executable>
         <run_address>0x6144</run_address>
         <size>0x24</size>
         <alignment>0x4</alignment>
         <input_file_ref idref="fl-5"/>
      </object_component>
      <object_component id="oc-20e">
         <name>.text.DL_TRNG_sendCommand</name>
         <load_address>0x6168</load_address>
         <readonly>true</readonly>
         <executable>true</executable>
         <run_address>0x6168</run_address>
         <size>0x24</size>
         <alignment>0x2</alignment>
         <input_file_ref idref="fl-5"/>
      </object_component>
      <object_component id="oc-1a7">
         <name>.text.__muldi3</name>
         <load_address>0x618c</load_address>
         <readonly>true</readonly>
         <executable>true</executable>
         <run_address>0x618c</run_address>
         <size>0x24</size>
         <alignment>0x4</alignment>
         <input_file_ref idref="fl-11b"/>
      </object_component>
      <object_component id="oc-135">
         <name>.text._set_solenoid_pins</name>
         <load_address>0x61b0</load_address>
         <readonly>true</readonly>
         <executable>true</executable>
         <run_address>0x61b0</run_address>
         <size>0x24</size>
         <alignment>0x4</alignment>
         <input_file_ref idref="fl-3"/>
      </object_component>
      <object_component id="oc-193">
         <name>.text.memccpy</name>
         <load_address>0x61d4</load_address>
         <readonly>true</readonly>
         <executable>true</executable>
         <run_address>0x61d4</run_address>
         <size>0x22</size>
         <alignment>0x2</alignment>
         <input_file_ref idref="fl-51"/>
      </object_component>
      <object_component id="oc-1e7">
         <name>.text.DL_GPIO_initPeripheralInputFunction</name>
         <load_address>0x61f8</load_address>
         <readonly>true</readonly>
         <executable>true</executable>
         <run_address>0x61f8</run_address>
         <size>0x20</size>
         <alignment>0x4</alignment>
         <input_file_ref idref="fl-13"/>
      </object_component>
      <object_component id="oc-2e0">
         <name>.text.__ashldi3</name>
         <load_address>0x6218</load_address>
         <readonly>true</readonly>
         <executable>true</executable>
         <run_address>0x6218</run_address>
         <size>0x1e</size>
         <alignment>0x4</alignment>
         <input_file_ref idref="fl-123"/>
      </object_component>
      <object_component id="oc-1e4">
         <name>.text.DL_GPIO_clearInterruptStatus</name>
         <load_address>0x6238</load_address>
         <readonly>true</readonly>
         <executable>true</executable>
         <run_address>0x6238</run_address>
         <size>0x1c</size>
         <alignment>0x4</alignment>
         <input_file_ref idref="fl-13"/>
      </object_component>
      <object_component id="oc-1e5">
[...]
         <object_component_ref idref="oc-1f4"/>
      </symbol>
      <symbol id="sm-36c">
         <name>DL_Timer_setCaptureCompareOutCtl</name>
         <value>0x6559</value>
         <object_component_ref idref="oc-1f3"/>
      </symbol>
      <symbol id="sm-36d">
         <name>DL_Timer_initFourCCPWMMode</name>
         <value>0x38e9</value>
         <object_component_ref idref="oc-1f1"/>
      </symbol>
      <symbol id="sm-37e">
         <name>DL_UART_init</name>
         <value>0x56e1</value>
         <object_component_ref idref="oc-202"/>
      </symbol>
      <symbol id="sm-37f">
         <name>DL_UART_setClockConfig</name>
         <value>0x679d</value>
         <object_component_ref idref="oc-1fc"/>
      </symbol>
      <symbol id="sm-380">
         <name>DL_UART_configBaudRate</name>
         <value>0x4a49</value>
         <object_component_ref idref="oc-203"/>
      </symbol>
      <symbol id="sm-391">
         <name>printf</name>
         <value>0x52f1</value>
         <object_component_ref idref="oc-66"/>
      </symbol>
      <symbol id="sm-3da">
         <name>__TI_printfi</name>
         <value>0xda5</value>
         <object_component_ref idref="oc-f7"/>
      </symbol>
      <symbol id="sm-3e5">
         <name>fputc</name>
         <value>0x4811</value>
         <object_component_ref idref="oc-107"/>
      </symbol>
      <symbol id="sm-3f0">
         <name>fputs</name>
         <value>0x3af1</value>
         <object_component_ref idref="oc-101"/>
      </symbol>
      <symbol id="sm-3fa">
         <name>__TI_wrt_ok</name>
         <value>0x5107</value>
         <object_component_ref idref="oc-1b8"/>
      </symbol>
      <symbol id="sm-404">
         <name>setvbuf</name>
         <value>0x4261</value>
         <object_component_ref idref="oc-2bb"/>
      </symbol>
      <symbol id="sm-40e">
         <name>frexp</name>
         <value>0x5295</value>
         <object_component_ref idref="oc-286"/>
      </symbol>
      <symbol id="sm-40f">
         <name>frexpl</name>
         <value>0x5295</value>
         <object_component_ref idref="oc-286"/>
      </symbol>
      <symbol id="sm-419">
         <name>scalbn</name>
         <value>0x4341</value>
         <object_component_ref idref="oc-28a"/>
      </symbol>
      <symbol id="sm-41a">
         <name>ldexp</name>
         <value>0x4341</value>
         <object_component_ref idref="oc-28a"/>
      </symbol>
      <symbol id="sm-41b">
         <name>scalbnl</name>
         <value>0x4341</value>
         <object_component_ref idref="oc-28a"/>
      </symbol>
      <symbol id="sm-41c">
         <name>ldexpl</name>
         <value>0x4341</value>
         <object_component_ref idref="oc-28a"/>
      </symbol>
      <symbol id="sm-425">
         <name>wcslen</name>
         <value>0x6825</value>
         <object_component_ref idref="oc-19e"/>
      </symbol>
      <symbol id="sm-42d">
         <name>strcmp</name>
         <value>0x49c1</value>
         <object_component_ref idref="oc-39a"/>
      </symbol>
      <symbol id="sm-438">
         <name>__aeabi_errno_addr</name>
         <value>0x68e1</value>
         <object_component_ref idref="oc-1a2"/>
      </symbol>
      <symbol id="sm-439">
         <name>__aeabi_errno</name>
         <value>0x20200aa0</value>
         <object_component_ref idref="oc-278"/>
      </symbol>
      <symbol id="sm-447">
         <name>abort</name>
         <value>0x6919</value>
         <object_component_ref idref="oc-d7"/>
      </symbol>
      <symbol id="sm-448">
         <name>__TI_cleanup_ptr</name>
         <value>0x20200a8c</value>
         <object_component_ref idref="oc-18a"/>
      </symbol>
      <symbol id="sm-449">
         <name>__TI_dtors_ptr</name>
         <value>0x20200a90</value>
         <object_component_ref idref="oc-18a"/>
      </symbol>
      <symbol id="sm-44a">
         <name>exit</name>
         <value>0x5cd5</value>
         <object_component_ref idref="oc-dc"/>
      </symbol>
      <symbol id="sm-453">
         <name>_nop</name>
         <value>0x5233</value>
         <object_component_ref idref="oc-f8"/>
      </symbol>
      <symbol id="sm-454">
         <name>_lock</name>
         <value>0x20200aa4</value>
         <object_component_ref idref="oc-af"/>
      </symbol>
      <symbol id="sm-455">
         <name>_unlock</name>
         <value>0x20200aa8</value>
         <object_component_ref idref="oc-b5"/>
      </symbol>
      <symbol id="sm-45e">
         <name>__TI_ltoa</name>
         <value>0x53fd</value>
         <object_component_ref idref="oc-292"/>
      </symbol>
      <symbol id="sm-469">
         <name>atoi</name>
         <value>0x590d</value>
         <object_component_ref idref="oc-19a"/>
      </symbol>
      <symbol id="sm-46e">
         <name>_ftable</name>
         <value>0x20200800</value>
         <object_component_ref idref="oc-b1"/>
      </symbol>
      <symbol id="sm-46f">
         <name>__TI_ft_end</name>
         <value>0x20200a9c</value>
         <object_component_ref idref="oc-331"/>
      </symbol>
      <symbol id="sm-470">
         <name>__TI_tmpnams</name>
         <value>0x20201458</value>
         <object_component_ref idref="oc-360"/>
      </symbol>
      <symbol id="sm-479">
         <name>memccpy</name>
         <value>0x61d5</value>
         <object_component_ref idref="oc-193"/>
      </symbol>
      <symbol id="sm-49c">
         <name>malloc</name>
         <value>0x68a5</value>
         <object_component_ref idref="oc-302"/>
      </symbol>
      <symbol id="sm-49d">
         <name>aligned_alloc</name>
         <value>0x34b5</value>
         <object_component_ref idref="oc-32a"/>
      </symbol>
      <symbol id="sm-49e">
         <name>free</name>
         <value>0x4095</value>
         <object_component_ref idref="oc-2fc"/>
      </symbol>
      <symbol id="sm-49f">
         <name>_sys_memory</name>
         <value>0x20200b38</value>
         <object_component_ref idref="oc-327"/>
      </symbol>
      <symbol id="sm-4a0">
         <name>memalign</name>
         <value>0x34b5</value>
         <object_component_ref idref="oc-32a"/>
      </symbol>
      <symbol id="sm-4ab">
         <name>_c_int00_noargs</name>
         <value>0x611d</value>
         <object_component_ref idref="oc-58"/>
      </symbol>
      <symbol id="sm-4ac">
         <name>__stack</name>
         <value>0x20207e00</value>
         <object_component_ref idref="oc-1a"/>
      </symbol>
      <symbol id="sm-4bb">
         <name>__TI_auto_init_nobinit_nopinit</name>
         <value>0x5a81</value>
         <object_component_ref idref="oc-de"/>
      </symbol>
      <symbol id="sm-4c3">
         <name>_system_pre_init</name>
         <value>0x6939</value>
         <object_component_ref idref="oc-9b"/>
      </symbol>
      <symbol id="sm-4ce">
         <name>__TI_zero_init_nomemset</name>
         <value>0x6687</value>
         <object_component_ref idref="oc-4f"/>
      </symbol>
      <symbol id="sm-4d7">
         <name>__TI_decompress_none</name>
         <value>0x67c1</value>
         <object_component_ref idref="oc-20"/>
      </symbol>
      <symbol id="sm-4e2">
         <name>__TI_decompress_lzss</name>
         <value>0x4cc5</value>
         <object_component_ref idref="oc-1c"/>
      </symbol>
      <symbol id="sm-4ed">
         <name>__TI_doflush</name>
         <value>0x5559</value>
         <object_component_ref idref="oc-1c2"/>
      </symbol>
      <symbol id="sm-4f8">
         <name>__TI_cleanup</name>
         <value>0x5c39</value>
         <object_component_ref idref="oc-303"/>
      </symbol>
      <symbol id="sm-505">
         <name>fseek</name>
         <value>0x6901</value>
         <object_component_ref idref="oc-2b5"/>
      </symbol>
      <symbol id="sm-506">
         <name>fseeko</name>
         <value>0x4ef9</value>
         <object_component_ref idref="oc-2f9"/>
      </symbol>
      <symbol id="sm-507">
         <name>__aeabi_ctype_table_</name>
         <value>0x6940</value>
         <object_component_ref idref="oc-271"/>
      </symbol>
      <symbol id="sm-508">
         <name>__aeabi_ctype_table_C</name>
         <value>0x6940</value>
         <object_component_ref idref="oc-271"/>
      </symbol>
      <symbol id="sm-514">
         <name>__TI_closefile</name>
         <value>0x4c49</value>
         <object_component_ref idref="oc-32b"/>
      </symbol>
      <symbol id="sm-51c">
         <name>HOSTexit</name>
         <value>0x691f</value>
         <object_component_ref idref="oc-184"/>
      </symbol>
      <symbol id="sm-51d">
         <name>C$$EXIT</name>
         <value>0x691e</value>
         <object_component_ref idref="oc-184"/>
      </symbol>
      <symbol id="sm-527">
         <name>write</name>
         <value>0x60f5</value>
         <object_component_ref idref="oc-1be"/>
      </symbol>
      <symbol id="sm-52c">
         <name>_device</name>
         <value>0x202008f0</value>
         <object_component_ref idref="oc-30c"/>
      </symbol>
      <symbol id="sm-52d">
         <name>_stream</name>
         <value>0x20200968</value>
         <object_component_ref idref="oc-2c1"/>
      </symbol>
      <symbol id="sm-536">
         <name>remove</name>
         <value>0x6911</value>
         <object_component_ref idref="oc-35c"/>
      </symbol>
      <symbol id="sm-541">
         <name>lseek</name>
         <value>0x60cd</value>
         <object_component_ref idref="oc-320"/>
      </symbol>
      <symbol id="sm-54b">
         <name>close</name>
         <value>0x55fd</value>
         <object_component_ref idref="oc-358"/>
      </symbol>
      <symbol id="sm-555">
         <name>unlink</name>
         <value>0x5f61</value>
         <object_component_ref idref="oc-384"/>
      </symbol>
      <symbol id="sm-55f">
         <name>HOSTclose</name>
         <value>0x5729</value>
         <object_component_ref idref="oc-338"/>
      </symbol>
      <symbol id="sm-569">
         <name>HOSTlseek</name>
         <value>0x4db5</value>
         <object_component_ref idref="oc-344"/>
      </symbol>
      <symbol id="sm-573">
         <name>HOSTopen</name>
         <value>0x5235</value>
         <object_component_ref idref="oc-334"/>
      </symbol>
      <symbol id="sm-574">
         <name>parmbuf</name>
         <value>0x20201608</value>
         <object_component_ref idref="oc-36a"/>
      </symbol>
      <symbol id="sm-57e">
         <name>HOSTread</name>
         <value>0x534d</value>
         <object_component_ref idref="oc-33c"/>
      </symbol>
      <symbol id="sm-58f">
         <name>HOSTrename</name>
         <value>0x4e21</value>
         <object_component_ref idref="oc-34c"/>
      </symbol>
      <symbol id="sm-599">
         <name>HOSTunlink</name>
         <value>0x5771</value>
         <object_component_ref idref="oc-348"/>
      </symbol>
      <symbol id="sm-5a3">
         <name>HOSTwrite</name>
         <value>0x53a5</value>
         <object_component_ref idref="oc-340"/>
      </symbol>
      <symbol id="sm-5b1">
         <name>C$$IO$$</name>
         <value>0x5ccd</value>
         <object_component_ref idref="oc-363"/>
      </symbol>
      <symbol id="sm-5b2">
         <name>__TI_writemsg</name>
         <value>0x5ca1</value>
         <object_component_ref idref="oc-363"/>
      </symbol>
      <symbol id="sm-5b3">
         <name>__CIOBUF_</name>
         <value>0x20201338</value>
         <object_component_ref idref="oc-38b"/>
      </symbol>
      <symbol id="sm-5b4">
         <name>__TI_readmsg</name>
         <value>0x5c6d</value>
         <object_component_ref idref="oc-369"/>
      </symbol>
      <symbol id="sm-5b5">
         <name>_CIOBUF_</name>
         <value>0x20201338</value>
         <object_component_ref idref="oc-38b"/>
      </symbol>
      <symbol id="sm-5bb">
         <name>__aeabi_dadd</name>
         <value>0x30cf</value>
         <object_component_ref idref="oc-2af"/>
      </symbol>
      <symbol id="sm-5bc">
         <name>__adddf3</name>
         <value>0x30cf</value>
         <object_component_ref idref="oc-2af"/>
      </symbol>
      <symbol id="sm-5bd">
         <name>__aeabi_dsub</name>
         <value>0x30c5</value>
         <object_component_ref idref="oc-2af"/>
      </symbol>
      <symbol id="sm-5be">
         <name>__subdf3</name>
         <value>0x30c5</value>
         <object_component_ref idref="oc-2af"/>
      </symbol>
      <symbol id="sm-5c7">
         <name>__aeabi_dmul</name>
         <value>0x417d</value>
         <object_component_ref idref="oc-29b"/>
      </symbol>
      <symbol id="sm-5c8">
         <name>__muldf3</name>
         <value>0x417d</value>
         <object_component_ref idref="oc-29b"/>
      </symbol>
      <symbol id="sm-5ce">
         <name>__muldsi3</name>
         <value>0x5abd</value>
         <object_component_ref idref="oc-27c"/>
      </symbol>
      <symbol id="sm-5d4">
         <name>__aeabi_ddiv</name>
         <value>0x35c9</value>
         <object_component_ref idref="oc-2ab"/>
      </symbol>
      <symbol id="sm-5d5">
         <name>__divdf3</name>
         <value>0x35c9</value>
         <object_component_ref idref="oc-2ab"/>
      </symbol>
      <symbol id="sm-5db">
         <name>__aeabi_d2iz</name>
         <value>0x564d</value>
         <object_component_ref idref="oc-28e"/>
      </symbol>
      <symbol id="sm-5dc">
         <name>__fixdfsi</name>
         <value>0x564d</value>
         <object_component_ref idref="oc-28e"/>
      </symbol>
      <symbol id="sm-5e2">
         <name>__aeabi_i2d</name>
         <value>0x5f35</value>
         <object_component_ref idref="oc-296"/>
      </symbol>
      <symbol id="sm-5e3">
         <name>__floatsidf</name>
         <value>0x5f35</value>
         <object_component_ref idref="oc-296"/>
      </symbol>
      <symbol id="sm-5e9">
         <name>__aeabi_lmul</name>
         <value>0x618d</value>
         <object_component_ref idref="oc-1a7"/>
      </symbol>
      <symbol id="sm-5ea">
         <name>__muldi3</name>
         <value>0x618d</value>
         <object_component_ref idref="oc-1a7"/>
      </symbol>
      <symbol id="sm-5f0">
         <name>__aeabi_dcmpeq</name>
         <value>0x51d1</value>
         <object_component_ref idref="oc-1b1"/>
      </symbol>
      <symbol id="sm-5f1">
         <name>__aeabi_dcmplt</name>
         <value>0x51e5</value>
         <object_component_ref idref="oc-1b1"/>
      </symbol>
      <symbol id="sm-5f2">
         <name>__aeabi_dcmple</name>
         <value>0x51f9</value>
         <object_component_ref idref="oc-1b1"/>
      </symbol>
      <symbol id="sm-5f3">
         <name>__aeabi_dcmpge</name>
         <value>0x520d</value>
         <object_component_ref idref="oc-1b1"/>
      </symbol>
      <symbol id="sm-5f4">
         <name>__aeabi_dcmpgt</name>
         <value>0x5221</value>
         <object_component_ref idref="oc-1b1"/>
      </symbol>
      <symbol id="sm-5fa">
         <name>__aeabi_idiv</name>
         <value>0x54ad</value>
         <object_component_ref idref="oc-2ec"/>
      </symbol>
      <symbol id="sm-5fb">
         <name>__aeabi_idivmod</name>
         <value>0x54ad</value>
         <object_component_ref idref="oc-2ec"/>
      </symbol>
      <symbol id="sm-601">
         <name>__aeabi_memcpy</name>
         <value>0x68e9</value>
         <object_component_ref idref="oc-48"/>
      </symbol>
      <symbol id="sm-602">
         <name>__aeabi_memcpy4</name>
         <value>0x68e9</value>
         <object_component_ref idref="oc-48"/>
      </symbol>
      <symbol id="sm-603">
         <name>__aeabi_memcpy8</name>
         <value>0x68e9</value>
         <object_component_ref idref="oc-48"/>
      </symbol>
      <symbol id="sm-60c">
         <name>__aeabi_memset</name>
         <value>0x6845</value>
         <object_component_ref idref="oc-192"/>
      </symbol>
      <symbol id="sm-60d">
         <name>__aeabi_memset4</name>
         <value>0x6845</value>
         <object_component_ref idref="oc-192"/>
      </symbol>
      <symbol id="sm-60e">
         <name>__aeabi_memset8</name>
         <value>0x6845</value>
         <object_component_ref idref="oc-192"/>
      </symbol>
      <symbol id="sm-60f">
         <name>__aeabi_memclr</name>
         <value>0x688d</value>
         <object_component_ref idref="oc-96"/>
      </symbol>
      <symbol id="sm-610">
         <name>__aeabi_memclr4</name>
         <value>0x688d</value>
         <object_component_ref idref="oc-96"/>
      </symbol>
      <symbol id="sm-611">
         <name>__aeabi_memclr8</name>
         <value>0x688d</value>
         <object_component_ref idref="oc-96"/>
      </symbol>
      <symbol id="sm-617">
         <name>__aeabi_uidiv</name>
         <value>0x58cd</value>
         <object_component_ref idref="oc-12e"/>
      </symbol>
      <symbol id="sm-618">
         <name>__aeabi_uidivmod</name>
         <value>0x58cd</value>
         <object_component_ref idref="oc-12e"/>
      </symbol>
      <symbol id="sm-61e">
         <name>__aeabi_uldivmod</name>
         <value>0x673d</value>
         <object_component_ref idref="oc-1ac"/>
      </symbol>
      <symbol id="sm-624">
         <name>__udivmoddi4</name>
         <value>0x4631</value>
         <object_component_ref idref="oc-281"/>
      </symbol>
      <symbol id="sm-62a">
         <name>__aeabi_llsl</name>
         <value>0x6219</value>
         <object_component_ref idref="oc-2e0"/>
      </symbol>
      <symbol id="sm-62b">
         <name>__ashldi3</name>
         <value>0x6219</value>
         <object_component_ref idref="oc-2e0"/>
      </symbol>
      <symbol id="sm-639">
         <name>__ledf2</name>
         <value>0x4fd1</value>
         <object_component_ref idref="oc-2a3"/>
      </symbol>
      <symbol id="sm-63a">
         <name>__gedf2</name>
         <value>0x4d41</value>
         <object_component_ref idref="oc-2a9"/>
      </symbol>
      <symbol id="sm-63b">
         <name>__cmpdf2</name>
         <value>0x4fd1</value>
         <object_component_ref idref="oc-2a3"/>
      </symbol>
      <symbol id="sm-63c">
         <name>__eqdf2</name>
         <value>0x4fd1</value>
         <object_component_ref idref="oc-2a3"/>
      </symbol>
      <symbol id="sm-63d">
         <name>__ltdf2</name>
         <value>0x4fd1</value>
         <object_component_ref idref="oc-2a3"/>
      </symbol>
      <symbol id="sm-63e">
         <name>__nedf2</name>
         <value>0x4fd1</value>
         <object_component_ref idref="oc-2a3"/>
      </symbol>
      <symbol id="sm-63f">
         <name>__gtdf2</name>
         <value>0x4d41</value>
         <object_component_ref idref="oc-2a9"/>
      </symbol>
      <symbol id="sm-64b">
         <name>__aeabi_idiv0</name>
         <value>0x462f</value>
         <object_component_ref idref="oc-218"/>
      </symbol>
      <symbol id="sm-64c">
         <name>__aeabi_ldiv0</name>
         <value>0x46d3</value>
         <object_component_ref idref="oc-2df"/>
      </symbol>
      <symbol id="sm-65a">
         <name>finddevice</name>
         <value>0x5d09</value>
         <object_component_ref idref="oc-397"/>
      </symbol>
      <symbol id="sm-65b">
         <name>getdevice</name>
         <value>0x4f65</value>
         <object_component_ref idref="oc-38e"/>
      </symbol>
      <symbol id="sm-664">
         <name>TI_memcpy_small</name>
         <value>0x67af</value>
         <object_component_ref idref="oc-c0"/>
      </symbol>
      <symbol id="sm-66d">
         <name>TI_memset_small</name>
         <value>0x687d</value>
         <object_component_ref idref="oc-10e"/>
      </symbol>
      <symbol id="sm-66e">
         <name>__TI_static_base__</name>
         <value>0x0</value>
      </symbol>
      <symbol id="sm-672">
         <name>__mpu_init</name>
         <value>0x0</value>
      </symbol>
      <symbol id="sm-673">
         <name>_system_post_cinit</name>
         <value>0x0</value>
      </symbol>
   </symbol_table>
   <title>Link successful</title>
</link_info>
