<?xml version="1.0" encoding="ISO-8859-1" ?>
<link_info>
   <banner>TI ARM Clang Linker PC v4.0.3.LTS</banner>
   <copyright>Copyright (c) 1996-2018 Texas Instruments Incorporated</copyright>
   <command_line>C:\ti\ccs2030\ccs\tools\compiler\ti-cgt-armllvm_4.0.3.LTS\bin\tiarmlnk -IC:\ti\ccs2030\ccs\tools\compiler\ti-cgt-armllvm_4.0.3.LTS\lib -o axon_board.out -maxon_board.map -iC:/ti/mspm0_sdk_2_06_00_05/source -iC:/DATA/DEVELOP/Git/capsule_toy_control_board_CCS/axon_board -iC:/DATA/DEVELOP/Git/capsule_toy_control_board_CCS/axon_board/Debug/syscfg -iC:/ti/ccs2030/ccs/tools/compiler/ti-cgt-armllvm_4.0.3.LTS/lib --diag_wrap=off --display_error_number --warn_sections --xml_link_info=axon_board_linkInfo.xml --rom_model ./axon_routine.o ./driver_config.o ./ti_msp_dl_config.o ./startup_mspm0g350x_ticlang.o ./isr.o ./main.o ./soma_uart_test.o ./uart_packet.o ./driver/UART.o ./driver/dma/DMAMSPM0.o ./driver/uart/UARTMSPM0.o ./driver/utils/List.o ./driver/utils/RingBuf.o ./driver/utils/StructRingBuf.o ./peripheral/fram_memory_map.o ./peripheral/msp_peripheral_config.o ./protcol/src/s2a_client.o ./protcol/src/t2s_packet.o ./protcol/src/target.o -l./device_linker.cmd -ldevice.cmd.genlibs -llibc.a --start-group -llibc++.a -llibc++abi.a -llibc.a -llibsys.a -llibsysbm.a -llibclang_rt.builtins.a -llibclang_rt.profile.a --end-group --cg_opt_level=0</command_line>
   <link_time>0x691b2570</link_time>
   <link_errors>0x0</link_errors>
   <output_file>C:\DATA\DEVELOP\Git\capsule_toy_control_board_CCS\axon_board\Debug\axon_board.out</output_file>
   <entry_point>
      <name>_c_int00_noargs</name>
      <address>0x317d</address>
   </entry_point>
   <input_file_list>
      <input_file id="fl-1">
         <path>C:\DATA\DEVELOP\Git\capsule_toy_control_board_CCS\axon_board\Debug\.\</path>
         <kind>object</kind>
         <file>axon_routine.o</file>
         <name>axon_routine.o</name>
      </input_file>
      <input_file id="fl-2">
         <path>C:\DATA\DEVELOP\Git\capsule_toy_control_board_CCS\axon_board\Debug\.\</path>
         <kind>object</kind>
         <file>driver_config.o</file>
         <name>driver_config.o</name>
      </input_file>
      <input_file id="fl-3">
         <path>C:\DATA\DEVELOP\Git\capsule_toy_control_board_CCS\axon_board\Debug\.\</path>
         <kind>object</kind>
         <file>ti_msp_dl_config.o</file>
         <name>ti_msp_dl_config.o</name>
      </input_file>
      <input_file id="fl-4">
         <path>C:\DATA\DEVELOP\Git\capsule_toy_control_board_CCS\axon_board\Debug\.\</path>
         <kind>object</kind>
         <file>startup_mspm0g350x_ticlang.o</file>
         <name>startup_mspm0g350x_ticlang.o</name>
      </input_file>
      <input_file id="fl-5">
         <path>C:\DATA\DEVELOP\Git\capsule_toy_control_board_CCS\axon_board\Debug\.\</path>
         <kind>object</kind>
         <file>isr.o</file>
         <name>isr.o</name>
      </input_file>
      <input_file id="fl-6">
         <path>C:\DATA\DEVELOP\Git\capsule_toy_control_board_CCS\axon_board\Debug\.\</path>
         <kind>object</kind>
         <file>main.o</file>
         <name>main.o</name>
      </input_file>
      <input_file id="fl-7">
         <path>C:\DATA\DEVELOP\Git\capsule_toy_control_board_CCS\axon_board\Debug\.\</path>
         <kind>object</kind>
         <file>soma_uart_test.o</file>
         <name>soma_uart_test.o</name>
      </input_file>
      <input_file id="fl-8">
         <path>C:\DATA\DEVELOP\Git\capsule_toy_control_board_CCS\axon_board\Debug\.\</path>
         <kind>object</kind>
         <file>uart_packet.o</file>
         <name>uart_packet.o</name>
      </input_file>
      <input_file id="fl-9">
         <path>C:\DATA\DEVELOP\Git\capsule_toy_control_board_CCS\axon_board\Debug\.\driver\</path>
         <kind>object</kind>
         <file>UART.o</file>
         <name>UART.o</name>
      </input_file>
      <input_file id="fl-a">
         <path>C:\DATA\DEVELOP\Git\capsule_toy_control_board_CCS\axon_board\Debug\.\driver\dma\</path>
         <kind>object</kind>
         <file>DMAMSPM0.o</file>
         <name>DMAMSPM0.o</name>
      </input_file>
      <input_file id="fl-b">
         <path>C:\DATA\DEVELOP\Git\capsule_toy_control_board_CCS\axon_board\Debug\.\driver\uart\</path>
         <kind>object</kind>
         <file>UARTMSPM0.o</file>
         <name>UARTMSPM0.o</name>
      </input_file>
      <input_file id="fl-c">
         <path>C:\DATA\DEVELOP\Git\capsule_toy_control_board_CCS\axon_board\Debug\.\driver\utils\</path>
         <kind>object</kind>
         <file>List.o</file>
         <name>List.o</name>
      </input_file>
      <input_file id="fl-d">
         <path>C:\DATA\DEVELOP\Git\capsule_toy_control_board_CCS\axon_board\Debug\.\driver\utils\</path>
         <kind>object</kind>
         <file>RingBuf.o</file>
         <name>RingBuf.o</name>
      </input_file>
      <input_file id="fl-e">
         <path>C:\DATA\DEVELOP\Git\capsule_toy_control_board_CCS\axon_board\Debug\.\driver\utils\</path>
         <kind>object</kind>
         <file>StructRingBuf.o</file>
         <name>StructRingBuf.o</name>
      </input_file>
      <input_file id="fl-f">
         <path>C:\DATA\DEVELOP\Git\capsule_toy_control_board_CCS\axon_board\Debug\.\peripheral\</path>
         <kind>object</kind>
         <file>fram_memory_map.o</file>
         <name>fram_memory_map.o</name>
      </input_file>
      <input_file id="fl-10">
         <path>C:\DATA\DEVELOP\Git\capsule_toy_control_board_CCS\axon_board\Debug\.\peripheral\</path>
         <kind>object</kind>
         <file>msp_peripheral_config.o</file>
         <name>msp_peripheral_config.o</name>
      </input_file>
      <input_file id="fl-11">
         <path>C:\DATA\DEVELOP\Git\capsule_toy_control_board_CCS\axon_board\Debug\.\protcol\src\</path>
         <kind>object</kind>
         <file>s2a_client.o</file>
         <name>s2a_client.o</name>
      </input_file>
      <input_file id="fl-12">
         <path>C:\DATA\DEVELOP\Git\capsule_toy_control_board_CCS\axon_board\Debug\.\protcol\src\</path>
         <kind>object</kind>
         <file>t2s_packet.o</file>
         <name>t2s_packet.o</name>
      </input_file>
      <input_file id="fl-13">
         <path>C:\DATA\DEVELOP\Git\capsule_toy_control_board_CCS\axon_board\Debug\.\protcol\src\</path>
         <kind>object</kind>
         <file>target.o</file>
         <name>target.o</name>
      </input_file>
      <input_file id="fl-20">
         <path>C:\DATA\DEVELOP\Git\capsule_toy_control_board_CCS\axon_board\Debug\</path>
         <kind>object</kind>
         <file>&lt;internal&gt;</file>
         <name>&lt;internal&gt;</name>
      </input_file>
      <input_file id="fl-21">
         <path>C:\ti\mspm0_sdk_2_06_00_05\source\ti\driverlib\lib\ticlang\m0p\mspm0g1x0x_g3x0x\</path>
         <kind>archive</kind>
         <file>driverlib.a</file>
         <name>dl_aes.o</name>
      </input_file>
      <input_file id="fl-22">
         <path>C:\ti\mspm0_sdk_2_06_00_05\source\ti\driverlib\lib\ticlang\m0p\mspm0g1x0x_g3x0x\</path>
         <kind>archive</kind>
         <file>driverlib.a</file>
         <name>dl_common.o</name>
      </input_file>
      <input_file id="fl-23">
         <path>C:\ti\mspm0_sdk_2_06_00_05\source\ti\driverlib\lib\ticlang\m0p\mspm0g1x0x_g3x0x\</path>
         <kind>archive</kind>
         <file>driverlib.a</file>
         <name>dl_dma.o</name>
      </input_file>
      <input_file id="fl-24">
         <path>C:\ti\mspm0_sdk_2_06_00_05\source\ti\driverlib\lib\ticlang\m0p\mspm0g1x0x_g3x0x\</path>
         <kind>archive</kind>
         <file>driverlib.a</file>
         <name>dl_timer.o</name>
      </input_file>
      <input_file id="fl-25">
         <path>C:\ti\mspm0_sdk_2_06_00_05\source\ti\driverlib\lib\ticlang\m0p\mspm0g1x0x_g3x0x\</path>
         <kind>archive</kind>
         <file>driverlib.a</file>
         <name>dl_trng.o</name>
      </input_file>
      <input_file id="fl-26">
         <path>C:\ti\mspm0_sdk_2_06_00_05\source\ti\driverlib\lib\ticlang\m0p\mspm0g1x0x_g3x0x\</path>
         <kind>archive</kind>
         <file>driverlib.a</file>
         <name>dl_uart.o</name>
      </input_file>
      <input_file id="fl-3d">
         <path>C:\ti\ccs2030\ccs\tools\compiler\ti-cgt-armllvm_4.0.3.LTS\lib\armv6m-ti-none-eabi\c\</path>
         <kind>archive</kind>
         <file>libc.a</file>
         <name>boot_cortex_m.c.obj</name>
      </input_file>
      <input_file id="fl-3e">
         <path>C:\ti\ccs2030\ccs\tools\compiler\ti-cgt-armllvm_4.0.3.LTS\lib\armv6m-ti-none-eabi\c\</path>
         <kind>archive</kind>
         <file>libc.a</file>
         <name>mathacl_init.c.obj</name>
      </input_file>
      <input_file id="fl-3f">
         <path>C:\ti\ccs2030\ccs\tools\compiler\ti-cgt-armllvm_4.0.3.LTS\lib\armv6m-ti-none-eabi\c\</path>
         <kind>archive</kind>
         <file>libc.a</file>
         <name>autoinit.c.obj</name>
      </input_file>
      <input_file id="fl-40">
         <path>C:\ti\ccs2030\ccs\tools\compiler\ti-cgt-armllvm_4.0.3.LTS\lib\armv6m-ti-none-eabi\c\</path>
         <kind>archive</kind>
         <file>libc.a</file>
         <name>pre_init.c.obj</name>
      </input_file>
      <input_file id="fl-41">
         <path>C:\ti\ccs2030\ccs\tools\compiler\ti-cgt-armllvm_4.0.3.LTS\lib\armv6m-ti-none-eabi\c\</path>
         <kind>archive</kind>
         <file>libc.a</file>
         <name>cpy_tbl.c.obj</name>
      </input_file>
      <input_file id="fl-42">
         <path>C:\ti\ccs2030\ccs\tools\compiler\ti-cgt-armllvm_4.0.3.LTS\lib\armv6m-ti-none-eabi\c\</path>
         <kind>archive</kind>
         <file>libc.a</file>
         <name>copy_zero_init.c.obj</name>
      </input_file>
      <input_file id="fl-43">
         <path>C:\ti\ccs2030\ccs\tools\compiler\ti-cgt-armllvm_4.0.3.LTS\lib\armv6m-ti-none-eabi\c\</path>
         <kind>archive</kind>
         <file>libc.a</file>
         <name>copy_decompress_none.c.obj</name>
      </input_file>
      <input_file id="fl-44">
         <path>C:\ti\ccs2030\ccs\tools\compiler\ti-cgt-armllvm_4.0.3.LTS\lib\armv6m-ti-none-eabi\c\</path>
         <kind>archive</kind>
         <file>libc.a</file>
         <name>copy_decompress_lzss.c.obj</name>
      </input_file>
      <input_file id="fl-45">
         <path>C:\ti\ccs2030\ccs\tools\compiler\ti-cgt-armllvm_4.0.3.LTS\lib\armv6m-ti-none-eabi\c\</path>
         <kind>archive</kind>
         <file>libc.a</file>
         <name>exit.c.obj</name>
      </input_file>
      <input_file id="fl-46">
         <path>C:\ti\ccs2030\ccs\tools\compiler\ti-cgt-armllvm_4.0.3.LTS\lib\armv6m-ti-none-eabi\c\</path>
         <kind>archive</kind>
         <file>libc.a</file>
         <name>_lock.c.obj</name>
      </input_file>
      <input_file id="fl-47">
         <path>C:\ti\ccs2030\ccs\tools\compiler\ti-cgt-armllvm_4.0.3.LTS\lib\armv6m-ti-none-eabi\c\</path>
         <kind>archive</kind>
         <file>libc.a</file>
         <name>args_main.c.obj</name>
      </input_file>
      <input_file id="fl-e7">
         <path>C:\ti\ccs2030\ccs\tools\compiler\ti-cgt-armllvm_4.0.3.LTS\lib\armv6m-ti-none-eabi\c\</path>
         <kind>archive</kind>
         <file>libsysbm.a</file>
         <name>hostexit.c.obj</name>
      </input_file>
      <input_file id="fl-e8">
         <path>C:\ti\ccs2030\ccs\tools\compiler\ti-cgt-armllvm_4.0.3.LTS\lib\armv6m-ti-none-eabi\</path>
         <kind>archive</kind>
         <file>libclang_rt.builtins.a</file>
         <name>aeabi_memcpy.S.obj</name>
      </input_file>
      <input_file id="fl-e9">
         <path>C:\ti\ccs2030\ccs\tools\compiler\ti-cgt-armllvm_4.0.3.LTS\lib\armv6m-ti-none-eabi\</path>
         <kind>archive</kind>
         <file>libclang_rt.builtins.a</file>
         <name>aeabi_memset.S.obj</name>
      </input_file>
      <input_file id="fl-ea">
         <path>C:\ti\ccs2030\ccs\tools\compiler\ti-cgt-armllvm_4.0.3.LTS\lib\armv6m-ti-none-eabi\</path>
         <kind>archive</kind>
         <file>libclang_rt.builtins.a</file>
         <name>aeabi_uidivmod.S.obj</name>
      </input_file>
      <input_file id="fl-eb">
         <path>C:\ti\ccs2030\ccs\tools\compiler\ti-cgt-armllvm_4.0.3.LTS\lib\armv6m-ti-none-eabi\</path>
         <kind>archive</kind>
         <file>libclang_rt.builtins.a</file>
         <name>aeabi_div0.c.obj</name>
      </input_file>
      <input_file id="fl-ec">
         <path>C:\ti\ccs2030\ccs\tools\compiler\ti-cgt-armllvm_4.0.3.LTS\lib\armv6m-ti-none-eabi\c\</path>
         <kind>archive</kind>
         <file>libc.a</file>
         <name>memcpy16.S.obj</name>
      </input_file>
      <input_file id="fl-ed">
         <path>C:\ti\ccs2030\ccs\tools\compiler\ti-cgt-armllvm_4.0.3.LTS\lib\armv6m-ti-none-eabi\c\</path>
         <kind>archive</kind>
         <file>libc.a</file>
         <name>memset16.S.obj</name>
      </input_file>
   </input_file_list>
   <object_component_list>
      <object_component id="oc-18">
         <name>.intvecs</name>
         <load_address>0x0</load_address>
         <readonly>true</readonly>
         <run_address>0x0</run_address>
         <size>0xc0</size>
         <alignment>0x4</alignment>
         <input_file_ref idref="fl-4"/>
      </object_component>
      <object_component id="oc-d9">
         <name>.text.SYSCFG_DL_GPIO_init</name>
         <load_address>0xc0</load_address>
         <readonly>true</readonly>
         <executable>true</executable>
         <run_address>0xc0</run_address>
         <size>0x2d4</size>
         <alignment>0x4</alignment>
         <input_file_ref idref="fl-10"/>
      </object_component>
      <object_component id="oc-1c8">
         <name>.text.UARTMSP_enable</name>
         <load_address>0x394</load_address>
         <readonly>true</readonly>
         <executable>true</executable>
         <run_address>0x394</run_address>
         <size>0x1dc</size>
         <alignment>0x4</alignment>
         <input_file_ref idref="fl-b"/>
      </object_component>
      <object_component id="oc-176">
         <name>.text.rgb_fade_step</name>
         <load_address>0x570</load_address>
         <readonly>true</readonly>
         <executable>true</executable>
         <run_address>0x570</run_address>
         <size>0x1b4</size>
         <alignment>0x2</alignment>
         <input_file_ref idref="fl-1"/>
      </object_component>
      <object_component id="oc-3a">
         <name>.text.GROUP1_IRQHandler</name>
         <load_address>0x724</load_address>
         <readonly>true</readonly>
         <executable>true</executable>
         <run_address>0x724</run_address>
         <size>0x1b0</size>
         <alignment>0x4</alignment>
         <input_file_ref idref="fl-5"/>
      </object_component>
      <object_component id="oc-b4">
         <name>.text.axon_routine_main</name>
         <load_address>0x8d4</load_address>
         <readonly>true</readonly>
         <executable>true</executable>
         <run_address>0x8d4</run_address>
         <size>0x1a8</size>
         <alignment>0x4</alignment>
         <input_file_ref idref="fl-1"/>
      </object_component>
      <object_component id="oc-20e">
         <name>.text.UARTMSP_dmaRx</name>
         <load_address>0xa7c</load_address>
         <readonly>true</readonly>
         <executable>true</executable>
         <run_address>0xa7c</run_address>
         <size>0x190</size>
         <alignment>0x4</alignment>
         <input_file_ref idref="fl-b"/>
      </object_component>
      <object_component id="oc-16f">
         <name>.text.aes_decrypt_cbc</name>
         <load_address>0xc0c</load_address>
         <readonly>true</readonly>
         <executable>true</executable>
         <run_address>0xc0c</run_address>
         <size>0x15c</size>
         <alignment>0x4</alignment>
         <input_file_ref idref="fl-7"/>
      </object_component>
      <object_component id="oc-3c">
         <name>.text.UART0_IRQHandler</name>
         <load_address>0xd68</load_address>
         <readonly>true</readonly>
         <executable>true</executable>
         <run_address>0xd68</run_address>
         <size>0x144</size>
         <alignment>0x4</alignment>
         <input_file_ref idref="fl-5"/>
      </object_component>
      <object_component id="oc-189">
         <name>.text.UART_open</name>
         <load_address>0xeac</load_address>
         <readonly>true</readonly>
         <executable>true</executable>
         <run_address>0xeac</run_address>
         <size>0x144</size>
         <alignment>0x4</alignment>
         <input_file_ref idref="fl-9"/>
      </object_component>
      <object_component id="oc-ec">
         <name>.text.soma_uart_init</name>
         <load_address>0xff0</load_address>
         <readonly>true</readonly>
         <executable>true</executable>
         <run_address>0xff0</run_address>
         <size>0x13c</size>
         <alignment>0x4</alignment>
         <input_file_ref idref="fl-7"/>
      </object_component>
      <object_component id="oc-f7">
         <name>.text.soma_check_frame</name>
         <load_address>0x112c</load_address>
         <readonly>true</readonly>
         <executable>true</executable>
         <run_address>0x112c</run_address>
         <size>0x11c</size>
         <alignment>0x4</alignment>
         <input_file_ref idref="fl-7"/>
      </object_component>
      <object_component id="oc-12e">
         <name>.text.DL_Timer_initFourCCPWMMode</name>
         <load_address>0x1248</load_address>
         <readonly>true</readonly>
         <executable>true</executable>
         <run_address>0x1248</run_address>
         <size>0x104</size>
         <alignment>0x4</alignment>
         <input_file_ref idref="fl-24"/>
      </object_component>
      <object_component id="oc-1f7">
         <name>.text.UART_writeCallback</name>
         <load_address>0x134c</load_address>
         <readonly>true</readonly>
         <executable>true</executable>
         <run_address>0x134c</run_address>
         <size>0x100</size>
         <alignment>0x4</alignment>
         <input_file_ref idref="fl-9"/>
      </object_component>
      <object_component id="oc-df">
         <name>.text._msp_peripheral_pwm_init</name>
         <load_address>0x144c</load_address>
         <readonly>true</readonly>
         <executable>true</executable>
         <run_address>0x144c</run_address>
         <size>0xe8</size>
         <alignment>0x4</alignment>
         <input_file_ref idref="fl-10"/>
      </object_component>
      <object_component id="oc-170">
         <name>.text.send_ack_frame</name>
         <load_address>0x1534</load_address>
         <readonly>true</readonly>
         <executable>true</executable>
         <run_address>0x1534</run_address>
         <size>0xd8</size>
         <alignment>0x4</alignment>
         <input_file_ref idref="fl-7"/>
      </object_component>
      <object_component id="oc-21a">
         <name>.text.DMAMSPM0_setupTransfer</name>
         <load_address>0x160c</load_address>
         <readonly>true</readonly>
         <executable>true</executable>
         <run_address>0x160c</run_address>
         <size>0xcc</size>
         <alignment>0x4</alignment>
         <input_file_ref idref="fl-a"/>
      </object_component>
      <object_component id="oc-16d">
         <name>.text.send_nack_frame</name>
         <load_address>0x16d8</load_address>
         <readonly>true</readonly>
         <executable>true</executable>
         <run_address>0x16d8</run_address>
         <size>0xb8</size>
         <alignment>0x4</alignment>
         <input_file_ref idref="fl-7"/>
      </object_component>
      <object_component id="oc-20f">
         <name>.text.UART_writeBufferedMode</name>
         <load_address>0x1790</load_address>
         <readonly>true</readonly>
         <executable>true</executable>
         <run_address>0x1790</run_address>
         <size>0xb2</size>
         <alignment>0x2</alignment>
         <input_file_ref idref="fl-9"/>
      </object_component>
      <object_component id="oc-20c">
         <name>.text.UART_readBufferedMode</name>
         <load_address>0x1842</load_address>
         <readonly>true</readonly>
         <executable>true</executable>
         <run_address>0x1842</run_address>
         <size>0xaa</size>
         <alignment>0x2</alignment>
         <input_file_ref idref="fl-9"/>
      </object_component>
      <object_component id="oc-204">
         <name>.text.DMAMSPM0_hwiFxn</name>
         <load_address>0x18ec</load_address>
         <readonly>true</readonly>
         <executable>true</executable>
         <run_address>0x18ec</run_address>
         <size>0xa8</size>
         <alignment>0x4</alignment>
         <input_file_ref idref="fl-a"/>
      </object_component>
      <object_component id="oc-1ca">
         <name>.text.UARTMSP_disable</name>
         <load_address>0x1994</load_address>
         <readonly>true</readonly>
         <executable>true</executable>
         <run_address>0x1994</run_address>
         <size>0xa8</size>
         <alignment>0x4</alignment>
         <input_file_ref idref="fl-b"/>
      </object_component>
      <object_component id="oc-192">
         <name>.text.UART_readCancel</name>
         <load_address>0x1a3c</load_address>
         <readonly>true</readonly>
         <executable>true</executable>
         <run_address>0x1a3c</run_address>
         <size>0xa8</size>
         <alignment>0x2</alignment>
         <input_file_ref idref="fl-9"/>
      </object_component>
      <object_component id="oc-20d">
         <name>.text.UARTMSP_enableInts</name>
         <load_address>0x1ae4</load_address>
         <readonly>true</readonly>
         <executable>true</executable>
         <run_address>0x1ae4</run_address>
         <size>0xa6</size>
         <alignment>0x2</alignment>
         <input_file_ref idref="fl-b"/>
      </object_component>
      <object_component id="oc-f1">
         <name>.text._check_debounce_complete</name>
         <load_address>0x1b8a</load_address>
         <readonly>true</readonly>
         <executable>true</executable>
         <run_address>0x1b8a</run_address>
         <size>0xa2</size>
         <alignment>0x2</alignment>
         <input_file_ref idref="fl-1"/>
      </object_component>
      <object_component id="oc-d8">
         <name>.text.SYSCFG_DL_initPower</name>
         <load_address>0x1c2c</load_address>
         <readonly>true</readonly>
         <executable>true</executable>
         <run_address>0x1c2c</run_address>
         <size>0xa0</size>
         <alignment>0x4</alignment>
         <input_file_ref idref="fl-10"/>
      </object_component>
      <object_component id="oc-164">
         <name>.text._set_segment_led</name>
         <load_address>0x1ccc</load_address>
         <readonly>true</readonly>
         <executable>true</executable>
         <run_address>0x1ccc</run_address>
         <size>0x9e</size>
         <alignment>0x4</alignment>
         <input_file_ref idref="fl-1"/>
      </object_component>
      <object_component id="oc-39">
         <name>.text.GROUP0_IRQHandler</name>
         <load_address>0x1d6a</load_address>
         <readonly>true</readonly>
         <executable>true</executable>
         <run_address>0x1d6a</run_address>
         <size>0x2</size>
         <alignment>0x2</alignment>
         <input_file_ref idref="fl-5"/>
      </object_component>
      <object_component id="oc-145">
         <name>.text._init_uart_s2a</name>
         <load_address>0x1d6c</load_address>
         <readonly>true</readonly>
         <executable>true</executable>
         <run_address>0x1d6c</run_address>
         <size>0x9c</size>
         <alignment>0x4</alignment>
         <input_file_ref idref="fl-8"/>
      </object_component>
      <object_component id="oc-15d">
         <name>.text.DL_AES_setKey</name>
         <load_address>0x1e08</load_address>
         <readonly>true</readonly>
         <executable>true</executable>
         <run_address>0x1e08</run_address>
         <size>0x98</size>
         <alignment>0x4</alignment>
         <input_file_ref idref="fl-21"/>
      </object_component>
      <object_component id="oc-1f3">
         <name>.text.DMAMSPM0_close</name>
         <load_address>0x1ea0</load_address>
         <readonly>true</readonly>
         <executable>true</executable>
         <run_address>0x1ea0</run_address>
         <size>0x98</size>
         <alignment>0x4</alignment>
         <input_file_ref idref="fl-a"/>
      </object_component>
      <object_component id="oc-175">
         <name>.text.rgb_fade_init</name>
         <load_address>0x1f38</load_address>
         <readonly>true</readonly>
         <executable>true</executable>
         <run_address>0x1f38</run_address>
         <size>0x98</size>
         <alignment>0x2</alignment>
         <input_file_ref idref="fl-1"/>
      </object_component>
      <object_component id="oc-21d">
         <name>.text.RingBuf_putn</name>
         <load_address>0x1fd0</load_address>
         <readonly>true</readonly>
         <executable>true</executable>
         <run_address>0x1fd0</run_address>
         <size>0x8a</size>
         <alignment>0x2</alignment>
         <input_file_ref idref="fl-d"/>
      </object_component>
      <object_component id="oc-3b">
         <name>.text.UART2_IRQHandler</name>
         <load_address>0x205a</load_address>
         <readonly>true</readonly>
         <executable>true</executable>
         <run_address>0x205a</run_address>
         <size>0x2</size>
         <alignment>0x2</alignment>
         <input_file_ref idref="fl-5"/>
      </object_component>
      <object_component id="oc-15a">
         <name>.text.__NVIC_SetPriority</name>
         <load_address>0x205c</load_address>
         <readonly>true</readonly>
         <executable>true</executable>
         <run_address>0x205c</run_address>
         <size>0x84</size>
         <alignment>0x4</alignment>
         <input_file_ref idref="fl-7"/>
      </object_component>
      <object_component id="oc-1e0">
         <name>.text.DL_UART_configBaudRate</name>
         <load_address>0x20e0</load_address>
         <readonly>true</readonly>
         <executable>true</executable>
         <run_address>0x20e0</run_address>
         <size>0x80</size>
         <alignment>0x4</alignment>
         <input_file_ref idref="fl-26"/>
      </object_component>
      <object_component id="oc-1e4">
         <name>.text.DMAMSPM0_init</name>
         <load_address>0x2160</load_address>
         <readonly>true</readonly>
         <executable>true</executable>
         <run_address>0x2160</run_address>
         <size>0x80</size>
         <alignment>0x4</alignment>
         <input_file_ref idref="fl-a"/>
      </object_component>
      <object_component id="oc-16e">
         <name>.text.crc16_tep</name>
         <load_address>0x21e0</load_address>
         <readonly>true</readonly>
         <executable>true</executable>
         <run_address>0x21e0</run_address>
         <size>0x80</size>
         <alignment>0x4</alignment>
         <input_file_ref idref="fl-7"/>
      </object_component>
      <object_component id="oc-1f5">
         <name>.text.UART_readCallback</name>
         <load_address>0x2260</load_address>
         <readonly>true</readonly>
         <executable>true</executable>
         <run_address>0x2260</run_address>
         <size>0x7e</size>
         <alignment>0x2</alignment>
         <input_file_ref idref="fl-9"/>
      </object_component>
      <object_component id="oc-198">
         <name>.text.__aeabi_idiv0</name>
         <load_address>0x22de</load_address>
         <readonly>true</readonly>
         <executable>true</executable>
         <run_address>0x22de</run_address>
         <size>0x2</size>
         <alignment>0x2</alignment>
         <input_file_ref idref="fl-eb"/>
      </object_component>
      <object_component id="oc-1c">
         <name>.text:decompress:lzss</name>
         <load_address>0x22e0</load_address>
         <readonly>true</readonly>
         <executable>true</executable>
         <run_address>0x22e0</run_address>
         <size>0x7c</size>
         <alignment>0x4</alignment>
         <input_file_ref idref="fl-44"/>
      </object_component>
      <object_component id="oc-219">
         <name>.text.UARTMSP_getRxData</name>
         <load_address>0x235c</load_address>
         <readonly>true</readonly>
         <executable>true</executable>
         <run_address>0x235c</run_address>
         <size>0x78</size>
         <alignment>0x2</alignment>
         <input_file_ref idref="fl-b"/>
      </object_component>
      <object_component id="oc-1cc">
         <name>.text.UART_readFullFeatured</name>
         <load_address>0x23d4</load_address>
         <readonly>true</readonly>
         <executable>true</executable>
         <run_address>0x23d4</run_address>
         <size>0x78</size>
         <alignment>0x2</alignment>
         <input_file_ref idref="fl-9"/>
      </object_component>
      <object_component id="oc-1cd">
         <name>.text.UART_writeFullFeatured</name>
         <load_address>0x244c</load_address>
         <readonly>true</readonly>
         <executable>true</executable>
         <run_address>0x244c</run_address>
         <size>0x78</size>
         <alignment>0x2</alignment>
         <input_file_ref idref="fl-9"/>
      </object_component>
      <object_component id="oc-221">
         <name>.text.RingBuf_put</name>
         <load_address>0x24c4</load_address>
         <readonly>true</readonly>
         <executable>true</executable>
         <run_address>0x24c4</run_address>
         <size>0x76</size>
         <alignment>0x2</alignment>
         <input_file_ref idref="fl-d"/>
      </object_component>
      <object_component id="oc-217">
         <name>.text.RingBuf_getn</name>
         <load_address>0x253a</load_address>
         <readonly>true</readonly>
         <executable>true</executable>
         <run_address>0x253a</run_address>
         <size>0x6c</size>
         <alignment>0x2</alignment>
         <input_file_ref idref="fl-d"/>
      </object_component>
      <object_component id="oc-211">
         <name>.text.RingBuf_putAdvance</name>
         <load_address>0x25a6</load_address>
         <readonly>true</readonly>
         <executable>true</executable>
         <run_address>0x25a6</run_address>
         <size>0x6c</size>
         <alignment>0x2</alignment>
         <input_file_ref idref="fl-d"/>
      </object_component>
      <object_component id="oc-ee">
         <name>.text._change_status</name>
         <load_address>0x2612</load_address>
         <readonly>true</readonly>
         <executable>true</executable>
         <run_address>0x2612</run_address>
         <size>0x6c</size>
         <alignment>0x2</alignment>
         <input_file_ref idref="fl-1"/>
      </object_component>
      <object_component id="oc-e0">
         <name>.text._msp_peripheral_spi_init</name>
         <load_address>0x267e</load_address>
         <readonly>true</readonly>
         <executable>true</executable>
         <run_address>0x267e</run_address>
         <size>0x2</size>
         <alignment>0x2</alignment>
         <input_file_ref idref="fl-10"/>
      </object_component>
      <object_component id="oc-f8">
         <name>.text.rgb_led_fade_update</name>
         <load_address>0x2680</load_address>
         <readonly>true</readonly>
         <executable>true</executable>
         <run_address>0x2680</run_address>
         <size>0x68</size>
         <alignment>0x4</alignment>
         <input_file_ref idref="fl-1"/>
      </object_component>
      <object_component id="oc-e7">
         <name>.text.init_uart_ports</name>
         <load_address>0x26e8</load_address>
         <readonly>true</readonly>
         <executable>true</executable>
         <run_address>0x26e8</run_address>
         <size>0x64</size>
         <alignment>0x4</alignment>
         <input_file_ref idref="fl-8"/>
      </object_component>
      <object_component id="oc-18c">
         <name>.text.read_callback_fxn</name>
         <load_address>0x274c</load_address>
         <readonly>true</readonly>
         <executable>true</executable>
         <run_address>0x274c</run_address>
         <size>0x62</size>
         <alignment>0x2</alignment>
         <input_file_ref idref="fl-8"/>
      </object_component>
      <object_component id="oc-116">
         <name>.text._msp_peripheral_gpio_init_for_dipsw</name>
         <load_address>0x27b0</load_address>
         <readonly>true</readonly>
         <executable>true</executable>
         <run_address>0x27b0</run_address>
         <size>0x54</size>
         <alignment>0x4</alignment>
         <input_file_ref idref="fl-10"/>
      </object_component>
      <object_component id="oc-18d">
         <name>.text.write_callback_fxn</name>
         <load_address>0x2804</load_address>
         <readonly>true</readonly>
         <executable>true</executable>
         <run_address>0x2804</run_address>
         <size>0x52</size>
         <alignment>0x2</alignment>
         <input_file_ref idref="fl-8"/>
      </object_component>
      <object_component id="oc-224">
         <name>.text.DL_DMA_initChannel</name>
         <load_address>0x2858</load_address>
         <readonly>true</readonly>
         <executable>true</executable>
         <run_address>0x2858</run_address>
         <size>0x4c</size>
         <alignment>0x4</alignment>
         <input_file_ref idref="fl-23"/>
      </object_component>
      <object_component id="oc-210">
         <name>.text.RingBuf_putPointer</name>
         <load_address>0x28a4</load_address>
         <readonly>true</readonly>
         <executable>true</executable>
         <run_address>0x28a4</run_address>
         <size>0x4a</size>
         <alignment>0x2</alignment>
         <input_file_ref idref="fl-d"/>
      </object_component>
      <object_component id="oc-8a">
         <name>.text.main</name>
         <load_address>0x28ee</load_address>
         <readonly>true</readonly>
         <executable>true</executable>
         <run_address>0x28ee</run_address>
         <size>0x4a</size>
         <alignment>0x2</alignment>
         <input_file_ref idref="fl-6"/>
      </object_component>
      <object_component id="oc-1df">
         <name>.text.DL_UART_init</name>
         <load_address>0x2938</load_address>
         <readonly>true</readonly>
         <executable>true</executable>
         <run_address>0x2938</run_address>
         <size>0x48</size>
         <alignment>0x4</alignment>
         <input_file_ref idref="fl-26"/>
      </object_component>
      <object_component id="oc-117">
         <name>.text._msp_peripheral_gpio_init_for_hw_ver</name>
         <load_address>0x2980</load_address>
         <readonly>true</readonly>
         <executable>true</executable>
         <run_address>0x2980</run_address>
         <size>0x48</size>
         <alignment>0x4</alignment>
         <input_file_ref idref="fl-10"/>
      </object_component>
      <object_component id="oc-e3">
         <name>.text.SYSCFG_DL_TRNG_init</name>
         <load_address>0x29c8</load_address>
         <readonly>true</readonly>
         <executable>true</executable>
         <run_address>0x29c8</run_address>
         <size>0x40</size>
         <alignment>0x4</alignment>
         <input_file_ref idref="fl-3"/>
      </object_component>
      <object_component id="oc-169">
         <name>.text.__aeabi_uidivmod</name>
         <load_address>0x2a08</load_address>
         <readonly>true</readonly>
         <executable>true</executable>
         <run_address>0x2a08</run_address>
         <size>0x40</size>
         <alignment>0x4</alignment>
         <input_file_ref idref="fl-ea"/>
      </object_component>
      <object_component id="oc-12f">
         <name>.text.DL_Timer_setCounterControl</name>
         <load_address>0x2a48</load_address>
         <readonly>true</readonly>
         <executable>true</executable>
         <run_address>0x2a48</run_address>
         <size>0x3c</size>
         <alignment>0x4</alignment>
         <input_file_ref idref="fl-10"/>
      </object_component>
      <object_component id="oc-f0">
         <name>.text._set_segment_leds</name>
         <load_address>0x2a84</load_address>
         <readonly>true</readonly>
         <executable>true</executable>
         <run_address>0x2a84</run_address>
         <size>0x3c</size>
         <alignment>0x4</alignment>
         <input_file_ref idref="fl-1"/>
      </object_component>
      <object_component id="oc-bf">
         <name>.text:__TI_auto_init_nobinit_nopinit</name>
         <load_address>0x2ac0</load_address>
         <readonly>true</readonly>
         <executable>true</executable>
         <run_address>0x2ac0</run_address>
         <size>0x3c</size>
         <alignment>0x4</alignment>
         <input_file_ref idref="fl-3f"/>
      </object_component>
      <object_component id="oc-13a">
         <name>.text.DL_CRC_init</name>
         <load_address>0x2afc</load_address>
         <readonly>true</readonly>
         <executable>true</executable>
         <run_address>0x2afc</run_address>
         <size>0x38</size>
         <alignment>0x2</alignment>
         <input_file_ref idref="fl-3"/>
      </object_component>
      <object_component id="oc-118">
         <name>.text.DL_GPIO_initPeripheralOutputFunctionFeatures</name>
         <load_address>0x2b34</load_address>
         <readonly>true</readonly>
         <executable>true</executable>
         <run_address>0x2b34</run_address>
         <size>0x38</size>
         <alignment>0x4</alignment>
         <input_file_ref idref="fl-10"/>
      </object_component>
      <object_component id="oc-b1">
         <name>.text.DL_FlashCTL_executeClearStatus</name>
         <load_address>0x2b6c</load_address>
         <readonly>true</readonly>
         <executable>true</executable>
         <run_address>0x2b6c</run_address>
         <size>0x34</size>
         <alignment>0x4</alignment>
         <input_file_ref idref="fl-6"/>
      </object_component>
      <object_component id="oc-11c">
         <name>.text.DL_GPIO_initDigitalInputFeatures</name>
         <load_address>0x2ba0</load_address>
         <readonly>true</readonly>
         <executable>true</executable>
         <run_address>0x2ba0</run_address>
         <size>0x34</size>
         <alignment>0x4</alignment>
         <input_file_ref idref="fl-10"/>
      </object_component>
      <object_component id="oc-1ee">
         <name>.text.__NVIC_DisableIRQ</name>
         <load_address>0x2bd4</load_address>
         <readonly>true</readonly>
         <executable>true</executable>
         <run_address>0x2bd4</run_address>
         <size>0x34</size>
         <alignment>0x4</alignment>
         <input_file_ref idref="fl-b"/>
      </object_component>
      <object_component id="oc-158">
         <name>.text.__NVIC_DisableIRQ</name>
         <load_address>0x2c08</load_address>
         <readonly>true</readonly>
         <executable>true</executable>
         <run_address>0x2c08</run_address>
         <size>0x34</size>
         <alignment>0x4</alignment>
         <input_file_ref idref="fl-7"/>
      </object_component>
      <object_component id="oc-228">
         <name>.text.DL_DMA_setTransferSize</name>
         <load_address>0x2c3c</load_address>
         <readonly>true</readonly>
         <executable>true</executable>
         <run_address>0x2c3c</run_address>
         <size>0x30</size>
         <alignment>0x4</alignment>
         <input_file_ref idref="fl-a"/>
      </object_component>
      <object_component id="oc-11b">
         <name>.text.DL_GPIO_initDigitalOutputFeatures</name>
         <load_address>0x2c6c</load_address>
         <readonly>true</readonly>
         <executable>true</executable>
         <run_address>0x2c6c</run_address>
         <size>0x30</size>
         <alignment>0x4</alignment>
         <input_file_ref idref="fl-10"/>
      </object_component>
      <object_component id="oc-ef">
         <name>.text.DL_GPIO_writePinsVal</name>
         <load_address>0x2c9c</load_address>
         <readonly>true</readonly>
         <executable>true</executable>
         <run_address>0x2c9c</run_address>
         <size>0x30</size>
         <alignment>0x2</alignment>
         <input_file_ref idref="fl-1"/>
      </object_component>
      <object_component id="oc-1b9">
         <name>.text.set_led_b_pwm</name>
         <load_address>0x2ccc</load_address>
         <readonly>true</readonly>
         <executable>true</executable>
         <run_address>0x2ccc</run_address>
         <size>0x30</size>
         <alignment>0x4</alignment>
         <input_file_ref idref="fl-1"/>
      </object_component>
      <object_component id="oc-1b8">
         <name>.text.set_led_g_pwm</name>
         <load_address>0x2cfc</load_address>
         <readonly>true</readonly>
         <executable>true</executable>
         <run_address>0x2cfc</run_address>
         <size>0x30</size>
         <alignment>0x4</alignment>
         <input_file_ref idref="fl-1"/>
      </object_component>
      <object_component id="oc-1b7">
         <name>.text.set_led_r_pwm</name>
         <load_address>0x2d2c</load_address>
         <readonly>true</readonly>
         <executable>true</executable>
         <run_address>0x2d2c</run_address>
         <size>0x30</size>
         <alignment>0x4</alignment>
         <input_file_ref idref="fl-1"/>
      </object_component>
      <object_component id="oc-1a5">
         <name>.text.set_led_rgb_pwm</name>
         <load_address>0x2d5c</load_address>
         <readonly>true</readonly>
         <executable>true</executable>
         <run_address>0x2d5c</run_address>
         <size>0x30</size>
         <alignment>0x2</alignment>
         <input_file_ref idref="fl-1"/>
      </object_component>
      <object_component id="oc-139">
         <name>.text.DL_AES_init</name>
         <load_address>0x2d8c</load_address>
         <readonly>true</readonly>
         <executable>true</executable>
         <run_address>0x2d8c</run_address>
         <size>0x2e</size>
         <alignment>0x2</alignment>
         <input_file_ref idref="fl-3"/>
      </object_component>
      <object_component id="oc-1f8">
         <name>.text.RingBuf_construct</name>
         <load_address>0x2dba</load_address>
         <readonly>true</readonly>
         <executable>true</executable>
         <run_address>0x2dba</run_address>
         <size>0x2e</size>
         <alignment>0x2</alignment>
         <input_file_ref idref="fl-d"/>
      </object_component>
      <object_component id="oc-1f4">
         <name>.text.UART_readBuffered</name>
         <load_address>0x2de8</load_address>
         <readonly>true</readonly>
         <executable>true</executable>
         <run_address>0x2de8</run_address>
         <size>0x2e</size>
         <alignment>0x2</alignment>
         <input_file_ref idref="fl-9"/>
      </object_component>
      <object_component id="oc-1f6">
         <name>.text.UART_writeBuffered</name>
         <load_address>0x2e16</load_address>
         <readonly>true</readonly>
         <executable>true</executable>
         <run_address>0x2e16</run_address>
         <size>0x2e</size>
         <alignment>0x2</alignment>
         <input_file_ref idref="fl-9"/>
      </object_component>
      <object_component id="oc-146">
         <name>.text.UART_close</name>
         <load_address>0x2e44</load_address>
         <readonly>true</readonly>
         <executable>true</executable>
         <run_address>0x2e44</run_address>
         <size>0x2c</size>
         <alignment>0x2</alignment>
         <input_file_ref idref="fl-9"/>
      </object_component>
      <object_component id="oc-b2">
         <name>.text.__NVIC_ClearPendingIRQ</name>
         <load_address>0x2e70</load_address>
         <readonly>true</readonly>
         <executable>true</executable>
         <run_address>0x2e70</run_address>
         <size>0x2c</size>
         <alignment>0x4</alignment>
         <input_file_ref idref="fl-6"/>
      </object_component>
      <object_component id="oc-159">
         <name>.text.__NVIC_ClearPendingIRQ</name>
         <load_address>0x2e9c</load_address>
         <readonly>true</readonly>
         <executable>true</executable>
         <run_address>0x2e9c</run_address>
         <size>0x2c</size>
         <alignment>0x4</alignment>
         <input_file_ref idref="fl-7"/>
      </object_component>
      <object_component id="oc-1ea">
         <name>.text.__NVIC_EnableIRQ</name>
         <load_address>0x2ec8</load_address>
         <readonly>true</readonly>
         <executable>true</executable>
         <run_address>0x2ec8</run_address>
         <size>0x2c</size>
         <alignment>0x4</alignment>
         <input_file_ref idref="fl-b"/>
      </object_component>
      <object_component id="oc-b3">
         <name>.text.__NVIC_EnableIRQ</name>
         <load_address>0x2ef4</load_address>
         <readonly>true</readonly>
         <executable>true</executable>
         <run_address>0x2ef4</run_address>
         <size>0x2c</size>
         <alignment>0x4</alignment>
         <input_file_ref idref="fl-6"/>
      </object_component>
      <object_component id="oc-15b">
         <name>.text.__NVIC_EnableIRQ</name>
         <load_address>0x2f20</load_address>
         <readonly>true</readonly>
         <executable>true</executable>
         <run_address>0x2f20</run_address>
         <size>0x2c</size>
         <alignment>0x4</alignment>
         <input_file_ref idref="fl-7"/>
      </object_component>
      <object_component id="oc-1a1">
         <name>.text.DL_AES_loadDataIn</name>
         <load_address>0x2f4c</load_address>
         <readonly>true</readonly>
         <executable>true</executable>
         <run_address>0x2f4c</run_address>
         <size>0x28</size>
         <alignment>0x4</alignment>
         <input_file_ref idref="fl-21"/>
      </object_component>
      <object_component id="oc-1ff">
         <name>.text.DL_Common_updateReg</name>
         <load_address>0x2f74</load_address>
         <readonly>true</readonly>
         <executable>true</executable>
         <run_address>0x2f74</run_address>
         <size>0x28</size>
         <alignment>0x2</alignment>
         <input_file_ref idref="fl-b"/>
      </object_component>
      <object_component id="oc-187">
         <name>.text.DL_Common_updateReg</name>
         <load_address>0x2f9c</load_address>
         <readonly>true</readonly>
         <executable>true</executable>
         <run_address>0x2f9c</run_address>
         <size>0x28</size>
         <alignment>0x2</alignment>
         <input_file_ref idref="fl-10"/>
      </object_component>
      <object_component id="oc-195">
         <name>.text.DL_Common_updateReg</name>
         <load_address>0x2fc4</load_address>
         <readonly>true</readonly>
         <executable>true</executable>
         <run_address>0x2fc4</run_address>
         <size>0x28</size>
         <alignment>0x2</alignment>
         <input_file_ref idref="fl-7"/>
      </object_component>
      <object_component id="oc-184">
         <name>.text.DL_Common_updateReg</name>
         <load_address>0x2fec</load_address>
         <readonly>true</readonly>
         <executable>true</executable>
         <run_address>0x2fec</run_address>
         <size>0x28</size>
         <alignment>0x2</alignment>
         <input_file_ref idref="fl-3"/>
      </object_component>
      <object_component id="oc-223">
         <name>.text.DL_DMA_setDestAddr</name>
         <load_address>0x3014</load_address>
         <readonly>true</readonly>
         <executable>true</executable>
         <run_address>0x3014</run_address>
         <size>0x28</size>
         <alignment>0x4</alignment>
         <input_file_ref idref="fl-a"/>
      </object_component>
      <object_component id="oc-222">
         <name>.text.DL_DMA_setSrcAddr</name>
         <load_address>0x303c</load_address>
         <readonly>true</readonly>
         <executable>true</executable>
         <run_address>0x303c</run_address>
         <size>0x28</size>
         <alignment>0x4</alignment>
         <input_file_ref idref="fl-a"/>
      </object_component>
      <object_component id="oc-141">
         <name>.text.DL_SYSTICK_init</name>
         <load_address>0x3064</load_address>
         <readonly>true</readonly>
         <executable>true</executable>
         <run_address>0x3064</run_address>
         <size>0x28</size>
         <alignment>0x4</alignment>
         <input_file_ref idref="fl-10"/>
      </object_component>
      <object_component id="oc-140">
         <name>.text.DL_TRNG_setDecimationRate</name>
         <load_address>0x308c</load_address>
         <readonly>true</readonly>
         <executable>true</executable>
         <run_address>0x308c</run_address>
         <size>0x28</size>
         <alignment>0x2</alignment>
         <input_file_ref idref="fl-3"/>
      </object_component>
      <object_component id="oc-1e2">
         <name>.text.DL_UART_setRXFIFOThreshold</name>
         <load_address>0x30b4</load_address>
         <readonly>true</readonly>
         <executable>true</executable>
         <run_address>0x30b4</run_address>
         <size>0x28</size>
         <alignment>0x4</alignment>
         <input_file_ref idref="fl-b"/>
      </object_component>
      <object_component id="oc-155">
         <name>.text.DL_UART_setRXFIFOThreshold</name>
         <load_address>0x30dc</load_address>
         <readonly>true</readonly>
         <executable>true</executable>
         <run_address>0x30dc</run_address>
         <size>0x28</size>
         <alignment>0x4</alignment>
         <input_file_ref idref="fl-7"/>
      </object_component>
      <object_component id="oc-1e3">
         <name>.text.DL_UART_setTXFIFOThreshold</name>
         <load_address>0x3104</load_address>
         <readonly>true</readonly>
         <executable>true</executable>
         <run_address>0x3104</run_address>
         <size>0x28</size>
         <alignment>0x4</alignment>
         <input_file_ref idref="fl-b"/>
      </object_component>
      <object_component id="oc-e2">
         <name>.text.SYSCFG_DL_CRC_init</name>
         <load_address>0x312c</load_address>
         <readonly>true</readonly>
         <executable>true</executable>
         <run_address>0x312c</run_address>
         <size>0x28</size>
         <alignment>0x4</alignment>
         <input_file_ref idref="fl-3"/>
      </object_component>
      <object_component id="oc-ab">
         <name>.text.SYSCFG_DL_init</name>
         <load_address>0x3154</load_address>
         <readonly>true</readonly>
         <executable>true</executable>
         <run_address>0x3154</run_address>
         <size>0x28</size>
         <alignment>0x2</alignment>
         <input_file_ref idref="fl-10"/>
      </object_component>
      <object_component id="oc-58">
         <name>.text:_c_int00_noargs</name>
         <load_address>0x317c</load_address>
         <readonly>true</readonly>
         <executable>true</executable>
         <run_address>0x317c</run_address>
         <size>0x28</size>
         <alignment>0x4</alignment>
         <input_file_ref idref="fl-3d"/>
      </object_component>
      <object_component id="oc-229">
         <name>.text.DL_DMA_enableChannel</name>
         <load_address>0x31a4</load_address>
         <readonly>true</readonly>
         <executable>true</executable>
         <run_address>0x31a4</run_address>
         <size>0x26</size>
         <alignment>0x2</alignment>
         <input_file_ref idref="fl-a"/>
      </object_component>
      <object_component id="oc-22a">
         <name>.text.DL_DMA_startTransfer</name>
         <load_address>0x31ca</load_address>
         <readonly>true</readonly>
         <executable>true</executable>
         <run_address>0x31ca</run_address>
         <size>0x26</size>
         <alignment>0x2</alignment>
         <input_file_ref idref="fl-a"/>
      </object_component>
      <object_component id="oc-1d4">
         <name>.text.UARTMSP_initBuffers</name>
         <load_address>0x31f0</load_address>
         <readonly>true</readonly>
         <executable>true</executable>
         <run_address>0x31f0</run_address>
         <size>0x26</size>
         <alignment>0x2</alignment>
         <input_file_ref idref="fl-b"/>
      </object_component>
      <object_component id="oc-1a3">
         <name>.text.DL_AES_getDataOut</name>
         <load_address>0x3218</load_address>
         <readonly>true</readonly>
         <executable>true</executable>
         <run_address>0x3218</run_address>
         <size>0x24</size>
         <alignment>0x4</alignment>
         <input_file_ref idref="fl-21"/>
      </object_component>
      <object_component id="oc-13b">
         <name>.text.DL_CRC_setSeed16</name>
         <load_address>0x323c</load_address>
         <readonly>true</readonly>
         <executable>true</executable>
         <run_address>0x323c</run_address>
         <size>0x24</size>
         <alignment>0x4</alignment>
         <input_file_ref idref="fl-3"/>
      </object_component>
      <object_component id="oc-13d">
         <name>.text.DL_TRNG_sendCommand</name>
         <load_address>0x3260</load_address>
         <readonly>true</readonly>
         <executable>true</executable>
         <run_address>0x3260</run_address>
         <size>0x24</size>
         <alignment>0x2</alignment>
         <input_file_ref idref="fl-3"/>
      </object_component>
      <object_component id="oc-f2">
         <name>.text._set_solenoid_pins</name>
         <load_address>0x3284</load_address>
         <readonly>true</readonly>
         <executable>true</executable>
         <run_address>0x3284</run_address>
         <size>0x24</size>
         <alignment>0x4</alignment>
         <input_file_ref idref="fl-1"/>
      </object_component>
      <object_component id="oc-1d6">
         <name>.text.DL_GPIO_initPeripheralInputFunction</name>
         <load_address>0x32a8</load_address>
         <readonly>true</readonly>
         <executable>true</executable>
         <run_address>0x32a8</run_address>
         <size>0x20</size>
         <alignment>0x4</alignment>
         <input_file_ref idref="fl-b"/>
      </object_component>
      <object_component id="oc-120">
         <name>.text.DL_GPIO_initPeripheralInputFunction</name>
         <load_address>0x32c8</load_address>
         <readonly>true</readonly>
         <executable>true</executable>
         <run_address>0x32c8</run_address>
         <size>0x20</size>
         <alignment>0x4</alignment>
         <input_file_ref idref="fl-10"/>
      </object_component>
      <object_component id="oc-188">
         <name>.text.UART_Params_init</name>
         <load_address>0x32e8</load_address>
         <readonly>true</readonly>
         <executable>true</executable>
         <run_address>0x32e8</run_address>
         <size>0x20</size>
         <alignment>0x4</alignment>
         <input_file_ref idref="fl-9"/>
      </object_component>
      <object_component id="oc-1cb">
         <name>.text.UARTMSP_txChar</name>
         <load_address>0x3308</load_address>
         <readonly>true</readonly>
         <executable>true</executable>
         <run_address>0x3308</run_address>
         <size>0x1e</size>
         <alignment>0x2</alignment>
         <input_file_ref idref="fl-b"/>
      </object_component>
      <object_component id="oc-11d">
         <name>.text.DL_GPIO_clearInterruptStatus</name>
         <load_address>0x3328</load_address>
         <readonly>true</readonly>
         <executable>true</executable>
         <run_address>0x3328</run_address>
         <size>0x1c</size>
         <alignment>0x4</alignment>
         <input_file_ref idref="fl-10"/>
      </object_component>
      <object_component id="oc-11e">
         <name>.text.DL_GPIO_enableInterrupt</name>
         <load_address>0x3344</load_address>
         <readonly>true</readonly>
         <executable>true</executable>
         <run_address>0x3344</run_address>
         <size>0x1c</size>
         <alignment>0x4</alignment>
         <input_file_ref idref="fl-10"/>
      </object_component>
      <object_component id="oc-121">
         <name>.text.DL_GPIO_initDigitalInput</name>
         <load_address>0x3360</load_address>
         <readonly>true</readonly>
         <executable>true</executable>
         <run_address>0x3360</run_address>
         <size>0x1c</size>
         <alignment>0x4</alignment>
         <input_file_ref idref="fl-10"/>
      </object_component>
      <object_component id="oc-1d5">
         <name>.text.DL_GPIO_initPeripheralOutputFunction</name>
         <load_address>0x337c</load_address>
         <readonly>true</readonly>
         <executable>true</executable>
         <run_address>0x337c</run_address>
         <size>0x1c</size>
         <alignment>0x4</alignment>
         <input_file_ref idref="fl-b"/>
      </object_component>
      <object_component id="oc-1c5">
         <name>.text.DL_GPIO_initPeripheralOutputFunction</name>
         <load_address>0x3398</load_address>
         <readonly>true</readonly>
         <executable>true</executable>
         <run_address>0x3398</run_address>
         <size>0x1c</size>
         <alignment>0x4</alignment>
         <input_file_ref idref="fl-1"/>
      </object_component>
      <object_component id="oc-11f">
         <name>.text.DL_GPIO_initPeripheralOutputFunction</name>
         <load_address>0x33b4</load_address>
         <readonly>true</readonly>
         <executable>true</executable>
         <run_address>0x33b4</run_address>
         <size>0x1c</size>
         <alignment>0x4</alignment>
         <input_file_ref idref="fl-10"/>
      </object_component>
      <object_component id="oc-122">
         <name>.text.DL_GPIO_setLowerPinsPolarity</name>
         <load_address>0x33d0</load_address>
         <readonly>true</readonly>
         <executable>true</executable>
         <run_address>0x33d0</run_address>
         <size>0x1c</size>
         <alignment>0x4</alignment>
         <input_file_ref idref="fl-10"/>
      </object_component>
      <object_component id="oc-63">
         <name>.text.DL_Interrupt_getPendingGroup</name>
         <load_address>0x33ec</load_address>
         <readonly>true</readonly>
         <executable>true</executable>
         <run_address>0x33ec</run_address>
         <size>0x1c</size>
         <alignment>0x4</alignment>
         <input_file_ref idref="fl-5"/>
      </object_component>
      <object_component id="oc-125">
         <name>.text.DL_SYSCTL_setSYSOSCFreq</name>
         <load_address>0x3408</load_address>
         <readonly>true</readonly>
         <executable>true</executable>
         <run_address>0x3408</run_address>
         <size>0x1c</size>
         <alignment>0x4</alignment>
         <input_file_ref idref="fl-3"/>
      </object_component>
      <object_component id="oc-131">
         <name>.text.DL_Timer_setCaptCompUpdateMethod</name>
         <load_address>0x3424</load_address>
         <readonly>true</readonly>
         <executable>true</executable>
         <run_address>0x3424</run_address>
         <size>0x1c</size>
         <alignment>0x4</alignment>
         <input_file_ref idref="fl-24"/>
      </object_component>
      <object_component id="oc-128">
         <name>.text.DL_Timer_setClockConfig</name>
         <load_address>0x3440</load_address>
         <readonly>true</readonly>
         <executable>true</executable>
         <run_address>0x3440</run_address>
         <size>0x1c</size>
         <alignment>0x4</alignment>
         <input_file_ref idref="fl-24"/>
      </object_component>
      <object_component id="oc-1ef">
         <name>.text.DL_UART_disableInterrupt</name>
         <load_address>0x345c</load_address>
         <readonly>true</readonly>
         <executable>true</executable>
         <run_address>0x345c</run_address>
         <size>0x1c</size>
         <alignment>0x4</alignment>
         <input_file_ref idref="fl-b"/>
      </object_component>
      <object_component id="oc-1e9">
         <name>.text.DL_UART_enableInterrupt</name>
         <load_address>0x3478</load_address>
         <readonly>true</readonly>
         <executable>true</executable>
         <run_address>0x3478</run_address>
         <size>0x1c</size>
         <alignment>0x4</alignment>
         <input_file_ref idref="fl-b"/>
      </object_component>
      <object_component id="oc-157">
         <name>.text.DL_UART_enableInterrupt</name>
         <load_address>0x3494</load_address>
         <readonly>true</readonly>
         <executable>true</executable>
         <run_address>0x3494</run_address>
         <size>0x1c</size>
         <alignment>0x4</alignment>
         <input_file_ref idref="fl-7"/>
      </object_component>
      <object_component id="oc-113">
         <name>.text.DL_AES_enablePower</name>
         <load_address>0x34b0</load_address>
         <readonly>true</readonly>
         <executable>true</executable>
         <run_address>0x34b0</run_address>
         <size>0x18</size>
         <alignment>0x4</alignment>
         <input_file_ref idref="fl-10"/>
      </object_component>
      <object_component id="oc-1a2">
         <name>.text.DL_AES_isBusy</name>
         <load_address>0x34c8</load_address>
         <readonly>true</readonly>
         <executable>true</executable>
         <run_address>0x34c8</run_address>
         <size>0x18</size>
         <alignment>0x4</alignment>
         <input_file_ref idref="fl-7"/>
      </object_component>
      <object_component id="oc-10d">
         <name>.text.DL_AES_reset</name>
         <load_address>0x34e0</load_address>
         <readonly>true</readonly>
         <executable>true</executable>
         <run_address>0x34e0</run_address>
         <size>0x18</size>
         <alignment>0x4</alignment>
         <input_file_ref idref="fl-10"/>
      </object_component>
      <object_component id="oc-15c">
         <name>.text.DL_AES_reset</name>
         <load_address>0x34f8</load_address>
         <readonly>true</readonly>
         <executable>true</executable>
         <run_address>0x34f8</run_address>
         <size>0x18</size>
         <alignment>0x4</alignment>
         <input_file_ref idref="fl-7"/>
      </object_component>
      <object_component id="oc-114">
         <name>.text.DL_CRC_enablePower</name>
         <load_address>0x3510</load_address>
         <readonly>true</readonly>
         <executable>true</executable>
         <run_address>0x3510</run_address>
         <size>0x18</size>
         <alignment>0x4</alignment>
         <input_file_ref idref="fl-10"/>
      </object_component>
      <object_component id="oc-10e">
         <name>.text.DL_CRC_reset</name>
         <load_address>0x3528</load_address>
         <readonly>true</readonly>
         <executable>true</executable>
         <run_address>0x3528</run_address>
         <size>0x18</size>
         <alignment>0x4</alignment>
         <input_file_ref idref="fl-10"/>
      </object_component>
      <object_component id="oc-216">
         <name>.text.DL_DMA_clearInterruptStatus</name>
         <load_address>0x3540</load_address>
         <readonly>true</readonly>
         <executable>true</executable>
         <run_address>0x3540</run_address>
         <size>0x18</size>
         <alignment>0x4</alignment>
         <input_file_ref idref="fl-a"/>
      </object_component>
      <object_component id="oc-119">
         <name>.text.DL_GPIO_enableOutput</name>
         <load_address>0x3558</load_address>
         <readonly>true</readonly>
         <executable>true</executable>
         <run_address>0x3558</run_address>
         <size>0x18</size>
         <alignment>0x4</alignment>
         <input_file_ref idref="fl-10"/>
      </object_component>
      <object_component id="oc-150">
         <name>.text.DL_GPIO_enableOutput</name>
         <load_address>0x3570</load_address>
         <readonly>true</readonly>
         <executable>true</executable>
         <run_address>0x3570</run_address>
         <size>0x18</size>
         <alignment>0x4</alignment>
         <input_file_ref idref="fl-7"/>
      </object_component>
      <object_component id="oc-110">
         <name>.text.DL_GPIO_enablePower</name>
         <load_address>0x3588</load_address>
         <readonly>true</readonly>
         <executable>true</executable>
         <run_address>0x3588</run_address>
         <size>0x18</size>
         <alignment>0x4</alignment>
         <input_file_ref idref="fl-10"/>
      </object_component>
      <object_component id="oc-1c6">
         <name>.text.DL_GPIO_initDigitalOutput</name>
         <load_address>0x35a0</load_address>
         <readonly>true</readonly>
         <executable>true</executable>
         <run_address>0x35a0</run_address>
         <size>0x18</size>
         <alignment>0x4</alignment>
         <input_file_ref idref="fl-1"/>
      </object_component>
      <object_component id="oc-14f">
         <name>.text.DL_GPIO_initDigitalOutput</name>
         <load_address>0x35b8</load_address>
         <readonly>true</readonly>
         <executable>true</executable>
         <run_address>0x35b8</run_address>
         <size>0x18</size>
         <alignment>0x4</alignment>
         <input_file_ref idref="fl-7"/>
      </object_component>
      <object_component id="oc-10a">
         <name>.text.DL_GPIO_reset</name>
         <load_address>0x35d0</load_address>
         <readonly>true</readonly>
         <executable>true</executable>
         <run_address>0x35d0</run_address>
         <size>0x18</size>
         <alignment>0x4</alignment>
         <input_file_ref idref="fl-10"/>
      </object_component>
      <object_component id="oc-1c7">
         <name>.text.DL_GPIO_setPins</name>
         <load_address>0x35e8</load_address>
         <readonly>true</readonly>
         <executable>true</executable>
         <run_address>0x35e8</run_address>
         <size>0x18</size>
         <alignment>0x4</alignment>
         <input_file_ref idref="fl-1"/>
      </object_component>
      <object_component id="oc-152">
         <name>.text.DL_GPIO_setPins</name>
         <load_address>0x3600</load_address>
         <readonly>true</readonly>
         <executable>true</executable>
         <run_address>0x3600</run_address>
         <size>0x18</size>
         <alignment>0x4</alignment>
         <input_file_ref idref="fl-7"/>
      </object_component>
      <object_component id="oc-123">
         <name>.text.DL_GPIO_setUpperPinsPolarity</name>
         <load_address>0x3618</load_address>
         <readonly>true</readonly>
         <executable>true</executable>
         <run_address>0x3618</run_address>
         <size>0x18</size>
         <alignment>0x2</alignment>
         <input_file_ref idref="fl-10"/>
      </object_component>
      <object_component id="oc-168">
         <name>.text.DL_GPIO_togglePins</name>
         <load_address>0x3630</load_address>
         <readonly>true</readonly>
         <executable>true</executable>
         <run_address>0x3630</run_address>
         <size>0x18</size>
         <alignment>0x4</alignment>
         <input_file_ref idref="fl-7"/>
      </object_component>
      <object_component id="oc-124">
         <name>.text.DL_SYSCTL_setBORThreshold</name>
         <load_address>0x3648</load_address>
         <readonly>true</readonly>
         <executable>true</executable>
         <run_address>0x3648</run_address>
         <size>0x18</size>
         <alignment>0x4</alignment>
         <input_file_ref idref="fl-3"/>
      </object_component>
      <object_component id="oc-13f">
         <name>.text.DL_TRNG_clearInterruptStatus</name>
         <load_address>0x3660</load_address>
         <readonly>true</readonly>
         <executable>true</executable>
         <run_address>0x3660</run_address>
         <size>0x18</size>
         <alignment>0x4</alignment>
         <input_file_ref idref="fl-3"/>
      </object_component>
      <object_component id="oc-115">
         <name>.text.DL_TRNG_enablePower</name>
         <load_address>0x3678</load_address>
         <readonly>true</readonly>
         <executable>true</executable>
         <run_address>0x3678</run_address>
         <size>0x18</size>
         <alignment>0x4</alignment>
         <input_file_ref idref="fl-10"/>
      </object_component>
      <object_component id="oc-13e">
         <name>.text.DL_TRNG_isCommandDone</name>
         <load_address>0x3690</load_address>
         <readonly>true</readonly>
         <executable>true</executable>
         <run_address>0x3690</run_address>
         <size>0x18</size>
         <alignment>0x4</alignment>
         <input_file_ref idref="fl-3"/>
      </object_component>
      <object_component id="oc-10f">
         <name>.text.DL_TRNG_reset</name>
         <load_address>0x36a8</load_address>
         <readonly>true</readonly>
         <executable>true</executable>
         <run_address>0x36a8</run_address>
         <size>0x18</size>
         <alignment>0x4</alignment>
         <input_file_ref idref="fl-10"/>
      </object_component>
      <object_component id="oc-13c">
         <name>.text.DL_TRNG_setClockDivider</name>
         <load_address>0x36c0</load_address>
         <readonly>true</readonly>
         <executable>true</executable>
         <run_address>0x36c0</run_address>
         <size>0x18</size>
         <alignment>0x4</alignment>
         <input_file_ref idref="fl-3"/>
      </object_component>
      <object_component id="oc-111">
         <name>.text.DL_Timer_enablePower</name>
         <load_address>0x36d8</load_address>
         <readonly>true</readonly>
         <executable>true</executable>
         <run_address>0x36d8</run_address>
         <size>0x18</size>
         <alignment>0x4</alignment>
         <input_file_ref idref="fl-10"/>
      </object_component>
      <object_component id="oc-10b">
         <name>.text.DL_Timer_reset</name>
         <load_address>0x36f0</load_address>
         <readonly>true</readonly>
         <executable>true</executable>
         <run_address>0x36f0</run_address>
         <size>0x18</size>
         <alignment>0x4</alignment>
         <input_file_ref idref="fl-10"/>
      </object_component>
      <object_component id="oc-130">
         <name>.text.DL_Timer_setCaptureCompareOutCtl</name>
         <load_address>0x3708</load_address>
         <readonly>true</readonly>
         <executable>true</executable>
         <run_address>0x3708</run_address>
         <size>0x18</size>
         <alignment>0x4</alignment>
         <input_file_ref idref="fl-24"/>
      </object_component>
      <object_component id="oc-1f0">
         <name>.text.DL_UART_clearInterruptStatus</name>
         <load_address>0x3720</load_address>
         <readonly>true</readonly>
         <executable>true</executable>
         <run_address>0x3720</run_address>
         <size>0x18</size>
         <alignment>0x4</alignment>
         <input_file_ref idref="fl-b"/>
      </object_component>
      <object_component id="oc-156">
         <name>.text.DL_UART_clearInterruptStatus</name>
         <load_address>0x3738</load_address>
         <readonly>true</readonly>
         <executable>true</executable>
         <run_address>0x3738</run_address>
         <size>0x18</size>
         <alignment>0x4</alignment>
         <input_file_ref idref="fl-7"/>
      </object_component>
      <object_component id="oc-21b">
         <name>.text.DL_UART_enableDMAReceiveEvent</name>
         <load_address>0x3750</load_address>
         <readonly>true</readonly>
         <executable>true</executable>
         <run_address>0x3750</run_address>
         <size>0x18</size>
         <alignment>0x4</alignment>
         <input_file_ref idref="fl-b"/>
      </object_component>
      <object_component id="oc-1e1">
         <name>.text.DL_UART_enableFIFOs</name>
         <load_address>0x3768</load_address>
         <readonly>true</readonly>
         <executable>true</executable>
         <run_address>0x3768</run_address>
         <size>0x18</size>
         <alignment>0x2</alignment>
         <input_file_ref idref="fl-b"/>
      </object_component>
      <object_component id="oc-1d8">
         <name>.text.DL_UART_enablePower</name>
         <load_address>0x3780</load_address>
         <readonly>true</readonly>
         <executable>true</executable>
         <run_address>0x3780</run_address>
         <size>0x18</size>
         <alignment>0x4</alignment>
         <input_file_ref idref="fl-b"/>
      </object_component>
      <object_component id="oc-112">
         <name>.text.DL_UART_enablePower</name>
         <load_address>0x3798</load_address>
         <readonly>true</readonly>
         <executable>true</executable>
         <run_address>0x3798</run_address>
         <size>0x18</size>
         <alignment>0x4</alignment>
         <input_file_ref idref="fl-10"/>
      </object_component>
      <object_component id="oc-1a0">
         <name>.text.DL_UART_isBusy</name>
         <load_address>0x37b0</load_address>
         <readonly>true</readonly>
         <executable>true</executable>
         <run_address>0x37b0</run_address>
         <size>0x18</size>
         <alignment>0x4</alignment>
         <input_file_ref idref="fl-7"/>
      </object_component>
      <object_component id="oc-21f">
         <name>.text.DL_UART_isRXFIFOEmpty</name>
         <load_address>0x37c8</load_address>
         <readonly>true</readonly>
         <executable>true</executable>
         <run_address>0x37c8</run_address>
         <size>0x18</size>
         <alignment>0x4</alignment>
         <input_file_ref idref="fl-b"/>
      </object_component>
      <object_component id="oc-70">
         <name>.text.DL_UART_isRXFIFOEmpty</name>
         <load_address>0x37e0</load_address>
         <readonly>true</readonly>
         <executable>true</executable>
         <run_address>0x37e0</run_address>
         <size>0x18</size>
         <alignment>0x4</alignment>
         <input_file_ref idref="fl-5"/>
      </object_component>
      <object_component id="oc-153">
         <name>.text.DL_UART_isRXFIFOEmpty</name>
         <load_address>0x37f8</load_address>
         <readonly>true</readonly>
         <executable>true</executable>
         <run_address>0x37f8</run_address>
         <size>0x18</size>
         <alignment>0x4</alignment>
         <input_file_ref idref="fl-7"/>
      </object_component>
      <object_component id="oc-19e">
         <name>.text.DL_UART_isTXFIFOEmpty</name>
         <load_address>0x3810</load_address>
         <readonly>true</readonly>
         <executable>true</executable>
         <run_address>0x3810</run_address>
         <size>0x18</size>
         <alignment>0x4</alignment>
         <input_file_ref idref="fl-7"/>
      </object_component>
      <object_component id="oc-1d7">
         <name>.text.DL_UART_reset</name>
         <load_address>0x3828</load_address>
         <readonly>true</readonly>
         <executable>true</executable>
         <run_address>0x3828</run_address>
         <size>0x18</size>
         <alignment>0x4</alignment>
         <input_file_ref idref="fl-b"/>
      </object_component>
      <object_component id="oc-10c">
         <name>.text.DL_UART_reset</name>
         <load_address>0x3840</load_address>
         <readonly>true</readonly>
         <executable>true</executable>
         <run_address>0x3840</run_address>
         <size>0x18</size>
         <alignment>0x4</alignment>
         <input_file_ref idref="fl-10"/>
      </object_component>
      <object_component id="oc-1bc">
         <name>.text.turn_off_led_b_gpio</name>
         <load_address>0x3858</load_address>
         <readonly>true</readonly>
         <executable>true</executable>
         <run_address>0x3858</run_address>
         <size>0x18</size>
         <alignment>0x4</alignment>
         <input_file_ref idref="fl-1"/>
      </object_component>
      <object_component id="oc-1bb">
         <name>.text.turn_off_led_g_gpio</name>
         <load_address>0x3870</load_address>
         <readonly>true</readonly>
         <executable>true</executable>
         <run_address>0x3870</run_address>
         <size>0x18</size>
         <alignment>0x4</alignment>
         <input_file_ref idref="fl-1"/>
      </object_component>
      <object_component id="oc-1ba">
         <name>.text.turn_off_led_r_gpio</name>
         <load_address>0x3888</load_address>
         <readonly>true</readonly>
         <executable>true</executable>
         <run_address>0x3888</run_address>
         <size>0x18</size>
         <alignment>0x4</alignment>
         <input_file_ref idref="fl-1"/>
      </object_component>
      <object_component id="oc-202">
         <name>.text.DL_DMA_disableRoundRobinPriority</name>
         <load_address>0x38a0</load_address>
         <readonly>true</readonly>
         <executable>true</executable>
         <run_address>0x38a0</run_address>
         <size>0x16</size>
         <alignment>0x2</alignment>
         <input_file_ref idref="fl-a"/>
      </object_component>
      <object_component id="oc-201">
         <name>.text.DL_DMA_enableRoundRobinPriority</name>
         <load_address>0x38b6</load_address>
         <readonly>true</readonly>
         <executable>true</executable>
         <run_address>0x38b6</run_address>
         <size>0x16</size>
         <alignment>0x2</alignment>
         <input_file_ref idref="fl-a"/>
      </object_component>
      <object_component id="oc-65">
         <name>.text.DL_GPIO_readPins</name>
         <load_address>0x38cc</load_address>
         <readonly>true</readonly>
         <executable>true</executable>
         <run_address>0x38cc</run_address>
         <size>0x16</size>
         <alignment>0x2</alignment>
         <input_file_ref idref="fl-5"/>
      </object_component>
      <object_component id="oc-1f1">
         <name>.text.DL_UART_disable</name>
         <load_address>0x38e2</load_address>
         <readonly>true</readonly>
         <executable>true</executable>
         <run_address>0x38e2</run_address>
         <size>0x16</size>
         <alignment>0x2</alignment>
         <input_file_ref idref="fl-b"/>
      </object_component>
      <object_component id="oc-1eb">
         <name>.text.DL_UART_enable</name>
         <load_address>0x38f8</load_address>
         <readonly>true</readonly>
         <executable>true</executable>
         <run_address>0x38f8</run_address>
         <size>0x16</size>
         <alignment>0x2</alignment>
         <input_file_ref idref="fl-b"/>
      </object_component>
      <object_component id="oc-19f">
         <name>.text.DL_UART_transmitData</name>
         <load_address>0x390e</load_address>
         <readonly>true</readonly>
         <executable>true</executable>
         <run_address>0x390e</run_address>
         <size>0x16</size>
         <alignment>0x2</alignment>
         <input_file_ref idref="fl-7"/>
      </object_component>
      <object_component id="oc-da">
         <name>.text.SYSCFG_DL_SYSCTL_init</name>
         <load_address>0x3924</load_address>
         <readonly>true</readonly>
         <executable>true</executable>
         <run_address>0x3924</run_address>
         <size>0x16</size>
         <alignment>0x2</alignment>
         <input_file_ref idref="fl-3"/>
      </object_component>
      <object_component id="oc-4f">
         <name>.text:decompress:ZI:__TI_zero_init_nomemset</name>
         <load_address>0x393a</load_address>
         <readonly>true</readonly>
         <executable>true</executable>
         <run_address>0x393a</run_address>
         <size>0x16</size>
         <alignment>0x2</alignment>
         <input_file_ref idref="fl-42"/>
      </object_component>
      <object_component id="oc-200">
         <name>.text.DL_DMA_isRoundRobinPriorityEnabled</name>
         <load_address>0x3950</load_address>
         <readonly>true</readonly>
         <executable>true</executable>
         <run_address>0x3950</run_address>
         <size>0x14</size>
         <alignment>0x2</alignment>
         <input_file_ref idref="fl-a"/>
      </object_component>
      <object_component id="oc-11a">
         <name>.text.DL_GPIO_clearPins</name>
         <load_address>0x3964</load_address>
[...]
         <name>Reset_Handler</name>
         <value>0x3c27</value>
         <object_component_ref idref="oc-2f"/>
      </symbol>
      <symbol id="sm-fa">
         <name>interruptVectors</name>
         <value>0x0</value>
         <object_component_ref idref="oc-18"/>
      </symbol>
      <symbol id="sm-fb">
         <name>NMI_Handler</name>
         <value>0x3c1f</value>
         <object_component_ref idref="oc-33"/>
      </symbol>
      <symbol id="sm-fc">
         <name>HardFault_Handler</name>
         <value>0x3c1f</value>
         <object_component_ref idref="oc-33"/>
      </symbol>
      <symbol id="sm-fd">
         <name>SVC_Handler</name>
         <value>0x3c1f</value>
         <object_component_ref idref="oc-33"/>
      </symbol>
      <symbol id="sm-fe">
         <name>PendSV_Handler</name>
         <value>0x3c1f</value>
         <object_component_ref idref="oc-33"/>
      </symbol>
      <symbol id="sm-ff">
         <name>TIMG8_IRQHandler</name>
         <value>0x3c1f</value>
         <object_component_ref idref="oc-33"/>
      </symbol>
      <symbol id="sm-100">
         <name>UART3_IRQHandler</name>
         <value>0x3c1f</value>
         <object_component_ref idref="oc-33"/>
      </symbol>
      <symbol id="sm-101">
         <name>ADC0_IRQHandler</name>
         <value>0x3c1f</value>
         <object_component_ref idref="oc-33"/>
      </symbol>
      <symbol id="sm-102">
         <name>ADC1_IRQHandler</name>
         <value>0x3c1f</value>
         <object_component_ref idref="oc-33"/>
      </symbol>
      <symbol id="sm-103">
         <name>CANFD0_IRQHandler</name>
         <value>0x3c1f</value>
         <object_component_ref idref="oc-33"/>
      </symbol>
      <symbol id="sm-104">
         <name>DAC0_IRQHandler</name>
         <value>0x3c1f</value>
         <object_component_ref idref="oc-33"/>
      </symbol>
      <symbol id="sm-105">
         <name>SPI0_IRQHandler</name>
         <value>0x3c1f</value>
         <object_component_ref idref="oc-33"/>
      </symbol>
      <symbol id="sm-106">
         <name>SPI1_IRQHandler</name>
         <value>0x3c1f</value>
         <object_component_ref idref="oc-33"/>
      </symbol>
      <symbol id="sm-107">
         <name>UART1_IRQHandler</name>
         <value>0x3c1f</value>
         <object_component_ref idref="oc-33"/>
      </symbol>
      <symbol id="sm-108">
         <name>TIMG0_IRQHandler</name>
         <value>0x3c1f</value>
         <object_component_ref idref="oc-33"/>
      </symbol>
      <symbol id="sm-109">
         <name>TIMG6_IRQHandler</name>
         <value>0x3c1f</value>
         <object_component_ref idref="oc-33"/>
      </symbol>
      <symbol id="sm-10a">
         <name>TIMA0_IRQHandler</name>
         <value>0x3c1f</value>
         <object_component_ref idref="oc-33"/>
      </symbol>
      <symbol id="sm-10b">
         <name>TIMA1_IRQHandler</name>
         <value>0x3c1f</value>
         <object_component_ref idref="oc-33"/>
      </symbol>
      <symbol id="sm-10c">
         <name>TIMG7_IRQHandler</name>
         <value>0x3c1f</value>
         <object_component_ref idref="oc-33"/>
      </symbol>
      <symbol id="sm-10d">
         <name>TIMG12_IRQHandler</name>
         <value>0x3c1f</value>
         <object_component_ref idref="oc-33"/>
      </symbol>
      <symbol id="sm-10e">
         <name>I2C0_IRQHandler</name>
         <value>0x3c1f</value>
         <object_component_ref idref="oc-33"/>
      </symbol>
      <symbol id="sm-10f">
         <name>I2C1_IRQHandler</name>
         <value>0x3c1f</value>
         <object_component_ref idref="oc-33"/>
      </symbol>
      <symbol id="sm-110">
         <name>AES_IRQHandler</name>
         <value>0x3c1f</value>
         <object_component_ref idref="oc-33"/>
      </symbol>
      <symbol id="sm-111">
         <name>RTC_IRQHandler</name>
         <value>0x3c1f</value>
         <object_component_ref idref="oc-33"/>
      </symbol>
      <symbol id="sm-112">
         <name>DMA_IRQHandler</name>
         <value>0x3c1f</value>
         <object_component_ref idref="oc-33"/>
      </symbol>
      <symbol id="sm-140">
         <name>SysTick_Handler</name>
         <value>0x3b41</value>
         <object_component_ref idref="oc-34"/>
      </symbol>
      <symbol id="sm-141">
         <name>g_systick_count</name>
         <value>0x2020026c</value>
         <object_component_ref idref="oc-5f"/>
      </symbol>
      <symbol id="sm-142">
         <name>get_systick_count_ms</name>
         <value>0x3bd5</value>
         <object_component_ref idref="oc-62"/>
      </symbol>
      <symbol id="sm-143">
         <name>GROUP0_IRQHandler</name>
         <value>0x1d6b</value>
         <object_component_ref idref="oc-39"/>
      </symbol>
      <symbol id="sm-144">
         <name>GROUP1_IRQHandler</name>
         <value>0x725</value>
         <object_component_ref idref="oc-3a"/>
      </symbol>
      <symbol id="sm-145">
         <name>UART0_IRQHandler</name>
         <value>0xd69</value>
         <object_component_ref idref="oc-3c"/>
      </symbol>
      <symbol id="sm-146">
         <name>UART2_IRQHandler</name>
         <value>0x205b</value>
         <object_component_ref idref="oc-3b"/>
      </symbol>
      <symbol id="sm-15f">
         <name>main</name>
         <value>0x28ef</value>
         <object_component_ref idref="oc-8a"/>
      </symbol>
      <symbol id="sm-1cb">
         <name>crc16_tep</name>
         <value>0x21e1</value>
         <object_component_ref idref="oc-16e"/>
      </symbol>
      <symbol id="sm-1cc">
         <name>soma_uart_init</name>
         <value>0xff1</value>
         <object_component_ref idref="oc-ec"/>
      </symbol>
      <symbol id="sm-1cd">
         <name>rx_index</name>
         <value>0x20200276</value>
         <object_component_ref idref="oc-75"/>
      </symbol>
      <symbol id="sm-1ce">
         <name>frame_received</name>
         <value>0x20200275</value>
         <object_component_ref idref="oc-79"/>
      </symbol>
      <symbol id="sm-1cf">
         <name>rx_frame</name>
         <value>0x20200278</value>
      </symbol>
      <symbol id="sm-1d0">
         <name>aes_decrypt_cbc</name>
         <value>0xc0d</value>
         <object_component_ref idref="oc-16f"/>
      </symbol>
      <symbol id="sm-1d1">
         <name>send_ack_frame</name>
         <value>0x1535</value>
         <object_component_ref idref="oc-170"/>
      </symbol>
      <symbol id="sm-1d2">
         <name>send_nack_frame</name>
         <value>0x16d9</value>
         <object_component_ref idref="oc-16d"/>
      </symbol>
      <symbol id="sm-1d3">
         <name>soma_check_frame</name>
         <value>0x112d</value>
         <object_component_ref idref="oc-f7"/>
      </symbol>
      <symbol id="sm-1d4">
         <name>debug_frame_count</name>
         <value>0x2020025c</value>
         <object_component_ref idref="oc-171"/>
      </symbol>
      <symbol id="sm-1d5">
         <name>debug_frame_index</name>
         <value>0x20200271</value>
         <object_component_ref idref="oc-172"/>
      </symbol>
      <symbol id="sm-1d6">
         <name>debug_frames</name>
         <value>0x20200000</value>
         <object_component_ref idref="oc-173"/>
      </symbol>
      <symbol id="sm-1d7">
         <name>decrypted_data</name>
         <value>0x2020029c</value>
      </symbol>
      <symbol id="sm-1d8">
         <name>debug_rx_count</name>
         <value>0x20200260</value>
         <object_component_ref idref="oc-72"/>
      </symbol>
      <symbol id="sm-1d9">
         <name>debug_sync_reset_count</name>
         <value>0x20200264</value>
         <object_component_ref idref="oc-7c"/>
      </symbol>
      <symbol id="sm-1da">
         <name>debug_complete_count</name>
         <value>0x20200258</value>
         <object_component_ref idref="oc-78"/>
      </symbol>
      <symbol id="sm-1db">
         <name>debug_last_byte</name>
         <value>0x20200272</value>
         <object_component_ref idref="oc-74"/>
      </symbol>
      <symbol id="sm-1dc">
         <name>debug_rx_index</name>
         <value>0x20200273</value>
         <object_component_ref idref="oc-77"/>
      </symbol>
      <symbol id="sm-1dd">
         <name>debug_byte1</name>
         <value>0x20200270</value>
         <object_component_ref idref="oc-7a"/>
      </symbol>
      <symbol id="sm-1de">
         <name>debug_byte1_ng_count</name>
         <value>0x20200254</value>
         <object_component_ref idref="oc-7b"/>
      </symbol>
      <symbol id="sm-1fb">
         <name>init_uart_ports</name>
         <value>0x26e9</value>
         <object_component_ref idref="oc-e7"/>
      </symbol>
      <symbol id="sm-22d">
         <name>UART_readBuffered</name>
         <value>0x2de9</value>
         <object_component_ref idref="oc-1f4"/>
      </symbol>
      <symbol id="sm-22e">
         <name>UART_writeBuffered</name>
         <value>0x2e17</value>
         <object_component_ref idref="oc-1f6"/>
      </symbol>
      <symbol id="sm-22f">
         <name>UART_readCallback</name>
         <value>0x2261</value>
         <object_component_ref idref="oc-1f5"/>
      </symbol>
      <symbol id="sm-230">
         <name>UART_writeCallback</name>
         <value>0x134d</value>
         <object_component_ref idref="oc-1f7"/>
      </symbol>
      <symbol id="sm-231">
         <name>UART_readFullFeatured</name>
         <value>0x23d5</value>
         <object_component_ref idref="oc-1cc"/>
      </symbol>
      <symbol id="sm-232">
         <name>UART_writeFullFeatured</name>
         <value>0x244d</value>
         <object_component_ref idref="oc-1cd"/>
      </symbol>
      <symbol id="sm-233">
         <name>UART_Params_init</name>
         <value>0x32e9</value>
         <object_component_ref idref="oc-188"/>
      </symbol>
      <symbol id="sm-234">
         <name>UART_open</name>
         <value>0xead</value>
         <object_component_ref idref="oc-189"/>
      </symbol>
      <symbol id="sm-235">
         <name>UART_close</name>
         <value>0x2e45</value>
         <object_component_ref idref="oc-146"/>
      </symbol>
      <symbol id="sm-236">
         <name>UART_readCancel</name>
         <value>0x1a3d</value>
         <object_component_ref idref="oc-192"/>
      </symbol>
      <symbol id="sm-278">
         <name>DMAMSPM0_close</name>
         <value>0x1ea1</value>
         <object_component_ref idref="oc-1f3"/>
      </symbol>
      <symbol id="sm-279">
         <name>DMAMSPM0_init</name>
         <value>0x2161</value>
         <object_component_ref idref="oc-1e4"/>
      </symbol>
      <symbol id="sm-27a">
         <name>DMAMSPM0_setupTransfer</name>
         <value>0x160d</value>
         <object_component_ref idref="oc-21a"/>
      </symbol>
      <symbol id="sm-2ef">
         <name>UARTMSP_dmaRx</name>
         <value>0xa7d</value>
         <object_component_ref idref="oc-20e"/>
      </symbol>
      <symbol id="sm-2f0">
         <name>UARTMSP_enableInts</name>
         <value>0x1ae5</value>
         <object_component_ref idref="oc-20d"/>
      </symbol>
      <symbol id="sm-2f1">
         <name>UARTMSPSupportFxns</name>
         <value>0x3cc0</value>
         <object_component_ref idref="oc-1c2"/>
      </symbol>
      <symbol id="sm-2f2">
         <name>UART_defaultParams</name>
         <value>0x3c9c</value>
         <object_component_ref idref="oc-1a7"/>
      </symbol>
      <symbol id="sm-309">
         <name>RingBuf_construct</name>
         <value>0x2dbb</value>
         <object_component_ref idref="oc-1f8"/>
      </symbol>
      <symbol id="sm-30a">
         <name>RingBuf_getn</name>
         <value>0x253b</value>
         <object_component_ref idref="oc-217"/>
      </symbol>
      <symbol id="sm-30b">
         <name>RingBuf_put</name>
         <value>0x24c5</value>
         <object_component_ref idref="oc-221"/>
      </symbol>
      <symbol id="sm-30c">
         <name>RingBuf_putAdvance</name>
         <value>0x25a7</value>
         <object_component_ref idref="oc-211"/>
      </symbol>
      <symbol id="sm-30d">
         <name>RingBuf_putn</name>
         <value>0x1fd1</value>
         <object_component_ref idref="oc-21d"/>
      </symbol>
      <symbol id="sm-30e">
         <name>RingBuf_putPointer</name>
         <value>0x28a5</value>
         <object_component_ref idref="oc-210"/>
      </symbol>
      <symbol id="sm-3b0">
         <name>SYSCFG_DL_init</name>
         <value>0x3155</value>
         <object_component_ref idref="oc-ab"/>
      </symbol>
      <symbol id="sm-3b1">
         <name>SYSCFG_DL_initPower</name>
         <value>0x1c2d</value>
         <object_component_ref idref="oc-d8"/>
      </symbol>
      <symbol id="sm-3b2">
         <name>SYSCFG_DL_GPIO_init</name>
         <value>0xc1</value>
         <object_component_ref idref="oc-d9"/>
      </symbol>
      <symbol id="sm-3b3">
         <name>SYSCFG_DL_SYSTICK_init</name>
         <value>0x3a19</value>
         <object_component_ref idref="oc-e4"/>
      </symbol>
      <symbol id="sm-3b7">
         <name>__TI_ATRegion0_src_addr</name>
         <value>0x0</value>
      </symbol>
      <symbol id="sm-3b8">
         <name>__TI_ATRegion0_trg_addr</name>
         <value>0x0</value>
      </symbol>
      <symbol id="sm-3b9">
         <name>__TI_ATRegion0_region_sz</name>
         <value>0x0</value>
      </symbol>
      <symbol id="sm-3ba">
         <name>__TI_ATRegion1_src_addr</name>
         <value>0x0</value>
      </symbol>
      <symbol id="sm-3bb">
         <name>__TI_ATRegion1_trg_addr</name>
         <value>0x0</value>
      </symbol>
      <symbol id="sm-3bc">
         <name>__TI_ATRegion1_region_sz</name>
         <value>0x0</value>
      </symbol>
      <symbol id="sm-3bd">
         <name>__TI_ATRegion2_src_addr</name>
         <value>0x0</value>
      </symbol>
      <symbol id="sm-3be">
         <name>__TI_ATRegion2_trg_addr</name>
         <value>0x0</value>
      </symbol>
      <symbol id="sm-3bf">
         <name>__TI_ATRegion2_region_sz</name>
         <value>0x0</value>
      </symbol>
      <symbol id="sm-3d0">
         <name>DL_AES_setKey</name>
         <value>0x1e09</value>
         <object_component_ref idref="oc-15d"/>
      </symbol>
      <symbol id="sm-3d1">
         <name>DL_AES_loadDataIn</name>
         <value>0x2f4d</value>
         <object_component_ref idref="oc-1a1"/>
      </symbol>
      <symbol id="sm-3d2">
         <name>DL_AES_getDataOut</name>
         <value>0x3219</value>
         <object_component_ref idref="oc-1a3"/>
      </symbol>
      <symbol id="sm-3db">
         <name>DL_Common_delayCycles</name>
         <value>0x3c05</value>
         <object_component_ref idref="oc-f3"/>
      </symbol>
      <symbol id="sm-3e5">
         <name>DL_DMA_initChannel</name>
         <value>0x2859</value>
         <object_component_ref idref="oc-224"/>
      </symbol>
      <symbol id="sm-3fc">
         <name>DL_Timer_setClockConfig</name>
         <value>0x3441</value>
         <object_component_ref idref="oc-128"/>
      </symbol>
      <symbol id="sm-3fd">
         <name>DL_Timer_setCaptureCompareValue</name>
         <value>0x3b11</value>
         <object_component_ref idref="oc-132"/>
      </symbol>
      <symbol id="sm-3fe">
         <name>DL_Timer_setCaptCompUpdateMethod</name>
         <value>0x3425</value>
         <object_component_ref idref="oc-131"/>
      </symbol>
      <symbol id="sm-3ff">
         <name>DL_Timer_setCaptureCompareOutCtl</name>
         <value>0x3709</value>
         <object_component_ref idref="oc-130"/>
      </symbol>
      <symbol id="sm-400">
         <name>DL_Timer_initFourCCPWMMode</name>
         <value>0x1249</value>
         <object_component_ref idref="oc-12e"/>
      </symbol>
      <symbol id="sm-411">
         <name>DL_UART_init</name>
         <value>0x2939</value>
         <object_component_ref idref="oc-1df"/>
      </symbol>
      <symbol id="sm-412">
         <name>DL_UART_setClockConfig</name>
         <value>0x3a63</value>
         <object_component_ref idref="oc-1d9"/>
      </symbol>
      <symbol id="sm-413">
         <name>DL_UART_configBaudRate</name>
         <value>0x20e1</value>
         <object_component_ref idref="oc-1e0"/>
      </symbol>
      <symbol id="sm-41e">
         <name>_c_int00_noargs</name>
         <value>0x317d</value>
         <object_component_ref idref="oc-58"/>
      </symbol>
      <symbol id="sm-41f">
         <name>__stack</name>
         <value>0x20207e00</value>
         <object_component_ref idref="oc-1a"/>
      </symbol>
      <symbol id="sm-42e">
         <name>__TI_auto_init_nobinit_nopinit</name>
         <value>0x2ac1</value>
         <object_component_ref idref="oc-bf"/>
      </symbol>
      <symbol id="sm-436">
         <name>_system_pre_init</name>
         <value>0x3c41</value>
         <object_component_ref idref="oc-86"/>
      </symbol>
      <symbol id="sm-441">
         <name>__TI_zero_init_nomemset</name>
         <value>0x393b</value>
         <object_component_ref idref="oc-4f"/>
      </symbol>
      <symbol id="sm-44a">
         <name>__TI_decompress_none</name>
         <value>0x3acf</value>
         <object_component_ref idref="oc-20"/>
      </symbol>
      <symbol id="sm-455">
         <name>__TI_decompress_lzss</name>
         <value>0x22e1</value>
         <object_component_ref idref="oc-1c"/>
      </symbol>
      <symbol id="sm-45f">
         <name>abort</name>
         <value>0x3c19</value>
         <object_component_ref idref="oc-b8"/>
      </symbol>
      <symbol id="sm-469">
         <name>HOSTexit</name>
         <value>0x3c23</value>
         <object_component_ref idref="oc-f9"/>
      </symbol>
      <symbol id="sm-46a">
         <name>C$$EXIT</name>
         <value>0x3c22</value>
         <object_component_ref idref="oc-f9"/>
      </symbol>
      <symbol id="sm-470">
         <name>__aeabi_memcpy</name>
         <value>0x3c11</value>
         <object_component_ref idref="oc-48"/>
      </symbol>
      <symbol id="sm-471">
         <name>__aeabi_memcpy4</name>
         <value>0x3c11</value>
         <object_component_ref idref="oc-48"/>
      </symbol>
      <symbol id="sm-472">
         <name>__aeabi_memcpy8</name>
         <value>0x3c11</value>
         <object_component_ref idref="oc-48"/>
      </symbol>
      <symbol id="sm-479">
         <name>__aeabi_memclr</name>
         <value>0x3bc9</value>
         <object_component_ref idref="oc-81"/>
      </symbol>
      <symbol id="sm-47a">
         <name>__aeabi_memclr4</name>
         <value>0x3bc9</value>
         <object_component_ref idref="oc-81"/>
      </symbol>
      <symbol id="sm-47b">
         <name>__aeabi_memclr8</name>
         <value>0x3bc9</value>
         <object_component_ref idref="oc-81"/>
      </symbol>
      <symbol id="sm-481">
         <name>__aeabi_uidiv</name>
         <value>0x2a09</value>
         <object_component_ref idref="oc-169"/>
      </symbol>
      <symbol id="sm-482">
         <name>__aeabi_uidivmod</name>
         <value>0x2a09</value>
         <object_component_ref idref="oc-169"/>
      </symbol>
      <symbol id="sm-48c">
         <name>__aeabi_idiv0</name>
         <value>0x22df</value>
         <object_component_ref idref="oc-198"/>
      </symbol>
      <symbol id="sm-495">
         <name>TI_memcpy_small</name>
         <value>0x3abd</value>
         <object_component_ref idref="oc-a1"/>
      </symbol>
      <symbol id="sm-49e">
         <name>TI_memset_small</name>
         <value>0x3b7f</value>
         <object_component_ref idref="oc-d2"/>
      </symbol>
      <symbol id="sm-49f">
         <name>__TI_static_base__</name>
         <value>0x0</value>
      </symbol>
      <symbol id="sm-4a3">
         <name>__mpu_init</name>
         <value>0x0</value>
      </symbol>
      <symbol id="sm-4a4">
         <name>_system_post_cinit</name>
         <value>0x0</value>
      </symbol>
   </symbol_table>
   <title>Link successful</title>
</link_info>
