******************************************************************************
            TI ARM Clang Linker PC v4.0.3                      
******************************************************************************
>> Linked Sun Dec 21 14:39:12 2025

OUTPUT FILE NAME:   <axon_board.out>
ENTRY POINT SYMBOL: "_c_int00_noargs"  address: 00005eed


MEMORY CONFIGURATION

         name            origin    length      used     unused   attr    fill
----------------------  --------  ---------  --------  --------  ----  --------
  FLASH                 00000000   00020000  00007510  00018af0  R  X
  SRAM                  20200000   00008000  0000180b  000067f5  RW X
  BCR_CONFIG            41c00000   000000ff  00000000  000000ff  R   
  BSL_CONFIG            41c00100   00000080  00000000  00000080  R   


SEGMENT ALLOCATION MAP

run origin  load origin   length   init length attrs members
----------  ----------- ---------- ----------- ----- -------
00000000    00000000    00007510   00007510    r-x
  00000000    00000000    000000c0   000000c0    r-- .intvecs
  000000c0    000000c0    00006630   00006630    r-x .text
  000066f0    000066f0    00000d90   00000d90    r-- .rodata
  00007480    00007480    00000090   00000090    r-- .cinit
20200000    20200000    0000160c   00000000    rw-
  20200000    20200000    00000b2f   00000000    rw- .data
  20200b30    20200b30    00000800   00000000    rw- .sysmem
  20201330    20201330    000002dc   00000000    rw- .bss
20207e00    20207e00    00000200   00000000    rw-
  20207e00    20207e00    00000200   00000000    rw- .stack


SECTION ALLOCATION MAP

 output                                  attributes/
section   page    origin      length       input sections
--------  ----  ----------  ----------   ----------------
.intvecs   0    00000000    000000c0     
                  00000000    000000c0     startup_mspm0g350x_ticlang.o (.intvecs)

.text      0    000000c0    00006630     
                  000000c0    00000aec     axon_routine.o (.text.axon_routine_main)
                  00000bac    000009d0     libc.a : _printfi.c.obj (.text:__TI_printfi)
                  0000157c    00000690     s2a_packet.o (.text.axon_handle_chkirq)
                  00001c0c    000003f8     s2a_packet.o (.text.axon_handle_setaxon)
                  00002004    000002d4     msp_peripheral_config.o (.text.SYSCFG_DL_GPIO_init)
                  000022d8    00000258     isr.o (.text.UART0_IRQHandler)
                  00002530    00000220     libc.a : _printfi.c.obj (.text._pconv_a)
                  00002750    000001e4     s2a_packet.o (.text.axon_handle_codepkt)
                  00002934    000001dc     libc.a : _printfi.c.obj (.text._pconv_g)
                  00002b10    000001d0     isr.o (.text.GROUP1_IRQHandler)
                  00002ce0    000001c0     axon_routine.o (.text.handle_button_release)
                  00002ea0    00000192     libclang_rt.builtins.a : adddf3.S.obj (.text.adddf3_subdf3)
                  00003032    00000002     isr.o (.text.GROUP0_IRQHandler)
                  00003034    0000013c     libc.a : _printfi.c.obj (.text.fcvt)
                  00003170    00000120            : _printfi.c.obj (.text._pconv_e)
                  00003290    00000114            : memory.c.obj (.text.aligned_alloc)
                  000033a4    0000010c     libclang_rt.builtins.a : divdf3.S.obj (.text.__divdf3)
                  000034b0    0000010c     s2a_packet.o (.text.axon_handle_errchk)
                  000035bc    00000108     s2a_packet.o (.text.axon_handle_axonrbt)
                  000036c4    00000104     driverlib.a : dl_timer.o (.text.DL_Timer_initFourCCPWMMode)
                  000037c8    00000104     soma_axon_comm_test.o (.text.get_command_name)
                  000038cc    000000f8     libc.a : fputs.c.obj (.text.fputs)
                  000039c4    000000f4     axon_routine.o (.text.handle_button_press)
                  00003ab8    000000f0     s2a_packet.o (.text.axon_handle_afwup)
                  00003ba8    000000f0     soma_axon_comm_test.o (.text.axon_test_record_command)
                  00003c98    000000ee     s2a_packet.o (.text.axon_handle_nop)
                  00003d86    00000002     isr.o (.text.UART2_IRQHandler)
                  00003d88    000000e8     msp_peripheral_config.o (.text._msp_peripheral_pwm_init)
                  00003e70    000000e8     libc.a : memory.c.obj (.text.free)
                  00003f58    000000e4     libclang_rt.builtins.a : muldf3.S.obj (.text.__muldf3)
                  0000403c    000000e0     libc.a : setvbuf.c.obj (.text.setvbuf)
                  0000411c    000000d8            : s_scalbn.c.obj (.text.scalbn)
                  000041f4    000000b4     axon_routine.o (.text._set_segment_led)
                  000042a8    000000b4     s2a_packet.o (.text.axon_status_compose_bits)
                  0000435c    000000a2     axon_routine.o (.text._check_debounce_complete)
                  000043fe    00000002     libclang_rt.builtins.a : aeabi_div0.c.obj (.text.__aeabi_idiv0)
                  00004400    000000a2                            : udivmoddi4.S.obj (.text)
                  000044a2    00000002                            : aeabi_div0.c.obj (.text.__aeabi_ldiv0)
                  000044a4    000000a0     msp_peripheral_config.o (.text.SYSCFG_DL_initPower)
                  00004544    0000009c     msp_peripheral_config.o (.text._msp_peripheral_uart_init)
                  000045e0    0000009c     libc.a : fputc.c.obj (.text.fputc)
                  0000467c    00000088     soma_axon_comm_test.o (.text.axon_test_record_response)
                  00004704    00000088     s2a_packet.o (.text.crc16_tep)
                  0000478c    00000004     startup_mspm0g350x_ticlang.o (.text.Default_Handler)
                  00004790    00000088     libc.a : strcmp-armv6m.S.obj (.text:strcmp)
                  00004818    00000080     driverlib.a : dl_uart.o (.text.DL_UART_configBaudRate)
                  00004898    00000080     s2a_packet.o (.text.axon_handle_setokey)
                  00004918    00000080     s2a_packet.o (.text.clear_irq_signal)
                  00004998    00000080     soma_uart_test.o (.text.uart_send_packet_fast)
                  00004a18    0000007c     libc.a : fclose.c.obj (.text.__TI_closefile)
                  00004a94    0000007c            : copy_decompress_lzss.c.obj (.text:decompress:lzss)
                  00004b10    00000074     libclang_rt.builtins.a : comparedf2.c.obj (.text.__gedf2)
                  00004b84    0000006c     libsysbm.a : hostlseek.c.obj (.text.HOSTlseek)
                  00004bf0    0000006c                : hostrename.c.obj (.text.HOSTrename)
                  00004c5c    0000006c     axon_routine.o (.text._change_status)
                  00004cc8    0000006c     libc.a : fseek.c.obj (.text.fseeko)
                  00004d34    0000006c            : getdevice.c.obj (.text.getdevice)
                  00004da0    00000068     libclang_rt.builtins.a : comparedf2.c.obj (.text.__ledf2)
                  00004e08    00000068     s2a_packet.o (.text.send_ack_frame)
                  00004e70    00000066     libc.a : _printfi.c.obj (.text._mcpy)
                  00004ed6    00000064            : _io_perm.c.obj (.text.__TI_wrt_ok)
                  00004f3a    00000002     msp_peripheral_config.o (.text._msp_peripheral_spi_init)
                  00004f3c    00000064     libc.a : memory.c.obj (.text.split)
                  00004fa0    00000062     libclang_rt.builtins.a : aeabi_dcmp.S.obj (.text.__aeabi_dcmp)
                  00005002    00000002     libc.a : _lock.c.obj (.text._nop)
                  00005004    00000060     libsysbm.a : hostopen.c.obj (.text.HOSTopen)
                  00005064    0000005c     libc.a : s_frexp.c.obj (.text.frexp)
                  000050c0    0000005c            : printf.c.obj (.text.printf)
                  0000511c    00000058     libsysbm.a : hostread.c.obj (.text.HOSTread)
                  00005174    00000058                : hostwrite.c.obj (.text.HOSTwrite)
                  000051cc    00000058     libc.a : _ltoa.c.obj (.text.__TI_ltoa)
                  00005224    00000058            : _printfi.c.obj (.text._pconv_f)
                  0000527c    00000056     libclang_rt.builtins.a : aeabi_idivmod.S.obj (.text.__aeabi_idivmod)
                  000052d2    00000002     --HOLE-- [fill = 0]
                  000052d4    00000054     msp_peripheral_config.o (.text._msp_peripheral_gpio_init_for_dipsw)
                  00005328    00000052     libc.a : fflush.c.obj (.text.__TI_doflush)
                  0000537a    00000052            : _printfi.c.obj (.text._ecpy)
                  000053cc    00000050     libsysbm.a : close.c.obj (.text.close)
                  0000541c    0000004a     libclang_rt.builtins.a : fixdfsi.S.obj (.text.__fixdfsi)
                  00005466    0000004a     main.o (.text.main)
                  000054b0    00000048     driverlib.a : dl_uart.o (.text.DL_UART_init)
                  000054f8    00000048     libsysbm.a : hostclose.c.obj (.text.HOSTclose)
                  00005540    00000048                : hostunlink.c.obj (.text.HOSTunlink)
                  00005588    00000048     msp_peripheral_config.o (.text._msp_peripheral_gpio_init_for_hw_ver)
                  000055d0    00000048     axon_routine.o (.text.update_segment_leds)
                  00005618    00000044     s2a_packet.o (.text.send_nack_frame)
                  0000565c    00000040     ti_msp_dl_config.o (.text.SYSCFG_DL_TRNG_init)
                  0000569c    00000040     libclang_rt.builtins.a : aeabi_uidivmod.S.obj (.text.__aeabi_uidivmod)
                  000056dc    00000040     libc.a : atoi.c.obj (.text.atoi)
                  0000571c    00000040     soma_axon_comm_test.o (.text.axon_test_record_crc_error)
                  0000575c    00000040     soma_uart_test.o (.text.uart_send_packet)
                  0000579c    0000003c     msp_peripheral_config.o (.text.DL_Timer_setCounterControl)
                  000057d8    0000003c     axon_routine.o (.text._set_segment_leds)
                  00005814    0000003c     s2a_packet.o (.text.log_event)
                  00005850    0000003c     libc.a : autoinit.c.obj (.text:__TI_auto_init_nobinit_nopinit)
                  0000588c    0000003a     libclang_rt.builtins.a : muldsi3.S.obj (.text.__muldsi3)
                  000058c6    00000038     ti_msp_dl_config.o (.text.DL_CRC_init)
                  000058fe    00000002     --HOLE-- [fill = 0]
                  00005900    00000038     msp_peripheral_config.o (.text.DL_GPIO_initPeripheralOutputFunctionFeatures)
                  00005938    00000034     main.o (.text.DL_FlashCTL_executeClearStatus)
                  0000596c    00000034     msp_peripheral_config.o (.text.DL_GPIO_initDigitalInputFeatures)
                  000059a0    00000034     axon_routine.o (.text.__NVIC_DisableIRQ)
                  000059d4    00000034     s2a_packet.o (.text.__NVIC_DisableIRQ)
                  00005a08    00000034     libc.a : fopen.c.obj (.text.__TI_cleanup)
                  00005a3c    00000034     libsysbm.a : trgmsg.c.obj (.text.__TI_readmsg)
                  00005a70    00000034                : trgmsg.c.obj (.text.__TI_writemsg)
                  00005aa4    00000034     libc.a : exit.c.obj (.text.exit)
                  00005ad8    00000034            : getdevice.c.obj (.text.finddevice)
                  00005b0c    00000030     msp_peripheral_config.o (.text.DL_GPIO_initDigitalOutputFeatures)
                  00005b3c    00000030     axon_routine.o (.text.DL_GPIO_writePinsVal)
                  00005b6c    00000030     s2a_packet.o (.text.DL_GPIO_writePinsVal)
                  00005b9c    00000030     libc.a : _printfi.c.obj (.text._fcpy)
                  00005bcc    0000002e     ti_msp_dl_config.o (.text.DL_AES_init)
                  00005bfa    0000002c     msp_peripheral_config.o (.text.SYSCFG_DL_init)
                  00005c26    00000002     --HOLE-- [fill = 0]
                  00005c28    0000002c     main.o (.text.__NVIC_ClearPendingIRQ)
                  00005c54    0000002c     axon_routine.o (.text.__NVIC_EnableIRQ)
                  00005c80    0000002c     main.o (.text.__NVIC_EnableIRQ)
                  00005cac    0000002c     msp_peripheral_config.o (.text.__NVIC_EnableIRQ)
                  00005cd8    0000002c     s2a_packet.o (.text.__NVIC_EnableIRQ)
                  00005d04    0000002c     libclang_rt.builtins.a : floatsidf.S.obj (.text.__floatsidf)
                  00005d30    0000002c     libsysbm.a : unlink.c.obj (.text.unlink)
                  00005d5c    00000028     msp_peripheral_config.o (.text.DL_Common_updateReg)
                  00005d84    00000028     ti_msp_dl_config.o (.text.DL_Common_updateReg)
                  00005dac    00000028     msp_peripheral_config.o (.text.DL_SYSTICK_init)
                  00005dd4    00000028     ti_msp_dl_config.o (.text.DL_TRNG_setDecimationRate)
                  00005dfc    00000028     msp_peripheral_config.o (.text.DL_UART_setRXFIFOThreshold)
                  00005e24    00000028     msp_peripheral_config.o (.text.DL_UART_setTXFIFOThreshold)
                  00005e4c    00000028     ti_msp_dl_config.o (.text.SYSCFG_DL_CRC_init)
                  00005e74    00000028     libc.a : memory.c.obj (.text.free_list_insert)
                  00005e9c    00000028     libsysbm.a : lseek.c.obj (.text.lseek)
                  00005ec4    00000028                : write.c.obj (.text.write)
                  00005eec    00000028     libc.a : boot_cortex_m.c.obj (.text:_c_int00_noargs)
                  00005f14    00000024     ti_msp_dl_config.o (.text.DL_CRC_setSeed16)
                  00005f38    00000024     ti_msp_dl_config.o (.text.DL_TRNG_sendCommand)
                  00005f5c    00000024     libclang_rt.builtins.a : muldi3.S.obj (.text.__muldi3)
                  00005f80    00000024     axon_routine.o (.text._set_solenoid_pins)
                  00005fa4    00000022     libc.a : memccpy.c.obj (.text.memccpy)
                  00005fc6    00000002     --HOLE-- [fill = 0]
                  00005fc8    00000020     msp_peripheral_config.o (.text.DL_GPIO_initPeripheralInputFunction)
                  00005fe8    0000001e     libclang_rt.builtins.a : ashldi3.S.obj (.text.__ashldi3)
                  00006006    00000002     --HOLE-- [fill = 0]
                  00006008    0000001c     msp_peripheral_config.o (.text.DL_GPIO_clearInterruptStatus)
                  00006024    0000001c     msp_peripheral_config.o (.text.DL_GPIO_enableInterrupt)
                  00006040    0000001c     msp_peripheral_config.o (.text.DL_GPIO_initDigitalInput)
                  0000605c    0000001c     msp_peripheral_config.o (.text.DL_GPIO_initPeripheralOutputFunction)
                  00006078    0000001c     msp_peripheral_config.o (.text.DL_GPIO_setLowerPinsPolarity)
                  00006094    0000001c     isr.o (.text.DL_Interrupt_getPendingGroup)
                  000060b0    0000001c     ti_msp_dl_config.o (.text.DL_SYSCTL_setSYSOSCFreq)
                  000060cc    0000001c     driverlib.a : dl_timer.o (.text.DL_Timer_setCaptCompUpdateMethod)
                  000060e8    0000001c                 : dl_timer.o (.text.DL_Timer_setClockConfig)
                  00006104    0000001c     msp_peripheral_config.o (.text.DL_UART_enableInterrupt)
                  00006120    0000001c     axon_routine.o (.text.axon_status_latch_coin)
                  0000613c    0000001c     axon_routine.o (.text.axon_status_latch_dial)
                  00006158    0000001c     axon_routine.o (.text.axon_status_latch_escrow)
                  00006174    0000001c     libc.a : memory.c.obj (.text.free_list_remove)
                  00006190    00000018     msp_peripheral_config.o (.text.DL_AES_enablePower)
                  000061a8    00000018     msp_peripheral_config.o (.text.DL_AES_reset)
                  000061c0    00000018     msp_peripheral_config.o (.text.DL_CRC_enablePower)
                  000061d8    00000018     msp_peripheral_config.o (.text.DL_CRC_reset)
                  000061f0    00000018     msp_peripheral_config.o (.text.DL_GPIO_enableOutput)
                  00006208    00000018     msp_peripheral_config.o (.text.DL_GPIO_enablePower)
                  00006220    00000018     msp_peripheral_config.o (.text.DL_GPIO_reset)
                  00006238    00000018     s2a_packet.o (.text.DL_GPIO_setPins)
                  00006250    00000018     msp_peripheral_config.o (.text.DL_GPIO_setUpperPinsPolarity)
                  00006268    00000018     ti_msp_dl_config.o (.text.DL_SYSCTL_setBORThreshold)
                  00006280    00000018     ti_msp_dl_config.o (.text.DL_TRNG_clearInterruptStatus)
                  00006298    00000018     msp_peripheral_config.o (.text.DL_TRNG_enablePower)
                  000062b0    00000018     ti_msp_dl_config.o (.text.DL_TRNG_isCommandDone)
                  000062c8    00000018     msp_peripheral_config.o (.text.DL_TRNG_reset)
                  000062e0    00000018     ti_msp_dl_config.o (.text.DL_TRNG_setClockDivider)
                  000062f8    00000018     msp_peripheral_config.o (.text.DL_Timer_enablePower)
                  00006310    00000018     msp_peripheral_config.o (.text.DL_Timer_reset)
                  00006328    00000018     driverlib.a : dl_timer.o (.text.DL_Timer_setCaptureCompareOutCtl)
                  00006340    00000018     msp_peripheral_config.o (.text.DL_UART_enableFIFOs)
                  00006358    00000018     msp_peripheral_config.o (.text.DL_UART_enablePower)
                  00006370    00000018     soma_uart_test.o (.text.DL_UART_isBusy)
                  00006388    00000018     axon_routine.o (.text.DL_UART_isRXFIFOEmpty)
                  000063a0    00000018     isr.o (.text.DL_UART_isRXFIFOEmpty)
                  000063b8    00000018     soma_uart_test.o (.text.DL_UART_isTXFIFOEmpty)
                  000063d0    00000018     msp_peripheral_config.o (.text.DL_UART_reset)
                  000063e8    00000016     isr.o (.text.DL_GPIO_readPins)
                  000063fe    00000016     msp_peripheral_config.o (.text.DL_UART_enable)
                  00006414    00000016     soma_uart_test.o (.text.DL_UART_transmitData)
                  0000642a    00000016     ti_msp_dl_config.o (.text.SYSCFG_DL_SYSCTL_init)
                  00006440    00000016     libc.a : copy_zero_init.c.obj (.text:decompress:ZI:__TI_zero_init_nomemset)
                  00006456    00000014     msp_peripheral_config.o (.text.DL_GPIO_clearPins)
                  0000646a    00000014     s2a_packet.o (.text.DL_GPIO_clearPins)
                  0000647e    00000002     --HOLE-- [fill = 0]
                  00006480    00000014     msp_peripheral_config.o (.text.DL_Timer_enableClock)
                  00006494    00000014     msp_peripheral_config.o (.text.DL_Timer_setCCPDirection)
                  000064a8    00000014     axon_routine.o (.text.DL_UART_receiveData)
                  000064bc    00000014     isr.o (.text.DL_UART_receiveData)
                  000064d0    00000014     ti_msp_dl_config.o (.text.SYSCFG_DL_AES_init)
                  000064e4    00000014     msp_peripheral_config.o (.text.SYSCFG_DL_SYSTICK_init)
                  000064f8    00000014     libclang_rt.builtins.a : aeabi_uldivmod.S.obj (.text.__aeabi_uldivmod)
                  0000650c    00000014     s2a_packet.o (.text.axon_status_clear_event_latches)
                  00006520    00000014     libc.a : _printfi.c.obj (.text.strchr)
                  00006534    00000012     isr.o (.text.DL_GPIO_getPendingInterrupt)
                  00006546    00000012     isr.o (.text.DL_UART_getPendingInterrupt)
                  00006558    00000012     driverlib.a : dl_uart.o (.text.DL_UART_setClockConfig)
                  0000656a    00000012     libc.a : memcpy16.S.obj (.text:TI_memcpy_small)
                  0000657c    00000012            : copy_decompress_none.c.obj (.text:decompress:none)
                  0000658e    00000002     --HOLE-- [fill = 0]
                  00006590    00000010     main.o (.text.DL_SYSCTL_disableSleepOnExit)
                  000065a0    00000010     msp_peripheral_config.o (.text.DL_SYSTICK_enable)
                  000065b0    00000010     msp_peripheral_config.o (.text.DL_SYSTICK_enableInterrupt)
                  000065c0    00000010     driverlib.a : dl_timer.o (.text.DL_Timer_setCaptureCompareValue)
                  000065d0    00000010     isr.o (.text.SysTick_Handler)
                  000065e0    00000010     s2a_packet.o (.text.generate_dic_from_serial)
                  000065f0    00000010     libc.a : wcslen.c.obj (.text.wcslen)
                  00006600    0000000e            : memory.c.obj (.text.OUTLINED_FUNCTION_0)
                  0000660e    00000002     --HOLE-- [fill = 0]
                  00006610    0000000e     libclang_rt.builtins.a : aeabi_memset.S.obj (.text.__aeabi_memset)
                  0000661e    0000000e     libsysbm.a : hostrename.c.obj (.text.strcpy)
                  0000662c    0000000e     libc.a : _printfi.c.obj (.text.strlen)
                  0000663a    0000000e     libsysbm.a : hostrename.c.obj (.text.strlen)
                  00006648    0000000e     libc.a : memset16.S.obj (.text:TI_memset_small)
                  00006656    00000002     --HOLE-- [fill = 0]
                  00006658    0000000c     libclang_rt.builtins.a : aeabi_memset.S.obj (.text.__aeabi_memclr)
                  00006664    0000000c     isr.o (.text.get_systick_count_ms)
                  00006670    0000000c     libc.a : memory.c.obj (.text.malloc)
                  0000667c    0000000a     driverlib.a : dl_common.o (.text.DL_Common_delayCycles)
                  00006686    0000000a     libc.a : _printfi.c.obj (.text.OUTLINED_FUNCTION_0)
                  00006690    00000010     libclang_rt.builtins.a : adddf3.S.obj (.tramp.__aeabi_dsub.1)
                  000066a0    0000000a     libc.a : _printfi.c.obj (.text.OUTLINED_FUNCTION_1)
                  000066aa    00000002     --HOLE-- [fill = 0]
                  000066ac    00000008            : aeabi_portable.c.obj (.text.__aeabi_errno_addr)
                  000066b4    00000008     libclang_rt.builtins.a : aeabi_memcpy.S.obj (.text.__aeabi_memcpy)
                  000066bc    00000008     libc.a : printf.c.obj (.text._outc)
                  000066c4    00000008            : printf.c.obj (.text._outs)
                  000066cc    00000008            : fseek.c.obj (.text.fseek)
                  000066d4    00000008     libsysbm.a : remove.c.obj (.text.remove)
                  000066dc    00000006     libc.a : exit.c.obj (.text:abort)
                  000066e2    00000004     libsysbm.a : hostexit.c.obj (.text.HOSTexit)
                  000066e6    00000004     startup_mspm0g350x_ticlang.o (.text.Reset_Handler)
                  000066ea    00000004     libc.a : pre_init.c.obj (.text._system_pre_init)
                  000066ee    00000002     --HOLE-- [fill = 0]

.cinit     0    00007480    00000090     
                  00007480    00000066     (.cinit..data.load) [load image, compression = lzss]
                  000074e6    00000002     --HOLE-- [fill = 0]
                  000074e8    0000000c     (__TI_handler_table)
                  000074f4    00000008     (.cinit..bss.load) [load image, compression = zero_init]
                  000074fc    00000010     (__TI_cinit_table)
                  0000750c    00000004     --HOLE-- [fill = 0]

.rodata    0    000066f0    00000d90     
                  000066f0    00000101     libc.a : aeabi_ctype.S.obj (.rodata:__aeabi_ctype_table_)
                  000067f1    00000057     s2a_packet.o (.rodata.str1.11651614510642161048.1)
                  00006848    00000057     s2a_packet.o (.rodata.str1.15197212992152432442.1)
                  0000689f    00000056     axon_routine.o (.rodata.str1.8258637299588388763.1)
                  000068f5    00000054     s2a_packet.o (.rodata.str1.16803544732971382213.1)
                  00006949    0000004f     s2a_packet.o (.rodata.str1.4159314087998852219.1)
                  00006998    0000004c     s2a_packet.o (.rodata.str1.14054255457577735801.1)
                  000069e4    00000048     s2a_packet.o (.rodata.str1.10890815327036374194.1)
                  00006a2c    00000048     axon_routine.o (.rodata.str1.15118044987308954884.1)
                  00006a74    00000048     s2a_packet.o (.rodata.str1.16030559404050719370.1)
                  00006abc    00000048     axon_routine.o (.rodata.str1.2270063357212707462.1)
                  00006b04    00000047     axon_routine.o (.rodata.str1.1535501348467637105.1)
                  00006b4b    00000046     axon_routine.o (.rodata.str1.15236533513612612620.1)
                  00006b91    00000046     axon_routine.o (.rodata.str1.2599456037057767628.1)
                  00006bd7    00000045     axon_routine.o (.rodata.str1.5217963321059601915.1)
                  00006c1c    00000043     axon_routine.o (.rodata.str1.1129973263054448079.1)
                  00006c5f    00000043     axon_routine.o (.rodata.str1.12177618139265334924.1)
                  00006ca2    00000043     axon_routine.o (.rodata.str1.16593486521574237178.1)
                  00006ce5    00000042     axon_routine.o (.rodata.str1.8015938219588661503.1)
                  00006d27    00000041     axon_routine.o (.rodata.str1.2074935598029988253.1)
                  00006d68    0000003f     s2a_packet.o (.rodata.str1.1054621812687617865.1)
                  00006da7    0000003f     isr.o (.rodata.str1.13602985083408752662.1)
                  00006de6    0000003f     isr.o (.rodata.str1.14035627306564887214.1)
                  00006e25    0000003e     axon_routine.o (.rodata.str1.15036354999781039871.1)
                  00006e63    0000003d     s2a_packet.o (.rodata.str1.5329389233474239785.1)
                  00006ea0    0000003c     axon_routine.o (.rodata.str1.3638916923994497832.1)
                  00006edc    0000003b     s2a_packet.o (.rodata.str1.5067886651696817237.1)
                  00006f17    0000003a     axon_routine.o (.rodata.str1.15874351959947230243.1)
                  00006f51    00000038     soma_axon_comm_test.o (.rodata.str1.16888641032759933111.1)
                  00006f89    00000038     s2a_packet.o (.rodata.str1.7794559651614773169.1)
                  00006fc1    00000036     axon_routine.o (.rodata.str1.5476353031723877597.1)
                  00006ff7    00000035     axon_routine.o (.rodata.str1.7302185608925382041.1)
                  0000702c    00000033     axon_routine.o (.rodata.str1.16053131213386362138.1)
                  0000705f    00000032     axon_routine.o (.rodata.str1.10493685005624297193.1)
                  00007091    00000032     axon_routine.o (.rodata.str1.13649928279134707410.1)
                  000070c3    00000031     s2a_packet.o (.rodata.str1.9534252372474839467.1)
                  000070f4    0000002e     axon_routine.o (.rodata.str1.3546071986206203703.1)
                  00007122    0000002d     axon_routine.o (.rodata.str1.16275428374102274200.1)
                  0000714f    0000002d     axon_routine.o (.rodata.str1.18265383181475724439.1)
                  0000717c    0000002c     s2a_packet.o (.rodata.str1.12313492030069750346.1)
                  000071a8    0000002c     axon_routine.o (.rodata.str1.13014566616985041789.1)
                  000071d4    0000002b     axon_routine.o (.rodata.str1.11153631872926489556.1)
                  000071ff    0000002b     axon_routine.o (.rodata.str1.5730828695261872317.1)
                  0000722a    0000002b     soma_axon_comm_test.o (.rodata.str1.9961456443828157440.1)
                  00007255    00000029     axon_routine.o (.rodata.str1.11944515220965031412.1)
                  0000727e    00000021     axon_routine.o (.rodata.str1.10537736000623303156.1)
                  0000729f    00000001     --HOLE-- [fill = 0]
                  000072a0    00000020     axon_routine.o (.rodata..L__const.axon_routine_main.btn1_ctx)
                  000072c0    00000020     axon_routine.o (.rodata..L__const.axon_routine_main.btn2_ctx)
                  000072e0    0000001f     axon_routine.o (.rodata.str1.10607366127034335297.1)
                  000072ff    00000001     --HOLE-- [fill = 0]
                  00007300    0000001e     s2a_packet.o (.rodata..L__const.axon_handle_setaxon.timeout_table)
                  0000731e    0000001e     soma_axon_comm_test.o (.rodata.str1.17163733150804281806.1)
                  0000733c    0000001b     axon_routine.o (.rodata.str1.17620752597607741984.1)
                  00007357    0000001a     axon_routine.o (.rodata.str1.1234886190650109128.1)
                  00007371    00000018     axon_routine.o (.rodata.str1.5315017142325176683.1)
                  00007389    00000017     axon_routine.o (.rodata.str1.16547747785913852269.1)
                  000073a0    00000016     axon_routine.o (.rodata.str1.13170470843846142408.1)
                  000073b6    00000011     libc.a : _printfi.c.obj (.rodata.str1.10348868589481759720.1)
                  000073c7    00000011            : _printfi.c.obj (.rodata.str1.15363888844622738466.1)
                  000073d8    00000010     s2a_packet.o (.rodata.axon_handle_setaxon.timeout_map)
                  000073e8    00000008     msp_peripheral_config.o (.rodata.g_TIMA_LED_PWM_CONFIG)
                  000073f0    00000008     msp_peripheral_config.o (.rodata.g_TIMG_LED_PWM_CONFIG)
                  000073f8    00000008     axon_routine.o (.rodata.str1.110982908963535873.1)
                  00007400    00000008     axon_routine.o (.rodata.str1.15390643519349431490.1)
                  00007408    00000008     soma_axon_comm_test.o (.rodata.str1.16019993927173311506.1)
                  00007410    00000008     soma_axon_comm_test.o (.rodata.str1.4563888346566811793.1)
                  00007418    00000008     soma_axon_comm_test.o (.rodata.str1.6155995108037416659.1)
                  00007420    00000008     soma_axon_comm_test.o (.rodata.str1.736556590954446019.1)
                  00007428    00000008     soma_axon_comm_test.o (.rodata.str1.8298861297467414673.1)
                  00007430    00000007     soma_axon_comm_test.o (.rodata.str1.15543427717675474179.1)
                  00007437    00000007     soma_axon_comm_test.o (.rodata.str1.16196245222610423718.1)
                  0000743e    00000007     soma_axon_comm_test.o (.rodata.str1.4979646705443735783.1)
                  00007445    00000007     soma_axon_comm_test.o (.rodata.str1.7589549447101528093.1)
                  0000744c    00000006     s2a_packet.o (.rodata.axon_serial_number)
                  00007452    00000006     soma_axon_comm_test.o (.rodata.str1.14803114291648115125.1)
                  00007458    00000006     soma_axon_comm_test.o (.rodata.str1.7247368328196744947.1)
                  0000745e    00000005     soma_axon_comm_test.o (.rodata.str1.1937060561350349321.1)
                  00007463    00000004     soma_axon_comm_test.o (.rodata.str1.14413332638274022860.1)
                  00007467    00000004     soma_axon_comm_test.o (.rodata.str1.14700453761544015464.1)
                  0000746b    00000003     msp_peripheral_config.o (.rodata.g_TIMA_LED_CLOCK_CONFIG)
                  0000746e    00000003     msp_peripheral_config.o (.rodata.g_TIMG_LED_CLOCK_CONFIG)
                  00007471    00000003     axon_routine.o (.rodata.str1.18362543123880482347.1)
                  00007474    0000000c     --HOLE-- [fill = 0]

.init_array 
*          0    00000000    00000000     UNINITIALIZED

.binit     0    00000000    00000000     

.data      0    20200000    00000b2f     UNINITIALIZED
                  20200000    00000800     s2a_packet.o (.data.axon_handle_codepkt.g_fw_buffer)
                  20200800    000000f0     libc.a : defs.c.obj (.data._ftable)
                  202008f0    00000078     libsysbm.a : host_device.c.obj (.data._device)
                  20200968    00000050                : host_device.c.obj (.data._stream)
                  202009b8    0000003c     soma_axon_comm_test.o (.data.g_test_stats)
                  202009f4    00000022     axon_routine.o (.data.g_debug_log)
                  20200a16    00000020     s2a_packet.o (.data.debug_atirq_encrypted)
                  20200a36    00000020     s2a_packet.o (.data.debug_atirq_plain)
                  20200a56    00000012     axon_routine.o (.data.g_axon_status_shared)
                  20200a68    00000010     s2a_packet.o (.data.axon_handle_setokey.g_operation_key)
                  20200a78    00000010     axon_routine.o (.data.g_axon_state)
                  20200a88    00000008     libc.a : exit.c.obj (.data..L_MergedGlobals)
                  20200a90    00000005     soma_axon_comm_test.o (.data.g_test_config)
                  20200a95    00000001     s2a_packet.o (.data.axon_handle_afwup.g_fw_update_mode)
                  20200a96    00000002     s2a_packet.o (.data.debug_crc_calc)
                  20200a98    00000004     libc.a : defs.c.obj (.data.__TI_ft_end)
                  20200a9c    00000004            : aeabi_portable.c.obj (.data.__aeabi_errno)
                  20200aa0    00000004            : _lock.c.obj (.data._lock)
                  20200aa4    00000004            : _lock.c.obj (.data._unlock)
                  20200aa8    00000004     axon_routine.o (.data.axon_routine_main.both_press_start)
                  20200aac    00000004     axon_routine.o (.data.axon_routine_main.last_blink_toggle)
                  20200ab0    00000004     axon_routine.o (.data.axon_routine_main.release_candidate_time1)
                  20200ab4    00000004     axon_routine.o (.data.axon_routine_main.release_candidate_time2)
                  20200ab8    00000004     axon_routine.o (.data.axon_routine_main.retry_last_send_time)
                  20200abc    00000004     soma_uart_test.o (.data.debug_byte1_ng_count)
                  20200ac0    00000004     s2a_packet.o (.data.debug_chkirq_call_count)
                  20200ac4    00000004     s2a_packet.o (.data.debug_cmd_ng_count)
                  20200ac8    00000004     soma_uart_test.o (.data.debug_complete_count)
                  20200acc    00000004     s2a_packet.o (.data.debug_crc_ng_count)
                  20200ad0    00000004     soma_uart_test.o (.data.debug_fifo_empty_count)
                  20200ad4    00000004     soma_uart_test.o (.data.debug_framing_error_count)
                  20200ad8    00000004     s2a_packet.o (.data.debug_header_ng_count)
                  20200adc    00000004     soma_uart_test.o (.data.debug_iidx_value)
                  20200ae0    00000004     soma_uart_test.o (.data.debug_isr_call_count)
                  20200ae4    00000004     s2a_packet.o (.data.debug_led_event_count)
                  20200ae8    00000004     s2a_packet.o (.data.debug_len_ng_count)
                  20200aec    00000004     soma_uart_test.o (.data.debug_overrun_count)
                  20200af0    00000004     soma_uart_test.o (.data.debug_rx_count)
                  20200af4    00000004     soma_uart_test.o (.data.debug_rxdata_raw_value)
                  20200af8    00000004     s2a_packet.o (.data.debug_send_ok_count)
                  20200afc    00000004     soma_uart_test.o (.data.debug_sync_reset_count)
                  20200b00    00000004     soma_uart_test.o (.data.debug_uart_stat_value)
                  20200b04    00000004     s2a_packet.o (.data.g_fw_last_address)
                  20200b08    00000004     s2a_packet.o (.data.g_fw_total_crc)
                  20200b0c    00000004     axon_routine.o (.data.g_irq_pulse_start_time)
                  20200b10    00000004     isr.o (.data.g_systick_count)
                  20200b14    00000002     s2a_packet.o (.data.debug_crc_recv)
                  20200b16    00000001     s2a_packet.o (.data.axon_handle_errchk.g_fw_update_complete)
                  20200b17    00000001     axon_routine.o (.data.axon_routine_main.both_buttons_pressed)
                  20200b18    00000001     axon_routine.o (.data.axon_routine_main.both_release_lockout)
                  20200b19    00000001     axon_routine.o (.data.axon_routine_main.prev_blink_mode)
                  20200b1a    00000001     axon_routine.o (.data.axon_routine_main.release_candidate1)
                  20200b1b    00000001     axon_routine.o (.data.axon_routine_main.release_candidate2)
                  20200b1c    00000001     soma_uart_test.o (.data.debug_byte1)
                  20200b1d    00000001     s2a_packet.o (.data.debug_decrypted_id)
                  20200b1e    00000001     soma_uart_test.o (.data.debug_last_byte)
                  20200b1f    00000001     soma_uart_test.o (.data.debug_rx_index)
                  20200b20    00000001     soma_uart_test.o (.data.frame_received)
                  20200b21    00000001     s2a_packet.o (.data.g_cmd_recv_toggle)
                  20200b22    00000001     axon_routine.o (.data.g_irq_pulse_pending)
                  20200b23    00000001     axon_routine.o (.data.g_left_amount)
                  20200b24    00000001     axon_routine.o (.data.g_pending_left_amount)
                  20200b25    00000001     axon_routine.o (.data.g_pending_left_updated)
                  20200b26    00000001     axon_routine.o (.data.g_pending_right_amount)
                  20200b27    00000001     axon_routine.o (.data.g_pending_right_updated)
                  20200b28    00000001     axon_routine.o (.data.g_retry_pending)
                  20200b29    00000001     axon_routine.o (.data.g_right_amount)
                  20200b2a    00000001     isr.o (.data.rx_complete_ready)
                  20200b2b    00000001     soma_uart_test.o (.data.rx_index)
                  20200b2c    00000001     libc.a : memory.c.obj (.data.memory_is_initialized)
                  20200b2d    00000001     soma_uart_test.o (.data.rx_variable_length)
                  20200b2e    00000001     soma_uart_test.o (.data.rx_variable_ready)

.sysmem    0    20200b30    00000800     UNINITIALIZED
                  20200b30    00000010     libc.a : memory.c.obj (.sysmem)
                  20200b40    000007f0     --HOLE--

.bss       0    20201330    000002dc     UNINITIALIZED
                  20201330    00000120     libsysbm.a : trgmsg.c.obj (.bss:_CIOBUF_)
                  20201450    000000a0     libc.a : defs.c.obj (.bss.__TI_tmpnams)
                  202014f0    00000028     (.common:rx_variable_frame)
                  20201518    00000024     (.common:rx_complete_frame)
                  2020153c    00000024     (.common:rx_frame)
                  20201560    00000014     (.common:g_button_1_event)
                  20201574    00000014     (.common:g_button_2_event)
                  20201588    00000014     (.common:g_coindet_event)
                  2020159c    00000014     (.common:g_connector_event)
                  202015b0    00000014     (.common:g_door_event)
                  202015c4    00000014     (.common:g_escrow_event)
                  202015d8    00000014     (.common:g_rotary_event)
                  202015ec    00000014     (.common:g_soldout_event)
                  20201600    00000008     libsysbm.a : hostopen.c.obj (.bss.parmbuf)
                  20201608    00000004     libc.a : memory.c.obj (.bss.sys_free)

.stack     0    20207e00    00000200     UNINITIALIZED
                  20207e00    00000004     libc.a : boot_cortex_m.c.obj (.stack)
                  20207e04    000001fc     --HOLE--

__llvm_prf_cnts 
*          0    20200000    00000000     UNINITIALIZED

__llvm_prf_bits 
*          0    20200000    00000000     UNINITIALIZED

MODULE SUMMARY

       Module                         code    ro data   rw data
       ------                         ----    -------   -------
    .\
       axon_routine.o                 4378    1856      265    
       isr.o                          1226    126       41     
       soma_axon_comm_test.o          700     222       65     
       ti_msp_dl_config.o             524     0         0      
       soma_uart_test.o               262     0         127    
       main.o                         230     0         0      
       startup_mspm0g350x_ticlang.o   8       192       0      
    +--+------------------------------+-------+---------+---------+
       Total:                         7328    2396      498    
                                                               
    .\peripheral\
       msp_peripheral_config.o        2588    22        0      
    +--+------------------------------+-------+---------+---------+
       Total:                         2588    22        0      
                                                               
    .\protocol\src\
       s2a_packet.o                   5218    941       2172   
    +--+------------------------------+-------+---------+---------+
       Total:                         5218    941       2172   
                                                               
    C:/ti/mspm0_sdk_2_06_00_05/source/ti/driverlib/lib/ticlang/m0p/mspm0g1x0x_g3x0x/driverlib.a
       dl_timer.o                     356     0         0      
       dl_uart.o                      218     0         0      
       dl_common.o                    10      0         0      
    +--+------------------------------+-------+---------+---------+
       Total:                         584     0         0      
                                                               
    C:\ti\ccs2030\ccs\tools\compiler\ti-cgt-armllvm_4.0.3.LTS\lib\armv6m-ti-none-eabi/c/libc.a
       _printfi.c.obj                 4510    34        0      
       memory.c.obj                   702     0         5      
       defs.c.obj                     0       0         404    
       aeabi_ctype.S.obj              0       257       0      
       fputs.c.obj                    248     0         0      
       setvbuf.c.obj                  224     0         0      
       s_scalbn.c.obj                 216     0         0      
       getdevice.c.obj                160     0         0      
       fputc.c.obj                    156     0         0      
       strcmp-armv6m.S.obj            136     0         0      
       copy_decompress_lzss.c.obj     124     0         0      
       fclose.c.obj                   124     0         0      
       fseek.c.obj                    116     0         0      
       printf.c.obj                   108     0         0      
       _io_perm.c.obj                 100     0         0      
       s_frexp.c.obj                  92      0         0      
       _ltoa.c.obj                    88      0         0      
       fflush.c.obj                   82      0         0      
       exit.c.obj                     58      0         8      
       atoi.c.obj                     64      0         0      
       autoinit.c.obj                 60      0         0      
       fopen.c.obj                    52      0         0      
       boot_cortex_m.c.obj            40      0         0      
       memccpy.c.obj                  34      0         0      
       copy_zero_init.c.obj           22      0         0      
       copy_decompress_none.c.obj     18      0         0      
       memcpy16.S.obj                 18      0         0      
       wcslen.c.obj                   16      0         0      
       memset16.S.obj                 14      0         0      
       aeabi_portable.c.obj           8       0         4      
       _lock.c.obj                    2       0         8      
       pre_init.c.obj                 4       0         0      
    +--+------------------------------+-------+---------+---------+
       Total:                         7596    291       429    
                                                               
    C:\ti\ccs2030\ccs\tools\compiler\ti-cgt-armllvm_4.0.3.LTS\lib\armv6m-ti-none-eabi/c/libsysbm.a
       trgmsg.c.obj                   104     0         288    
       host_device.c.obj              0       0         200    
       hostrename.c.obj               136     0         0      
       hostlseek.c.obj                108     0         0      
       hostopen.c.obj                 96      0         8      
       hostread.c.obj                 88      0         0      
       hostwrite.c.obj                88      0         0      
       close.c.obj                    80      0         0      
       hostclose.c.obj                72      0         0      
       hostunlink.c.obj               72      0         0      
       unlink.c.obj                   44      0         0      
       lseek.c.obj                    40      0         0      
       write.c.obj                    40      0         0      
       remove.c.obj                   8       0         0      
       hostexit.c.obj                 4       0         0      
    +--+------------------------------+-------+---------+---------+
       Total:                         980     0         496    
                                                               
    C:\ti\ccs2030\ccs\tools\compiler\ti-cgt-armllvm_4.0.3.LTS\lib\armv6m-ti-none-eabi/libclang_rt.builtins.a
       adddf3.S.obj                   418     0         0      
       divdf3.S.obj                   268     0         0      
       muldf3.S.obj                   228     0         0      
       comparedf2.c.obj               220     0         0      
       udivmoddi4.S.obj               162     0         0      
       aeabi_dcmp.S.obj               98      0         0      
       aeabi_idivmod.S.obj            86      0         0      
       fixdfsi.S.obj                  74      0         0      
       aeabi_uidivmod.S.obj           64      0         0      
       muldsi3.S.obj                  58      0         0      
       floatsidf.S.obj                44      0         0      
       muldi3.S.obj                   36      0         0      
       ashldi3.S.obj                  30      0         0      
       aeabi_memset.S.obj             26      0         0      
       aeabi_uldivmod.S.obj           20      0         0      
       aeabi_memcpy.S.obj             8       0         0      
       aeabi_div0.c.obj               4       0         0      
    +--+------------------------------+-------+---------+---------+
       Total:                         1844    0         0      
                                                               
       Heap:                          0       0         2048   
       Stack:                         0       0         512    
       Linker Generated:              0       138       0      
    +--+------------------------------+-------+---------+---------+
       Grand Total:                   26138   3788      6155   


LINKER GENERATED COPY TABLES

__TI_cinit_table @ 000074fc records: 2, size/record: 8, table size: 16
	.data: load addr=00007480, load size=00000066 bytes, run addr=20200000, run size=00000b2f bytes, compression=lzss
	.bss: load addr=000074f4, load size=00000008 bytes, run addr=20201330, run size=000002dc bytes, compression=zero_init


LINKER GENERATED HANDLER TABLE

__TI_handler_table @ 000074e8 records: 3, size/record: 4, table size: 12
	index: 0, handler: __TI_decompress_lzss
	index: 1, handler: __TI_decompress_none
	index: 2, handler: __TI_zero_init


FAR CALL TRAMPOLINES

callee name               trampoline name
   callee addr  tramp addr   call addr  call info
--------------  -----------  ---------  ----------------
__aeabi_dsub              $Tramp$TT$L$PI$$__aeabi_dsub
   00002ea1     00006690     0000668e   libc.a : _printfi.c.obj (.text.OUTLINED_FUNCTION_0)

[1 trampolines]
[1 trampoline calls]


GLOBAL SYMBOLS: SORTED ALPHABETICALLY BY Name 

address   name                            
-------   ----                            
0000478d  ADC0_IRQHandler                 
0000478d  ADC1_IRQHandler                 
0000478d  AES_IRQHandler                  
000066e2  C$$EXIT                         
00005a9d  C$$IO$$                         
0000478d  CANFD0_IRQHandler               
0000478d  DAC0_IRQHandler                 
0000667d  DL_Common_delayCycles           
000036c5  DL_Timer_initFourCCPWMMode      
000060cd  DL_Timer_setCaptCompUpdateMethod
00006329  DL_Timer_setCaptureCompareOutCtl
000065c1  DL_Timer_setCaptureCompareValue 
000060e9  DL_Timer_setClockConfig         
00004819  DL_UART_configBaudRate          
000054b1  DL_UART_init                    
00006559  DL_UART_setClockConfig          
0000478d  DMA_IRQHandler                  
0000478d  Default_Handler                 
00003033  GROUP0_IRQHandler               
00002b11  GROUP1_IRQHandler               
000054f9  HOSTclose                       
000066e3  HOSTexit                        
00004b85  HOSTlseek                       
00005005  HOSTopen                        
0000511d  HOSTread                        
00004bf1  HOSTrename                      
00005541  HOSTunlink                      
00005175  HOSTwrite                       
0000478d  HardFault_Handler               
0000478d  I2C0_IRQHandler                 
0000478d  I2C1_IRQHandler                 
0000478d  NMI_Handler                     
0000478d  PendSV_Handler                  
0000478d  RTC_IRQHandler                  
000066e7  Reset_Handler                   
0000478d  SPI0_IRQHandler                 
0000478d  SPI1_IRQHandler                 
0000478d  SVC_Handler                     
000064d1  SYSCFG_DL_AES_init              
00005e4d  SYSCFG_DL_CRC_init              
00002005  SYSCFG_DL_GPIO_init             
0000642b  SYSCFG_DL_SYSCTL_init           
000064e5  SYSCFG_DL_SYSTICK_init          
0000565d  SYSCFG_DL_TRNG_init             
00005bfb  SYSCFG_DL_init                  
000044a5  SYSCFG_DL_initPower             
000065d1  SysTick_Handler                 
0000478d  TIMA0_IRQHandler                
0000478d  TIMA1_IRQHandler                
0000478d  TIMG0_IRQHandler                
0000478d  TIMG12_IRQHandler               
0000478d  TIMG6_IRQHandler                
0000478d  TIMG7_IRQHandler                
0000478d  TIMG8_IRQHandler                
0000656b  TI_memcpy_small                 
00006649  TI_memset_small                 
000022d9  UART0_IRQHandler                
0000478d  UART1_IRQHandler                
00003d87  UART2_IRQHandler                
0000478d  UART3_IRQHandler                
20201330  _CIOBUF_                        
20201330  __CIOBUF_                       
20208000  __STACK_END                     
00000200  __STACK_SIZE                    
00000800  __SYSMEM_SIZE                   
00000000  __TI_ATRegion0_region_sz        
00000000  __TI_ATRegion0_src_addr         
00000000  __TI_ATRegion0_trg_addr         
00000000  __TI_ATRegion1_region_sz        
00000000  __TI_ATRegion1_src_addr         
00000000  __TI_ATRegion1_trg_addr         
00000000  __TI_ATRegion2_region_sz        
00000000  __TI_ATRegion2_src_addr         
00000000  __TI_ATRegion2_trg_addr         
000074fc  __TI_CINIT_Base                 
0000750c  __TI_CINIT_Limit                
0000750c  __TI_CINIT_Warm                 
000074e8  __TI_Handler_Table_Base         
000074f4  __TI_Handler_Table_Limit        
00005851  __TI_auto_init_nobinit_nopinit  
00005a09  __TI_cleanup                    
20200a88  __TI_cleanup_ptr                
00004a19  __TI_closefile                  
00004a95  __TI_decompress_lzss            
0000657d  __TI_decompress_none            
00005329  __TI_doflush                    
20200a8c  __TI_dtors_ptr                  
20200a98  __TI_ft_end                     
000051cd  __TI_ltoa                       
ffffffff  __TI_pprof_out_hndl             
00000bad  __TI_printfi                    
ffffffff  __TI_prof_data_size             
ffffffff  __TI_prof_data_start            
00005a3d  __TI_readmsg                    
00000000  __TI_static_base__              
20201450  __TI_tmpnams                    
00005a71  __TI_writemsg                   
00004ed7  __TI_wrt_ok                     
00006441  __TI_zero_init_nomemset         
00002eab  __adddf3                        
000066f0  __aeabi_ctype_table_            
000066f0  __aeabi_ctype_table_C           
0000541d  __aeabi_d2iz                    
00002eab  __aeabi_dadd                    
00004fa1  __aeabi_dcmpeq                  
00004fdd  __aeabi_dcmpge                  
00004ff1  __aeabi_dcmpgt                  
00004fc9  __aeabi_dcmple                  
00004fb5  __aeabi_dcmplt                  
000033a5  __aeabi_ddiv                    
00003f59  __aeabi_dmul                    
00002ea1  __aeabi_dsub                    
20200a9c  __aeabi_errno                   
000066ad  __aeabi_errno_addr              
00005d05  __aeabi_i2d                     
0000527d  __aeabi_idiv                    
000043ff  __aeabi_idiv0                   
0000527d  __aeabi_idivmod                 
000044a3  __aeabi_ldiv0                   
00005fe9  __aeabi_llsl                    
00005f5d  __aeabi_lmul                    
00006659  __aeabi_memclr                  
00006659  __aeabi_memclr4                 
00006659  __aeabi_memclr8                 
000066b5  __aeabi_memcpy                  
000066b5  __aeabi_memcpy4                 
000066b5  __aeabi_memcpy8                 
00006611  __aeabi_memset                  
00006611  __aeabi_memset4                 
00006611  __aeabi_memset8                 
0000569d  __aeabi_uidiv                   
0000569d  __aeabi_uidivmod                
000064f9  __aeabi_uldivmod                
00005fe9  __ashldi3                       
ffffffff  __binit__                       
00004da1  __cmpdf2                        
000033a5  __divdf3                        
00004da1  __eqdf2                         
0000541d  __fixdfsi                       
00005d05  __floatsidf                     
00004b11  __gedf2                         
00004b11  __gtdf2                         
00004da1  __ledf2                         
00004da1  __ltdf2                         
UNDEFED   __mpu_init                      
00003f59  __muldf3                        
00005f5d  __muldi3                        
0000588d  __muldsi3                       
00004da1  __nedf2                         
20207e00  __stack                         
20200000  __start___llvm_prf_bits         
20200000  __start___llvm_prf_cnts         
20200000  __stop___llvm_prf_bits          
20200000  __stop___llvm_prf_cnts          
00002ea1  __subdf3                        
00004401  __udivmoddi4                    
00005eed  _c_int00_noargs                 
202008f0  _device                         
20200800  _ftable                         
20200aa0  _lock                           
00005003  _nop                            
20200968  _stream                         
20200b30  _sys_memory                     
UNDEFED   _system_post_cinit              
000066eb  _system_pre_init                
20200aa4  _unlock                         
000066dd  abort                           
00003291  aligned_alloc                   
000056dd  atoi                            
00003ab9  axon_handle_afwup               
000035bd  axon_handle_axonrbt             
0000157d  axon_handle_chkirq              
00002751  axon_handle_codepkt             
000034b1  axon_handle_errchk              
00003c99  axon_handle_nop                 
00001c0d  axon_handle_setaxon             
00004899  axon_handle_setokey             
000000c1  axon_routine_main               
00003ba9  axon_test_record_command        
0000571d  axon_test_record_crc_error      
0000467d  axon_test_record_response       
ffffffff  binit                           
000053cd  close                           
20200a16  debug_atirq_encrypted           
20200a36  debug_atirq_plain               
20200b1c  debug_byte1                     
20200abc  debug_byte1_ng_count            
20200ac0  debug_chkirq_call_count         
20200ac4  debug_cmd_ng_count              
20200ac8  debug_complete_count            
20200a96  debug_crc_calc                  
20200acc  debug_crc_ng_count              
20200b14  debug_crc_recv                  
20200b1d  debug_decrypted_id              
20200ad0  debug_fifo_empty_count          
20200ad4  debug_framing_error_count       
20200ad8  debug_header_ng_count           
20200adc  debug_iidx_value                
20200ae0  debug_isr_call_count            
20200b1e  debug_last_byte                 
20200ae4  debug_led_event_count           
20200ae8  debug_len_ng_count              
20200aec  debug_overrun_count             
20200af0  debug_rx_count                  
20200b1f  debug_rx_index                  
20200af4  debug_rxdata_raw_value          
20200af8  debug_send_ok_count             
20200afc  debug_sync_reset_count          
20200b00  debug_uart_stat_value           
00005aa5  exit                            
00005ad9  finddevice                      
000045e1  fputc                           
000038cd  fputs                           
20200b20  frame_received                  
00003e71  free                            
00005065  frexp                           
00005065  frexpl                          
000066cd  fseek                           
00004cc9  fseeko                          
20200a78  g_axon_state                    
20200a56  g_axon_status_shared            
20201560  g_button_1_event                
20201574  g_button_2_event                
20201588  g_coindet_event                 
2020159c  g_connector_event               
202009f4  g_debug_log                     
202015b0  g_door_event                    
202015c4  g_escrow_event                  
20200b23  g_left_amount                   
20200b24  g_pending_left_amount           
20200b25  g_pending_left_updated          
20200b26  g_pending_right_amount          
20200b27  g_pending_right_updated         
20200b28  g_retry_pending                 
20200b29  g_right_amount                  
202015d8  g_rotary_event                  
202015ec  g_soldout_event                 
20200b10  g_systick_count                 
00006665  get_systick_count_ms            
00004d35  getdevice                       
00000000  interruptVectors                
0000411d  ldexp                           
0000411d  ldexpl                          
00005e9d  lseek                           
00005467  main                            
00006671  malloc                          
00003291  memalign                        
00005fa5  memccpy                         
20201600  parmbuf                         
000050c1  printf                          
000066d5  remove                          
20201518  rx_complete_frame               
20200b2a  rx_complete_ready               
2020153c  rx_frame                        
20200b2b  rx_index                        
202014f0  rx_variable_frame               
20200b2d  rx_variable_length              
20200b2e  rx_variable_ready               
0000411d  scalbn                          
0000411d  scalbnl                         
0000403d  setvbuf                         
00004791  strcmp                          
0000575d  uart_send_packet                
00004999  uart_send_packet_fast           
00005d31  unlink                          
000055d1  update_segment_leds             
000065f1  wcslen                          
00005ec5  write                           


GLOBAL SYMBOLS: SORTED BY Symbol Address 

address   name                            
-------   ----                            
00000000  __TI_ATRegion0_region_sz        
00000000  __TI_ATRegion0_src_addr         
00000000  __TI_ATRegion0_trg_addr         
00000000  __TI_ATRegion1_region_sz        
00000000  __TI_ATRegion1_src_addr         
00000000  __TI_ATRegion1_trg_addr         
00000000  __TI_ATRegion2_region_sz        
00000000  __TI_ATRegion2_src_addr         
00000000  __TI_ATRegion2_trg_addr         
00000000  __TI_static_base__              
00000000  interruptVectors                
000000c1  axon_routine_main               
00000200  __STACK_SIZE                    
00000800  __SYSMEM_SIZE                   
00000bad  __TI_printfi                    
0000157d  axon_handle_chkirq              
00001c0d  axon_handle_setaxon             
00002005  SYSCFG_DL_GPIO_init             
000022d9  UART0_IRQHandler                
00002751  axon_handle_codepkt             
00002b11  GROUP1_IRQHandler               
00002ea1  __aeabi_dsub                    
00002ea1  __subdf3                        
00002eab  __adddf3                        
00002eab  __aeabi_dadd                    
00003033  GROUP0_IRQHandler               
00003291  aligned_alloc                   
00003291  memalign                        
000033a5  __aeabi_ddiv                    
000033a5  __divdf3                        
000034b1  axon_handle_errchk              
000035bd  axon_handle_axonrbt             
000036c5  DL_Timer_initFourCCPWMMode      
000038cd  fputs                           
00003ab9  axon_handle_afwup               
00003ba9  axon_test_record_command        
00003c99  axon_handle_nop                 
00003d87  UART2_IRQHandler                
00003e71  free                            
00003f59  __aeabi_dmul                    
00003f59  __muldf3                        
0000403d  setvbuf                         
0000411d  ldexp                           
0000411d  ldexpl                          
0000411d  scalbn                          
0000411d  scalbnl                         
000043ff  __aeabi_idiv0                   
00004401  __udivmoddi4                    
000044a3  __aeabi_ldiv0                   
000044a5  SYSCFG_DL_initPower             
000045e1  fputc                           
0000467d  axon_test_record_response       
0000478d  ADC0_IRQHandler                 
0000478d  ADC1_IRQHandler                 
0000478d  AES_IRQHandler                  
0000478d  CANFD0_IRQHandler               
0000478d  DAC0_IRQHandler                 
0000478d  DMA_IRQHandler                  
0000478d  Default_Handler                 
0000478d  HardFault_Handler               
0000478d  I2C0_IRQHandler                 
0000478d  I2C1_IRQHandler                 
0000478d  NMI_Handler                     
0000478d  PendSV_Handler                  
0000478d  RTC_IRQHandler                  
0000478d  SPI0_IRQHandler                 
0000478d  SPI1_IRQHandler                 
0000478d  SVC_Handler                     
0000478d  TIMA0_IRQHandler                
0000478d  TIMA1_IRQHandler                
0000478d  TIMG0_IRQHandler                
0000478d  TIMG12_IRQHandler               
0000478d  TIMG6_IRQHandler                
0000478d  TIMG7_IRQHandler                
0000478d  TIMG8_IRQHandler                
0000478d  UART1_IRQHandler                
0000478d  UART3_IRQHandler                
00004791  strcmp                          
00004819  DL_UART_configBaudRate          
00004899  axon_handle_setokey             
00004999  uart_send_packet_fast           
00004a19  __TI_closefile                  
00004a95  __TI_decompress_lzss            
00004b11  __gedf2                         
00004b11  __gtdf2                         
00004b85  HOSTlseek                       
00004bf1  HOSTrename                      
00004cc9  fseeko                          
00004d35  getdevice                       
00004da1  __cmpdf2                        
00004da1  __eqdf2                         
00004da1  __ledf2                         
00004da1  __ltdf2                         
00004da1  __nedf2                         
00004ed7  __TI_wrt_ok                     
00004fa1  __aeabi_dcmpeq                  
00004fb5  __aeabi_dcmplt                  
00004fc9  __aeabi_dcmple                  
00004fdd  __aeabi_dcmpge                  
00004ff1  __aeabi_dcmpgt                  
00005003  _nop                            
00005005  HOSTopen                        
00005065  frexp                           
00005065  frexpl                          
000050c1  printf                          
0000511d  HOSTread                        
00005175  HOSTwrite                       
000051cd  __TI_ltoa                       
0000527d  __aeabi_idiv                    
0000527d  __aeabi_idivmod                 
00005329  __TI_doflush                    
000053cd  close                           
0000541d  __aeabi_d2iz                    
0000541d  __fixdfsi                       
00005467  main                            
000054b1  DL_UART_init                    
000054f9  HOSTclose                       
00005541  HOSTunlink                      
000055d1  update_segment_leds             
0000565d  SYSCFG_DL_TRNG_init             
0000569d  __aeabi_uidiv                   
0000569d  __aeabi_uidivmod                
000056dd  atoi                            
0000571d  axon_test_record_crc_error      
0000575d  uart_send_packet                
00005851  __TI_auto_init_nobinit_nopinit  
0000588d  __muldsi3                       
00005a09  __TI_cleanup                    
00005a3d  __TI_readmsg                    
00005a71  __TI_writemsg                   
00005a9d  C$$IO$$                         
00005aa5  exit                            
00005ad9  finddevice                      
00005bfb  SYSCFG_DL_init                  
00005d05  __aeabi_i2d                     
00005d05  __floatsidf                     
00005d31  unlink                          
00005e4d  SYSCFG_DL_CRC_init              
00005e9d  lseek                           
00005ec5  write                           
00005eed  _c_int00_noargs                 
00005f5d  __aeabi_lmul                    
00005f5d  __muldi3                        
00005fa5  memccpy                         
00005fe9  __aeabi_llsl                    
00005fe9  __ashldi3                       
000060cd  DL_Timer_setCaptCompUpdateMethod
000060e9  DL_Timer_setClockConfig         
00006329  DL_Timer_setCaptureCompareOutCtl
0000642b  SYSCFG_DL_SYSCTL_init           
00006441  __TI_zero_init_nomemset         
000064d1  SYSCFG_DL_AES_init              
000064e5  SYSCFG_DL_SYSTICK_init          
000064f9  __aeabi_uldivmod                
00006559  DL_UART_setClockConfig          
0000656b  TI_memcpy_small                 
0000657d  __TI_decompress_none            
000065c1  DL_Timer_setCaptureCompareValue 
000065d1  SysTick_Handler                 
000065f1  wcslen                          
00006611  __aeabi_memset                  
00006611  __aeabi_memset4                 
00006611  __aeabi_memset8                 
00006649  TI_memset_small                 
00006659  __aeabi_memclr                  
00006659  __aeabi_memclr4                 
00006659  __aeabi_memclr8                 
00006665  get_systick_count_ms            
00006671  malloc                          
0000667d  DL_Common_delayCycles           
000066ad  __aeabi_errno_addr              
000066b5  __aeabi_memcpy                  
000066b5  __aeabi_memcpy4                 
000066b5  __aeabi_memcpy8                 
000066cd  fseek                           
000066d5  remove                          
000066dd  abort                           
000066e2  C$$EXIT                         
000066e3  HOSTexit                        
000066e7  Reset_Handler                   
000066eb  _system_pre_init                
000066f0  __aeabi_ctype_table_            
000066f0  __aeabi_ctype_table_C           
000074e8  __TI_Handler_Table_Base         
000074f4  __TI_Handler_Table_Limit        
000074fc  __TI_CINIT_Base                 
0000750c  __TI_CINIT_Limit                
0000750c  __TI_CINIT_Warm                 
20200000  __start___llvm_prf_bits         
20200000  __start___llvm_prf_cnts         
20200000  __stop___llvm_prf_bits          
20200000  __stop___llvm_prf_cnts          
20200800  _ftable                         
202008f0  _device                         
20200968  _stream                         
202009f4  g_debug_log                     
20200a16  debug_atirq_encrypted           
20200a36  debug_atirq_plain               
20200a56  g_axon_status_shared            
20200a78  g_axon_state                    
20200a88  __TI_cleanup_ptr                
20200a8c  __TI_dtors_ptr                  
20200a96  debug_crc_calc                  
20200a98  __TI_ft_end                     
20200a9c  __aeabi_errno                   
20200aa0  _lock                           
20200aa4  _unlock                         
20200abc  debug_byte1_ng_count            
20200ac0  debug_chkirq_call_count         
20200ac4  debug_cmd_ng_count              
20200ac8  debug_complete_count            
20200acc  debug_crc_ng_count              
20200ad0  debug_fifo_empty_count          
20200ad4  debug_framing_error_count       
20200ad8  debug_header_ng_count           
20200adc  debug_iidx_value                
20200ae0  debug_isr_call_count            
20200ae4  debug_led_event_count           
20200ae8  debug_len_ng_count              
20200aec  debug_overrun_count             
20200af0  debug_rx_count                  
20200af4  debug_rxdata_raw_value          
20200af8  debug_send_ok_count             
20200afc  debug_sync_reset_count          
20200b00  debug_uart_stat_value           
20200b10  g_systick_count                 
20200b14  debug_crc_recv                  
20200b1c  debug_byte1                     
20200b1d  debug_decrypted_id              
20200b1e  debug_last_byte                 
20200b1f  debug_rx_index                  
20200b20  frame_received                  
20200b23  g_left_amount                   
20200b24  g_pending_left_amount           
20200b25  g_pending_left_updated          
20200b26  g_pending_right_amount          
20200b27  g_pending_right_updated         
20200b28  g_retry_pending                 
20200b29  g_right_amount                  
20200b2a  rx_complete_ready               
20200b2b  rx_index                        
20200b2d  rx_variable_length              
20200b2e  rx_variable_ready               
20200b30  _sys_memory                     
20201330  _CIOBUF_                        
20201330  __CIOBUF_                       
20201450  __TI_tmpnams                    
202014f0  rx_variable_frame               
20201518  rx_complete_frame               
2020153c  rx_frame                        
20201560  g_button_1_event                
20201574  g_button_2_event                
20201588  g_coindet_event                 
2020159c  g_connector_event               
202015b0  g_door_event                    
202015c4  g_escrow_event                  
202015d8  g_rotary_event                  
202015ec  g_soldout_event                 
20201600  parmbuf                         
20207e00  __stack                         
20208000  __STACK_END                     
ffffffff  __TI_pprof_out_hndl             
ffffffff  __TI_prof_data_size             
ffffffff  __TI_prof_data_start            
ffffffff  __binit__                       
ffffffff  binit                           
UNDEFED   __mpu_init                      
UNDEFED   _system_post_cinit              

[268 symbols]
