******************************************************************************
            TI ARM Clang Linker PC v4.0.3                      
******************************************************************************
>> Linked Wed Jan 14 04:04:09 2026

OUTPUT FILE NAME:   <axon_board.out>
ENTRY POINT SYMBOL: "_c_int00_noargs"  address: 0000611d


MEMORY CONFIGURATION

         name            origin    length      used     unused   attr    fill
----------------------  --------  ---------  --------  --------  ----  --------
  FLASH                 00000000   00020000  00007840  000187c0  R  X
  SRAM                  20200000   00008000  00001814  000067ec  RW X
  BCR_CONFIG            41c00000   000000ff  00000000  000000ff  R   
  BSL_CONFIG            41c00100   00000080  00000000  00000080  R   


SEGMENT ALLOCATION MAP

run origin  load origin   length   init length attrs members
----------  ----------- ---------- ----------- ----- -------
00000000    00000000    00007840   00007840    r-x
  00000000    00000000    000000c0   000000c0    r-- .intvecs
  000000c0    000000c0    00006880   00006880    r-x .text
  00006940    00006940    00000e70   00000e70    r-- .rodata
  000077b0    000077b0    00000090   00000090    r-- .cinit
20200000    20200000    00001614   00000000    rw-
  20200000    20200000    00000b38   00000000    rw- .data
  20200b38    20200b38    00000800   00000000    rw- .sysmem
  20201338    20201338    000002dc   00000000    rw- .bss
20207e00    20207e00    00000200   00000000    rw-
  20207e00    20207e00    00000200   00000000    rw- .stack


SECTION ALLOCATION MAP

 output                                  attributes/
section   page    origin      length       input sections
--------  ----  ----------  ----------   ----------------
.intvecs   0    00000000    000000c0     
                  00000000    000000c0     startup_mspm0g350x_ticlang.o (.intvecs)

.text      0    000000c0    00006880     
                  000000c0    00000ce4     axon_routine.o (.text.axon_routine_main)
                  00000da4    000009d0     libc.a : _printfi.c.obj (.text:__TI_printfi)
                  00001774    000006a4     s2a_packet.o (.text.axon_handle_chkirq)
                  00001e18    000003f8     s2a_packet.o (.text.axon_handle_setaxon)
                  00002210    000002d4     msp_peripheral_config.o (.text.SYSCFG_DL_GPIO_init)
                  000024e4    00000258     isr.o (.text.UART0_IRQHandler)
                  0000273c    00000220     libc.a : _printfi.c.obj (.text._pconv_a)
                  0000295c    000001e8     isr.o (.text.GROUP1_IRQHandler)
                  00002b44    000001e4     s2a_packet.o (.text.axon_handle_codepkt)
                  00002d28    000001dc     libc.a : _printfi.c.obj (.text._pconv_g)
                  00002f04    000001c0     axon_routine.o (.text.handle_button_release)
                  000030c4    00000192     libclang_rt.builtins.a : adddf3.S.obj (.text.adddf3_subdf3)
                  00003256    00000002     isr.o (.text.GROUP0_IRQHandler)
                  00003258    0000013c     libc.a : _printfi.c.obj (.text.fcvt)
                  00003394    00000120            : _printfi.c.obj (.text._pconv_e)
                  000034b4    00000114            : memory.c.obj (.text.aligned_alloc)
                  000035c8    0000010c     libclang_rt.builtins.a : divdf3.S.obj (.text.__divdf3)
                  000036d4    0000010c     s2a_packet.o (.text.axon_handle_errchk)
                  000037e0    00000108     s2a_packet.o (.text.axon_handle_axonrbt)
                  000038e8    00000104     driverlib.a : dl_timer.o (.text.DL_Timer_initFourCCPWMMode)
                  000039ec    00000104     soma_axon_comm_test.o (.text.get_command_name)
                  00003af0    000000f8     libc.a : fputs.c.obj (.text.fputs)
                  00003be8    000000f4     axon_routine.o (.text.handle_button_press)
                  00003cdc    000000f0     s2a_packet.o (.text.axon_handle_afwup)
                  00003dcc    000000f0     soma_axon_comm_test.o (.text.axon_test_record_command)
                  00003ebc    000000ee     s2a_packet.o (.text.axon_handle_nop)
                  00003faa    00000002     isr.o (.text.UART2_IRQHandler)
                  00003fac    000000e8     msp_peripheral_config.o (.text._msp_peripheral_pwm_init)
                  00004094    000000e8     libc.a : memory.c.obj (.text.free)
                  0000417c    000000e4     libclang_rt.builtins.a : muldf3.S.obj (.text.__muldf3)
                  00004260    000000e0     libc.a : setvbuf.c.obj (.text.setvbuf)
                  00004340    000000d8            : s_scalbn.c.obj (.text.scalbn)
                  00004418    000000c0     s2a_packet.o (.text.axon_status_compose_bits)
                  000044d8    000000b4     axon_routine.o (.text._set_segment_led)
                  0000458c    000000a2     axon_routine.o (.text._check_debounce_complete)
                  0000462e    00000002     libclang_rt.builtins.a : aeabi_div0.c.obj (.text.__aeabi_idiv0)
                  00004630    000000a2                            : udivmoddi4.S.obj (.text)
                  000046d2    00000002                            : aeabi_div0.c.obj (.text.__aeabi_ldiv0)
                  000046d4    000000a0     msp_peripheral_config.o (.text.SYSCFG_DL_initPower)
                  00004774    0000009c     msp_peripheral_config.o (.text._msp_peripheral_uart_init)
                  00004810    0000009c     libc.a : fputc.c.obj (.text.fputc)
                  000048ac    00000088     soma_axon_comm_test.o (.text.axon_test_record_response)
                  00004934    00000088     s2a_packet.o (.text.crc16_tep)
                  000049bc    00000004     startup_mspm0g350x_ticlang.o (.text.Default_Handler)
                  000049c0    00000088     libc.a : strcmp-armv6m.S.obj (.text:strcmp)
                  00004a48    00000080     driverlib.a : dl_uart.o (.text.DL_UART_configBaudRate)
                  00004ac8    00000080     s2a_packet.o (.text.axon_handle_setokey)
                  00004b48    00000080     s2a_packet.o (.text.clear_irq_signal)
                  00004bc8    00000080     soma_uart_test.o (.text.uart_send_packet_fast)
                  00004c48    0000007c     libc.a : fclose.c.obj (.text.__TI_closefile)
                  00004cc4    0000007c            : copy_decompress_lzss.c.obj (.text:decompress:lzss)
                  00004d40    00000074     libclang_rt.builtins.a : comparedf2.c.obj (.text.__gedf2)
                  00004db4    0000006c     libsysbm.a : hostlseek.c.obj (.text.HOSTlseek)
                  00004e20    0000006c                : hostrename.c.obj (.text.HOSTrename)
                  00004e8c    0000006c     axon_routine.o (.text._change_status)
                  00004ef8    0000006c     libc.a : fseek.c.obj (.text.fseeko)
                  00004f64    0000006c            : getdevice.c.obj (.text.getdevice)
                  00004fd0    00000068     libclang_rt.builtins.a : comparedf2.c.obj (.text.__ledf2)
                  00005038    00000068     s2a_packet.o (.text.send_ack_frame)
                  000050a0    00000066     libc.a : _printfi.c.obj (.text._mcpy)
                  00005106    00000064            : _io_perm.c.obj (.text.__TI_wrt_ok)
                  0000516a    00000002     msp_peripheral_config.o (.text._msp_peripheral_spi_init)
                  0000516c    00000064     libc.a : memory.c.obj (.text.split)
                  000051d0    00000062     libclang_rt.builtins.a : aeabi_dcmp.S.obj (.text.__aeabi_dcmp)
                  00005232    00000002     libc.a : _lock.c.obj (.text._nop)
                  00005234    00000060     libsysbm.a : hostopen.c.obj (.text.HOSTopen)
                  00005294    0000005c     libc.a : s_frexp.c.obj (.text.frexp)
                  000052f0    0000005c            : printf.c.obj (.text.printf)
                  0000534c    00000058     libsysbm.a : hostread.c.obj (.text.HOSTread)
                  000053a4    00000058                : hostwrite.c.obj (.text.HOSTwrite)
                  000053fc    00000058     libc.a : _ltoa.c.obj (.text.__TI_ltoa)
                  00005454    00000058            : _printfi.c.obj (.text._pconv_f)
                  000054ac    00000056     libclang_rt.builtins.a : aeabi_idivmod.S.obj (.text.__aeabi_idivmod)
                  00005502    00000002     --HOLE-- [fill = 0]
                  00005504    00000054     msp_peripheral_config.o (.text._msp_peripheral_gpio_init_for_dipsw)
                  00005558    00000052     libc.a : fflush.c.obj (.text.__TI_doflush)
                  000055aa    00000052            : _printfi.c.obj (.text._ecpy)
                  000055fc    00000050     libsysbm.a : close.c.obj (.text.close)
                  0000564c    0000004a     libclang_rt.builtins.a : fixdfsi.S.obj (.text.__fixdfsi)
                  00005696    0000004a     main.o (.text.main)
                  000056e0    00000048     driverlib.a : dl_uart.o (.text.DL_UART_init)
                  00005728    00000048     libsysbm.a : hostclose.c.obj (.text.HOSTclose)
                  00005770    00000048                : hostunlink.c.obj (.text.HOSTunlink)
                  000057b8    00000048     msp_peripheral_config.o (.text._msp_peripheral_gpio_init_for_hw_ver)
                  00005800    00000048     axon_routine.o (.text.update_segment_leds)
                  00005848    00000044     s2a_packet.o (.text.send_nack_frame)
                  0000588c    00000040     ti_msp_dl_config.o (.text.SYSCFG_DL_TRNG_init)
                  000058cc    00000040     libclang_rt.builtins.a : aeabi_uidivmod.S.obj (.text.__aeabi_uidivmod)
                  0000590c    00000040     libc.a : atoi.c.obj (.text.atoi)
                  0000594c    00000040     soma_axon_comm_test.o (.text.axon_test_record_crc_error)
                  0000598c    00000040     soma_uart_test.o (.text.uart_send_packet)
                  000059cc    0000003c     msp_peripheral_config.o (.text.DL_Timer_setCounterControl)
                  00005a08    0000003c     axon_routine.o (.text._set_segment_leds)
                  00005a44    0000003c     s2a_packet.o (.text.log_event)
                  00005a80    0000003c     libc.a : autoinit.c.obj (.text:__TI_auto_init_nobinit_nopinit)
                  00005abc    0000003a     libclang_rt.builtins.a : muldsi3.S.obj (.text.__muldsi3)
                  00005af6    00000038     ti_msp_dl_config.o (.text.DL_CRC_init)
                  00005b2e    00000002     --HOLE-- [fill = 0]
                  00005b30    00000038     msp_peripheral_config.o (.text.DL_GPIO_initPeripheralOutputFunctionFeatures)
                  00005b68    00000034     main.o (.text.DL_FlashCTL_executeClearStatus)
                  00005b9c    00000034     msp_peripheral_config.o (.text.DL_GPIO_initDigitalInputFeatures)
                  00005bd0    00000034     axon_routine.o (.text.__NVIC_DisableIRQ)
                  00005c04    00000034     s2a_packet.o (.text.__NVIC_DisableIRQ)
                  00005c38    00000034     libc.a : fopen.c.obj (.text.__TI_cleanup)
                  00005c6c    00000034     libsysbm.a : trgmsg.c.obj (.text.__TI_readmsg)
                  00005ca0    00000034                : trgmsg.c.obj (.text.__TI_writemsg)
                  00005cd4    00000034     libc.a : exit.c.obj (.text.exit)
                  00005d08    00000034            : getdevice.c.obj (.text.finddevice)
                  00005d3c    00000030     msp_peripheral_config.o (.text.DL_GPIO_initDigitalOutputFeatures)
                  00005d6c    00000030     axon_routine.o (.text.DL_GPIO_writePinsVal)
                  00005d9c    00000030     s2a_packet.o (.text.DL_GPIO_writePinsVal)
                  00005dcc    00000030     libc.a : _printfi.c.obj (.text._fcpy)
                  00005dfc    0000002e     ti_msp_dl_config.o (.text.DL_AES_init)
                  00005e2a    0000002c     msp_peripheral_config.o (.text.SYSCFG_DL_init)
                  00005e56    00000002     --HOLE-- [fill = 0]
                  00005e58    0000002c     main.o (.text.__NVIC_ClearPendingIRQ)
                  00005e84    0000002c     axon_routine.o (.text.__NVIC_EnableIRQ)
                  00005eb0    0000002c     main.o (.text.__NVIC_EnableIRQ)
                  00005edc    0000002c     msp_peripheral_config.o (.text.__NVIC_EnableIRQ)
                  00005f08    0000002c     s2a_packet.o (.text.__NVIC_EnableIRQ)
                  00005f34    0000002c     libclang_rt.builtins.a : floatsidf.S.obj (.text.__floatsidf)
                  00005f60    0000002c     libsysbm.a : unlink.c.obj (.text.unlink)
                  00005f8c    00000028     msp_peripheral_config.o (.text.DL_Common_updateReg)
                  00005fb4    00000028     ti_msp_dl_config.o (.text.DL_Common_updateReg)
                  00005fdc    00000028     msp_peripheral_config.o (.text.DL_SYSTICK_init)
                  00006004    00000028     ti_msp_dl_config.o (.text.DL_TRNG_setDecimationRate)
                  0000602c    00000028     msp_peripheral_config.o (.text.DL_UART_setRXFIFOThreshold)
                  00006054    00000028     msp_peripheral_config.o (.text.DL_UART_setTXFIFOThreshold)
                  0000607c    00000028     ti_msp_dl_config.o (.text.SYSCFG_DL_CRC_init)
                  000060a4    00000028     libc.a : memory.c.obj (.text.free_list_insert)
                  000060cc    00000028     libsysbm.a : lseek.c.obj (.text.lseek)
                  000060f4    00000028                : write.c.obj (.text.write)
                  0000611c    00000028     libc.a : boot_cortex_m.c.obj (.text:_c_int00_noargs)
                  00006144    00000024     ti_msp_dl_config.o (.text.DL_CRC_setSeed16)
                  00006168    00000024     ti_msp_dl_config.o (.text.DL_TRNG_sendCommand)
                  0000618c    00000024     libclang_rt.builtins.a : muldi3.S.obj (.text.__muldi3)
                  000061b0    00000024     axon_routine.o (.text._set_solenoid_pins)
                  000061d4    00000022     libc.a : memccpy.c.obj (.text.memccpy)
                  000061f6    00000002     --HOLE-- [fill = 0]
                  000061f8    00000020     msp_peripheral_config.o (.text.DL_GPIO_initPeripheralInputFunction)
                  00006218    0000001e     libclang_rt.builtins.a : ashldi3.S.obj (.text.__ashldi3)
                  00006236    00000002     --HOLE-- [fill = 0]
                  00006238    0000001c     msp_peripheral_config.o (.text.DL_GPIO_clearInterruptStatus)
                  00006254    0000001c     msp_peripheral_config.o (.text.DL_GPIO_enableInterrupt)
                  00006270    0000001c     msp_peripheral_config.o (.text.DL_GPIO_initDigitalInput)
                  0000628c    0000001c     msp_peripheral_config.o (.text.DL_GPIO_initPeripheralOutputFunction)
                  000062a8    0000001c     msp_peripheral_config.o (.text.DL_GPIO_setLowerPinsPolarity)
                  000062c4    0000001c     isr.o (.text.DL_Interrupt_getPendingGroup)
                  000062e0    0000001c     ti_msp_dl_config.o (.text.DL_SYSCTL_setSYSOSCFreq)
                  000062fc    0000001c     driverlib.a : dl_timer.o (.text.DL_Timer_setCaptCompUpdateMethod)
                  00006318    0000001c                 : dl_timer.o (.text.DL_Timer_setClockConfig)
                  00006334    0000001c     msp_peripheral_config.o (.text.DL_UART_enableInterrupt)
                  00006350    0000001c     axon_routine.o (.text.axon_status_latch_coin)
                  0000636c    0000001c     axon_routine.o (.text.axon_status_latch_dial)
                  00006388    0000001c     axon_routine.o (.text.axon_status_latch_escrow)
                  000063a4    0000001c     libc.a : memory.c.obj (.text.free_list_remove)
                  000063c0    00000018     msp_peripheral_config.o (.text.DL_AES_enablePower)
                  000063d8    00000018     msp_peripheral_config.o (.text.DL_AES_reset)
                  000063f0    00000018     msp_peripheral_config.o (.text.DL_CRC_enablePower)
                  00006408    00000018     msp_peripheral_config.o (.text.DL_CRC_reset)
                  00006420    00000018     msp_peripheral_config.o (.text.DL_GPIO_enableOutput)
                  00006438    00000018     msp_peripheral_config.o (.text.DL_GPIO_enablePower)
                  00006450    00000018     msp_peripheral_config.o (.text.DL_GPIO_reset)
                  00006468    00000018     s2a_packet.o (.text.DL_GPIO_setPins)
                  00006480    00000018     msp_peripheral_config.o (.text.DL_GPIO_setUpperPinsPolarity)
                  00006498    00000018     ti_msp_dl_config.o (.text.DL_SYSCTL_setBORThreshold)
                  000064b0    00000018     ti_msp_dl_config.o (.text.DL_TRNG_clearInterruptStatus)
                  000064c8    00000018     msp_peripheral_config.o (.text.DL_TRNG_enablePower)
                  000064e0    00000018     ti_msp_dl_config.o (.text.DL_TRNG_isCommandDone)
                  000064f8    00000018     msp_peripheral_config.o (.text.DL_TRNG_reset)
                  00006510    00000018     ti_msp_dl_config.o (.text.DL_TRNG_setClockDivider)
                  00006528    00000018     msp_peripheral_config.o (.text.DL_Timer_enablePower)
                  00006540    00000018     msp_peripheral_config.o (.text.DL_Timer_reset)
                  00006558    00000018     driverlib.a : dl_timer.o (.text.DL_Timer_setCaptureCompareOutCtl)
                  00006570    00000018     msp_peripheral_config.o (.text.DL_UART_enableFIFOs)
                  00006588    00000018     msp_peripheral_config.o (.text.DL_UART_enablePower)
                  000065a0    00000018     soma_uart_test.o (.text.DL_UART_isBusy)
                  000065b8    00000018     axon_routine.o (.text.DL_UART_isRXFIFOEmpty)
                  000065d0    00000018     isr.o (.text.DL_UART_isRXFIFOEmpty)
                  000065e8    00000018     soma_uart_test.o (.text.DL_UART_isTXFIFOEmpty)
                  00006600    00000018     msp_peripheral_config.o (.text.DL_UART_reset)
                  00006618    00000016     axon_routine.o (.text.DL_GPIO_readPins)
                  0000662e    00000016     isr.o (.text.DL_GPIO_readPins)
                  00006644    00000016     msp_peripheral_config.o (.text.DL_UART_enable)
                  0000665a    00000016     soma_uart_test.o (.text.DL_UART_transmitData)
                  00006670    00000016     ti_msp_dl_config.o (.text.SYSCFG_DL_SYSCTL_init)
                  00006686    00000016     libc.a : copy_zero_init.c.obj (.text:decompress:ZI:__TI_zero_init_nomemset)
                  0000669c    00000014     msp_peripheral_config.o (.text.DL_GPIO_clearPins)
                  000066b0    00000014     s2a_packet.o (.text.DL_GPIO_clearPins)
                  000066c4    00000014     msp_peripheral_config.o (.text.DL_Timer_enableClock)
                  000066d8    00000014     msp_peripheral_config.o (.text.DL_Timer_setCCPDirection)
                  000066ec    00000014     axon_routine.o (.text.DL_UART_receiveData)
                  00006700    00000014     isr.o (.text.DL_UART_receiveData)
                  00006714    00000014     ti_msp_dl_config.o (.text.SYSCFG_DL_AES_init)
                  00006728    00000014     msp_peripheral_config.o (.text.SYSCFG_DL_SYSTICK_init)
                  0000673c    00000014     libclang_rt.builtins.a : aeabi_uldivmod.S.obj (.text.__aeabi_uldivmod)
                  00006750    00000014     s2a_packet.o (.text.axon_status_clear_event_latches)
                  00006764    00000014     libc.a : _printfi.c.obj (.text.strchr)
                  00006778    00000012     isr.o (.text.DL_GPIO_getPendingInterrupt)
                  0000678a    00000012     isr.o (.text.DL_UART_getPendingInterrupt)
                  0000679c    00000012     driverlib.a : dl_uart.o (.text.DL_UART_setClockConfig)
                  000067ae    00000012     libc.a : memcpy16.S.obj (.text:TI_memcpy_small)
                  000067c0    00000012            : copy_decompress_none.c.obj (.text:decompress:none)
                  000067d2    00000002     --HOLE-- [fill = 0]
                  000067d4    00000010     main.o (.text.DL_SYSCTL_disableSleepOnExit)
                  000067e4    00000010     msp_peripheral_config.o (.text.DL_SYSTICK_enable)
                  000067f4    00000010     msp_peripheral_config.o (.text.DL_SYSTICK_enableInterrupt)
                  00006804    00000010     driverlib.a : dl_timer.o (.text.DL_Timer_setCaptureCompareValue)
                  00006814    00000010     isr.o (.text.SysTick_Handler)
                  00006824    00000010     libc.a : wcslen.c.obj (.text.wcslen)
                  00006834    0000000e            : memory.c.obj (.text.OUTLINED_FUNCTION_0)
                  00006842    00000002     --HOLE-- [fill = 0]
                  00006844    0000000e     libclang_rt.builtins.a : aeabi_memset.S.obj (.text.__aeabi_memset)
                  00006852    0000000e     libsysbm.a : hostrename.c.obj (.text.strcpy)
                  00006860    0000000e     libc.a : _printfi.c.obj (.text.strlen)
                  0000686e    0000000e     libsysbm.a : hostrename.c.obj (.text.strlen)
                  0000687c    0000000e     libc.a : memset16.S.obj (.text:TI_memset_small)
                  0000688a    00000002     --HOLE-- [fill = 0]
                  0000688c    0000000c     libclang_rt.builtins.a : aeabi_memset.S.obj (.text.__aeabi_memclr)
                  00006898    0000000c     isr.o (.text.get_systick_count_ms)
                  000068a4    0000000c     libc.a : memory.c.obj (.text.malloc)
                  000068b0    0000000a     driverlib.a : dl_common.o (.text.DL_Common_delayCycles)
                  000068ba    0000000a     libc.a : _printfi.c.obj (.text.OUTLINED_FUNCTION_0)
                  000068c4    00000010     libclang_rt.builtins.a : adddf3.S.obj (.tramp.__aeabi_dsub.1)
                  000068d4    0000000a     libc.a : _printfi.c.obj (.text.OUTLINED_FUNCTION_1)
                  000068de    00000002     --HOLE-- [fill = 0]
                  000068e0    00000008            : aeabi_portable.c.obj (.text.__aeabi_errno_addr)
                  000068e8    00000008     libclang_rt.builtins.a : aeabi_memcpy.S.obj (.text.__aeabi_memcpy)
                  000068f0    00000008     libc.a : printf.c.obj (.text._outc)
                  000068f8    00000008            : printf.c.obj (.text._outs)
                  00006900    00000008            : fseek.c.obj (.text.fseek)
                  00006908    00000008     s2a_packet.o (.text.generate_dic_from_serial)
                  00006910    00000008     libsysbm.a : remove.c.obj (.text.remove)
                  00006918    00000006     libc.a : exit.c.obj (.text:abort)
                  0000691e    00000004     libsysbm.a : hostexit.c.obj (.text.HOSTexit)
                  00006922    00000004     startup_mspm0g350x_ticlang.o (.text.Reset_Handler)
                  00006926    00000002     --HOLE-- [fill = 0]
                  00006928    00000010     libc.a : boot_cortex_m.c.obj (.tramp._c_int00_noargs.1)
                  00006938    00000004            : pre_init.c.obj (.text._system_pre_init)
                  0000693c    00000004     --HOLE-- [fill = 0]

.cinit     0    000077b0    00000090     
                  000077b0    00000068     (.cinit..data.load) [load image, compression = lzss]
                  00007818    0000000c     (__TI_handler_table)
                  00007824    00000008     (.cinit..bss.load) [load image, compression = zero_init]
                  0000782c    00000010     (__TI_cinit_table)
                  0000783c    00000004     --HOLE-- [fill = 0]

.rodata    0    00006940    00000e70     
                  00006940    00000101     libc.a : aeabi_ctype.S.obj (.rodata:__aeabi_ctype_table_)
                  00006a41    00000057     s2a_packet.o (.rodata.str1.11651614510642161048.1)
                  00006a98    00000057     s2a_packet.o (.rodata.str1.15197212992152432442.1)
                  00006aef    00000056     axon_routine.o (.rodata.str1.14095380171064204237.1)
                  00006b45    00000054     s2a_packet.o (.rodata.str1.16803544732971382213.1)
                  00006b99    0000004f     s2a_packet.o (.rodata.str1.4159314087998852219.1)
                  00006be8    0000004c     s2a_packet.o (.rodata.str1.14054255457577735801.1)
                  00006c34    00000048     s2a_packet.o (.rodata.str1.10890815327036374194.1)
                  00006c7c    00000048     s2a_packet.o (.rodata.str1.16030559404050719370.1)
                  00006cc4    00000048     axon_routine.o (.rodata.str1.16593486521574237178.1)
                  00006d0c    00000048     axon_routine.o (.rodata.str1.5669974612357686332.1)
                  00006d54    00000046     axon_routine.o (.rodata.str1.5217963321059601915.1)
                  00006d9a    00000045     axon_routine.o (.rodata.str1.1535501348467637105.1)
                  00006ddf    00000043     axon_routine.o (.rodata.str1.15236533513612612620.1)
                  00006e22    00000043     axon_routine.o (.rodata.str1.2074935598029988253.1)
                  00006e65    00000043     axon_routine.o (.rodata.str1.2270063357212707462.1)
                  00006ea8    00000043     axon_routine.o (.rodata.str1.8015938219588661503.1)
                  00006eeb    00000042     axon_routine.o (.rodata.str1.15874351959947230243.1)
                  00006f2d    00000041     axon_routine.o (.rodata.str1.15390643519349431490.1)
                  00006f6e    00000040     axon_routine.o (.rodata.str1.8258637299588388763.1)
                  00006fae    0000003f     s2a_packet.o (.rodata.str1.1054621812687617865.1)
                  00006fed    0000003f     isr.o (.rodata.str1.13602985083408752662.1)
                  0000702c    0000003f     isr.o (.rodata.str1.14035627306564887214.1)
                  0000706b    0000003f     isr.o (.rodata.str1.8155634291211262487.1)
                  000070aa    0000003e     axon_routine.o (.rodata.str1.11544620067038151125.1)
                  000070e8    0000003d     axon_routine.o (.rodata.str1.110982908963535873.1)
                  00007125    0000003d     axon_routine.o (.rodata.str1.15118044987308954884.1)
                  00007162    0000003d     s2a_packet.o (.rodata.str1.5329389233474239785.1)
                  0000719f    0000003c     axon_routine.o (.rodata.str1.9929005210817920738.1)
                  000071db    0000003b     s2a_packet.o (.rodata.str1.5067886651696817237.1)
                  00007216    0000003a     axon_routine.o (.rodata.str1.5985991894795415129.1)
                  00007250    00000038     soma_axon_comm_test.o (.rodata.str1.16888641032759933111.1)
                  00007288    00000038     s2a_packet.o (.rodata.str1.7794559651614773169.1)
                  000072c0    00000036     axon_routine.o (.rodata.str1.5476353031723877597.1)
                  000072f6    00000035     axon_routine.o (.rodata.str1.7302185608925382041.1)
                  0000732b    00000033     axon_routine.o (.rodata.str1.16053131213386362138.1)
                  0000735e    00000032     axon_routine.o (.rodata.str1.10493685005624297193.1)
                  00007390    00000032     axon_routine.o (.rodata.str1.13649928279134707410.1)
                  000073c2    00000031     s2a_packet.o (.rodata.str1.9534252372474839467.1)
                  000073f3    0000002e     axon_routine.o (.rodata.str1.3546071986206203703.1)
                  00007421    0000002d     axon_routine.o (.rodata.str1.14927414391946160470.1)
                  0000744e    0000002d     axon_routine.o (.rodata.str1.16275428374102274200.1)
                  0000747b    0000002c     s2a_packet.o (.rodata.str1.12313492030069750346.1)
                  000074a7    0000002c     axon_routine.o (.rodata.str1.13014566616985041789.1)
                  000074d3    0000002b     axon_routine.o (.rodata.str1.11188097358656046052.1)
                  000074fe    0000002b     axon_routine.o (.rodata.str1.5730828695261872317.1)
                  00007529    0000002b     soma_axon_comm_test.o (.rodata.str1.9961456443828157440.1)
                  00007554    00000029     axon_routine.o (.rodata.str1.11944515220965031412.1)
                  0000757d    00000021     axon_routine.o (.rodata.str1.14779823965403136456.1)
                  0000759e    00000002     --HOLE-- [fill = 0]
                  000075a0    00000020     axon_routine.o (.rodata..L__const.axon_routine_main.btn1_ctx)
                  000075c0    00000020     axon_routine.o (.rodata..L__const.axon_routine_main.btn2_ctx)
                  000075e0    0000001f     axon_routine.o (.rodata.str1.10607366127034335297.1)
                  000075ff    00000001     --HOLE-- [fill = 0]
                  00007600    0000001e     s2a_packet.o (.rodata..L__const.axon_handle_setaxon.timeout_table)
                  0000761e    0000001e     soma_axon_comm_test.o (.rodata.str1.17163733150804281806.1)
                  0000763c    0000001b     axon_routine.o (.rodata.str1.17620752597607741984.1)
                  00007657    0000001a     axon_routine.o (.rodata.str1.18265383181475724439.1)
                  00007671    00000018     axon_routine.o (.rodata.str1.5315017142325176683.1)
                  00007689    00000017     axon_routine.o (.rodata.str1.16547747785913852269.1)
                  000076a0    00000016     axon_routine.o (.rodata.str1.13170470843846142408.1)
                  000076b6    00000011     libc.a : _printfi.c.obj (.rodata.str1.10348868589481759720.1)
                  000076c7    00000011            : _printfi.c.obj (.rodata.str1.15363888844622738466.1)
                  000076d8    00000010     s2a_packet.o (.rodata.axon_handle_setaxon.timeout_map)
                  000076e8    0000000d     axon_routine.o (.rodata.str1.2599456037057767628.1)
                  000076f5    0000000a     axon_routine.o (.rodata.str1.1234886190650109128.1)
                  000076ff    00000001     --HOLE-- [fill = 0]
                  00007700    00000008     msp_peripheral_config.o (.rodata.g_TIMA_LED_PWM_CONFIG)
                  00007708    00000008     msp_peripheral_config.o (.rodata.g_TIMG_LED_PWM_CONFIG)
                  00007710    00000008     axon_routine.o (.rodata.str1.1129973263054448079.1)
                  00007718    00000008     axon_routine.o (.rodata.str1.12177618139265334924.1)
                  00007720    00000008     soma_axon_comm_test.o (.rodata.str1.16019993927173311506.1)
                  00007728    00000008     soma_axon_comm_test.o (.rodata.str1.4563888346566811793.1)
                  00007730    00000008     soma_axon_comm_test.o (.rodata.str1.6155995108037416659.1)
                  00007738    00000008     soma_axon_comm_test.o (.rodata.str1.736556590954446019.1)
                  00007740    00000008     soma_axon_comm_test.o (.rodata.str1.8298861297467414673.1)
                  00007748    00000007     axon_routine.o (.rodata.str1.10537736000623303156.1)
                  0000774f    00000007     axon_routine.o (.rodata.str1.11153631872926489556.1)
                  00007756    00000007     soma_axon_comm_test.o (.rodata.str1.15543427717675474179.1)
                  0000775d    00000007     soma_axon_comm_test.o (.rodata.str1.16196245222610423718.1)
                  00007764    00000007     soma_axon_comm_test.o (.rodata.str1.4979646705443735783.1)
                  0000776b    00000007     soma_axon_comm_test.o (.rodata.str1.7589549447101528093.1)
                  00007772    00000006     s2a_packet.o (.rodata.axon_serial_number)
                  00007778    00000006     soma_axon_comm_test.o (.rodata.str1.14803114291648115125.1)
                  0000777e    00000006     soma_axon_comm_test.o (.rodata.str1.7247368328196744947.1)
                  00007784    00000005     soma_axon_comm_test.o (.rodata.str1.1937060561350349321.1)
                  00007789    00000004     soma_axon_comm_test.o (.rodata.str1.14413332638274022860.1)
                  0000778d    00000004     soma_axon_comm_test.o (.rodata.str1.14700453761544015464.1)
                  00007791    00000004     axon_routine.o (.rodata.str1.3638916923994497832.1)
                  00007795    00000003     msp_peripheral_config.o (.rodata.g_TIMA_LED_CLOCK_CONFIG)
                  00007798    00000003     msp_peripheral_config.o (.rodata.g_TIMG_LED_CLOCK_CONFIG)
                  0000779b    00000003     axon_routine.o (.rodata.str1.15036354999781039871.1)
                  0000779e    00000003     axon_routine.o (.rodata.str1.18362543123880482347.1)
                  000077a1    0000000f     --HOLE-- [fill = 0]

.init_array 
*          0    00000000    00000000     UNINITIALIZED

.binit     0    00000000    00000000     

.data      0    20200000    00000b38     UNINITIALIZED
                  20200000    00000800     s2a_packet.o (.data.axon_handle_codepkt.g_fw_buffer)
                  20200800    000000f0     libc.a : defs.c.obj (.data._ftable)
                  202008f0    00000078     libsysbm.a : host_device.c.obj (.data._device)
                  20200968    00000050                : host_device.c.obj (.data._stream)
                  202009b8    0000003c     soma_axon_comm_test.o (.data.g_test_stats)
                  202009f4    00000022     axon_routine.o (.data.g_debug_log)
                  20200a16    00000020     s2a_packet.o (.data.debug_atirq_encrypted)
                  20200a36    00000020     s2a_packet.o (.data.debug_atirq_plain)
                  20200a56    00000014     axon_routine.o (.data.g_axon_status_shared)
                  20200a6a    00000010     s2a_packet.o (.data.axon_handle_setokey.g_operation_key)
                  20200a7a    00000002     s2a_packet.o (.data.debug_crc_calc)
                  20200a7c    00000010     axon_routine.o (.data.g_axon_state)
                  20200a8c    00000008     libc.a : exit.c.obj (.data..L_MergedGlobals)
                  20200a94    00000005     soma_axon_comm_test.o (.data.g_test_config)
                  20200a99    00000001     s2a_packet.o (.data.axon_handle_afwup.g_fw_update_mode)
                  20200a9a    00000002     s2a_packet.o (.data.debug_crc_recv)
                  20200a9c    00000004     libc.a : defs.c.obj (.data.__TI_ft_end)
                  20200aa0    00000004            : aeabi_portable.c.obj (.data.__aeabi_errno)
                  20200aa4    00000004            : _lock.c.obj (.data._lock)
                  20200aa8    00000004            : _lock.c.obj (.data._unlock)
                  20200aac    00000004     axon_routine.o (.data.axon_routine_main.both_press_start)
                  20200ab0    00000004     axon_routine.o (.data.axon_routine_main.last_blink_toggle)
                  20200ab4    00000004     axon_routine.o (.data.axon_routine_main.release_candidate_time1)
                  20200ab8    00000004     axon_routine.o (.data.axon_routine_main.release_candidate_time2)
                  20200abc    00000004     axon_routine.o (.data.axon_routine_main.retry_last_send_time)
                  20200ac0    00000004     soma_uart_test.o (.data.debug_byte1_ng_count)
                  20200ac4    00000004     s2a_packet.o (.data.debug_chkirq_call_count)
                  20200ac8    00000004     s2a_packet.o (.data.debug_cmd_ng_count)
                  20200acc    00000004     soma_uart_test.o (.data.debug_complete_count)
                  20200ad0    00000004     s2a_packet.o (.data.debug_crc_ng_count)
                  20200ad4    00000004     soma_uart_test.o (.data.debug_fifo_empty_count)
                  20200ad8    00000004     soma_uart_test.o (.data.debug_framing_error_count)
                  20200adc    00000004     s2a_packet.o (.data.debug_header_ng_count)
                  20200ae0    00000004     soma_uart_test.o (.data.debug_iidx_value)
                  20200ae4    00000004     soma_uart_test.o (.data.debug_isr_call_count)
                  20200ae8    00000004     s2a_packet.o (.data.debug_led_event_count)
                  20200aec    00000004     s2a_packet.o (.data.debug_len_ng_count)
                  20200af0    00000004     soma_uart_test.o (.data.debug_overrun_count)
                  20200af4    00000004     soma_uart_test.o (.data.debug_rx_count)
                  20200af8    00000004     soma_uart_test.o (.data.debug_rxdata_raw_value)
                  20200afc    00000004     s2a_packet.o (.data.debug_send_ok_count)
                  20200b00    00000004     soma_uart_test.o (.data.debug_sync_reset_count)
                  20200b04    00000004     soma_uart_test.o (.data.debug_uart_stat_value)
                  20200b08    00000004     s2a_packet.o (.data.g_fw_last_address)
                  20200b0c    00000004     s2a_packet.o (.data.g_fw_total_crc)
                  20200b10    00000004     axon_routine.o (.data.g_irq_pulse_start_time)
                  20200b14    00000004     isr.o (.data.g_systick_count)
                  20200b18    00000001     s2a_packet.o (.data.axon_handle_errchk.g_fw_update_complete)
                  20200b19    00000001     axon_routine.o (.data.axon_routine_main.both_buttons_pressed)
                  20200b1a    00000001     axon_routine.o (.data.axon_routine_main.both_release_lockout)
                  20200b1b    00000001     axon_routine.o (.data.axon_routine_main.connector_initialized)
                  20200b1c    00000001     axon_routine.o (.data.axon_routine_main.door_initialized)
                  20200b1d    00000001     axon_routine.o (.data.axon_routine_main.prev_blink_mode)
                  20200b1e    00000001     axon_routine.o (.data.axon_routine_main.prev_connector_state)
                  20200b1f    00000001     axon_routine.o (.data.axon_routine_main.prev_door_state)
                  20200b20    00000001     axon_routine.o (.data.axon_routine_main.prev_soldout_state)
                  20200b21    00000001     axon_routine.o (.data.axon_routine_main.release_candidate1)
                  20200b22    00000001     axon_routine.o (.data.axon_routine_main.release_candidate2)
                  20200b23    00000001     axon_routine.o (.data.axon_routine_main.soldout_initialized)
                  20200b24    00000001     soma_uart_test.o (.data.debug_byte1)
                  20200b25    00000001     s2a_packet.o (.data.debug_decrypted_id)
                  20200b26    00000001     soma_uart_test.o (.data.debug_last_byte)
                  20200b27    00000001     soma_uart_test.o (.data.debug_rx_index)
                  20200b28    00000001     soma_uart_test.o (.data.frame_received)
                  20200b29    00000001     s2a_packet.o (.data.g_cmd_recv_toggle)
                  20200b2a    00000001     axon_routine.o (.data.g_dial_rotation_count)
                  20200b2b    00000001     axon_routine.o (.data.g_irq_pulse_pending)
                  20200b2c    00000001     axon_routine.o (.data.g_left_amount)
                  20200b2d    00000001     axon_routine.o (.data.g_pending_left_amount)
                  20200b2e    00000001     axon_routine.o (.data.g_pending_left_updated)
                  20200b2f    00000001     axon_routine.o (.data.g_pending_right_amount)
                  20200b30    00000001     axon_routine.o (.data.g_pending_right_updated)
                  20200b31    00000001     axon_routine.o (.data.g_retry_pending)
                  20200b32    00000001     axon_routine.o (.data.g_right_amount)
                  20200b33    00000001     isr.o (.data.rx_complete_ready)
                  20200b34    00000001     libc.a : memory.c.obj (.data.memory_is_initialized)
                  20200b35    00000001     soma_uart_test.o (.data.rx_index)
                  20200b36    00000001     soma_uart_test.o (.data.rx_variable_length)
                  20200b37    00000001     soma_uart_test.o (.data.rx_variable_ready)

.sysmem    0    20200b38    00000800     UNINITIALIZED
                  20200b38    00000010     libc.a : memory.c.obj (.sysmem)
                  20200b48    000007f0     --HOLE--

.bss       0    20201338    000002dc     UNINITIALIZED
                  20201338    00000120     libsysbm.a : trgmsg.c.obj (.bss:_CIOBUF_)
                  20201458    000000a0     libc.a : defs.c.obj (.bss.__TI_tmpnams)
                  202014f8    00000028     (.common:rx_variable_frame)
                  20201520    00000024     (.common:rx_complete_frame)
                  20201544    00000024     (.common:rx_frame)
                  20201568    00000014     (.common:g_button_1_event)
                  2020157c    00000014     (.common:g_button_2_event)
                  20201590    00000014     (.common:g_coindet_event)
                  202015a4    00000014     (.common:g_connector_event)
                  202015b8    00000014     (.common:g_door_event)
                  202015cc    00000014     (.common:g_escrow_event)
                  202015e0    00000014     (.common:g_rotary_event)
                  202015f4    00000014     (.common:g_soldout_event)
                  20201608    00000008     libsysbm.a : hostopen.c.obj (.bss.parmbuf)
                  20201610    00000004     libc.a : memory.c.obj (.bss.sys_free)

.stack     0    20207e00    00000200     UNINITIALIZED
                  20207e00    00000004     libc.a : boot_cortex_m.c.obj (.stack)
                  20207e04    000001fc     --HOLE--

__llvm_prf_cnts 
*          0    20200000    00000000     UNINITIALIZED

__llvm_prf_bits 
*          0    20200000    00000000     UNINITIALIZED

MODULE SUMMARY

       Module                         code    ro data   rw data
       ------                         ----    -------   -------
    .\
       axon_routine.o                 4904    2012      274    
       isr.o                          1250    189       41     
       soma_axon_comm_test.o          700     222       65     
       ti_msp_dl_config.o             524     0         0      
       soma_uart_test.o               262     0         127    
       main.o                         230     0         0      
       startup_mspm0g350x_ticlang.o   8       192       0      
    +--+------------------------------+-------+---------+---------+
       Total:                         7878    2615      507    
                                                               
    .\peripheral\
       msp_peripheral_config.o        2588    22        0      
    +--+------------------------------+-------+---------+---------+
       Total:                         2588    22        0      
                                                               
    .\protocol\src\
       s2a_packet.o                   5242    941       2172   
    +--+------------------------------+-------+---------+---------+
       Total:                         5242    941       2172   
                                                               
    C:/ti/mspm0_sdk_2_06_00_05/source/ti/driverlib/lib/ticlang/m0p/mspm0g1x0x_g3x0x/driverlib.a
       dl_timer.o                     356     0         0      
       dl_uart.o                      218     0         0      
       dl_common.o                    10      0         0      
    +--+------------------------------+-------+---------+---------+
       Total:                         584     0         0      
                                                               
    C:\ti\ccs2030\ccs\tools\compiler\ti-cgt-armllvm_4.0.3.LTS\lib\armv6m-ti-none-eabi/c/libc.a
       _printfi.c.obj                 4510    34        0      
       memory.c.obj                   702     0         5      
       defs.c.obj                     0       0         404    
       aeabi_ctype.S.obj              0       257       0      
       fputs.c.obj                    248     0         0      
       setvbuf.c.obj                  224     0         0      
       s_scalbn.c.obj                 216     0         0      
       getdevice.c.obj                160     0         0      
       fputc.c.obj                    156     0         0      
       strcmp-armv6m.S.obj            136     0         0      
       copy_decompress_lzss.c.obj     124     0         0      
       fclose.c.obj                   124     0         0      
       fseek.c.obj                    116     0         0      
       printf.c.obj                   108     0         0      
       _io_perm.c.obj                 100     0         0      
       s_frexp.c.obj                  92      0         0      
       _ltoa.c.obj                    88      0         0      
       fflush.c.obj                   82      0         0      
       exit.c.obj                     58      0         8      
       atoi.c.obj                     64      0         0      
       autoinit.c.obj                 60      0         0      
       boot_cortex_m.c.obj            56      0         0      
       fopen.c.obj                    52      0         0      
       memccpy.c.obj                  34      0         0      
       copy_zero_init.c.obj           22      0         0      
       copy_decompress_none.c.obj     18      0         0      
       memcpy16.S.obj                 18      0         0      
       wcslen.c.obj                   16      0         0      
       memset16.S.obj                 14      0         0      
       aeabi_portable.c.obj           8       0         4      
       _lock.c.obj                    2       0         8      
       pre_init.c.obj                 4       0         0      
    +--+------------------------------+-------+---------+---------+
       Total:                         7612    291       429    
                                                               
    C:\ti\ccs2030\ccs\tools\compiler\ti-cgt-armllvm_4.0.3.LTS\lib\armv6m-ti-none-eabi/c/libsysbm.a
       trgmsg.c.obj                   104     0         288    
       host_device.c.obj              0       0         200    
       hostrename.c.obj               136     0         0      
       hostlseek.c.obj                108     0         0      
       hostopen.c.obj                 96      0         8      
       hostread.c.obj                 88      0         0      
       hostwrite.c.obj                88      0         0      
       close.c.obj                    80      0         0      
       hostclose.c.obj                72      0         0      
       hostunlink.c.obj               72      0         0      
       unlink.c.obj                   44      0         0      
       lseek.c.obj                    40      0         0      
       write.c.obj                    40      0         0      
       remove.c.obj                   8       0         0      
       hostexit.c.obj                 4       0         0      
    +--+------------------------------+-------+---------+---------+
       Total:                         980     0         496    
                                                               
    C:\ti\ccs2030\ccs\tools\compiler\ti-cgt-armllvm_4.0.3.LTS\lib\armv6m-ti-none-eabi/libclang_rt.builtins.a
       adddf3.S.obj                   418     0         0      
       divdf3.S.obj                   268     0         0      
       muldf3.S.obj                   228     0         0      
       comparedf2.c.obj               220     0         0      
       udivmoddi4.S.obj               162     0         0      
       aeabi_dcmp.S.obj               98      0         0      
       aeabi_idivmod.S.obj            86      0         0      
       fixdfsi.S.obj                  74      0         0      
       aeabi_uidivmod.S.obj           64      0         0      
       muldsi3.S.obj                  58      0         0      
       floatsidf.S.obj                44      0         0      
       muldi3.S.obj                   36      0         0      
       ashldi3.S.obj                  30      0         0      
       aeabi_memset.S.obj             26      0         0      
       aeabi_uldivmod.S.obj           20      0         0      
       aeabi_memcpy.S.obj             8       0         0      
       aeabi_div0.c.obj               4       0         0      
    +--+------------------------------+-------+---------+---------+
       Total:                         1844    0         0      
                                                               
       Heap:                          0       0         2048   
       Stack:                         0       0         512    
       Linker Generated:              0       140       0      
    +--+------------------------------+-------+---------+---------+
       Grand Total:                   26728   4009      6164   


LINKER GENERATED COPY TABLES

__TI_cinit_table @ 0000782c records: 2, size/record: 8, table size: 16
	.data: load addr=000077b0, load size=00000068 bytes, run addr=20200000, run size=00000b38 bytes, compression=lzss
	.bss: load addr=00007824, load size=00000008 bytes, run addr=20201338, run size=000002dc bytes, compression=zero_init


LINKER GENERATED HANDLER TABLE

__TI_handler_table @ 00007818 records: 3, size/record: 4, table size: 12
	index: 0, handler: __TI_decompress_lzss
	index: 1, handler: __TI_decompress_none
	index: 2, handler: __TI_zero_init


FAR CALL TRAMPOLINES

callee name               trampoline name
   callee addr  tramp addr   call addr  call info
--------------  -----------  ---------  ----------------
__aeabi_dsub              $Tramp$TT$L$PI$$__aeabi_dsub
   000030c5     000068c4     000068c2   libc.a : _printfi.c.obj (.text.OUTLINED_FUNCTION_0)
_c_int00_noargs           $Tramp$TT$L$PI$$_c_int00_noargs
   0000611d     00006928     00006922   startup_mspm0g350x_ticlang.o (.text.Reset_Handler)

[2 trampolines]
[2 trampoline calls]


GLOBAL SYMBOLS: SORTED ALPHABETICALLY BY Name 

address   name                            
-------   ----                            
000049bd  ADC0_IRQHandler                 
000049bd  ADC1_IRQHandler                 
000049bd  AES_IRQHandler                  
0000691e  C$$EXIT                         
00005ccd  C$$IO$$                         
000049bd  CANFD0_IRQHandler               
000049bd  DAC0_IRQHandler                 
000068b1  DL_Common_delayCycles           
000038e9  DL_Timer_initFourCCPWMMode      
000062fd  DL_Timer_setCaptCompUpdateMethod
00006559  DL_Timer_setCaptureCompareOutCtl
00006805  DL_Timer_setCaptureCompareValue 
00006319  DL_Timer_setClockConfig         
00004a49  DL_UART_configBaudRate          
000056e1  DL_UART_init                    
0000679d  DL_UART_setClockConfig          
000049bd  DMA_IRQHandler                  
000049bd  Default_Handler                 
00003257  GROUP0_IRQHandler               
0000295d  GROUP1_IRQHandler               
00005729  HOSTclose                       
0000691f  HOSTexit                        
00004db5  HOSTlseek                       
00005235  HOSTopen                        
0000534d  HOSTread                        
00004e21  HOSTrename                      
00005771  HOSTunlink                      
000053a5  HOSTwrite                       
000049bd  HardFault_Handler               
000049bd  I2C0_IRQHandler                 
000049bd  I2C1_IRQHandler                 
000049bd  NMI_Handler                     
000049bd  PendSV_Handler                  
000049bd  RTC_IRQHandler                  
00006923  Reset_Handler                   
000049bd  SPI0_IRQHandler                 
000049bd  SPI1_IRQHandler                 
000049bd  SVC_Handler                     
00006715  SYSCFG_DL_AES_init              
0000607d  SYSCFG_DL_CRC_init              
00002211  SYSCFG_DL_GPIO_init             
00006671  SYSCFG_DL_SYSCTL_init           
00006729  SYSCFG_DL_SYSTICK_init          
0000588d  SYSCFG_DL_TRNG_init             
00005e2b  SYSCFG_DL_init                  
000046d5  SYSCFG_DL_initPower             
00006815  SysTick_Handler                 
000049bd  TIMA0_IRQHandler                
000049bd  TIMA1_IRQHandler                
000049bd  TIMG0_IRQHandler                
000049bd  TIMG12_IRQHandler               
000049bd  TIMG6_IRQHandler                
000049bd  TIMG7_IRQHandler                
000049bd  TIMG8_IRQHandler                
000067af  TI_memcpy_small                 
0000687d  TI_memset_small                 
000024e5  UART0_IRQHandler                
000049bd  UART1_IRQHandler                
00003fab  UART2_IRQHandler                
000049bd  UART3_IRQHandler                
20201338  _CIOBUF_                        
20201338  __CIOBUF_                       
20208000  __STACK_END                     
00000200  __STACK_SIZE                    
00000800  __SYSMEM_SIZE                   
00000000  __TI_ATRegion0_region_sz        
00000000  __TI_ATRegion0_src_addr         
00000000  __TI_ATRegion0_trg_addr         
00000000  __TI_ATRegion1_region_sz        
00000000  __TI_ATRegion1_src_addr         
00000000  __TI_ATRegion1_trg_addr         
00000000  __TI_ATRegion2_region_sz        
00000000  __TI_ATRegion2_src_addr         
00000000  __TI_ATRegion2_trg_addr         
0000782c  __TI_CINIT_Base                 
0000783c  __TI_CINIT_Limit                
0000783c  __TI_CINIT_Warm                 
00007818  __TI_Handler_Table_Base         
00007824  __TI_Handler_Table_Limit        
00005a81  __TI_auto_init_nobinit_nopinit  
00005c39  __TI_cleanup                    
20200a8c  __TI_cleanup_ptr                
00004c49  __TI_closefile                  
00004cc5  __TI_decompress_lzss            
000067c1  __TI_decompress_none            
00005559  __TI_doflush                    
20200a90  __TI_dtors_ptr                  
20200a9c  __TI_ft_end                     
000053fd  __TI_ltoa                       
ffffffff  __TI_pprof_out_hndl             
00000da5  __TI_printfi                    
ffffffff  __TI_prof_data_size             
ffffffff  __TI_prof_data_start            
00005c6d  __TI_readmsg                    
00000000  __TI_static_base__              
20201458  __TI_tmpnams                    
00005ca1  __TI_writemsg                   
00005107  __TI_wrt_ok                     
00006687  __TI_zero_init_nomemset         
000030cf  __adddf3                        
00006940  __aeabi_ctype_table_            
00006940  __aeabi_ctype_table_C           
0000564d  __aeabi_d2iz                    
000030cf  __aeabi_dadd                    
000051d1  __aeabi_dcmpeq                  
0000520d  __aeabi_dcmpge                  
00005221  __aeabi_dcmpgt                  
000051f9  __aeabi_dcmple                  
000051e5  __aeabi_dcmplt                  
000035c9  __aeabi_ddiv                    
0000417d  __aeabi_dmul                    
000030c5  __aeabi_dsub                    
20200aa0  __aeabi_errno                   
000068e1  __aeabi_errno_addr              
00005f35  __aeabi_i2d                     
000054ad  __aeabi_idiv                    
0000462f  __aeabi_idiv0                   
000054ad  __aeabi_idivmod                 
000046d3  __aeabi_ldiv0                   
00006219  __aeabi_llsl                    
0000618d  __aeabi_lmul                    
0000688d  __aeabi_memclr                  
0000688d  __aeabi_memclr4                 
0000688d  __aeabi_memclr8                 
000068e9  __aeabi_memcpy                  
000068e9  __aeabi_memcpy4                 
000068e9  __aeabi_memcpy8                 
00006845  __aeabi_memset                  
00006845  __aeabi_memset4                 
00006845  __aeabi_memset8                 
000058cd  __aeabi_uidiv                   
000058cd  __aeabi_uidivmod                
0000673d  __aeabi_uldivmod                
00006219  __ashldi3                       
ffffffff  __binit__                       
00004fd1  __cmpdf2                        
000035c9  __divdf3                        
00004fd1  __eqdf2                         
0000564d  __fixdfsi                       
00005f35  __floatsidf                     
00004d41  __gedf2                         
00004d41  __gtdf2                         
00004fd1  __ledf2                         
00004fd1  __ltdf2                         
UNDEFED   __mpu_init                      
0000417d  __muldf3                        
0000618d  __muldi3                        
00005abd  __muldsi3                       
00004fd1  __nedf2                         
20207e00  __stack                         
20200000  __start___llvm_prf_bits         
20200000  __start___llvm_prf_cnts         
20200000  __stop___llvm_prf_bits          
20200000  __stop___llvm_prf_cnts          
000030c5  __subdf3                        
00004631  __udivmoddi4                    
0000611d  _c_int00_noargs                 
202008f0  _device                         
20200800  _ftable                         
20200aa4  _lock                           
00005233  _nop                            
20200968  _stream                         
20200b38  _sys_memory                     
UNDEFED   _system_post_cinit              
00006939  _system_pre_init                
20200aa8  _unlock                         
00006919  abort                           
000034b5  aligned_alloc                   
0000590d  atoi                            
00003cdd  axon_handle_afwup               
000037e1  axon_handle_axonrbt             
00001775  axon_handle_chkirq              
00002b45  axon_handle_codepkt             
000036d5  axon_handle_errchk              
00003ebd  axon_handle_nop                 
00001e19  axon_handle_setaxon             
00004ac9  axon_handle_setokey             
000000c1  axon_routine_main               
00003dcd  axon_test_record_command        
0000594d  axon_test_record_crc_error      
000048ad  axon_test_record_response       
ffffffff  binit                           
000055fd  close                           
20200a16  debug_atirq_encrypted           
20200a36  debug_atirq_plain               
20200b24  debug_byte1                     
20200ac0  debug_byte1_ng_count            
20200ac4  debug_chkirq_call_count         
20200ac8  debug_cmd_ng_count              
20200acc  debug_complete_count            
20200a7a  debug_crc_calc                  
20200ad0  debug_crc_ng_count              
20200a9a  debug_crc_recv                  
20200b25  debug_decrypted_id              
20200ad4  debug_fifo_empty_count          
20200ad8  debug_framing_error_count       
20200adc  debug_header_ng_count           
20200ae0  debug_iidx_value                
20200ae4  debug_isr_call_count            
20200b26  debug_last_byte                 
20200ae8  debug_led_event_count           
20200aec  debug_len_ng_count              
20200af0  debug_overrun_count             
20200af4  debug_rx_count                  
20200b27  debug_rx_index                  
20200af8  debug_rxdata_raw_value          
20200afc  debug_send_ok_count             
20200b00  debug_sync_reset_count          
20200b04  debug_uart_stat_value           
00005cd5  exit                            
00005d09  finddevice                      
00004811  fputc                           
00003af1  fputs                           
20200b28  frame_received                  
00004095  free                            
00005295  frexp                           
00005295  frexpl                          
00006901  fseek                           
00004ef9  fseeko                          
20200a7c  g_axon_state                    
20200a56  g_axon_status_shared            
20201568  g_button_1_event                
2020157c  g_button_2_event                
20201590  g_coindet_event                 
202015a4  g_connector_event               
202009f4  g_debug_log                     
20200b2a  g_dial_rotation_count           
202015b8  g_door_event                    
202015cc  g_escrow_event                  
20200b2b  g_irq_pulse_pending             
20200b10  g_irq_pulse_start_time          
20200b2c  g_left_amount                   
20200b2d  g_pending_left_amount           
20200b2e  g_pending_left_updated          
20200b2f  g_pending_right_amount          
20200b30  g_pending_right_updated         
20200b31  g_retry_pending                 
20200b32  g_right_amount                  
202015e0  g_rotary_event                  
202015f4  g_soldout_event                 
20200b14  g_systick_count                 
00006899  get_systick_count_ms            
00004f65  getdevice                       
00000000  interruptVectors                
00004341  ldexp                           
00004341  ldexpl                          
000060cd  lseek                           
00005697  main                            
000068a5  malloc                          
000034b5  memalign                        
000061d5  memccpy                         
20201608  parmbuf                         
000052f1  printf                          
00006911  remove                          
20201520  rx_complete_frame               
20200b33  rx_complete_ready               
20201544  rx_frame                        
20200b35  rx_index                        
202014f8  rx_variable_frame               
20200b36  rx_variable_length              
20200b37  rx_variable_ready               
00004341  scalbn                          
00004341  scalbnl                         
00004261  setvbuf                         
000049c1  strcmp                          
0000598d  uart_send_packet                
00004bc9  uart_send_packet_fast           
00005f61  unlink                          
00005801  update_segment_leds             
00006825  wcslen                          
000060f5  write                           


GLOBAL SYMBOLS: SORTED BY Symbol Address 

address   name                            
-------   ----                            
00000000  __TI_ATRegion0_region_sz        
00000000  __TI_ATRegion0_src_addr         
00000000  __TI_ATRegion0_trg_addr         
00000000  __TI_ATRegion1_region_sz        
00000000  __TI_ATRegion1_src_addr         
00000000  __TI_ATRegion1_trg_addr         
00000000  __TI_ATRegion2_region_sz        
00000000  __TI_ATRegion2_src_addr         
00000000  __TI_ATRegion2_trg_addr         
00000000  __TI_static_base__              
00000000  interruptVectors                
000000c1  axon_routine_main               
00000200  __STACK_SIZE                    
00000800  __SYSMEM_SIZE                   
00000da5  __TI_printfi                    
00001775  axon_handle_chkirq              
00001e19  axon_handle_setaxon             
00002211  SYSCFG_DL_GPIO_init             
000024e5  UART0_IRQHandler                
0000295d  GROUP1_IRQHandler               
00002b45  axon_handle_codepkt             
000030c5  __aeabi_dsub                    
000030c5  __subdf3                        
000030cf  __adddf3                        
000030cf  __aeabi_dadd                    
00003257  GROUP0_IRQHandler               
000034b5  aligned_alloc                   
000034b5  memalign                        
000035c9  __aeabi_ddiv                    
000035c9  __divdf3                        
000036d5  axon_handle_errchk              
000037e1  axon_handle_axonrbt             
000038e9  DL_Timer_initFourCCPWMMode      
00003af1  fputs                           
00003cdd  axon_handle_afwup               
00003dcd  axon_test_record_command        
00003ebd  axon_handle_nop                 
00003fab  UART2_IRQHandler                
00004095  free                            
0000417d  __aeabi_dmul                    
0000417d  __muldf3                        
00004261  setvbuf                         
00004341  ldexp                           
00004341  ldexpl                          
00004341  scalbn                          
00004341  scalbnl                         
0000462f  __aeabi_idiv0                   
00004631  __udivmoddi4                    
000046d3  __aeabi_ldiv0                   
000046d5  SYSCFG_DL_initPower             
00004811  fputc                           
000048ad  axon_test_record_response       
000049bd  ADC0_IRQHandler                 
000049bd  ADC1_IRQHandler                 
000049bd  AES_IRQHandler                  
000049bd  CANFD0_IRQHandler               
000049bd  DAC0_IRQHandler                 
000049bd  DMA_IRQHandler                  
000049bd  Default_Handler                 
000049bd  HardFault_Handler               
000049bd  I2C0_IRQHandler                 
000049bd  I2C1_IRQHandler                 
000049bd  NMI_Handler                     
000049bd  PendSV_Handler                  
000049bd  RTC_IRQHandler                  
000049bd  SPI0_IRQHandler                 
000049bd  SPI1_IRQHandler                 
000049bd  SVC_Handler                     
000049bd  TIMA0_IRQHandler                
000049bd  TIMA1_IRQHandler                
000049bd  TIMG0_IRQHandler                
000049bd  TIMG12_IRQHandler               
000049bd  TIMG6_IRQHandler                
000049bd  TIMG7_IRQHandler                
000049bd  TIMG8_IRQHandler                
000049bd  UART1_IRQHandler                
000049bd  UART3_IRQHandler                
000049c1  strcmp                          
00004a49  DL_UART_configBaudRate          
00004ac9  axon_handle_setokey             
00004bc9  uart_send_packet_fast           
00004c49  __TI_closefile                  
00004cc5  __TI_decompress_lzss            
00004d41  __gedf2                         
00004d41  __gtdf2                         
00004db5  HOSTlseek                       
00004e21  HOSTrename                      
00004ef9  fseeko                          
00004f65  getdevice                       
00004fd1  __cmpdf2                        
00004fd1  __eqdf2                         
00004fd1  __ledf2                         
00004fd1  __ltdf2                         
00004fd1  __nedf2                         
00005107  __TI_wrt_ok                     
000051d1  __aeabi_dcmpeq                  
000051e5  __aeabi_dcmplt                  
000051f9  __aeabi_dcmple                  
0000520d  __aeabi_dcmpge                  
00005221  __aeabi_dcmpgt                  
00005233  _nop                            
00005235  HOSTopen                        
00005295  frexp                           
00005295  frexpl                          
000052f1  printf                          
0000534d  HOSTread                        
000053a5  HOSTwrite                       
000053fd  __TI_ltoa                       
000054ad  __aeabi_idiv                    
000054ad  __aeabi_idivmod                 
00005559  __TI_doflush                    
000055fd  close                           
0000564d  __aeabi_d2iz                    
0000564d  __fixdfsi                       
00005697  main                            
000056e1  DL_UART_init                    
00005729  HOSTclose                       
00005771  HOSTunlink                      
00005801  update_segment_leds             
0000588d  SYSCFG_DL_TRNG_init             
000058cd  __aeabi_uidiv                   
000058cd  __aeabi_uidivmod                
0000590d  atoi                            
0000594d  axon_test_record_crc_error      
0000598d  uart_send_packet                
00005a81  __TI_auto_init_nobinit_nopinit  
00005abd  __muldsi3                       
00005c39  __TI_cleanup                    
00005c6d  __TI_readmsg                    
00005ca1  __TI_writemsg                   
00005ccd  C$$IO$$                         
00005cd5  exit                            
00005d09  finddevice                      
00005e2b  SYSCFG_DL_init                  
00005f35  __aeabi_i2d                     
00005f35  __floatsidf                     
00005f61  unlink                          
0000607d  SYSCFG_DL_CRC_init              
000060cd  lseek                           
000060f5  write                           
0000611d  _c_int00_noargs                 
0000618d  __aeabi_lmul                    
0000618d  __muldi3                        
000061d5  memccpy                         
00006219  __aeabi_llsl                    
00006219  __ashldi3                       
000062fd  DL_Timer_setCaptCompUpdateMethod
00006319  DL_Timer_setClockConfig         
00006559  DL_Timer_setCaptureCompareOutCtl
00006671  SYSCFG_DL_SYSCTL_init           
00006687  __TI_zero_init_nomemset         
00006715  SYSCFG_DL_AES_init              
00006729  SYSCFG_DL_SYSTICK_init          
0000673d  __aeabi_uldivmod                
0000679d  DL_UART_setClockConfig          
000067af  TI_memcpy_small                 
000067c1  __TI_decompress_none            
00006805  DL_Timer_setCaptureCompareValue 
00006815  SysTick_Handler                 
00006825  wcslen                          
00006845  __aeabi_memset                  
00006845  __aeabi_memset4                 
00006845  __aeabi_memset8                 
0000687d  TI_memset_small                 
0000688d  __aeabi_memclr                  
0000688d  __aeabi_memclr4                 
0000688d  __aeabi_memclr8                 
00006899  get_systick_count_ms            
000068a5  malloc                          
000068b1  DL_Common_delayCycles           
000068e1  __aeabi_errno_addr              
000068e9  __aeabi_memcpy                  
000068e9  __aeabi_memcpy4                 
000068e9  __aeabi_memcpy8                 
00006901  fseek                           
00006911  remove                          
00006919  abort                           
0000691e  C$$EXIT                         
0000691f  HOSTexit                        
00006923  Reset_Handler                   
00006939  _system_pre_init                
00006940  __aeabi_ctype_table_            
00006940  __aeabi_ctype_table_C           
00007818  __TI_Handler_Table_Base         
00007824  __TI_Handler_Table_Limit        
0000782c  __TI_CINIT_Base                 
0000783c  __TI_CINIT_Limit                
0000783c  __TI_CINIT_Warm                 
20200000  __start___llvm_prf_bits         
20200000  __start___llvm_prf_cnts         
20200000  __stop___llvm_prf_bits          
20200000  __stop___llvm_prf_cnts          
20200800  _ftable                         
202008f0  _device                         
20200968  _stream                         
202009f4  g_debug_log                     
20200a16  debug_atirq_encrypted           
20200a36  debug_atirq_plain               
20200a56  g_axon_status_shared            
20200a7a  debug_crc_calc                  
20200a7c  g_axon_state                    
20200a8c  __TI_cleanup_ptr                
20200a90  __TI_dtors_ptr                  
20200a9a  debug_crc_recv                  
20200a9c  __TI_ft_end                     
20200aa0  __aeabi_errno                   
20200aa4  _lock                           
20200aa8  _unlock                         
20200ac0  debug_byte1_ng_count            
20200ac4  debug_chkirq_call_count         
20200ac8  debug_cmd_ng_count              
20200acc  debug_complete_count            
20200ad0  debug_crc_ng_count              
20200ad4  debug_fifo_empty_count          
20200ad8  debug_framing_error_count       
20200adc  debug_header_ng_count           
20200ae0  debug_iidx_value                
20200ae4  debug_isr_call_count            
20200ae8  debug_led_event_count           
20200aec  debug_len_ng_count              
20200af0  debug_overrun_count             
20200af4  debug_rx_count                  
20200af8  debug_rxdata_raw_value          
20200afc  debug_send_ok_count             
20200b00  debug_sync_reset_count          
20200b04  debug_uart_stat_value           
20200b10  g_irq_pulse_start_time          
20200b14  g_systick_count                 
20200b24  debug_byte1                     
20200b25  debug_decrypted_id              
20200b26  debug_last_byte                 
20200b27  debug_rx_index                  
20200b28  frame_received                  
20200b2a  g_dial_rotation_count           
20200b2b  g_irq_pulse_pending             
20200b2c  g_left_amount                   
20200b2d  g_pending_left_amount           
20200b2e  g_pending_left_updated          
20200b2f  g_pending_right_amount          
20200b30  g_pending_right_updated         
20200b31  g_retry_pending                 
20200b32  g_right_amount                  
20200b33  rx_complete_ready               
20200b35  rx_index                        
20200b36  rx_variable_length              
20200b37  rx_variable_ready               
20200b38  _sys_memory                     
20201338  _CIOBUF_                        
20201338  __CIOBUF_                       
20201458  __TI_tmpnams                    
202014f8  rx_variable_frame               
20201520  rx_complete_frame               
20201544  rx_frame                        
20201568  g_button_1_event                
2020157c  g_button_2_event                
20201590  g_coindet_event                 
202015a4  g_connector_event               
202015b8  g_door_event                    
202015cc  g_escrow_event                  
202015e0  g_rotary_event                  
202015f4  g_soldout_event                 
20201608  parmbuf                         
20207e00  __stack                         
20208000  __STACK_END                     
ffffffff  __TI_pprof_out_hndl             
ffffffff  __TI_prof_data_size             
ffffffff  __TI_prof_data_start            
ffffffff  __binit__                       
ffffffff  binit                           
UNDEFED   __mpu_init                      
UNDEFED   _system_post_cinit              

[271 symbols]
