******************************************************************************
            TI ARM Clang Linker PC v4.0.3                      
******************************************************************************
>> Linked Mon Jan 19 21:03:53 2026

OUTPUT FILE NAME:   <axon_board.out>
ENTRY POINT SYMBOL: "_c_int00_noargs"  address: 0000629d


MEMORY CONFIGURATION

         name            origin    length      used     unused   attr    fill
----------------------  --------  ---------  --------  --------  ----  --------
  FLASH                 00000000   00020000  00007c50  000183b0  R  X
  SRAM                  20200000   00008000  00001814  000067ec  RW X
  BCR_CONFIG            41c00000   000000ff  00000000  000000ff  R   
  BSL_CONFIG            41c00100   00000080  00000000  00000080  R   


SEGMENT ALLOCATION MAP

run origin  load origin   length   init length attrs members
----------  ----------- ---------- ----------- ----- -------
00000000    00000000    00007c50   00007c50    r-x
  00000000    00000000    000000c0   000000c0    r-- .intvecs
  000000c0    000000c0    00006a10   00006a10    r-x .text
  00006ad0    00006ad0    000010f0   000010f0    r-- .rodata
  00007bc0    00007bc0    00000090   00000090    r-- .cinit
20200000    20200000    00001614   00000000    rw-
  20200000    20200000    00000b38   00000000    rw- .data
  20200b38    20200b38    00000800   00000000    rw- .sysmem
  20201338    20201338    000002dc   00000000    rw- .bss
20207e00    20207e00    00000200   00000000    rw-
  20207e00    20207e00    00000200   00000000    rw- .stack


SECTION ALLOCATION MAP

 output                                  attributes/
section   page    origin      length       input sections
--------  ----  ----------  ----------   ----------------
.intvecs   0    00000000    000000c0     
                  00000000    000000c0     startup_mspm0g350x_ticlang.o (.intvecs)

.text      0    000000c0    00006a10     
                  000000c0    00000d28     axon_routine.o (.text.axon_routine_main)
                  00000de8    000009d0     libc.a : _printfi.c.obj (.text:__TI_printfi)
                  000017b8    0000072c     s2a_packet.o (.text.axon_handle_chkirq)
                  00001ee4    00000454     s2a_packet.o (.text.axon_handle_setaxon)
                  00002338    000002e4     msp_peripheral_config.o (.text.SYSCFG_DL_GPIO_init)
                  0000261c    00000258     isr.o (.text.UART0_IRQHandler)
                  00002874    00000220     libc.a : _printfi.c.obj (.text._pconv_a)
                  00002a94    000001e8     isr.o (.text.GROUP1_IRQHandler)
                  00002c7c    000001e4     s2a_packet.o (.text.axon_handle_codepkt)
                  00002e60    000001dc     libc.a : _printfi.c.obj (.text._pconv_g)
                  0000303c    000001c0     axon_routine.o (.text.handle_button_release)
                  000031fc    00000192     libclang_rt.builtins.a : adddf3.S.obj (.text.adddf3_subdf3)
                  0000338e    00000002     isr.o (.text.GROUP0_IRQHandler)
                  00003390    0000013c     libc.a : _printfi.c.obj (.text.fcvt)
                  000034cc    00000120            : _printfi.c.obj (.text._pconv_e)
                  000035ec    00000114            : memory.c.obj (.text.aligned_alloc)
                  00003700    0000010c     libclang_rt.builtins.a : divdf3.S.obj (.text.__divdf3)
                  0000380c    0000010c     s2a_packet.o (.text.axon_handle_errchk)
                  00003918    00000108     s2a_packet.o (.text.axon_handle_axonrbt)
                  00003a20    00000104     driverlib.a : dl_timer.o (.text.DL_Timer_initFourCCPWMMode)
                  00003b24    00000104     soma_axon_comm_test.o (.text.get_command_name)
                  00003c28    000000f8     libc.a : fputs.c.obj (.text.fputs)
                  00003d20    000000f4     axon_routine.o (.text.handle_button_press)
                  00003e14    000000f0     s2a_packet.o (.text.axon_handle_afwup)
                  00003f04    000000f0     soma_axon_comm_test.o (.text.axon_test_record_command)
                  00003ff4    000000ee     s2a_packet.o (.text.axon_handle_nop)
                  000040e2    00000002     isr.o (.text.UART2_IRQHandler)
                  000040e4    000000e8     msp_peripheral_config.o (.text._msp_peripheral_pwm_init)
                  000041cc    000000e8     libc.a : memory.c.obj (.text.free)
                  000042b4    000000e4     libclang_rt.builtins.a : muldf3.S.obj (.text.__muldf3)
                  00004398    000000e0     libc.a : setvbuf.c.obj (.text.setvbuf)
                  00004478    000000d8            : s_scalbn.c.obj (.text.scalbn)
                  00004550    000000d4     s2a_packet.o (.text.axon_status_compose_bits)
                  00004624    000000b4     axon_routine.o (.text._set_segment_led)
                  000046d8    000000a2     axon_routine.o (.text._check_debounce_complete)
                  0000477a    00000002     libclang_rt.builtins.a : aeabi_div0.c.obj (.text.__aeabi_idiv0)
                  0000477c    000000a2                            : udivmoddi4.S.obj (.text)
                  0000481e    00000002                            : aeabi_div0.c.obj (.text.__aeabi_ldiv0)
                  00004820    000000a0     msp_peripheral_config.o (.text.SYSCFG_DL_initPower)
                  000048c0    0000009c     msp_peripheral_config.o (.text._msp_peripheral_uart_init)
                  0000495c    0000009c     libc.a : fputc.c.obj (.text.fputc)
                  000049f8    00000088     soma_axon_comm_test.o (.text.axon_test_record_response)
                  00004a80    00000088     s2a_packet.o (.text.crc16_tep)
                  00004b08    00000008     libc.a : aeabi_portable.c.obj (.text.__aeabi_errno_addr)
                  00004b10    00000088            : strcmp-armv6m.S.obj (.text:strcmp)
                  00004b98    00000080     driverlib.a : dl_uart.o (.text.DL_UART_configBaudRate)
                  00004c18    00000080     s2a_packet.o (.text.axon_handle_setokey)
                  00004c98    00000080     s2a_packet.o (.text.clear_irq_signal)
                  00004d18    00000080     soma_uart_test.o (.text.uart_send_packet_fast)
                  00004d98    0000007c     libc.a : fclose.c.obj (.text.__TI_closefile)
                  00004e14    0000007c            : copy_decompress_lzss.c.obj (.text:decompress:lzss)
                  00004e90    00000074     libclang_rt.builtins.a : comparedf2.c.obj (.text.__gedf2)
                  00004f04    0000006c     libsysbm.a : hostlseek.c.obj (.text.HOSTlseek)
                  00004f70    0000006c                : hostrename.c.obj (.text.HOSTrename)
                  00004fdc    0000006c     axon_routine.o (.text._change_status)
                  00005048    0000006c     libc.a : fseek.c.obj (.text.fseeko)
                  000050b4    0000006c            : getdevice.c.obj (.text.getdevice)
                  00005120    00000068     libclang_rt.builtins.a : comparedf2.c.obj (.text.__ledf2)
                  00005188    00000068     s2a_packet.o (.text.send_ack_frame)
                  000051f0    00000066     libc.a : _printfi.c.obj (.text._mcpy)
                  00005256    00000064            : _io_perm.c.obj (.text.__TI_wrt_ok)
                  000052ba    00000002     msp_peripheral_config.o (.text._msp_peripheral_spi_init)
                  000052bc    00000064     libc.a : memory.c.obj (.text.split)
                  00005320    00000062     libclang_rt.builtins.a : aeabi_dcmp.S.obj (.text.__aeabi_dcmp)
                  00005382    00000002     libc.a : _lock.c.obj (.text._nop)
                  00005384    00000060     libsysbm.a : hostopen.c.obj (.text.HOSTopen)
                  000053e4    0000005c     libc.a : s_frexp.c.obj (.text.frexp)
                  00005440    0000005c            : printf.c.obj (.text.printf)
                  0000549c    00000058     libsysbm.a : hostread.c.obj (.text.HOSTread)
                  000054f4    00000058                : hostwrite.c.obj (.text.HOSTwrite)
                  0000554c    00000058     libc.a : _ltoa.c.obj (.text.__TI_ltoa)
                  000055a4    00000058            : _printfi.c.obj (.text._pconv_f)
                  000055fc    00000056     libclang_rt.builtins.a : aeabi_idivmod.S.obj (.text.__aeabi_idivmod)
                  00005652    00000002     --HOLE-- [fill = 0]
                  00005654    00000054     msp_peripheral_config.o (.text._msp_peripheral_gpio_init_for_dipsw)
                  000056a8    00000052     libc.a : fflush.c.obj (.text.__TI_doflush)
                  000056fa    00000052            : _printfi.c.obj (.text._ecpy)
                  0000574c    00000050     libsysbm.a : close.c.obj (.text.close)
                  0000579c    0000004a     libclang_rt.builtins.a : fixdfsi.S.obj (.text.__fixdfsi)
                  000057e6    0000004a     main.o (.text.main)
                  00005830    00000048     driverlib.a : dl_uart.o (.text.DL_UART_init)
                  00005878    00000048     libsysbm.a : hostclose.c.obj (.text.HOSTclose)
                  000058c0    00000048                : hostunlink.c.obj (.text.HOSTunlink)
                  00005908    00000048     msp_peripheral_config.o (.text._msp_peripheral_gpio_init_for_hw_ver)
                  00005950    00000048     axon_routine.o (.text.update_segment_leds)
                  00005998    00000044     s2a_packet.o (.text.send_nack_frame)
                  000059dc    00000040     ti_msp_dl_config.o (.text.SYSCFG_DL_TRNG_init)
                  00005a1c    00000040     libclang_rt.builtins.a : aeabi_uidivmod.S.obj (.text.__aeabi_uidivmod)
                  00005a5c    00000040     libc.a : atoi.c.obj (.text.atoi)
                  00005a9c    00000040     soma_axon_comm_test.o (.text.axon_test_record_crc_error)
                  00005adc    00000040     soma_uart_test.o (.text.uart_send_packet)
                  00005b1c    0000003c     msp_peripheral_config.o (.text.DL_Timer_setCounterControl)
                  00005b58    0000003c     axon_routine.o (.text._set_segment_leds)
                  00005b94    0000003c     s2a_packet.o (.text.log_event)
                  00005bd0    0000003c     libc.a : autoinit.c.obj (.text:__TI_auto_init_nobinit_nopinit)
                  00005c0c    0000003a     libclang_rt.builtins.a : muldsi3.S.obj (.text.__muldsi3)
                  00005c46    00000038     ti_msp_dl_config.o (.text.DL_CRC_init)
                  00005c7e    00000002     --HOLE-- [fill = 0]
                  00005c80    00000038     msp_peripheral_config.o (.text.DL_GPIO_initPeripheralOutputFunctionFeatures)
                  00005cb8    00000034     main.o (.text.DL_FlashCTL_executeClearStatus)
                  00005cec    00000034     msp_peripheral_config.o (.text.DL_GPIO_initDigitalInputFeatures)
                  00005d20    00000034     axon_routine.o (.text.__NVIC_DisableIRQ)
                  00005d54    00000034     s2a_packet.o (.text.__NVIC_DisableIRQ)
                  00005d88    00000034     libc.a : fopen.c.obj (.text.__TI_cleanup)
                  00005dbc    00000034     libsysbm.a : trgmsg.c.obj (.text.__TI_readmsg)
                  00005df0    00000034                : trgmsg.c.obj (.text.__TI_writemsg)
                  00005e24    00000034     libc.a : exit.c.obj (.text.exit)
                  00005e58    00000034            : getdevice.c.obj (.text.finddevice)
                  00005e8c    00000030     msp_peripheral_config.o (.text.DL_GPIO_initDigitalOutputFeatures)
                  00005ebc    00000030     axon_routine.o (.text.DL_GPIO_writePinsVal)
                  00005eec    00000030     msp_peripheral_config.o (.text.DL_GPIO_writePinsVal)
                  00005f1c    00000030     s2a_packet.o (.text.DL_GPIO_writePinsVal)
                  00005f4c    00000030     libc.a : _printfi.c.obj (.text._fcpy)
                  00005f7c    0000002e     ti_msp_dl_config.o (.text.DL_AES_init)
                  00005faa    0000002c     msp_peripheral_config.o (.text.SYSCFG_DL_init)
                  00005fd6    00000002     --HOLE-- [fill = 0]
                  00005fd8    0000002c     main.o (.text.__NVIC_ClearPendingIRQ)
                  00006004    0000002c     axon_routine.o (.text.__NVIC_EnableIRQ)
                  00006030    0000002c     main.o (.text.__NVIC_EnableIRQ)
                  0000605c    0000002c     msp_peripheral_config.o (.text.__NVIC_EnableIRQ)
                  00006088    0000002c     s2a_packet.o (.text.__NVIC_EnableIRQ)
                  000060b4    0000002c     libclang_rt.builtins.a : floatsidf.S.obj (.text.__floatsidf)
                  000060e0    0000002c     libsysbm.a : unlink.c.obj (.text.unlink)
                  0000610c    00000028     msp_peripheral_config.o (.text.DL_Common_updateReg)
                  00006134    00000028     ti_msp_dl_config.o (.text.DL_Common_updateReg)
                  0000615c    00000028     msp_peripheral_config.o (.text.DL_SYSTICK_init)
                  00006184    00000028     ti_msp_dl_config.o (.text.DL_TRNG_setDecimationRate)
                  000061ac    00000028     msp_peripheral_config.o (.text.DL_UART_setRXFIFOThreshold)
                  000061d4    00000028     msp_peripheral_config.o (.text.DL_UART_setTXFIFOThreshold)
                  000061fc    00000028     ti_msp_dl_config.o (.text.SYSCFG_DL_CRC_init)
                  00006224    00000028     libc.a : memory.c.obj (.text.free_list_insert)
                  0000624c    00000028     libsysbm.a : lseek.c.obj (.text.lseek)
                  00006274    00000028                : write.c.obj (.text.write)
                  0000629c    00000028     libc.a : boot_cortex_m.c.obj (.text:_c_int00_noargs)
                  000062c4    00000024     ti_msp_dl_config.o (.text.DL_CRC_setSeed16)
                  000062e8    00000024     ti_msp_dl_config.o (.text.DL_TRNG_sendCommand)
                  0000630c    00000024     libclang_rt.builtins.a : muldi3.S.obj (.text.__muldi3)
                  00006330    00000024     axon_routine.o (.text._set_solenoid_pins)
                  00006354    00000022     libc.a : memccpy.c.obj (.text.memccpy)
                  00006376    00000002     --HOLE-- [fill = 0]
                  00006378    00000020     msp_peripheral_config.o (.text.DL_GPIO_initPeripheralInputFunction)
                  00006398    0000001e     libclang_rt.builtins.a : ashldi3.S.obj (.text.__ashldi3)
                  000063b6    00000002     --HOLE-- [fill = 0]
                  000063b8    0000001c     msp_peripheral_config.o (.text.DL_GPIO_clearInterruptStatus)
                  000063d4    0000001c     msp_peripheral_config.o (.text.DL_GPIO_enableInterrupt)
                  000063f0    0000001c     msp_peripheral_config.o (.text.DL_GPIO_initDigitalInput)
                  0000640c    0000001c     msp_peripheral_config.o (.text.DL_GPIO_initPeripheralOutputFunction)
                  00006428    0000001c     msp_peripheral_config.o (.text.DL_GPIO_setLowerPinsPolarity)
                  00006444    0000001c     isr.o (.text.DL_Interrupt_getPendingGroup)
                  00006460    0000001c     ti_msp_dl_config.o (.text.DL_SYSCTL_setSYSOSCFreq)
                  0000647c    0000001c     driverlib.a : dl_timer.o (.text.DL_Timer_setCaptCompUpdateMethod)
                  00006498    0000001c                 : dl_timer.o (.text.DL_Timer_setClockConfig)
                  000064b4    0000001c     msp_peripheral_config.o (.text.DL_UART_enableInterrupt)
                  000064d0    0000001c     axon_routine.o (.text.axon_status_latch_coin)
                  000064ec    0000001c     axon_routine.o (.text.axon_status_latch_dial)
                  00006508    0000001c     axon_routine.o (.text.axon_status_latch_escrow)
                  00006524    0000001c     libc.a : memory.c.obj (.text.free_list_remove)
                  00006540    00000018     msp_peripheral_config.o (.text.DL_AES_enablePower)
                  00006558    00000018     msp_peripheral_config.o (.text.DL_AES_reset)
                  00006570    00000018     msp_peripheral_config.o (.text.DL_CRC_enablePower)
                  00006588    00000018     msp_peripheral_config.o (.text.DL_CRC_reset)
                  000065a0    00000018     msp_peripheral_config.o (.text.DL_GPIO_enableOutput)
                  000065b8    00000018     msp_peripheral_config.o (.text.DL_GPIO_enablePower)
                  000065d0    00000018     msp_peripheral_config.o (.text.DL_GPIO_reset)
                  000065e8    00000018     msp_peripheral_config.o (.text.DL_GPIO_setPins)
                  00006600    00000018     s2a_packet.o (.text.DL_GPIO_setPins)
                  00006618    00000018     msp_peripheral_config.o (.text.DL_GPIO_setUpperPinsPolarity)
                  00006630    00000018     ti_msp_dl_config.o (.text.DL_SYSCTL_setBORThreshold)
                  00006648    00000018     ti_msp_dl_config.o (.text.DL_TRNG_clearInterruptStatus)
                  00006660    00000018     msp_peripheral_config.o (.text.DL_TRNG_enablePower)
                  00006678    00000018     ti_msp_dl_config.o (.text.DL_TRNG_isCommandDone)
                  00006690    00000018     msp_peripheral_config.o (.text.DL_TRNG_reset)
                  000066a8    00000018     ti_msp_dl_config.o (.text.DL_TRNG_setClockDivider)
                  000066c0    00000018     msp_peripheral_config.o (.text.DL_Timer_enablePower)
                  000066d8    00000018     msp_peripheral_config.o (.text.DL_Timer_reset)
                  000066f0    00000018     driverlib.a : dl_timer.o (.text.DL_Timer_setCaptureCompareOutCtl)
                  00006708    00000018     msp_peripheral_config.o (.text.DL_UART_enableFIFOs)
                  00006720    00000018     msp_peripheral_config.o (.text.DL_UART_enablePower)
                  00006738    00000018     soma_uart_test.o (.text.DL_UART_isBusy)
                  00006750    00000018     axon_routine.o (.text.DL_UART_isRXFIFOEmpty)
                  00006768    00000018     isr.o (.text.DL_UART_isRXFIFOEmpty)
                  00006780    00000018     soma_uart_test.o (.text.DL_UART_isTXFIFOEmpty)
                  00006798    00000018     msp_peripheral_config.o (.text.DL_UART_reset)
                  000067b0    00000016     axon_routine.o (.text.DL_GPIO_readPins)
                  000067c6    00000016     isr.o (.text.DL_GPIO_readPins)
                  000067dc    00000016     msp_peripheral_config.o (.text.DL_UART_enable)
                  000067f2    00000016     soma_uart_test.o (.text.DL_UART_transmitData)
                  00006808    00000016     ti_msp_dl_config.o (.text.SYSCFG_DL_SYSCTL_init)
                  0000681e    00000016     libc.a : copy_zero_init.c.obj (.text:decompress:ZI:__TI_zero_init_nomemset)
                  00006834    00000014     msp_peripheral_config.o (.text.DL_GPIO_clearPins)
                  00006848    00000014     s2a_packet.o (.text.DL_GPIO_clearPins)
                  0000685c    00000014     msp_peripheral_config.o (.text.DL_Timer_enableClock)
                  00006870    00000014     msp_peripheral_config.o (.text.DL_Timer_setCCPDirection)
                  00006884    00000014     axon_routine.o (.text.DL_UART_receiveData)
                  00006898    00000014     isr.o (.text.DL_UART_receiveData)
                  000068ac    00000014     ti_msp_dl_config.o (.text.SYSCFG_DL_AES_init)
                  000068c0    00000014     msp_peripheral_config.o (.text.SYSCFG_DL_SYSTICK_init)
                  000068d4    00000014     libclang_rt.builtins.a : aeabi_uldivmod.S.obj (.text.__aeabi_uldivmod)
                  000068e8    00000014     s2a_packet.o (.text.axon_status_clear_event_latches)
                  000068fc    00000014     libc.a : _printfi.c.obj (.text.strchr)
                  00006910    00000012     isr.o (.text.DL_GPIO_getPendingInterrupt)
                  00006922    00000012     isr.o (.text.DL_UART_getPendingInterrupt)
                  00006934    00000012     driverlib.a : dl_uart.o (.text.DL_UART_setClockConfig)
                  00006946    00000012     libc.a : memcpy16.S.obj (.text:TI_memcpy_small)
                  00006958    00000012            : copy_decompress_none.c.obj (.text:decompress:none)
                  0000696a    00000002     --HOLE-- [fill = 0]
                  0000696c    00000010     main.o (.text.DL_SYSCTL_disableSleepOnExit)
                  0000697c    00000010     msp_peripheral_config.o (.text.DL_SYSTICK_enable)
                  0000698c    00000010     msp_peripheral_config.o (.text.DL_SYSTICK_enableInterrupt)
                  0000699c    00000010     driverlib.a : dl_timer.o (.text.DL_Timer_setCaptureCompareValue)
                  000069ac    00000010     isr.o (.text.SysTick_Handler)
                  000069bc    00000010     libc.a : wcslen.c.obj (.text.wcslen)
                  000069cc    0000000e            : memory.c.obj (.text.OUTLINED_FUNCTION_0)
                  000069da    00000002     --HOLE-- [fill = 0]
                  000069dc    0000000e     libclang_rt.builtins.a : aeabi_memset.S.obj (.text.__aeabi_memset)
                  000069ea    0000000e     libsysbm.a : hostrename.c.obj (.text.strcpy)
                  000069f8    0000000e     libc.a : _printfi.c.obj (.text.strlen)
                  00006a06    0000000e     libsysbm.a : hostrename.c.obj (.text.strlen)
                  00006a14    0000000e     libc.a : memset16.S.obj (.text:TI_memset_small)
                  00006a22    00000002     --HOLE-- [fill = 0]
                  00006a24    0000000c     libclang_rt.builtins.a : aeabi_memset.S.obj (.text.__aeabi_memclr)
                  00006a30    0000000c     isr.o (.text.get_systick_count_ms)
                  00006a3c    0000000c     libc.a : memory.c.obj (.text.malloc)
                  00006a48    0000000a     driverlib.a : dl_common.o (.text.DL_Common_delayCycles)
                  00006a52    0000000a     libc.a : _printfi.c.obj (.text.OUTLINED_FUNCTION_0)
                  00006a5c    00000010     libclang_rt.builtins.a : adddf3.S.obj (.tramp.__aeabi_dsub.1)
                  00006a6c    0000000a     libc.a : _printfi.c.obj (.text.OUTLINED_FUNCTION_1)
                  00006a76    00000002     --HOLE-- [fill = 0]
                  00006a78    00000008     libclang_rt.builtins.a : aeabi_memcpy.S.obj (.text.__aeabi_memcpy)
                  00006a80    00000008     libc.a : printf.c.obj (.text._outc)
                  00006a88    00000008            : printf.c.obj (.text._outs)
                  00006a90    00000008            : fseek.c.obj (.text.fseek)
                  00006a98    00000008     s2a_packet.o (.text.generate_dic_from_serial)
                  00006aa0    00000008     libsysbm.a : remove.c.obj (.text.remove)
                  00006aa8    00000006     libc.a : exit.c.obj (.text:abort)
                  00006aae    00000004     startup_mspm0g350x_ticlang.o (.text.Default_Handler)
                  00006ab2    00000004     libsysbm.a : hostexit.c.obj (.text.HOSTexit)
                  00006ab6    00000004     startup_mspm0g350x_ticlang.o (.text.Reset_Handler)
                  00006aba    00000002     --HOLE-- [fill = 0]
                  00006abc    00000010     libc.a : boot_cortex_m.c.obj (.tramp._c_int00_noargs.1)
                  00006acc    00000004            : pre_init.c.obj (.text._system_pre_init)

.cinit     0    00007bc0    00000090     
                  00007bc0    00000069     (.cinit..data.load) [load image, compression = lzss]
                  00007c29    00000003     --HOLE-- [fill = 0]
                  00007c2c    0000000c     (__TI_handler_table)
                  00007c38    00000008     (.cinit..bss.load) [load image, compression = zero_init]
                  00007c40    00000010     (__TI_cinit_table)

.rodata    0    00006ad0    000010f0     
                  00006ad0    00000101     libc.a : aeabi_ctype.S.obj (.rodata:__aeabi_ctype_table_)
                  00006bd1    00000061     axon_routine.o (.rodata.str1.15036354999781039871.1)
                  00006c32    0000005d     axon_routine.o (.rodata.str1.15390643519349431490.1)
                  00006c8f    00000057     s2a_packet.o (.rodata.str1.11651614510642161048.1)
                  00006ce6    00000057     s2a_packet.o (.rodata.str1.15197212992152432442.1)
                  00006d3d    00000056     axon_routine.o (.rodata.str1.9929005210817920738.1)
                  00006d93    00000054     s2a_packet.o (.rodata.str1.1987064775379975437.1)
                  00006de7    00000054     s2a_packet.o (.rodata.str1.5067886651696817237.1)
                  00006e3b    00000054     s2a_packet.o (.rodata.str1.9534252372474839467.1)
                  00006e8f    0000004f     s2a_packet.o (.rodata.str1.5512102687271007183.1)
                  00006ede    0000004c     s2a_packet.o (.rodata.str1.14054255457577735801.1)
                  00006f2a    0000004b     s2a_packet.o (.rodata.str1.1054621812687617865.1)
                  00006f75    00000048     s2a_packet.o (.rodata.str1.10890815327036374194.1)
                  00006fbd    00000048     axon_routine.o (.rodata.str1.11188097358656046052.1)
                  00007005    00000048     axon_routine.o (.rodata.str1.1535501348467637105.1)
                  0000704d    00000048     s2a_packet.o (.rodata.str1.16030559404050719370.1)
                  00007095    00000046     axon_routine.o (.rodata.str1.16593486521574237178.1)
                  000070db    00000045     axon_routine.o (.rodata.str1.2074935598029988253.1)
                  00007120    00000043     axon_routine.o (.rodata.str1.1234886190650109128.1)
                  00007163    00000043     axon_routine.o (.rodata.str1.2270063357212707462.1)
                  000071a6    00000043     axon_routine.o (.rodata.str1.5217963321059601915.1)
                  000071e9    00000043     axon_routine.o (.rodata.str1.8015938219588661503.1)
                  0000722c    00000042     axon_routine.o (.rodata.str1.14095380171064204237.1)
                  0000726e    00000042     s2a_packet.o (.rodata.str1.7794559651614773169.1)
                  000072b0    0000003f     s2a_packet.o (.rodata.str1.13222256078045286393.1)
                  000072ef    0000003f     isr.o (.rodata.str1.13602985083408752662.1)
                  0000732e    0000003f     isr.o (.rodata.str1.14035627306564887214.1)
                  0000736d    0000003f     isr.o (.rodata.str1.8155634291211262487.1)
                  000073ac    0000003e     s2a_packet.o (.rodata.str1.5329389233474239785.1)
                  000073ea    0000003e     axon_routine.o (.rodata.str1.5669974612357686332.1)
                  00007428    0000003d     axon_routine.o (.rodata.str1.110982908963535873.1)
                  00007465    0000003d     axon_routine.o (.rodata.str1.11153631872926489556.1)
                  000074a2    0000003d     s2a_packet.o (.rodata.str1.1577803996232203841.1)
                  000074df    0000003d     s2a_packet.o (.rodata.str1.16803544732971382213.1)
                  0000751c    0000003c     axon_routine.o (.rodata.str1.14779823965403136456.1)
                  00007558    0000003b     s2a_packet.o (.rodata.str1.9447922374234183969.1)
                  00007593    0000003a     axon_routine.o (.rodata.str1.3718212389963908161.1)
                  000075cd    00000038     s2a_packet.o (.rodata.str1.10713700975586195752.1)
                  00007605    00000038     soma_axon_comm_test.o (.rodata.str1.16888641032759933111.1)
                  0000763d    00000036     axon_routine.o (.rodata.str1.5476353031723877597.1)
                  00007673    00000035     axon_routine.o (.rodata.str1.7302185608925382041.1)
                  000076a8    00000033     axon_routine.o (.rodata.str1.16053131213386362138.1)
                  000076db    00000032     axon_routine.o (.rodata.str1.10493685005624297193.1)
                  0000770d    00000032     axon_routine.o (.rodata.str1.1129973263054448079.1)
                  0000773f    00000032     axon_routine.o (.rodata.str1.13649928279134707410.1)
                  00007771    00000031     s2a_packet.o (.rodata.str1.15919774603732049422.1)
                  000077a2    0000002e     axon_routine.o (.rodata.str1.3546071986206203703.1)
                  000077d0    0000002d     axon_routine.o (.rodata.str1.16275428374102274200.1)
                  000077fd    0000002d     axon_routine.o (.rodata.str1.6715681399153775578.1)
                  0000782a    0000002c     axon_routine.o (.rodata.str1.13014566616985041789.1)
                  00007856    0000002c     s2a_packet.o (.rodata.str1.18356157544651353640.1)
                  00007882    0000002b     axon_routine.o (.rodata.str1.14927414391946160470.1)
                  000078ad    0000002b     axon_routine.o (.rodata.str1.5730828695261872317.1)
                  000078d8    0000002b     soma_axon_comm_test.o (.rodata.str1.9961456443828157440.1)
                  00007903    00000029     axon_routine.o (.rodata.str1.11944515220965031412.1)
                  0000792c    00000027     axon_routine.o (.rodata.str1.3638916923994497832.1)
                  00007953    00000025     s2a_packet.o (.rodata.str1.4159314087998852219.1)
                  00007978    00000024     s2a_packet.o (.rodata.str1.12313492030069750346.1)
                  0000799c    00000021     axon_routine.o (.rodata.str1.5985991894795415129.1)
                  000079bd    00000003     msp_peripheral_config.o (.rodata.g_TIMA_LED_CLOCK_CONFIG)
                  000079c0    00000020     axon_routine.o (.rodata..L__const.axon_routine_main.btn1_ctx)
                  000079e0    00000020     axon_routine.o (.rodata..L__const.axon_routine_main.btn2_ctx)
                  00007a00    0000001f     axon_routine.o (.rodata.str1.10607366127034335297.1)
                  00007a1f    00000001     --HOLE-- [fill = 0]
                  00007a20    0000001e     s2a_packet.o (.rodata..L__const.axon_handle_setaxon.timeout_table)
                  00007a3e    0000001e     soma_axon_comm_test.o (.rodata.str1.17163733150804281806.1)
                  00007a5c    0000001b     axon_routine.o (.rodata.str1.17620752597607741984.1)
                  00007a77    0000001a     axon_routine.o (.rodata.str1.11544620067038151125.1)
                  00007a91    00000018     axon_routine.o (.rodata.str1.5315017142325176683.1)
                  00007aa9    00000017     axon_routine.o (.rodata.str1.16547747785913852269.1)
                  00007ac0    00000016     axon_routine.o (.rodata.str1.13170470843846142408.1)
                  00007ad6    00000011     libc.a : _printfi.c.obj (.rodata.str1.10348868589481759720.1)
                  00007ae7    00000011            : _printfi.c.obj (.rodata.str1.15363888844622738466.1)
                  00007af8    00000010     s2a_packet.o (.rodata.axon_handle_setaxon.timeout_map)
                  00007b08    0000000d     axon_routine.o (.rodata.str1.8258637299588388763.1)
                  00007b15    0000000a     axon_routine.o (.rodata.str1.2599456037057767628.1)
                  00007b1f    00000001     --HOLE-- [fill = 0]
                  00007b20    00000008     msp_peripheral_config.o (.rodata.g_TIMA_LED_PWM_CONFIG)
                  00007b28    00000008     msp_peripheral_config.o (.rodata.g_TIMG_LED_PWM_CONFIG)
                  00007b30    00000008     axon_routine.o (.rodata.str1.12177618139265334924.1)
                  00007b38    00000008     axon_routine.o (.rodata.str1.15236533513612612620.1)
                  00007b40    00000008     soma_axon_comm_test.o (.rodata.str1.16019993927173311506.1)
                  00007b48    00000008     soma_axon_comm_test.o (.rodata.str1.4563888346566811793.1)
                  00007b50    00000008     soma_axon_comm_test.o (.rodata.str1.6155995108037416659.1)
                  00007b58    00000008     soma_axon_comm_test.o (.rodata.str1.736556590954446019.1)
                  00007b60    00000008     soma_axon_comm_test.o (.rodata.str1.8298861297467414673.1)
                  00007b68    00000007     soma_axon_comm_test.o (.rodata.str1.15543427717675474179.1)
                  00007b6f    00000007     axon_routine.o (.rodata.str1.15874351959947230243.1)
                  00007b76    00000007     soma_axon_comm_test.o (.rodata.str1.16196245222610423718.1)
                  00007b7d    00000007     axon_routine.o (.rodata.str1.18265383181475724439.1)
                  00007b84    00000007     soma_axon_comm_test.o (.rodata.str1.4979646705443735783.1)
                  00007b8b    00000007     soma_axon_comm_test.o (.rodata.str1.7589549447101528093.1)
                  00007b92    00000006     s2a_packet.o (.rodata.axon_serial_number)
                  00007b98    00000006     soma_axon_comm_test.o (.rodata.str1.14803114291648115125.1)
                  00007b9e    00000006     soma_axon_comm_test.o (.rodata.str1.7247368328196744947.1)
                  00007ba4    00000005     soma_axon_comm_test.o (.rodata.str1.1937060561350349321.1)
                  00007ba9    00000004     axon_routine.o (.rodata.str1.10537736000623303156.1)
                  00007bad    00000004     soma_axon_comm_test.o (.rodata.str1.14413332638274022860.1)
                  00007bb1    00000004     soma_axon_comm_test.o (.rodata.str1.14700453761544015464.1)
                  00007bb5    00000003     msp_peripheral_config.o (.rodata.g_TIMG_LED_CLOCK_CONFIG)
                  00007bb8    00000003     axon_routine.o (.rodata.str1.15118044987308954884.1)
                  00007bbb    00000003     axon_routine.o (.rodata.str1.18362543123880482347.1)
                  00007bbe    00000002     --HOLE-- [fill = 0]

.init_array 
*          0    00000000    00000000     UNINITIALIZED

.binit     0    00000000    00000000     

.data      0    20200000    00000b38     UNINITIALIZED
                  20200000    00000800     s2a_packet.o (.data.axon_handle_codepkt.g_fw_buffer)
                  20200800    000000f0     libc.a : defs.c.obj (.data._ftable)
                  202008f0    00000078     libsysbm.a : host_device.c.obj (.data._device)
                  20200968    00000050                : host_device.c.obj (.data._stream)
                  202009b8    0000003c     soma_axon_comm_test.o (.data.g_test_stats)
                  202009f4    00000022     axon_routine.o (.data.g_debug_log)
                  20200a16    00000020     s2a_packet.o (.data.debug_atirq_encrypted)
                  20200a36    00000020     s2a_packet.o (.data.debug_atirq_plain)
                  20200a56    00000014     axon_routine.o (.data.g_axon_status_shared)
                  20200a6a    00000010     s2a_packet.o (.data.axon_handle_setokey.g_operation_key)
                  20200a7a    00000002     s2a_packet.o (.data.debug_crc_calc)
                  20200a7c    00000010     axon_routine.o (.data.g_axon_state)
                  20200a8c    00000008     libc.a : exit.c.obj (.data..L_MergedGlobals)
                  20200a94    00000005     soma_axon_comm_test.o (.data.g_test_config)
                  20200a99    00000001     s2a_packet.o (.data.axon_handle_afwup.g_fw_update_mode)
                  20200a9a    00000002     s2a_packet.o (.data.debug_crc_recv)
                  20200a9c    00000004     libc.a : defs.c.obj (.data.__TI_ft_end)
                  20200aa0    00000004            : aeabi_portable.c.obj (.data.__aeabi_errno)
                  20200aa4    00000004            : _lock.c.obj (.data._lock)
                  20200aa8    00000004            : _lock.c.obj (.data._unlock)
                  20200aac    00000004     axon_routine.o (.data.axon_routine_main.both_press_start)
                  20200ab0    00000004     axon_routine.o (.data.axon_routine_main.last_blink_toggle)
                  20200ab4    00000004     axon_routine.o (.data.axon_routine_main.release_candidate_time1)
                  20200ab8    00000004     axon_routine.o (.data.axon_routine_main.release_candidate_time2)
                  20200abc    00000004     axon_routine.o (.data.axon_routine_main.retry_last_send_time)
                  20200ac0    00000004     soma_uart_test.o (.data.debug_byte1_ng_count)
                  20200ac4    00000004     s2a_packet.o (.data.debug_chkirq_call_count)
                  20200ac8    00000004     s2a_packet.o (.data.debug_cmd_ng_count)
                  20200acc    00000004     soma_uart_test.o (.data.debug_complete_count)
                  20200ad0    00000004     s2a_packet.o (.data.debug_crc_ng_count)
                  20200ad4    00000004     soma_uart_test.o (.data.debug_fifo_empty_count)
                  20200ad8    00000004     soma_uart_test.o (.data.debug_framing_error_count)
                  20200adc    00000004     s2a_packet.o (.data.debug_header_ng_count)
                  20200ae0    00000004     soma_uart_test.o (.data.debug_iidx_value)
                  20200ae4    00000004     soma_uart_test.o (.data.debug_isr_call_count)
                  20200ae8    00000004     s2a_packet.o (.data.debug_led_event_count)
                  20200aec    00000004     s2a_packet.o (.data.debug_len_ng_count)
                  20200af0    00000004     soma_uart_test.o (.data.debug_overrun_count)
                  20200af4    00000004     soma_uart_test.o (.data.debug_rx_count)
                  20200af8    00000004     soma_uart_test.o (.data.debug_rxdata_raw_value)
                  20200afc    00000004     s2a_packet.o (.data.debug_send_ok_count)
                  20200b00    00000004     soma_uart_test.o (.data.debug_sync_reset_count)
                  20200b04    00000004     soma_uart_test.o (.data.debug_uart_stat_value)
                  20200b08    00000004     s2a_packet.o (.data.g_fw_last_address)
                  20200b0c    00000004     s2a_packet.o (.data.g_fw_total_crc)
                  20200b10    00000004     axon_routine.o (.data.g_irq_pulse_start_time)
                  20200b14    00000004     isr.o (.data.g_systick_count)
                  20200b18    00000001     s2a_packet.o (.data.axon_handle_errchk.g_fw_update_complete)
                  20200b19    00000001     axon_routine.o (.data.axon_routine_main.both_buttons_pressed)
                  20200b1a    00000001     axon_routine.o (.data.axon_routine_main.both_release_lockout)
                  20200b1b    00000001     axon_routine.o (.data.axon_routine_main.connector_initialized)
                  20200b1c    00000001     axon_routine.o (.data.axon_routine_main.door_initialized)
                  20200b1d    00000001     axon_routine.o (.data.axon_routine_main.prev_blink_mode)
                  20200b1e    00000001     axon_routine.o (.data.axon_routine_main.prev_connector_state)
                  20200b1f    00000001     axon_routine.o (.data.axon_routine_main.prev_door_state)
                  20200b20    00000001     axon_routine.o (.data.axon_routine_main.prev_soldout_state)
                  20200b21    00000001     axon_routine.o (.data.axon_routine_main.release_candidate1)
                  20200b22    00000001     axon_routine.o (.data.axon_routine_main.release_candidate2)
                  20200b23    00000001     axon_routine.o (.data.axon_routine_main.soldout_initialized)
                  20200b24    00000001     soma_uart_test.o (.data.debug_byte1)
                  20200b25    00000001     s2a_packet.o (.data.debug_decrypted_id)
                  20200b26    00000001     soma_uart_test.o (.data.debug_last_byte)
                  20200b27    00000001     soma_uart_test.o (.data.debug_rx_index)
                  20200b28    00000001     soma_uart_test.o (.data.frame_received)
                  20200b29    00000001     s2a_packet.o (.data.g_cmd_recv_toggle)
                  20200b2a    00000001     axon_routine.o (.data.g_dial_rotation_count)
                  20200b2b    00000001     axon_routine.o (.data.g_irq_pulse_pending)
                  20200b2c    00000001     axon_routine.o (.data.g_left_amount)
                  20200b2d    00000001     axon_routine.o (.data.g_pending_left_amount)
                  20200b2e    00000001     axon_routine.o (.data.g_pending_left_updated)
                  20200b2f    00000001     axon_routine.o (.data.g_pending_right_amount)
                  20200b30    00000001     axon_routine.o (.data.g_pending_right_updated)
                  20200b31    00000001     axon_routine.o (.data.g_retry_pending)
                  20200b32    00000001     axon_routine.o (.data.g_right_amount)
                  20200b33    00000001     isr.o (.data.rx_complete_ready)
                  20200b34    00000001     libc.a : memory.c.obj (.data.memory_is_initialized)
                  20200b35    00000001     soma_uart_test.o (.data.rx_index)
                  20200b36    00000001     soma_uart_test.o (.data.rx_variable_length)
                  20200b37    00000001     soma_uart_test.o (.data.rx_variable_ready)

.sysmem    0    20200b38    00000800     UNINITIALIZED
                  20200b38    00000010     libc.a : memory.c.obj (.sysmem)
                  20200b48    000007f0     --HOLE--

.bss       0    20201338    000002dc     UNINITIALIZED
                  20201338    00000120     libsysbm.a : trgmsg.c.obj (.bss:_CIOBUF_)
                  20201458    000000a0     libc.a : defs.c.obj (.bss.__TI_tmpnams)
                  202014f8    00000028     (.common:rx_variable_frame)
                  20201520    00000024     (.common:rx_complete_frame)
                  20201544    00000024     (.common:rx_frame)
                  20201568    00000014     (.common:g_button_1_event)
                  2020157c    00000014     (.common:g_button_2_event)
                  20201590    00000014     (.common:g_coindet_event)
                  202015a4    00000014     (.common:g_connector_event)
                  202015b8    00000014     (.common:g_door_event)
                  202015cc    00000014     (.common:g_escrow_event)
                  202015e0    00000014     (.common:g_rotary_event)
                  202015f4    00000014     (.common:g_soldout_event)
                  20201608    00000008     libsysbm.a : hostopen.c.obj (.bss.parmbuf)
                  20201610    00000004     libc.a : memory.c.obj (.bss.sys_free)

.stack     0    20207e00    00000200     UNINITIALIZED
                  20207e00    00000004     libc.a : boot_cortex_m.c.obj (.stack)
                  20207e04    000001fc     --HOLE--

__llvm_prf_cnts 
*          0    20200000    00000000     UNINITIALIZED

__llvm_prf_bits 
*          0    20200000    00000000     UNINITIALIZED

MODULE SUMMARY

       Module                         code    ro data   rw data
       ------                         ----    -------   -------
    .\
       axon_routine.o                 4972    2162      274    
       isr.o                          1250    189       41     
       soma_axon_comm_test.o          700     222       65     
       ti_msp_dl_config.o             524     0         0      
       soma_uart_test.o               262     0         127    
       main.o                         230     0         0      
       startup_mspm0g350x_ticlang.o   8       192       0      
    +--+------------------------------+-------+---------+---------+
       Total:                         7946    2765      507    
                                                               
    .\peripheral\
       msp_peripheral_config.o        2676    22        0      
    +--+------------------------------+-------+---------+---------+
       Total:                         2676    22        0      
                                                               
    .\protocol\src\
       s2a_packet.o                   5490    1446      2172   
    +--+------------------------------+-------+---------+---------+
       Total:                         5490    1446      2172   
                                                               
    C:/ti/mspm0_sdk_2_06_00_05/source/ti/driverlib/lib/ticlang/m0p/mspm0g1x0x_g3x0x/driverlib.a
       dl_timer.o                     356     0         0      
       dl_uart.o                      218     0         0      
       dl_common.o                    10      0         0      
    +--+------------------------------+-------+---------+---------+
       Total:                         584     0         0      
                                                               
    C:\ti\ccs2030\ccs\tools\compiler\ti-cgt-armllvm_4.0.3.LTS\lib\armv6m-ti-none-eabi/c/libc.a
       _printfi.c.obj                 4510    34        0      
       memory.c.obj                   702     0         5      
       defs.c.obj                     0       0         404    
       aeabi_ctype.S.obj              0       257       0      
       fputs.c.obj                    248     0         0      
       setvbuf.c.obj                  224     0         0      
       s_scalbn.c.obj                 216     0         0      
       getdevice.c.obj                160     0         0      
       fputc.c.obj                    156     0         0      
       strcmp-armv6m.S.obj            136     0         0      
       copy_decompress_lzss.c.obj     124     0         0      
       fclose.c.obj                   124     0         0      
       fseek.c.obj                    116     0         0      
       printf.c.obj                   108     0         0      
       _io_perm.c.obj                 100     0         0      
       s_frexp.c.obj                  92      0         0      
       _ltoa.c.obj                    88      0         0      
       fflush.c.obj                   82      0         0      
       exit.c.obj                     58      0         8      
       atoi.c.obj                     64      0         0      
       autoinit.c.obj                 60      0         0      
       boot_cortex_m.c.obj            56      0         0      
       fopen.c.obj                    52      0         0      
       memccpy.c.obj                  34      0         0      
       copy_zero_init.c.obj           22      0         0      
       copy_decompress_none.c.obj     18      0         0      
       memcpy16.S.obj                 18      0         0      
       wcslen.c.obj                   16      0         0      
       memset16.S.obj                 14      0         0      
       aeabi_portable.c.obj           8       0         4      
       _lock.c.obj                    2       0         8      
       pre_init.c.obj                 4       0         0      
    +--+------------------------------+-------+---------+---------+
       Total:                         7612    291       429    
                                                               
    C:\ti\ccs2030\ccs\tools\compiler\ti-cgt-armllvm_4.0.3.LTS\lib\armv6m-ti-none-eabi/c/libsysbm.a
       trgmsg.c.obj                   104     0         288    
       host_device.c.obj              0       0         200    
       hostrename.c.obj               136     0         0      
       hostlseek.c.obj                108     0         0      
       hostopen.c.obj                 96      0         8      
       hostread.c.obj                 88      0         0      
       hostwrite.c.obj                88      0         0      
       close.c.obj                    80      0         0      
       hostclose.c.obj                72      0         0      
       hostunlink.c.obj               72      0         0      
       unlink.c.obj                   44      0         0      
       lseek.c.obj                    40      0         0      
       write.c.obj                    40      0         0      
       remove.c.obj                   8       0         0      
       hostexit.c.obj                 4       0         0      
    +--+------------------------------+-------+---------+---------+
       Total:                         980     0         496    
                                                               
    C:\ti\ccs2030\ccs\tools\compiler\ti-cgt-armllvm_4.0.3.LTS\lib\armv6m-ti-none-eabi/libclang_rt.builtins.a
       adddf3.S.obj                   418     0         0      
       divdf3.S.obj                   268     0         0      
       muldf3.S.obj                   228     0         0      
       comparedf2.c.obj               220     0         0      
       udivmoddi4.S.obj               162     0         0      
       aeabi_dcmp.S.obj               98      0         0      
       aeabi_idivmod.S.obj            86      0         0      
       fixdfsi.S.obj                  74      0         0      
       aeabi_uidivmod.S.obj           64      0         0      
       muldsi3.S.obj                  58      0         0      
       floatsidf.S.obj                44      0         0      
       muldi3.S.obj                   36      0         0      
       ashldi3.S.obj                  30      0         0      
       aeabi_memset.S.obj             26      0         0      
       aeabi_uldivmod.S.obj           20      0         0      
       aeabi_memcpy.S.obj             8       0         0      
       aeabi_div0.c.obj               4       0         0      
    +--+------------------------------+-------+---------+---------+
       Total:                         1844    0         0      
                                                               
       Heap:                          0       0         2048   
       Stack:                         0       0         512    
       Linker Generated:              0       141       0      
    +--+------------------------------+-------+---------+---------+
       Grand Total:                   27132   4665      6164   


LINKER GENERATED COPY TABLES

__TI_cinit_table @ 00007c40 records: 2, size/record: 8, table size: 16
	.data: load addr=00007bc0, load size=00000069 bytes, run addr=20200000, run size=00000b38 bytes, compression=lzss
	.bss: load addr=00007c38, load size=00000008 bytes, run addr=20201338, run size=000002dc bytes, compression=zero_init


LINKER GENERATED HANDLER TABLE

__TI_handler_table @ 00007c2c records: 3, size/record: 4, table size: 12
	index: 0, handler: __TI_decompress_lzss
	index: 1, handler: __TI_decompress_none
	index: 2, handler: __TI_zero_init


FAR CALL TRAMPOLINES

callee name               trampoline name
   callee addr  tramp addr   call addr  call info
--------------  -----------  ---------  ----------------
__aeabi_dsub              $Tramp$TT$L$PI$$__aeabi_dsub
   000031fd     00006a5c     00006a5a   libc.a : _printfi.c.obj (.text.OUTLINED_FUNCTION_0)
_c_int00_noargs           $Tramp$TT$L$PI$$_c_int00_noargs
   0000629d     00006abc     00006ab6   startup_mspm0g350x_ticlang.o (.text.Reset_Handler)

[2 trampolines]
[2 trampoline calls]


GLOBAL SYMBOLS: SORTED ALPHABETICALLY BY Name 

address   name                            
-------   ----                            
00006aaf  ADC0_IRQHandler                 
00006aaf  ADC1_IRQHandler                 
00006aaf  AES_IRQHandler                  
00006ab2  C$$EXIT                         
00005e1d  C$$IO$$                         
00006aaf  CANFD0_IRQHandler               
00006aaf  DAC0_IRQHandler                 
00006a49  DL_Common_delayCycles           
00003a21  DL_Timer_initFourCCPWMMode      
0000647d  DL_Timer_setCaptCompUpdateMethod
000066f1  DL_Timer_setCaptureCompareOutCtl
0000699d  DL_Timer_setCaptureCompareValue 
00006499  DL_Timer_setClockConfig         
00004b99  DL_UART_configBaudRate          
00005831  DL_UART_init                    
00006935  DL_UART_setClockConfig          
00006aaf  DMA_IRQHandler                  
00006aaf  Default_Handler                 
0000338f  GROUP0_IRQHandler               
00002a95  GROUP1_IRQHandler               
00005879  HOSTclose                       
00006ab3  HOSTexit                        
00004f05  HOSTlseek                       
00005385  HOSTopen                        
0000549d  HOSTread                        
00004f71  HOSTrename                      
000058c1  HOSTunlink                      
000054f5  HOSTwrite                       
00006aaf  HardFault_Handler               
00006aaf  I2C0_IRQHandler                 
00006aaf  I2C1_IRQHandler                 
00006aaf  NMI_Handler                     
00006aaf  PendSV_Handler                  
00006aaf  RTC_IRQHandler                  
00006ab7  Reset_Handler                   
00006aaf  SPI0_IRQHandler                 
00006aaf  SPI1_IRQHandler                 
00006aaf  SVC_Handler                     
000068ad  SYSCFG_DL_AES_init              
000061fd  SYSCFG_DL_CRC_init              
00002339  SYSCFG_DL_GPIO_init             
00006809  SYSCFG_DL_SYSCTL_init           
000068c1  SYSCFG_DL_SYSTICK_init          
000059dd  SYSCFG_DL_TRNG_init             
00005fab  SYSCFG_DL_init                  
00004821  SYSCFG_DL_initPower             
000069ad  SysTick_Handler                 
00006aaf  TIMA0_IRQHandler                
00006aaf  TIMA1_IRQHandler                
00006aaf  TIMG0_IRQHandler                
00006aaf  TIMG12_IRQHandler               
00006aaf  TIMG6_IRQHandler                
00006aaf  TIMG7_IRQHandler                
00006aaf  TIMG8_IRQHandler                
00006947  TI_memcpy_small                 
00006a15  TI_memset_small                 
0000261d  UART0_IRQHandler                
00006aaf  UART1_IRQHandler                
000040e3  UART2_IRQHandler                
00006aaf  UART3_IRQHandler                
20201338  _CIOBUF_                        
20201338  __CIOBUF_                       
20208000  __STACK_END                     
00000200  __STACK_SIZE                    
00000800  __SYSMEM_SIZE                   
00000000  __TI_ATRegion0_region_sz        
00000000  __TI_ATRegion0_src_addr         
00000000  __TI_ATRegion0_trg_addr         
00000000  __TI_ATRegion1_region_sz        
00000000  __TI_ATRegion1_src_addr         
00000000  __TI_ATRegion1_trg_addr         
00000000  __TI_ATRegion2_region_sz        
00000000  __TI_ATRegion2_src_addr         
00000000  __TI_ATRegion2_trg_addr         
00007c40  __TI_CINIT_Base                 
00007c50  __TI_CINIT_Limit                
00007c50  __TI_CINIT_Warm                 
00007c2c  __TI_Handler_Table_Base         
00007c38  __TI_Handler_Table_Limit        
00005bd1  __TI_auto_init_nobinit_nopinit  
00005d89  __TI_cleanup                    
20200a8c  __TI_cleanup_ptr                
00004d99  __TI_closefile                  
00004e15  __TI_decompress_lzss            
00006959  __TI_decompress_none            
000056a9  __TI_doflush                    
20200a90  __TI_dtors_ptr                  
20200a9c  __TI_ft_end                     
0000554d  __TI_ltoa                       
ffffffff  __TI_pprof_out_hndl             
00000de9  __TI_printfi                    
ffffffff  __TI_prof_data_size             
ffffffff  __TI_prof_data_start            
00005dbd  __TI_readmsg                    
00000000  __TI_static_base__              
20201458  __TI_tmpnams                    
00005df1  __TI_writemsg                   
00005257  __TI_wrt_ok                     
0000681f  __TI_zero_init_nomemset         
00003207  __adddf3                        
00006ad0  __aeabi_ctype_table_            
00006ad0  __aeabi_ctype_table_C           
0000579d  __aeabi_d2iz                    
00003207  __aeabi_dadd                    
00005321  __aeabi_dcmpeq                  
0000535d  __aeabi_dcmpge                  
00005371  __aeabi_dcmpgt                  
00005349  __aeabi_dcmple                  
00005335  __aeabi_dcmplt                  
00003701  __aeabi_ddiv                    
000042b5  __aeabi_dmul                    
000031fd  __aeabi_dsub                    
20200aa0  __aeabi_errno                   
00004b09  __aeabi_errno_addr              
000060b5  __aeabi_i2d                     
000055fd  __aeabi_idiv                    
0000477b  __aeabi_idiv0                   
000055fd  __aeabi_idivmod                 
0000481f  __aeabi_ldiv0                   
00006399  __aeabi_llsl                    
0000630d  __aeabi_lmul                    
00006a25  __aeabi_memclr                  
00006a25  __aeabi_memclr4                 
00006a25  __aeabi_memclr8                 
00006a79  __aeabi_memcpy                  
00006a79  __aeabi_memcpy4                 
00006a79  __aeabi_memcpy8                 
000069dd  __aeabi_memset                  
000069dd  __aeabi_memset4                 
000069dd  __aeabi_memset8                 
00005a1d  __aeabi_uidiv                   
00005a1d  __aeabi_uidivmod                
000068d5  __aeabi_uldivmod                
00006399  __ashldi3                       
ffffffff  __binit__                       
00005121  __cmpdf2                        
00003701  __divdf3                        
00005121  __eqdf2                         
0000579d  __fixdfsi                       
000060b5  __floatsidf                     
00004e91  __gedf2                         
00004e91  __gtdf2                         
00005121  __ledf2                         
00005121  __ltdf2                         
UNDEFED   __mpu_init                      
000042b5  __muldf3                        
0000630d  __muldi3                        
00005c0d  __muldsi3                       
00005121  __nedf2                         
20207e00  __stack                         
20200000  __start___llvm_prf_bits         
20200000  __start___llvm_prf_cnts         
20200000  __stop___llvm_prf_bits          
20200000  __stop___llvm_prf_cnts          
000031fd  __subdf3                        
0000477d  __udivmoddi4                    
0000629d  _c_int00_noargs                 
202008f0  _device                         
20200800  _ftable                         
20200aa4  _lock                           
00005383  _nop                            
20200968  _stream                         
20200b38  _sys_memory                     
UNDEFED   _system_post_cinit              
00006acd  _system_pre_init                
20200aa8  _unlock                         
00006aa9  abort                           
000035ed  aligned_alloc                   
00005a5d  atoi                            
00003e15  axon_handle_afwup               
00003919  axon_handle_axonrbt             
000017b9  axon_handle_chkirq              
00002c7d  axon_handle_codepkt             
0000380d  axon_handle_errchk              
00003ff5  axon_handle_nop                 
00001ee5  axon_handle_setaxon             
00004c19  axon_handle_setokey             
000000c1  axon_routine_main               
00003f05  axon_test_record_command        
00005a9d  axon_test_record_crc_error      
000049f9  axon_test_record_response       
ffffffff  binit                           
0000574d  close                           
20200a16  debug_atirq_encrypted           
20200a36  debug_atirq_plain               
20200b24  debug_byte1                     
20200ac0  debug_byte1_ng_count            
20200ac4  debug_chkirq_call_count         
20200ac8  debug_cmd_ng_count              
20200acc  debug_complete_count            
20200a7a  debug_crc_calc                  
20200ad0  debug_crc_ng_count              
20200a9a  debug_crc_recv                  
20200b25  debug_decrypted_id              
20200ad4  debug_fifo_empty_count          
20200ad8  debug_framing_error_count       
20200adc  debug_header_ng_count           
20200ae0  debug_iidx_value                
20200ae4  debug_isr_call_count            
20200b26  debug_last_byte                 
20200ae8  debug_led_event_count           
20200aec  debug_len_ng_count              
20200af0  debug_overrun_count             
20200af4  debug_rx_count                  
20200b27  debug_rx_index                  
20200af8  debug_rxdata_raw_value          
20200afc  debug_send_ok_count             
20200b00  debug_sync_reset_count          
20200b04  debug_uart_stat_value           
00005e25  exit                            
00005e59  finddevice                      
0000495d  fputc                           
00003c29  fputs                           
20200b28  frame_received                  
000041cd  free                            
000053e5  frexp                           
000053e5  frexpl                          
00006a91  fseek                           
00005049  fseeko                          
20200a7c  g_axon_state                    
20200a56  g_axon_status_shared            
20201568  g_button_1_event                
2020157c  g_button_2_event                
20201590  g_coindet_event                 
202015a4  g_connector_event               
202009f4  g_debug_log                     
20200b2a  g_dial_rotation_count           
202015b8  g_door_event                    
202015cc  g_escrow_event                  
20200b2b  g_irq_pulse_pending             
20200b10  g_irq_pulse_start_time          
20200b2c  g_left_amount                   
20200b2d  g_pending_left_amount           
20200b2e  g_pending_left_updated          
20200b2f  g_pending_right_amount          
20200b30  g_pending_right_updated         
20200b31  g_retry_pending                 
20200b32  g_right_amount                  
202015e0  g_rotary_event                  
202015f4  g_soldout_event                 
20200b14  g_systick_count                 
00006a31  get_systick_count_ms            
000050b5  getdevice                       
00000000  interruptVectors                
00004479  ldexp                           
00004479  ldexpl                          
0000624d  lseek                           
000057e7  main                            
00006a3d  malloc                          
000035ed  memalign                        
00006355  memccpy                         
20201608  parmbuf                         
00005441  printf                          
00006aa1  remove                          
20201520  rx_complete_frame               
20200b33  rx_complete_ready               
20201544  rx_frame                        
20200b35  rx_index                        
202014f8  rx_variable_frame               
20200b36  rx_variable_length              
20200b37  rx_variable_ready               
00004479  scalbn                          
00004479  scalbnl                         
00004399  setvbuf                         
00004b11  strcmp                          
00005add  uart_send_packet                
00004d19  uart_send_packet_fast           
000060e1  unlink                          
00005951  update_segment_leds             
000069bd  wcslen                          
00006275  write                           


GLOBAL SYMBOLS: SORTED BY Symbol Address 

address   name                            
-------   ----                            
00000000  __TI_ATRegion0_region_sz        
00000000  __TI_ATRegion0_src_addr         
00000000  __TI_ATRegion0_trg_addr         
00000000  __TI_ATRegion1_region_sz        
00000000  __TI_ATRegion1_src_addr         
00000000  __TI_ATRegion1_trg_addr         
00000000  __TI_ATRegion2_region_sz        
00000000  __TI_ATRegion2_src_addr         
00000000  __TI_ATRegion2_trg_addr         
00000000  __TI_static_base__              
00000000  interruptVectors                
000000c1  axon_routine_main               
00000200  __STACK_SIZE                    
00000800  __SYSMEM_SIZE                   
00000de9  __TI_printfi                    
000017b9  axon_handle_chkirq              
00001ee5  axon_handle_setaxon             
00002339  SYSCFG_DL_GPIO_init             
0000261d  UART0_IRQHandler                
00002a95  GROUP1_IRQHandler               
00002c7d  axon_handle_codepkt             
000031fd  __aeabi_dsub                    
000031fd  __subdf3                        
00003207  __adddf3                        
00003207  __aeabi_dadd                    
0000338f  GROUP0_IRQHandler               
000035ed  aligned_alloc                   
000035ed  memalign                        
00003701  __aeabi_ddiv                    
00003701  __divdf3                        
0000380d  axon_handle_errchk              
00003919  axon_handle_axonrbt             
00003a21  DL_Timer_initFourCCPWMMode      
00003c29  fputs                           
00003e15  axon_handle_afwup               
00003f05  axon_test_record_command        
00003ff5  axon_handle_nop                 
000040e3  UART2_IRQHandler                
000041cd  free                            
000042b5  __aeabi_dmul                    
000042b5  __muldf3                        
00004399  setvbuf                         
00004479  ldexp                           
00004479  ldexpl                          
00004479  scalbn                          
00004479  scalbnl                         
0000477b  __aeabi_idiv0                   
0000477d  __udivmoddi4                    
0000481f  __aeabi_ldiv0                   
00004821  SYSCFG_DL_initPower             
0000495d  fputc                           
000049f9  axon_test_record_response       
00004b09  __aeabi_errno_addr              
00004b11  strcmp                          
00004b99  DL_UART_configBaudRate          
00004c19  axon_handle_setokey             
00004d19  uart_send_packet_fast           
00004d99  __TI_closefile                  
00004e15  __TI_decompress_lzss            
00004e91  __gedf2                         
00004e91  __gtdf2                         
00004f05  HOSTlseek                       
00004f71  HOSTrename                      
00005049  fseeko                          
000050b5  getdevice                       
00005121  __cmpdf2                        
00005121  __eqdf2                         
00005121  __ledf2                         
00005121  __ltdf2                         
00005121  __nedf2                         
00005257  __TI_wrt_ok                     
00005321  __aeabi_dcmpeq                  
00005335  __aeabi_dcmplt                  
00005349  __aeabi_dcmple                  
0000535d  __aeabi_dcmpge                  
00005371  __aeabi_dcmpgt                  
00005383  _nop                            
00005385  HOSTopen                        
000053e5  frexp                           
000053e5  frexpl                          
00005441  printf                          
0000549d  HOSTread                        
000054f5  HOSTwrite                       
0000554d  __TI_ltoa                       
000055fd  __aeabi_idiv                    
000055fd  __aeabi_idivmod                 
000056a9  __TI_doflush                    
0000574d  close                           
0000579d  __aeabi_d2iz                    
0000579d  __fixdfsi                       
000057e7  main                            
00005831  DL_UART_init                    
00005879  HOSTclose                       
000058c1  HOSTunlink                      
00005951  update_segment_leds             
000059dd  SYSCFG_DL_TRNG_init             
00005a1d  __aeabi_uidiv                   
00005a1d  __aeabi_uidivmod                
00005a5d  atoi                            
00005a9d  axon_test_record_crc_error      
00005add  uart_send_packet                
00005bd1  __TI_auto_init_nobinit_nopinit  
00005c0d  __muldsi3                       
00005d89  __TI_cleanup                    
00005dbd  __TI_readmsg                    
00005df1  __TI_writemsg                   
00005e1d  C$$IO$$                         
00005e25  exit                            
00005e59  finddevice                      
00005fab  SYSCFG_DL_init                  
000060b5  __aeabi_i2d                     
000060b5  __floatsidf                     
000060e1  unlink                          
000061fd  SYSCFG_DL_CRC_init              
0000624d  lseek                           
00006275  write                           
0000629d  _c_int00_noargs                 
0000630d  __aeabi_lmul                    
0000630d  __muldi3                        
00006355  memccpy                         
00006399  __aeabi_llsl                    
00006399  __ashldi3                       
0000647d  DL_Timer_setCaptCompUpdateMethod
00006499  DL_Timer_setClockConfig         
000066f1  DL_Timer_setCaptureCompareOutCtl
00006809  SYSCFG_DL_SYSCTL_init           
0000681f  __TI_zero_init_nomemset         
000068ad  SYSCFG_DL_AES_init              
000068c1  SYSCFG_DL_SYSTICK_init          
000068d5  __aeabi_uldivmod                
00006935  DL_UART_setClockConfig          
00006947  TI_memcpy_small                 
00006959  __TI_decompress_none            
0000699d  DL_Timer_setCaptureCompareValue 
000069ad  SysTick_Handler                 
000069bd  wcslen                          
000069dd  __aeabi_memset                  
000069dd  __aeabi_memset4                 
000069dd  __aeabi_memset8                 
00006a15  TI_memset_small                 
00006a25  __aeabi_memclr                  
00006a25  __aeabi_memclr4                 
00006a25  __aeabi_memclr8                 
00006a31  get_systick_count_ms            
00006a3d  malloc                          
00006a49  DL_Common_delayCycles           
00006a79  __aeabi_memcpy                  
00006a79  __aeabi_memcpy4                 
00006a79  __aeabi_memcpy8                 
00006a91  fseek                           
00006aa1  remove                          
00006aa9  abort                           
00006aaf  ADC0_IRQHandler                 
00006aaf  ADC1_IRQHandler                 
00006aaf  AES_IRQHandler                  
00006aaf  CANFD0_IRQHandler               
00006aaf  DAC0_IRQHandler                 
00006aaf  DMA_IRQHandler                  
00006aaf  Default_Handler                 
00006aaf  HardFault_Handler               
00006aaf  I2C0_IRQHandler                 
00006aaf  I2C1_IRQHandler                 
00006aaf  NMI_Handler                     
00006aaf  PendSV_Handler                  
00006aaf  RTC_IRQHandler                  
00006aaf  SPI0_IRQHandler                 
00006aaf  SPI1_IRQHandler                 
00006aaf  SVC_Handler                     
00006aaf  TIMA0_IRQHandler                
00006aaf  TIMA1_IRQHandler                
00006aaf  TIMG0_IRQHandler                
00006aaf  TIMG12_IRQHandler               
00006aaf  TIMG6_IRQHandler                
00006aaf  TIMG7_IRQHandler                
00006aaf  TIMG8_IRQHandler                
00006aaf  UART1_IRQHandler                
00006aaf  UART3_IRQHandler                
00006ab2  C$$EXIT                         
00006ab3  HOSTexit                        
00006ab7  Reset_Handler                   
00006acd  _system_pre_init                
00006ad0  __aeabi_ctype_table_            
00006ad0  __aeabi_ctype_table_C           
00007c2c  __TI_Handler_Table_Base         
00007c38  __TI_Handler_Table_Limit        
00007c40  __TI_CINIT_Base                 
00007c50  __TI_CINIT_Limit                
00007c50  __TI_CINIT_Warm                 
20200000  __start___llvm_prf_bits         
20200000  __start___llvm_prf_cnts         
20200000  __stop___llvm_prf_bits          
20200000  __stop___llvm_prf_cnts          
20200800  _ftable                         
202008f0  _device                         
20200968  _stream                         
202009f4  g_debug_log                     
20200a16  debug_atirq_encrypted           
20200a36  debug_atirq_plain               
20200a56  g_axon_status_shared            
20200a7a  debug_crc_calc                  
20200a7c  g_axon_state                    
20200a8c  __TI_cleanup_ptr                
20200a90  __TI_dtors_ptr                  
20200a9a  debug_crc_recv                  
20200a9c  __TI_ft_end                     
20200aa0  __aeabi_errno                   
20200aa4  _lock                           
20200aa8  _unlock                         
20200ac0  debug_byte1_ng_count            
20200ac4  debug_chkirq_call_count         
20200ac8  debug_cmd_ng_count              
20200acc  debug_complete_count            
20200ad0  debug_crc_ng_count              
20200ad4  debug_fifo_empty_count          
20200ad8  debug_framing_error_count       
20200adc  debug_header_ng_count           
20200ae0  debug_iidx_value                
20200ae4  debug_isr_call_count            
20200ae8  debug_led_event_count           
20200aec  debug_len_ng_count              
20200af0  debug_overrun_count             
20200af4  debug_rx_count                  
20200af8  debug_rxdata_raw_value          
20200afc  debug_send_ok_count             
20200b00  debug_sync_reset_count          
20200b04  debug_uart_stat_value           
20200b10  g_irq_pulse_start_time          
20200b14  g_systick_count                 
20200b24  debug_byte1                     
20200b25  debug_decrypted_id              
20200b26  debug_last_byte                 
20200b27  debug_rx_index                  
20200b28  frame_received                  
20200b2a  g_dial_rotation_count           
20200b2b  g_irq_pulse_pending             
20200b2c  g_left_amount                   
20200b2d  g_pending_left_amount           
20200b2e  g_pending_left_updated          
20200b2f  g_pending_right_amount          
20200b30  g_pending_right_updated         
20200b31  g_retry_pending                 
20200b32  g_right_amount                  
20200b33  rx_complete_ready               
20200b35  rx_index                        
20200b36  rx_variable_length              
20200b37  rx_variable_ready               
20200b38  _sys_memory                     
20201338  _CIOBUF_                        
20201338  __CIOBUF_                       
20201458  __TI_tmpnams                    
202014f8  rx_variable_frame               
20201520  rx_complete_frame               
20201544  rx_frame                        
20201568  g_button_1_event                
2020157c  g_button_2_event                
20201590  g_coindet_event                 
202015a4  g_connector_event               
202015b8  g_door_event                    
202015cc  g_escrow_event                  
202015e0  g_rotary_event                  
202015f4  g_soldout_event                 
20201608  parmbuf                         
20207e00  __stack                         
20208000  __STACK_END                     
ffffffff  __TI_pprof_out_hndl             
ffffffff  __TI_prof_data_size             
ffffffff  __TI_prof_data_start            
ffffffff  __binit__                       
ffffffff  binit                           
UNDEFED   __mpu_init                      
UNDEFED   _system_post_cinit              

[271 symbols]
