******************************************************************************
            TI ARM Clang Linker PC v4.0.3                      
******************************************************************************
>> Linked Sat Nov 15 15:52:51 2025

OUTPUT FILE NAME:   <axon_board.out>
ENTRY POINT SYMBOL: "_c_int00_noargs"  address: 00002111


MEMORY CONFIGURATION

         name            origin    length      used     unused   attr    fill
----------------------  --------  ---------  --------  --------  ----  --------
  FLASH                 00000000   00020000  000024f8  0001db08  R  X
  SRAM                  20200000   00008000  0000048d  00007b73  RW X
  BCR_CONFIG            41c00000   000000ff  00000000  000000ff  R   
  BSL_CONFIG            41c00100   00000080  00000000  00000080  R   


SEGMENT ALLOCATION MAP

run origin  load origin   length   init length attrs members
----------  ----------- ---------- ----------- ----- -------
00000000    00000000    000024f8   000024f8    r-x
  00000000    00000000    000000c0   000000c0    r-- .intvecs
  000000c0    000000c0    000022e8   000022e8    r-x .text
  000023a8    000023a8    000000f8   000000f8    r-- .rodata
  000024a0    000024a0    00000058   00000058    r-- .cinit
20200000    20200000    00000290   00000000    rw-
  20200000    20200000    0000017d   00000000    rw- .data
  20200180    20200180    00000110   00000000    rw- .bss
20207e00    20207e00    00000200   00000000    rw-
  20207e00    20207e00    00000200   00000000    rw- .stack


SECTION ALLOCATION MAP

 output                                  attributes/
section   page    origin      length       input sections
--------  ----  ----------  ----------   ----------------
.intvecs   0    00000000    000000c0     
                  00000000    000000c0     startup_mspm0g350x_ticlang.o (.intvecs)

.text      0    000000c0    000022e8     
                  000000c0    000004cc     UARTMSPM0.o (.text.UARTMSP_interruptHandler)
                  0000058c    00000474     axon_routine.o (.text.axon_routine_main)
                  00000a00    00000198     UARTMSPM0.o (.text.UARTMSP_enable)
                  00000b98    00000188     msp_peripheral_config.o (.text.SYSCFG_DL_init)
                  00000d20    00000180     DMAMSPM0.o (.text.DMAMSPM0_hwiFxn)
                  00000ea0    00000168     msp_peripheral_config.o (.text.SYSCFG_DL_GPIO_init)
                  00001008    0000014c     uart_packet.o (.text.receive_uart_s2a_packet)
                  00001154    0000012c     UARTMSPM0.o (.text.UARTMSP_dmaRx)
                  00001280    0000011c     UART.o (.text.UART_writeFullFeatured)
                  0000139c    00000118     isr.o (.text.GROUP1_IRQHandler)
                  000014b4    00000104     driverlib.a : dl_timer.o (.text.DL_Timer_initFourCCPWMMode)
                  000015b8    00000104     RingBuf.o (.text.RingBuf_getn)
                  000016bc    000000fe     RingBuf.o (.text.RingBuf_putn)
                  000017ba    00000002     startup_mspm0g350x_ticlang.o (.text.Default_Handler)
                  000017bc    000000d4     UART.o (.text.UART_open)
                  00001890    000000c0     UART.o (.text.UART_readFullFeatured)
                  00001950    0000009a     libc.a : memcpy16.S.obj (.text:memcpy)
                  000019ea    00000002     isr.o (.text.GROUP0_IRQHandler)
                  000019ec    00000080     driverlib.a : dl_uart.o (.text.DL_UART_configBaudRate)
                  00001a6c    0000007c     uart_packet.o (.text.send_uart_s2a_packet)
                  00001ae8    0000007c     libc.a : copy_decompress_lzss.c.obj (.text:decompress:lzss)
                  00001b64    00000078     DMAMSPM0.o (.text.DMAMSPM0_setupTransfer)
                  00001bdc    00000078     UARTMSPM0.o (.text.UARTMSP_enableInts)
                  00001c54    00000074     UARTMSPM0.o (.text.UARTMSP_disable)
                  00001cc8    00000074     uart_packet.o (.text.init_uart_ports)
                  00001d3c    00000058     main.o (.text.main)
                  00001d94    00000050     DMAMSPM0.o (.text.DMAMSPM0_close)
                  00001de4    00000050     UARTMSPM0.o (.text.UARTMSP_dmaStopRx)
                  00001e34    0000004e     UART.o (.text.UART_readCancel)
                  00001e82    00000002     isr.o (.text.UART2_IRQHandler)
                  00001e84    0000004c     driverlib.a : dl_dma.o (.text.DL_DMA_initChannel)
                  00001ed0    00000048                 : dl_uart.o (.text.DL_UART_init)
                  00001f18    00000048     DMAMSPM0.o (.text.DMAMSPM0_init)
                  00001f60    00000040     ti_msp_dl_config.o (.text.SYSCFG_DL_TRNG_init)
                  00001fa0    00000040     libclang_rt.builtins.a : aeabi_uidivmod.S.obj (.text.__aeabi_uidivmod)
                  00001fe0    0000003c     libc.a : autoinit.c.obj (.text:__TI_auto_init_nobinit_nopinit)
                  0000201c    00000036     RingBuf.o (.text.RingBuf_put)
                  00002052    00000034     uart_packet.o (.text.read_callback_fxn)
                  00002086    0000002e     RingBuf.o (.text.RingBuf_get)
                  000020b4    0000002e     RingBuf.o (.text.RingBuf_putAdvance)
                  000020e2    00000002     driver_config.o (.text.UARTMSP_eventCallback)
                  000020e4    0000002c     DMAMSPM0.o (.text.DMAMSPM0_disableChannel)
                  00002110    00000028     libc.a : boot_cortex_m.c.obj (.text:_c_int00_noargs)
                  00002138    00000026     RingBuf.o (.text.RingBuf_putPointer)
                  0000215e    00000026     UART.o (.text.UART_read)
                  00002184    00000026     UART.o (.text.UART_write)
                  000021aa    00000024     uart_packet.o (.text.write_callback_fxn)
                  000021ce    00000022     RingBuf.o (.text.RingBuf_getConsume)
                  000021f0    0000001c     driverlib.a : dl_timer.o (.text.DL_Timer_setCaptCompUpdateMethod)
                  0000220c    0000001c                 : dl_timer.o (.text.DL_Timer_setClockConfig)
                  00002228    0000001c     ti_msp_dl_config.o (.text.SYSCFG_DL_CRC_init)
                  00002244    0000001c     ti_msp_dl_config.o (.text.SYSCFG_DL_SYSCTL_init)
                  00002260    0000001a     RingBuf.o (.text.RingBuf_getPointer)
                  0000227a    00000002     libclang_rt.builtins.a : aeabi_div0.c.obj (.text.__aeabi_idiv0)
                  0000227c    00000018     driverlib.a : dl_timer.o (.text.DL_Timer_setCaptureCompareOutCtl)
                  00002294    00000018     UARTMSPM0.o (.text.UARTMSP_txChar)
                  000022ac    00000018     UART.o (.text.UART_Params_init)
                  000022c4    00000016     libc.a : copy_zero_init.c.obj (.text:decompress:ZI:__TI_zero_init_nomemset)
                  000022da    00000012     driverlib.a : dl_uart.o (.text.DL_UART_setClockConfig)
                  000022ec    00000012     libc.a : copy_decompress_none.c.obj (.text:decompress:none)
                  000022fe    00000002     --HOLE-- [fill = 0]
                  00002300    00000010     driverlib.a : dl_timer.o (.text.DL_Timer_setCaptureCompareValue)
                  00002310    00000010     DMAMSPM0.o (.text.DMAMSPM0_getCurrTransferSize)
                  00002320    00000010     ti_msp_dl_config.o (.text.SYSCFG_DL_AES_init)
                  00002330    00000010     isr.o (.text.SysTick_Handler)
                  00002340    00000010     isr.o (.text.UART0_IRQHandler)
                  00002350    0000000e     RingBuf.o (.text.RingBuf_construct)
                  0000235e    0000000e     RingBuf.o (.text.RingBuf_flush)
                  0000236c    0000000c     isr.o (.text.get_systick_count_ms)
                  00002378    0000000a     driverlib.a : dl_common.o (.text.DL_Common_delayCycles)
                  00002382    00000002     --HOLE-- [fill = 0]
                  00002384    00000008     libclang_rt.builtins.a : aeabi_memcpy.S.obj (.text.__aeabi_memcpy)
                  0000238c    00000006     libc.a : exit.c.obj (.text:abort)
                  00002392    00000004     libsysbm.a : hostexit.c.obj (.text.HOSTexit)
                  00002396    00000004     startup_mspm0g350x_ticlang.o (.text.Reset_Handler)
                  0000239a    00000004     RingBuf.o (.text.RingBuf_getCount)
                  0000239e    00000004     libc.a : pre_init.c.obj (.text._system_pre_init)
                  000023a2    00000006     --HOLE-- [fill = 0]

.cinit     0    000024a0    00000058     
                  000024a0    00000030     (.cinit..data.load) [load image, compression = lzss]
                  000024d0    0000000c     (__TI_handler_table)
                  000024dc    00000008     (.cinit..bss.load) [load image, compression = zero_init]
                  000024e4    00000010     (__TI_cinit_table)
                  000024f4    00000004     --HOLE-- [fill = 0]

.rodata    0    000023a8    000000f8     
                  000023a8    00000028     axon_routine.o (.rodata..Lswitch.table.axon_routine_main.1)
                  000023d0    00000028     axon_routine.o (.rodata..Lswitch.table.axon_routine_main)
                  000023f8    00000024     driver_config.o (.rodata.UARTMSPHWAttrs)
                  0000241c    00000024     UARTMSPM0.o (.rodata.UART_defaultParams)
                  00002440    0000001c     UARTMSPM0.o (.rodata..Lswitch.table.UARTMSP_enable)
                  0000245c    00000014     UARTMSPM0.o (.rodata.UARTMSPSupportFxns)
                  00002470    00000008     driver_config.o (.rodata.DMAMSP0HWAttrs)
                  00002478    00000008     driver_config.o (.rodata.DMAMSPM0_Config)
                  00002480    00000008     driver_config.o (.rodata.UART_config)
                  00002488    00000008     msp_peripheral_config.o (.rodata.g_TIMA_LED_PWM_CONFIG)
                  00002490    00000008     msp_peripheral_config.o (.rodata.g_TIMG_LED_PWM_CONFIG)
                  00002498    00000003     msp_peripheral_config.o (.rodata.g_TIMA_LED_CLOCK_CONFIG)
                  0000249b    00000003     msp_peripheral_config.o (.rodata.g_TIMG_LED_CLOCK_CONFIG)
                  0000249e    00000001     driver_config.o (.rodata.CONFIG_UART_0)
                  0000249f    00000001     driver_config.o (.rodata.UART_count)

.init_array 
*          0    00000000    00000000     UNINITIALIZED

.binit     0    00000000    00000000     

.data      0    20200000    0000017d     UNINITIALIZED
                  20200000    00000090     driver_config.o (.data.UARTObject)
                  20200090    00000060     driver_config.o (.data.g_uart_buffers)
                  202000f0    00000048     uart_packet.o (.data._s2a_uart_context)
                  20200138    00000030     driver_config.o (.data.DMAObject)
                  20200168    00000004     uart_packet.o (.data._uart_s2a_handle)
                  2020016c    00000004     DMAMSPM0.o (.data.chTransferSet)
                  20200170    00000004     DMAMSPM0.o (.data.channelsInUse)
                  20200174    00000004     DMAMSPM0.o (.data.dmaIntRefCount)
                  20200178    00000004     isr.o (.data.g_systick_count)
                  2020017c    00000001     DMAMSPM0.o (.data.dmaInitialized)

.bss       0    20200180    00000110     UNINITIALIZED
                  20200180    0000001c     DMAMSPM0.o (.bss.hwiFxnArgs)
                  2020019c    0000001c     DMAMSPM0.o (.bss.hwiFxnHandlers)
                  202001b8    00000018     UARTMSPM0.o (.bss.dlDMACfg)
                  202001d0    00000018     axon_routine.o (.bss.g_rgb_fade_state)
                  202001e8    00000014     (.common:g_button_1_event)
                  202001fc    00000014     (.common:g_button_2_event)
                  20200210    00000014     (.common:g_coindet_event)
                  20200224    00000014     (.common:g_connector_event)
                  20200238    00000014     (.common:g_door_event)
                  2020024c    00000014     (.common:g_escrow_event)
                  20200260    00000014     (.common:g_rotary_event)
                  20200274    00000014     (.common:g_soldout_event)
                  20200288    00000004     UARTMSPM0.o (.bss.UARTMSP_interruptHandler.dstAddr)
                  2020028c    00000004     UART.o (.bss.UART_writeCallback.dstAddr)

.stack     0    20207e00    00000200     UNINITIALIZED
                  20207e00    00000004     libc.a : boot_cortex_m.c.obj (.stack)
                  20207e04    000001fc     --HOLE--

__llvm_prf_cnts 
*          0    20200000    00000000     UNINITIALIZED

__llvm_prf_bits 
*          0    20200000    00000000     UNINITIALIZED

MODULE SUMMARY

       Module                         code   ro data   rw data
       ------                         ----   -------   -------
    .\
       axon_routine.o                 1140   80        184    
       uart_packet.o                  660    0         76     
       driver_config.o                2      62        288    
       isr.o                          328    0         4      
       startup_mspm0g350x_ticlang.o   6      192       0      
       ti_msp_dl_config.o             136    0         0      
       main.o                         88     0         0      
    +--+------------------------------+------+---------+---------+
       Total:                         2360   334       552    
                                                              
    .\driver\
       UART.o                         866    0         4      
    +--+------------------------------+------+---------+---------+
       Total:                         866    0         4      
                                                              
    .\driver\dma\
       DMAMSPM0.o                     716    0         69     
    +--+------------------------------+------+---------+---------+
       Total:                         716    0         69     
                                                              
    .\driver\uart\
       UARTMSPM0.o                    2276   84        28     
    +--+------------------------------+------+---------+---------+
       Total:                         2276   84        28     
                                                              
    .\driver\utils\
       RingBuf.o                      790    0         0      
    +--+------------------------------+------+---------+---------+
       Total:                         790    0         0      
                                                              
    .\peripheral\
       msp_peripheral_config.o        752    22        0      
    +--+------------------------------+------+---------+---------+
       Total:                         752    22        0      
                                                              
    C:/ti/mspm0_sdk_2_06_00_05/source/ti/driverlib/lib/ticlang/m0p/mspm0g1x0x_g3x0x/driverlib.a
       dl_timer.o                     356    0         0      
       dl_uart.o                      218    0         0      
       dl_dma.o                       76     0         0      
       dl_common.o                    10     0         0      
    +--+------------------------------+------+---------+---------+
       Total:                         660    0         0      
                                                              
    C:\ti\ccs2030\ccs\tools\compiler\ti-cgt-armllvm_4.0.3.LTS\lib\armv6m-ti-none-eabi/c/libc.a
       memcpy16.S.obj                 154    0         0      
       copy_decompress_lzss.c.obj     124    0         0      
       autoinit.c.obj                 60     0         0      
       boot_cortex_m.c.obj            40     0         0      
       copy_zero_init.c.obj           22     0         0      
       copy_decompress_none.c.obj     18     0         0      
       exit.c.obj                     6      0         0      
       pre_init.c.obj                 4      0         0      
    +--+------------------------------+------+---------+---------+
       Total:                         428    0         0      
                                                              
    C:\ti\ccs2030\ccs\tools\compiler\ti-cgt-armllvm_4.0.3.LTS\lib\armv6m-ti-none-eabi/c/libsysbm.a
       hostexit.c.obj                 4      0         0      
    +--+------------------------------+------+---------+---------+
       Total:                         4      0         0      
                                                              
    C:\ti\ccs2030\ccs\tools\compiler\ti-cgt-armllvm_4.0.3.LTS\lib\armv6m-ti-none-eabi/libclang_rt.builtins.a
       aeabi_uidivmod.S.obj           64     0         0      
       aeabi_memcpy.S.obj             8      0         0      
       aeabi_div0.c.obj               2      0         0      
    +--+------------------------------+------+---------+---------+
       Total:                         74     0         0      
                                                              
       Stack:                         0      0         512    
       Linker Generated:              0      84        0      
    +--+------------------------------+------+---------+---------+
       Grand Total:                   8926   524       1165   


LINKER GENERATED COPY TABLES

__TI_cinit_table @ 000024e4 records: 2, size/record: 8, table size: 16
	.data: load addr=000024a0, load size=00000030 bytes, run addr=20200000, run size=0000017d bytes, compression=lzss
	.bss: load addr=000024dc, load size=00000008 bytes, run addr=20200180, run size=00000110 bytes, compression=zero_init


LINKER GENERATED HANDLER TABLE

__TI_handler_table @ 000024d0 records: 3, size/record: 4, table size: 12
	index: 0, handler: __TI_decompress_lzss
	index: 1, handler: __TI_decompress_none
	index: 2, handler: __TI_zero_init


GLOBAL SYMBOLS: SORTED ALPHABETICALLY BY Name 

address   name                            
-------   ----                            
000017bb  ADC0_IRQHandler                 
000017bb  ADC1_IRQHandler                 
000017bb  AES_IRQHandler                  
00002392  C$$EXIT                         
000017bb  CANFD0_IRQHandler               
0000249e  CONFIG_UART_0                   
000017bb  DAC0_IRQHandler                 
00002379  DL_Common_delayCycles           
00001e85  DL_DMA_initChannel              
000014b5  DL_Timer_initFourCCPWMMode      
000021f1  DL_Timer_setCaptCompUpdateMethod
0000227d  DL_Timer_setCaptureCompareOutCtl
00002301  DL_Timer_setCaptureCompareValue 
0000220d  DL_Timer_setClockConfig         
000019ed  DL_UART_configBaudRate          
00001ed1  DL_UART_init                    
000022db  DL_UART_setClockConfig          
00002478  DMAMSPM0_Config                 
00001d95  DMAMSPM0_close                  
000020e5  DMAMSPM0_disableChannel         
00002311  DMAMSPM0_getCurrTransferSize    
00001f19  DMAMSPM0_init                   
00001b65  DMAMSPM0_setupTransfer          
20200138  DMAObject                       
000017bb  DMA_IRQHandler                  
000017bb  Default_Handler                 
000019eb  GROUP0_IRQHandler               
0000139d  GROUP1_IRQHandler               
00002393  HOSTexit                        
000017bb  HardFault_Handler               
000017bb  I2C0_IRQHandler                 
000017bb  I2C1_IRQHandler                 
000017bb  NMI_Handler                     
000017bb  PendSV_Handler                  
000017bb  RTC_IRQHandler                  
00002397  Reset_Handler                   
00002351  RingBuf_construct               
0000235f  RingBuf_flush                   
00002087  RingBuf_get                     
000021cf  RingBuf_getConsume              
0000239b  RingBuf_getCount                
00002261  RingBuf_getPointer              
000015b9  RingBuf_getn                    
0000201d  RingBuf_put                     
000020b5  RingBuf_putAdvance              
00002139  RingBuf_putPointer              
000016bd  RingBuf_putn                    
000017bb  SPI0_IRQHandler                 
000017bb  SPI1_IRQHandler                 
000017bb  SVC_Handler                     
00002321  SYSCFG_DL_AES_init              
00002229  SYSCFG_DL_CRC_init              
00000ea1  SYSCFG_DL_GPIO_init             
00002245  SYSCFG_DL_SYSCTL_init           
00001f61  SYSCFG_DL_TRNG_init             
00000b99  SYSCFG_DL_init                  
00002331  SysTick_Handler                 
000017bb  TIMA0_IRQHandler                
000017bb  TIMA1_IRQHandler                
000017bb  TIMG0_IRQHandler                
000017bb  TIMG12_IRQHandler               
000017bb  TIMG6_IRQHandler                
000017bb  TIMG7_IRQHandler                
000017bb  TIMG8_IRQHandler                
00002341  UART0_IRQHandler                
000017bb  UART1_IRQHandler                
00001e83  UART2_IRQHandler                
000017bb  UART3_IRQHandler                
0000245c  UARTMSPSupportFxns              
00001155  UARTMSP_dmaRx                   
00001de5  UARTMSP_dmaStopRx               
00001bdd  UARTMSP_enableInts              
000020e3  UARTMSP_eventCallback           
000000c1  UARTMSP_interruptHandler        
20200000  UARTObject                      
000022ad  UART_Params_init                
00002480  UART_config                     
0000249f  UART_count                      
0000241c  UART_defaultParams              
000017bd  UART_open                       
0000215f  UART_read                       
00001e35  UART_readCancel                 
00001891  UART_readFullFeatured           
00002185  UART_write                      
00001281  UART_writeFullFeatured          
20208000  __STACK_END                     
00000200  __STACK_SIZE                    
00000000  __TI_ATRegion0_region_sz        
00000000  __TI_ATRegion0_src_addr         
00000000  __TI_ATRegion0_trg_addr         
00000000  __TI_ATRegion1_region_sz        
00000000  __TI_ATRegion1_src_addr         
00000000  __TI_ATRegion1_trg_addr         
00000000  __TI_ATRegion2_region_sz        
00000000  __TI_ATRegion2_src_addr         
00000000  __TI_ATRegion2_trg_addr         
000024e4  __TI_CINIT_Base                 
000024f4  __TI_CINIT_Limit                
000024f4  __TI_CINIT_Warm                 
000024d0  __TI_Handler_Table_Base         
000024dc  __TI_Handler_Table_Limit        
00001fe1  __TI_auto_init_nobinit_nopinit  
00001ae9  __TI_decompress_lzss            
000022ed  __TI_decompress_none            
ffffffff  __TI_pprof_out_hndl             
ffffffff  __TI_prof_data_size             
ffffffff  __TI_prof_data_start            
00000000  __TI_static_base__              
000022c5  __TI_zero_init_nomemset         
0000227b  __aeabi_idiv0                   
00002385  __aeabi_memcpy                  
00002385  __aeabi_memcpy4                 
00002385  __aeabi_memcpy8                 
00001fa1  __aeabi_uidiv                   
00001fa1  __aeabi_uidivmod                
ffffffff  __binit__                       
UNDEFED   __mpu_init                      
20207e00  __stack                         
20200000  __start___llvm_prf_bits         
20200000  __start___llvm_prf_cnts         
20200000  __stop___llvm_prf_bits          
20200000  __stop___llvm_prf_cnts          
00002111  _c_int00_noargs                 
UNDEFED   _system_post_cinit              
0000239f  _system_pre_init                
0000238d  abort                           
0000058d  axon_routine_main               
ffffffff  binit                           
202001e8  g_button_1_event                
202001fc  g_button_2_event                
20200210  g_coindet_event                 
20200224  g_connector_event               
20200238  g_door_event                    
2020024c  g_escrow_event                  
20200260  g_rotary_event                  
20200274  g_soldout_event                 
20200178  g_systick_count                 
20200090  g_uart_buffers                  
0000236d  get_systick_count_ms            
00001cc9  init_uart_ports                 
00000000  interruptVectors                
00001d3d  main                            
00001951  memcpy                          
00001009  receive_uart_s2a_packet         
00001a6d  send_uart_s2a_packet            


GLOBAL SYMBOLS: SORTED BY Symbol Address 

address   name                            
-------   ----                            
00000000  __TI_ATRegion0_region_sz        
00000000  __TI_ATRegion0_src_addr         
00000000  __TI_ATRegion0_trg_addr         
00000000  __TI_ATRegion1_region_sz        
00000000  __TI_ATRegion1_src_addr         
00000000  __TI_ATRegion1_trg_addr         
00000000  __TI_ATRegion2_region_sz        
00000000  __TI_ATRegion2_src_addr         
00000000  __TI_ATRegion2_trg_addr         
00000000  __TI_static_base__              
00000000  interruptVectors                
000000c1  UARTMSP_interruptHandler        
00000200  __STACK_SIZE                    
0000058d  axon_routine_main               
00000b99  SYSCFG_DL_init                  
00000ea1  SYSCFG_DL_GPIO_init             
00001009  receive_uart_s2a_packet         
00001155  UARTMSP_dmaRx                   
00001281  UART_writeFullFeatured          
0000139d  GROUP1_IRQHandler               
000014b5  DL_Timer_initFourCCPWMMode      
000015b9  RingBuf_getn                    
000016bd  RingBuf_putn                    
000017bb  ADC0_IRQHandler                 
000017bb  ADC1_IRQHandler                 
000017bb  AES_IRQHandler                  
000017bb  CANFD0_IRQHandler               
000017bb  DAC0_IRQHandler                 
000017bb  DMA_IRQHandler                  
000017bb  Default_Handler                 
000017bb  HardFault_Handler               
000017bb  I2C0_IRQHandler                 
000017bb  I2C1_IRQHandler                 
000017bb  NMI_Handler                     
000017bb  PendSV_Handler                  
000017bb  RTC_IRQHandler                  
000017bb  SPI0_IRQHandler                 
000017bb  SPI1_IRQHandler                 
000017bb  SVC_Handler                     
000017bb  TIMA0_IRQHandler                
000017bb  TIMA1_IRQHandler                
000017bb  TIMG0_IRQHandler                
000017bb  TIMG12_IRQHandler               
000017bb  TIMG6_IRQHandler                
000017bb  TIMG7_IRQHandler                
000017bb  TIMG8_IRQHandler                
000017bb  UART1_IRQHandler                
000017bb  UART3_IRQHandler                
000017bd  UART_open                       
00001891  UART_readFullFeatured           
00001951  memcpy                          
000019eb  GROUP0_IRQHandler               
000019ed  DL_UART_configBaudRate          
00001a6d  send_uart_s2a_packet            
00001ae9  __TI_decompress_lzss            
00001b65  DMAMSPM0_setupTransfer          
00001bdd  UARTMSP_enableInts              
00001cc9  init_uart_ports                 
00001d3d  main                            
00001d95  DMAMSPM0_close                  
00001de5  UARTMSP_dmaStopRx               
00001e35  UART_readCancel                 
00001e83  UART2_IRQHandler                
00001e85  DL_DMA_initChannel              
00001ed1  DL_UART_init                    
00001f19  DMAMSPM0_init                   
00001f61  SYSCFG_DL_TRNG_init             
00001fa1  __aeabi_uidiv                   
00001fa1  __aeabi_uidivmod                
00001fe1  __TI_auto_init_nobinit_nopinit  
0000201d  RingBuf_put                     
00002087  RingBuf_get                     
000020b5  RingBuf_putAdvance              
000020e3  UARTMSP_eventCallback           
000020e5  DMAMSPM0_disableChannel         
00002111  _c_int00_noargs                 
00002139  RingBuf_putPointer              
0000215f  UART_read                       
00002185  UART_write                      
000021cf  RingBuf_getConsume              
000021f1  DL_Timer_setCaptCompUpdateMethod
0000220d  DL_Timer_setClockConfig         
00002229  SYSCFG_DL_CRC_init              
00002245  SYSCFG_DL_SYSCTL_init           
00002261  RingBuf_getPointer              
0000227b  __aeabi_idiv0                   
0000227d  DL_Timer_setCaptureCompareOutCtl
000022ad  UART_Params_init                
000022c5  __TI_zero_init_nomemset         
000022db  DL_UART_setClockConfig          
000022ed  __TI_decompress_none            
00002301  DL_Timer_setCaptureCompareValue 
00002311  DMAMSPM0_getCurrTransferSize    
00002321  SYSCFG_DL_AES_init              
00002331  SysTick_Handler                 
00002341  UART0_IRQHandler                
00002351  RingBuf_construct               
0000235f  RingBuf_flush                   
0000236d  get_systick_count_ms            
00002379  DL_Common_delayCycles           
00002385  __aeabi_memcpy                  
00002385  __aeabi_memcpy4                 
00002385  __aeabi_memcpy8                 
0000238d  abort                           
00002392  C$$EXIT                         
00002393  HOSTexit                        
00002397  Reset_Handler                   
0000239b  RingBuf_getCount                
0000239f  _system_pre_init                
0000241c  UART_defaultParams              
0000245c  UARTMSPSupportFxns              
00002478  DMAMSPM0_Config                 
00002480  UART_config                     
0000249e  CONFIG_UART_0                   
0000249f  UART_count                      
000024d0  __TI_Handler_Table_Base         
000024dc  __TI_Handler_Table_Limit        
000024e4  __TI_CINIT_Base                 
000024f4  __TI_CINIT_Limit                
000024f4  __TI_CINIT_Warm                 
20200000  UARTObject                      
20200000  __start___llvm_prf_bits         
20200000  __start___llvm_prf_cnts         
20200000  __stop___llvm_prf_bits          
20200000  __stop___llvm_prf_cnts          
20200090  g_uart_buffers                  
20200138  DMAObject                       
20200178  g_systick_count                 
202001e8  g_button_1_event                
202001fc  g_button_2_event                
20200210  g_coindet_event                 
20200224  g_connector_event               
20200238  g_door_event                    
2020024c  g_escrow_event                  
20200260  g_rotary_event                  
20200274  g_soldout_event                 
20207e00  __stack                         
20208000  __STACK_END                     
ffffffff  __TI_pprof_out_hndl             
ffffffff  __TI_prof_data_size             
ffffffff  __TI_prof_data_start            
ffffffff  __binit__                       
ffffffff  binit                           
UNDEFED   __mpu_init                      
UNDEFED   _system_post_cinit              

[145 symbols]
